07-25 14:31:59.359   648   659 I am_restart_activity: [0,1105050680,5,com.toycloud.watch.settings/.ui.activity.ShutDownActivity]
07-25 14:31:59.479  1475  1475 I am_on_create_time: [0,.ShutDownActivity onCreate() takes: 97ms]
07-25 14:31:59.479  1475  1475 I am_on_resume_called: [0,com.toycloud.watch.settings.ui.activity.ShutDownActivity]
07-25 14:31:59.479  1475  1475 I am_on_resume_time: [0,.ShutDownActivity onResume() takes: 1ms]
07-25 14:31:59.549   648   663 I am_activity_launch_time: [0,1105050680,com.toycloud.watch.settings/.ui.activity.ShutDownActivity,192,192]
07-25 14:32:00.979   648  1001 I am_finish_activity: [0,1105050680,5,com.toycloud.watch.settings/.ui.activity.ShutDownActivity,app-request]
07-25 14:32:00.979   648  1001 I am_pause_activity: [0,1105050680,com.toycloud.watch.settings/.ui.activity.ShutDownActivity]
07-25 14:32:00.989  1475  1475 I am_on_paused_called: [0,com.toycloud.watch.settings.ui.activity.ShutDownActivity]
07-25 14:32:00.989  1475  1475 I am_on_pause_time: [0,.ShutDownActivity onPause() takes: 0ms]
07-25 14:32:00.999   648  1001 I am_resume_activity: [0,1099093520,5,com.toycloud.watch.settings/.ui.activity.SuedeMainActivity]
07-25 14:32:01.029  1475  1475 I am_on_resume_called: [0,com.toycloud.watch.settings.ui.activity.SuedeMainActivity]
07-25 14:32:01.029  1475  1475 I am_on_resume_time: [0,.SuedeMainActivity onResume() takes: 4ms]
07-25 14:32:01.079   648  1001 I am_destroy_activity: [0,1105050680,5,com.toycloud.watch.settings/.ui.activity.ShutDownActivity,finish-imm]
07-25 14:32:01.319   220   220 I sf_frame_dur: [com.toycloud.watch.settings/com.toycloud.watch.settings.ui.activity.ShutDownActivity,7,3,0,0,0,0,1]
07-25 14:32:01.859   648  1001 I wm_task_moved: [5,1,1]
07-25 14:32:01.859   648  1001 I wm_home_stack_moved: 0
07-25 14:32:01.859   648  1001 I am_create_activity: [0,1101334088,5,com.toycloud.watch.settings/.ui.activity.AboutActivity,NULL,NULL,NULL,0]
07-25 14:32:01.859   648  1001 I am_pause_activity: [0,1099093520,com.toycloud.watch.settings/.ui.activity.SuedeMainActivity]
07-25 14:32:01.869  1475  1475 I am_on_paused_called: [0,com.toycloud.watch.settings.ui.activity.SuedeMainActivity]
07-25 14:32:01.869  1475  1475 I am_on_pause_time: [0,.SuedeMainActivity onPause() takes: 0ms]
07-25 14:32:01.869   648  1001 I am_restart_activity: [0,1101334088,5,com.toycloud.watch.settings/.ui.activity.AboutActivity]
07-25 14:32:01.929  1475  1475 I am_on_create_time: [0,.AboutActivity onCreate() takes: 48ms]
07-25 14:32:01.929  1475  1475 I am_on_resume_called: [0,com.toycloud.watch.settings.ui.activity.AboutActivity]
07-25 14:32:01.929  1475  1475 I am_on_resume_time: [0,.AboutActivity onResume() takes: 2ms]
07-25 14:32:02.019   648   663 I am_activity_launch_time: [0,1101334088,com.toycloud.watch.settings/.ui.activity.AboutActivity,146,146]
07-25 14:32:03.579   648   659 I am_finish_activity: [0,1101334088,5,com.toycloud.watch.settings/.ui.activity.AboutActivity,app-request]
07-25 14:32:03.589   648   659 I am_pause_activity: [0,1101334088,com.toycloud.watch.settings/.ui.activity.AboutActivity]
07-25 14:32:03.589  1475  1475 I am_on_paused_called: [0,com.toycloud.watch.settings.ui.activity.AboutActivity]
07-25 14:32:03.589  1475  1475 I am_on_pause_time: [0,.AboutActivity onPause() takes: 1ms]
07-25 14:32:03.599   648   659 I am_resume_activity: [0,1099093520,5,com.toycloud.watch.settings/.ui.activity.SuedeMainActivity]
07-25 14:32:03.629  1475  1475 I am_on_resume_called: [0,com.toycloud.watch.settings.ui.activity.SuedeMainActivity]
07-25 14:32:03.629  1475  1475 I am_on_resume_time: [0,.SuedeMainActivity onResume() takes: 4ms]
07-25 14:32:03.659   648   659 I am_destroy_activity: [0,1101334088,5,com.toycloud.watch.settings/.ui.activity.AboutActivity,finish-imm]
07-25 14:32:03.939   220   220 I sf_frame_dur: [com.toycloud.watch.settings/com.toycloud.watch.settings.ui.activity.AboutActivity,23,3,1,1,2,0,0]
07-25 14:32:04.279   648   659 I wm_task_moved: [5,1,1]
07-25 14:32:04.279   648   659 I wm_home_stack_moved: 0
07-25 14:32:04.279   648   659 I am_create_activity: [0,1104151536,5,com.toycloud.watch.settings/.ui.activity.MoreItemActivity,NULL,NULL,NULL,0]
07-25 14:32:04.279   648   659 I am_pause_activity: [0,1099093520,com.toycloud.watch.settings/.ui.activity.SuedeMainActivity]
07-25 14:32:04.279  1475  1475 I am_on_paused_called: [0,com.toycloud.watch.settings.ui.activity.SuedeMainActivity]
07-25 14:32:04.279  1475  1475 I am_on_pause_time: [0,.SuedeMainActivity onPause() takes: 0ms]
07-25 14:32:04.279   648   659 I am_restart_activity: [0,1104151536,5,com.toycloud.watch.settings/.ui.activity.MoreItemActivity]
07-25 14:32:04.299  1475  1475 I am_on_create_time: [0,.MoreItemActivity onCreate() takes: 8ms]
07-25 14:32:04.299  1475  1475 I am_on_resume_called: [0,com.toycloud.watch.settings.ui.activity.MoreItemActivity]
07-25 14:32:04.299  1475  1475 I am_on_resume_time: [0,.MoreItemActivity onResume() takes: 2ms]
07-25 14:32:04.339   648   663 I dvm_lock_sample: [system_server,0,WindowManager,19,WindowManagerService.java,7219,-,2803,3]
07-25 14:32:04.399   648   663 I am_activity_launch_time: [0,1104151536,com.toycloud.watch.settings/.ui.activity.MoreItemActivity,121,121]
07-25 14:32:06.039   648   794 I backup_data_changed: android
07-25 14:32:06.039   648   794 I backup_data_changed: android
07-25 14:32:07.399   648  1001 I am_create_service: [0,1099563424,.SlogService,1000,1414]
07-25 14:32:07.409   648  1001 I am_destroy_service: [0,1099563424,1414]
07-25 14:32:07.499   648  1001 I am_create_service: [0,1099642064,.DownloadService,10009,1035]
07-25 14:32:07.499   648  1001 I notification_cancel_all: [com.android.providers.downloads,0,0,64]
07-25 14:32:07.509   648  1001 I am_destroy_service: [0,1099642064,1035]
07-25 14:32:07.509   648  1001 I am_fork_process_time: [0,Fork .gallery3d takes: 5ms]
07-25 14:32:07.509   648  1001 I am_proc_start: [0,1520,10015,com.android.gallery3d,broadcast,com.android.gallery3d/com.android.camera.DisableCameraReceiver]
07-25 14:32:07.519   648   659 I am_proc_bound: [0,1520,com.android.gallery3d]
07-25 14:32:07.689   648   794 I backup_data_changed: android
07-25 14:32:07.689   648   794 I backup_data_changed: android
07-25 14:32:07.699   648   659 I am_fork_process_time: [0,Fork .toycloudassistant takes: 11ms]
07-25 14:32:07.699   648   659 I am_proc_start: [0,1536,1000,com.toycloud.toycloudassistant,broadcast,com.toycloud.toycloudassistant/.ClockBroadcastReceiver]
07-25 14:32:07.699   648   659 I am_proc_bound: [0,1536,com.toycloud.toycloudassistant]
07-25 14:32:07.809   648  1001 I am_fork_process_time: [0,Fork .latin takes: 7ms]
07-25 14:32:07.809   648  1001 I am_proc_start: [0,1554,10019,com.android.inputmethod.latin,broadcast,com.android.inputmethod.latin/.setup.LauncherIconVisibilityManager]
07-25 14:32:07.819   648  1006 I am_proc_bound: [0,1554,com.android.inputmethod.latin]
07-25 14:32:08.059   648   794 I backup_data_changed: android
07-25 14:32:08.059   648   794 I backup_data_changed: android
07-25 14:32:08.119   648  1006 I am_proc_died: [0,1554,com.android.inputmethod.latin]
07-25 14:32:08.119   648  1006 I am_broadcast_discard_app: [0,1105294232,android.intent.action.BOOT_COMPLETED,29,ResolveInfo{4199cac8 com.android.inputmethod.latin/.setup.LauncherIconVisibilityManager m=0x108000}]
07-25 14:32:08.149   648  1006 I am_fork_process_time: [0,Fork .deskclock takes: 10ms]
07-25 14:32:08.149   648  1006 I am_proc_start: [0,1575,1000,com.toycloud.watch.deskclock,broadcast,com.toycloud.watch.deskclock/com.android.deskclock.AlarmInitReceiver]
07-25 14:32:08.149   648  1006 I am_proc_bound: [0,1575,com.toycloud.watch.deskclock]
07-25 14:32:08.219   648   794 I backup_data_changed: com.android.providers.settings
07-25 14:32:08.279   648  1006 I am_create_service: [0,1099745864,.MscService,1000,1536]
07-25 14:32:08.279   648  1006 I am_create_service: [0,1100535848,.SystemStatusService,1000,1536]
07-25 14:32:08.519   648   664 I notification_enqueue: [com.toycloud.toycloudassistant,110,NULL,0,Notification(pri=0 contentView=com.toycloud.toycloudassistant/0x1090066 vibrate=null sound=null defaults=0x0 flags=0x40 kind=[null])]
07-25 14:32:08.819   648   794 I backup_data_changed: com.android.providers.settings
07-25 14:32:09.059   648   794 I backup_data_changed: com.android.providers.settings
07-25 14:32:10.779   648   660 I battery_level: [92,4044,336]
07-25 14:32:14.019   648   794 I backup_data_changed: com.android.providers.settings
07-25 14:32:16.919   648  1006 I wm_task_moved: [5,1,1]
07-25 14:32:16.919   648  1006 I wm_home_stack_moved: 0
07-25 14:32:16.919   648  1006 I am_create_activity: [0,1101739312,5,com.toycloud.watch.settings/.ui.activity.EngineeringListActivity,NULL,NULL,NULL,268435456]
07-25 14:32:16.929   648  1006 I am_pause_activity: [0,1104151536,com.toycloud.watch.settings/.ui.activity.MoreItemActivity]
07-25 14:32:16.929  1475  1475 I am_on_paused_called: [0,com.toycloud.watch.settings.ui.activity.MoreItemActivity]
07-25 14:32:16.929  1475  1475 I am_on_pause_time: [0,.MoreItemActivity onPause() takes: 0ms]
07-25 14:32:16.929   648  1006 I am_restart_activity: [0,1101739312,5,com.toycloud.watch.settings/.ui.activity.EngineeringListActivity]
07-25 14:32:16.959  1475  1475 I am_on_create_time: [0,.EngineeringListActivity onCreate() takes: 6ms]
07-25 14:32:16.959  1475  1475 I am_on_resume_called: [0,com.toycloud.watch.settings.ui.activity.EngineeringListActivity]
07-25 14:32:16.959  1475  1475 I am_on_resume_time: [0,.EngineeringListActivity onResume() takes: 2ms]
07-25 14:32:17.039   648   663 I am_activity_launch_time: [0,1101739312,com.toycloud.watch.settings/.ui.activity.EngineeringListActivity,112,112]
07-25 14:32:17.139   648  1006 I am_create_task: [0,6]
07-25 14:32:17.139   648  1006 I am_create_activity: [0,1103393272,6,com.sprd.engineermode/.EngineerModeActivity,NULL,NULL,NULL,268435456]
07-25 14:32:17.139   648  1006 I wm_task_created: [6,2]
07-25 14:32:17.139   648  1006 I wm_task_moved: [6,1,2]
07-25 14:32:17.139   648  1006 I wm_home_stack_moved: 0
07-25 14:32:17.139   648  1006 I am_pause_activity: [0,1101739312,com.toycloud.watch.settings/.ui.activity.EngineeringListActivity]
07-25 14:32:17.149  1475  1475 I am_on_paused_called: [0,com.toycloud.watch.settings.ui.activity.EngineeringListActivity]
07-25 14:32:17.149  1475  1475 I am_on_pause_time: [0,.EngineeringListActivity onPause() takes: 0ms]
07-25 14:32:17.159   648  1006 I am_restart_activity: [0,1103393272,6,com.sprd.engineermode/.EngineerModeActivity]
07-25 14:32:17.379  1414  1414 I am_on_create_time: [0,.EngineerModeActivity onCreate() takes: 214ms]
07-25 14:32:17.389  1414  1414 I am_on_resume_called: [0,com.sprd.engineermode.EngineerModeActivity]
07-25 14:32:17.389  1414  1414 I am_on_resume_time: [0,.EngineerModeActivity onResume() takes: 1ms]
07-25 14:32:17.599   220   220 I sf_frame_dur: [com.toycloud.watch.settings/com.toycloud.watch.settings.ui.activity.SuedeMainActivity,109,4,2,2,0,1,1]
07-25 14:32:17.599   220   220 I sf_frame_dur: [com.toycloud.watch.settings/com.toycloud.watch.settings.ui.activity.MoreItemActivity,47,3,0,0,2,1,1]
07-25 14:32:17.789   648   663 I am_activity_launch_time: [0,1103393272,com.sprd.engineermode/.EngineerModeActivity,632,632]
07-25 14:32:17.829   648   794 I backup_data_changed: android
07-25 14:32:17.829   648   794 I backup_data_changed: android
07-25 14:32:17.839   648   794 I backup_data_changed: android
07-25 14:32:17.839   648   794 I backup_data_changed: android
07-25 14:32:18.939   648  1006 I am_finish_activity: [0,1103393272,6,com.sprd.engineermode/.EngineerModeActivity,app-request]
07-25 14:32:18.939   648  1006 I am_pause_activity: [0,1103393272,com.sprd.engineermode/.EngineerModeActivity]
07-25 14:32:18.959  1414  1414 I am_on_paused_called: [0,com.sprd.engineermode.EngineerModeActivity]
07-25 14:32:18.959  1414  1414 I am_on_pause_time: [0,.EngineerModeActivity onPause() takes: 0ms]
07-25 14:32:18.969   648  1006 I am_resume_activity: [0,1101739312,5,com.toycloud.watch.settings/.ui.activity.EngineeringListActivity]
07-25 14:32:18.989  1475  1475 I am_on_resume_called: [0,com.toycloud.watch.settings.ui.activity.EngineeringListActivity]
07-25 14:32:18.989  1475  1475 I am_on_resume_time: [0,.EngineeringListActivity onResume() takes: 2ms]
07-25 14:32:19.169   220   220 I sf_frame_dur: [com.sprd.engineermode/com.sprd.engineermode.EngineerModeActivity,14,1,0,0,0,1,0]
07-25 14:32:19.319   648   664 I am_destroy_activity: [0,1103393272,6,com.sprd.engineermode/.EngineerModeActivity,finish-imm]
07-25 14:32:19.339   648   660 I wm_task_removed: [6,removeTask]
07-25 14:32:19.339   648   660 I wm_task_removed: [6,removeAppToken: last token]
07-25 14:32:21.109   648   660 I am_create_task: [0,7]
07-25 14:32:21.109   648   660 I am_create_activity: [0,1101679736,7,com.sprd.engineermode/.EngineerModeActivity,NULL,NULL,NULL,268435456]
07-25 14:32:21.109   648   660 I wm_task_created: [7,2]
07-25 14:32:21.109   648   660 I wm_task_moved: [7,1,2]
07-25 14:32:21.109   648   660 I wm_home_stack_moved: 0
07-25 14:32:21.119   648   660 I am_pause_activity: [0,1101739312,com.toycloud.watch.settings/.ui.activity.EngineeringListActivity]
07-25 14:32:21.119  1475  1475 I am_on_paused_called: [0,com.toycloud.watch.settings.ui.activity.EngineeringListActivity]
07-25 14:32:21.119  1475  1475 I am_on_pause_time: [0,.EngineeringListActivity onPause() takes: 0ms]
07-25 14:32:21.119   648  1006 I am_restart_activity: [0,1101679736,7,com.sprd.engineermode/.EngineerModeActivity]
07-25 14:32:21.149  1414  1414 I am_on_create_time: [0,.EngineerModeActivity onCreate() takes: 19ms]
07-25 14:32:21.149  1414  1414 I am_on_resume_called: [0,com.sprd.engineermode.EngineerModeActivity]
07-25 14:32:21.149  1414  1414 I am_on_resume_time: [0,.EngineerModeActivity onResume() takes: 2ms]
07-25 14:32:21.359   648   663 I am_activity_launch_time: [0,1101679736,com.sprd.engineermode/.EngineerModeActivity,236,236]
07-25 14:32:21.559   220   220 I sf_frame_dur: [com.toycloud.watch.settings/com.toycloud.watch.settings.ui.activity.SuedeMainActivity,0,8,0,0,0,0,1]
07-25 14:32:21.559   220   220 I sf_frame_dur: [com.toycloud.watch.settings/com.toycloud.watch.settings.ui.activity.MoreItemActivity,1,7,0,0,0,0,1]
07-25 14:32:21.999   648   794 I backup_data_changed: com.android.providers.settings
07-25 14:32:23.289   648   660 I am_create_service: [0,1102035264,.ScreenService,10017,798]
07-25 14:32:23.299   648  1006 I am_create_service: [0,1102214512,.PushService,1000,1219]
07-25 14:32:23.319   648  1006 I am_fork_process_time: [0,Fork .launcher takes: 14ms]
07-25 14:32:23.319   648  1006 I am_proc_start: [0,1670,1000,com.toycloud.watch.launcher:core,broadcast,com.toycloud.watch.launcher/com.netease.nimlib.service.NimReceiver]
07-25 14:32:23.329   648  1006 I am_proc_bound: [0,1670,com.toycloud.watch.launcher:core]
07-25 14:32:23.529   648   794 I backup_data_changed: com.android.providers.settings
07-25 14:32:23.559   648   794 I backup_data_changed: com.android.providers.settings
07-25 14:32:23.619   648   813 I am_create_service: [0,1105323600,.PackagesMonitor$AsyncService,10015,1520]
07-25 14:32:23.639   648   813 I am_destroy_service: [0,1105323600,1520]
07-25 14:32:23.649   648   813 I am_create_service: [0,1102069952,.PackagesMonitor$AsyncService,10015,1520]
07-25 14:32:23.679   648   813 I am_destroy_service: [0,1102069952,1520]
07-25 14:32:23.759   648  1006 I am_create_service: [0,1105199576,.PackagesMonitor$AsyncService,10015,1520]
07-25 14:32:23.779   648  1006 I am_destroy_service: [0,1105199576,1520]
07-25 14:32:23.789   648   813 I am_create_service: [0,1102765688,.PackagesMonitor$AsyncService,10015,1520]
07-25 14:32:23.809   648  1006 I am_destroy_service: [0,1102765688,1520]
07-25 14:32:25.929   648   813 I wm_task_moved: [7,1,2]
07-25 14:32:25.929   648   813 I wm_home_stack_moved: 0
07-25 14:32:25.929   648   813 I am_create_activity: [0,1100879888,7,com.sprd.engineermode/.debuglog.slogui.SlogUICommonControl,android.intent.action.MAIN,NULL,NULL,0]
07-25 14:32:25.929   648   813 I am_pause_activity: [0,1101679736,com.sprd.engineermode/.EngineerModeActivity]
07-25 14:32:25.939  1414  1414 I am_on_paused_called: [0,com.sprd.engineermode.EngineerModeActivity]
07-25 14:32:25.939  1414  1414 I am_on_pause_time: [0,.EngineerModeActivity onPause() takes: 1ms]
07-25 14:32:25.949   648   813 I am_restart_activity: [0,1100879888,7,com.sprd.engineermode/.debuglog.slogui.SlogUICommonControl]
07-25 14:32:25.969   648   813 I am_create_service: [0,1103474064,.SlogService,1000,1414]
07-25 14:32:26.159   648   813 I am_fork_process_time: [0,Fork .defcontainer takes: 10ms]
07-25 14:32:26.159   648   813 I am_proc_start: [0,1705,10011,com.android.defcontainer,service,com.android.defcontainer/.DefaultContainerService]
07-25 14:32:26.169  1414  1414 I am_on_create_time: [0,.SlogUICommonControl onCreate() takes: 202ms]
07-25 14:32:26.169   648   813 I am_proc_bound: [0,1705,com.android.defcontainer]
07-25 14:32:26.169   648   813 I am_create_service: [0,1102756488,.DefaultContainerService,10011,1705]
07-25 14:32:26.199  1414  1414 I am_on_resume_called: [0,com.sprd.engineermode.debuglog.slogui.SlogUICommonControl]
07-25 14:32:26.199  1414  1414 I am_on_resume_time: [0,.SlogUICommonControl onResume() takes: 33ms]
07-25 14:32:26.329   648   663 I am_activity_launch_time: [0,1100879888,com.sprd.engineermode/.debuglog.slogui.SlogUICommonControl,384,384]
07-25 14:32:26.329   648   648 I notification_cancel: [com.sprd.engineermode,2131230805,NULL,0,0,0]
07-25 14:32:26.339   648   648 I notification_cancel: [com.sprd.engineermode,2131231239,NULL,0,0,0]
07-25 14:32:26.679   220   220 I sf_frame_dur: [com.sprd.engineermode/com.sprd.engineermode.EngineerModeActivity,67,6,2,0,1,2,0]
07-25 14:32:26.679   220   220 I sf_frame_dur: [Log Settings,4,2,1,0,1,1,0]
07-25 14:32:29.049   648   648 I notification_cancel: [com.sprd.engineermode,2131231239,NULL,0,0,0]
07-25 14:32:32.179   648   648 I notification_enqueue: [android,17302981,NULL,-1,Notification(pri=0 contentView=android/0x1090066 vibrate=null sound=null defaults=0x0 flags=0x10 kind=[null])]
07-25 14:32:33.759   648   648 I notification_cancel: [com.sprd.engineermode,2131231239,NULL,0,0,0]
07-25 14:32:33.939   648  1006 I am_finish_activity: [0,1100879888,7,com.sprd.engineermode/.debuglog.slogui.SlogUICommonControl,app-request]
07-25 14:32:33.939   648  1006 I am_pause_activity: [0,1100879888,com.sprd.engineermode/.debuglog.slogui.SlogUICommonControl]
07-25 14:32:33.939  1414  1414 I am_on_paused_called: [0,com.sprd.engineermode.debuglog.slogui.SlogUICommonControl]
07-25 14:32:33.939  1414  1414 I am_on_pause_time: [0,.SlogUICommonControl onPause() takes: 0ms]
07-25 14:32:33.939   648  1006 I am_resume_activity: [0,1101679736,7,com.sprd.engineermode/.EngineerModeActivity]
07-25 14:32:33.959  1414  1414 I am_on_resume_called: [0,com.sprd.engineermode.EngineerModeActivity]
07-25 14:32:33.959  1414  1414 I am_on_resume_time: [0,.EngineerModeActivity onResume() takes: 12ms]
07-25 14:32:34.369   648   664 I am_destroy_activity: [0,1100879888,7,com.sprd.engineermode/.debuglog.slogui.SlogUICommonControl,finish-imm]
07-25 14:32:34.369   648   813 I am_destroy_service: [0,1103474064,1414]
07-25 14:32:34.369   648   813 I am_destroy_service: [0,1102756488,1705]
07-25 14:32:34.379   220   220 I sf_frame_dur: [com.sprd.engineermode/com.sprd.engineermode.debuglog.slogui.SlogUICommonControl,53,3,0,1,3,2,1]
07-25 14:32:34.389   648   648 I notification_cancel: [com.sprd.engineermode,2131231239,NULL,0,0,0]
07-25 14:32:34.399   648   648 I notification_cancel: [com.sprd.engineermode,2131231239,NULL,0,0,0]
07-25 14:32:34.399   648   648 I notification_cancel: [com.sprd.engineermode,2131231239,NULL,0,0,0]
07-25 14:32:34.849   220   220 I sf_frame_dur: [Log Settings,1,0,0,0,0,0,0]
07-25 14:32:35.579   648   660 I am_finish_activity: [0,1101679736,7,com.sprd.engineermode/.EngineerModeActivity,app-request]
07-25 14:32:35.579   648   660 I am_pause_activity: [0,1101679736,com.sprd.engineermode/.EngineerModeActivity]
07-25 14:32:35.589  1414  1414 I am_on_paused_called: [0,com.sprd.engineermode.EngineerModeActivity]
07-25 14:32:35.589  1414  1414 I am_on_pause_time: [0,.EngineerModeActivity onPause() takes: 0ms]
07-25 14:32:35.589   648   660 I am_resume_activity: [0,1101739312,5,com.toycloud.watch.settings/.ui.activity.EngineeringListActivity]
07-25 14:32:35.619  1475  1475 I am_on_resume_called: [0,com.toycloud.watch.settings.ui.activity.EngineeringListActivity]
07-25 14:32:35.619  1475  1475 I am_on_resume_time: [0,.EngineeringListActivity onResume() takes: 2ms]
07-25 14:32:35.789   220   220 I sf_frame_dur: [com.sprd.engineermode/com.sprd.engineermode.EngineerModeActivity,18,3,2,0,1,1,0]
07-25 14:32:35.939   648   664 I am_destroy_activity: [0,1101679736,7,com.sprd.engineermode/.EngineerModeActivity,finish-imm]
07-25 14:32:35.979   648  1006 I wm_task_removed: [7,removeTask]
07-25 14:32:35.979   648  1006 I wm_task_removed: [7,removeAppToken: last token]
07-25 14:32:36.639   648  1006 I am_finish_activity: [0,1101739312,5,com.toycloud.watch.settings/.ui.activity.EngineeringListActivity,app-request]
07-25 14:32:36.639   648  1006 I am_pause_activity: [0,1101739312,com.toycloud.watch.settings/.ui.activity.EngineeringListActivity]
07-25 14:32:36.649  1475  1475 I am_on_paused_called: [0,com.toycloud.watch.settings.ui.activity.EngineeringListActivity]
07-25 14:32:36.649  1475  1475 I am_on_pause_time: [0,.EngineeringListActivity onPause() takes: 0ms]
07-25 14:32:36.659   648  1006 I am_resume_activity: [0,1104151536,5,com.toycloud.watch.settings/.ui.activity.MoreItemActivity]
07-25 14:32:36.689  1475  1475 I am_on_resume_called: [0,com.toycloud.watch.settings.ui.activity.MoreItemActivity]
07-25 14:32:36.689  1475  1475 I am_on_resume_time: [0,.MoreItemActivity onResume() takes: 2ms]
07-25 14:32:36.739   648  1006 I am_destroy_activity: [0,1101739312,5,com.toycloud.watch.settings/.ui.activity.EngineeringListActivity,finish-imm]
07-25 14:32:39.319   648  1006 I am_finish_activity: [0,1104151536,5,com.toycloud.watch.settings/.ui.activity.MoreItemActivity,app-request]
07-25 14:32:39.319   648  1006 I am_pause_activity: [0,1104151536,com.toycloud.watch.settings/.ui.activity.MoreItemActivity]
07-25 14:32:39.329  1475  1475 I am_on_paused_called: [0,com.toycloud.watch.settings.ui.activity.MoreItemActivity]
07-25 14:32:39.329  1475  1475 I am_on_pause_time: [0,.MoreItemActivity onPause() takes: 0ms]
07-25 14:32:39.339   648  1006 I am_resume_activity: [0,1099093520,5,com.toycloud.watch.settings/.ui.activity.SuedeMainActivity]
07-25 14:32:39.369  1475  1475 I am_on_resume_called: [0,com.toycloud.watch.settings.ui.activity.SuedeMainActivity]
07-25 14:32:39.369  1475  1475 I am_on_resume_time: [0,.SuedeMainActivity onResume() takes: 5ms]
07-25 14:32:39.419   648  1006 I am_destroy_activity: [0,1104151536,5,com.toycloud.watch.settings/.ui.activity.MoreItemActivity,finish-imm]
07-25 14:32:39.659   220   220 I sf_frame_dur: [com.toycloud.watch.settings/com.toycloud.watch.settings.ui.activity.MoreItemActivity,19,15,0,1,1,3,0]
07-25 14:32:41.189   798   798 I sysui_panelholder_touch: [0,84,2]
07-25 14:32:41.189   798   798 I sysui_panelbar_touch: [0,84,2,0]
07-25 14:32:41.199   798   798 I sysui_notificationpanel_touch: [0,84,2]
07-25 14:32:41.429   798   798 I sysui_panelbar_touch: [1,183,70,0]
07-25 14:32:41.429   798   798 I sysui_notificationpanel_touch: [1,183,70]
07-25 14:32:42.539   798   798 I sysui_notificationpanel_touch: [0,170,357]
07-25 14:32:42.629   798   798 I sysui_notificationpanel_touch: [1,243,262]
07-25 14:32:43.439   648  1006 I am_finish_activity: [0,1099093520,5,com.toycloud.watch.settings/.ui.activity.SuedeMainActivity,app-request]
07-25 14:32:43.439   648  1006 I wm_home_stack_moved: 1
07-25 14:32:43.439   648  1006 I wm_task_moved: [4,1,1]
07-25 14:32:43.439   648  1006 I wm_home_stack_moved: 1
07-25 14:32:43.439   648  1006 I am_pause_activity: [0,1099093520,com.toycloud.watch.settings/.ui.activity.SuedeMainActivity]
07-25 14:32:43.459  1475  1475 I am_on_paused_called: [0,com.toycloud.watch.settings.ui.activity.SuedeMainActivity]
07-25 14:32:43.459  1475  1475 I am_on_pause_time: [0,.SuedeMainActivity onPause() takes: 0ms]
07-25 14:32:43.459   648  1006 I am_resume_activity: [0,1099583440,4,com.toycloud.watch.launcher/com.launcher.taoyunwatch.activity.MainActivity]
07-25 14:32:43.569   648   648 I notification_cancel_all: [com.toycloud.ewatch.friend,-1,0,0]
07-25 14:32:43.569   648   813 I am_kill : [0,1475,com.toycloud.watch.settings,1,stop com.toycloud.watch.settings]
07-25 14:32:43.579   648   813 I am_destroy_service: [0,1102928896,1219]
07-25 14:32:43.589   648   813 I wm_task_removed: [5,removeTask]
07-25 14:32:43.589   648   813 I wm_stack_removed: 2
07-25 14:32:43.589   648   813 I wm_task_removed: [5,removeAppToken: last token]
07-25 14:32:43.619   648   648 I notification_cancel_all: [com.toycloud.watch.settings,-1,0,0]
07-25 14:32:43.619   648   648 I notification_cancel_all: [com.toycloud.watch.sport,-1,0,0]
07-25 14:32:43.629   648   794 I backup_data_changed: com.android.providers.settings
07-25 14:32:43.639   648   648 I notification_cancel_all: [com.eg.android.AlipayGphone,-1,0,0]
07-25 14:32:43.689  1219  1219 I am_on_resume_called: [0,com.launcher.taoyunwatch.activity.MainActivity]
07-25 14:32:43.689  1219  1219 I am_on_resume_time: [0,.MainActivity onResume() takes: 211ms]
07-25 14:32:43.779   220   220 I sf_frame_dur: [com.toycloud.watch.settings/com.toycloud.watch.settings.ui.activity.SuedeMainActivity,66,12,0,0,2,0,3]
07-25 14:32:45.389   648   794 I backup_data_changed: com.android.providers.settings
07-25 14:32:45.399   648  1799 I wm_stack_created: [3,0,6,100]
07-25 14:32:45.409   648  1799 I am_create_task: [0,8]
07-25 14:32:45.409   648  1799 I am_create_activity: [0,1104280224,8,com.toycloud.watch.deskclock/com.android.deskclock.longcos.LongCosAlarmActivity,android.intent.action.MAIN,NULL,NULL,335544320]
07-25 14:32:45.409   648  1799 I wm_task_created: [8,3]
07-25 14:32:45.409   648  1799 I wm_task_moved: [8,1,1]
07-25 14:32:45.409   648  1799 I wm_home_stack_moved: 0
07-25 14:32:45.409   648  1799 I am_pause_activity: [0,1099583440,com.toycloud.watch.launcher/com.launcher.taoyunwatch.activity.MainActivity]
07-25 14:32:45.409  1219  1219 I am_on_paused_called: [0,com.launcher.taoyunwatch.activity.MainActivity]
07-25 14:32:45.409  1219  1219 I am_on_pause_time: [0,.MainActivity onPause() takes: 2ms]
07-25 14:32:45.419   648  1799 I am_restart_activity: [0,1104280224,8,com.toycloud.watch.deskclock/com.android.deskclock.longcos.LongCosAlarmActivity]
07-25 14:32:45.589  1575  1575 I am_on_create_time: [0,.LongCosAlarmActivity onCreate() takes: 151ms]
07-25 14:32:45.599  1575  1575 I am_on_resume_called: [0,com.android.deskclock.longcos.LongCosAlarmActivity]
07-25 14:32:45.599  1575  1575 I am_on_resume_time: [0,.LongCosAlarmActivity onResume() takes: 9ms]
07-25 14:32:45.799   648   663 I am_activity_launch_time: [0,1104280224,com.toycloud.watch.deskclock/com.android.deskclock.longcos.LongCosAlarmActivity,377,377]
07-25 14:32:45.809   220   220 I sf_frame_dur: [com.toycloud.watch.launcher/com.launcher.taoyunwatch.activity.MainActivity,3,2,0,0,1,0,1]
07-25 14:32:47.369   648  1799 I wm_task_moved: [8,1,1]
07-25 14:32:47.369   648  1799 I wm_home_stack_moved: 0
07-25 14:32:47.369   648  1799 I am_create_activity: [0,1099486608,8,com.toycloud.watch.deskclock/com.android.deskclock.longcos.LongCosAlarmDetailActivity,NULL,NULL,NULL,0]
07-25 14:32:47.379   648  1799 I am_pause_activity: [0,1104280224,com.toycloud.watch.deskclock/com.android.deskclock.longcos.LongCosAlarmActivity]
07-25 14:32:47.379  1575  1575 I am_on_paused_called: [0,com.android.deskclock.longcos.LongCosAlarmActivity]
07-25 14:32:47.379  1575  1575 I am_on_pause_time: [0,.LongCosAlarmActivity onPause() takes: 0ms]
07-25 14:32:47.379   648  1799 I am_restart_activity: [0,1099486608,8,com.toycloud.watch.deskclock/com.android.deskclock.longcos.LongCosAlarmDetailActivity]
07-25 14:32:47.529  1575  1575 I am_on_create_time: [0,.LongCosAlarmDetailActivity onCreate() takes: 118ms]
07-25 14:32:47.529  1575  1575 I am_on_resume_called: [0,com.android.deskclock.longcos.LongCosAlarmDetailActivity]
07-25 14:32:47.529  1575  1575 I am_on_resume_time: [0,.LongCosAlarmDetailActivity onResume() takes: 2ms]
07-25 14:32:47.679   648   663 I am_activity_launch_time: [0,1099486608,com.toycloud.watch.deskclock/com.android.deskclock.longcos.LongCosAlarmDetailActivity,295,295]
07-25 14:32:47.929   220   220 I sf_frame_dur: [com.toycloud.watch.deskclock/com.android.deskclock.longcos.LongCosAlarmActivity,17,0,0,1,1,1,0]
07-25 14:32:49.969   648  1799 I wm_task_moved: [8,1,1]
07-25 14:32:49.969   648  1799 I wm_home_stack_moved: 0
07-25 14:32:49.969   648  1799 I am_create_activity: [0,1101676808,8,com.toycloud.watch.deskclock/com.android.deskclock.longcos.ui.AlarmTimeChooseActivity,NULL,NULL,NULL,0]
07-25 14:32:49.969   648  1799 I am_pause_activity: [0,1099486608,com.toycloud.watch.deskclock/com.android.deskclock.longcos.LongCosAlarmDetailActivity]
07-25 14:32:49.969  1575  1575 I am_on_paused_called: [0,com.android.deskclock.longcos.LongCosAlarmDetailActivity]
07-25 14:32:49.969  1575  1575 I am_on_pause_time: [0,.LongCosAlarmDetailActivity onPause() takes: 0ms]
07-25 14:32:49.969   648  1799 I am_restart_activity: [0,1101676808,8,com.toycloud.watch.deskclock/com.android.deskclock.longcos.ui.AlarmTimeChooseActivity]
07-25 14:32:50.109  1575  1575 I am_on_create_time: [0,.AlarmTimeChooseActivity onCreate() takes: 125ms]
07-25 14:32:50.109  1575  1575 I am_on_resume_called: [0,com.android.deskclock.longcos.ui.AlarmTimeChooseActivity]
07-25 14:32:50.109  1575  1575 I am_on_resume_time: [0,.AlarmTimeChooseActivity onResume() takes: 1ms]
07-25 14:32:50.229   648   663 I am_activity_launch_time: [0,1101676808,com.toycloud.watch.deskclock/com.android.deskclock.longcos.ui.AlarmTimeChooseActivity,262,262]
07-25 14:32:51.939   648  1814 I free_storage_changed: 2667077632
07-25 14:32:53.639   648   794 I backup_data_changed: android
07-25 14:32:53.639   648   794 I backup_data_changed: android
07-25 14:33:00.449   648  1006 I am_finish_activity: [0,1101676808,8,com.toycloud.watch.deskclock/com.android.deskclock.longcos.ui.AlarmTimeChooseActivity,app-request]
07-25 14:33:00.449   648  1006 I am_pause_activity: [0,1101676808,com.toycloud.watch.deskclock/com.android.deskclock.longcos.ui.AlarmTimeChooseActivity]
07-25 14:33:00.459  1575  1575 I am_on_paused_called: [0,com.android.deskclock.longcos.ui.AlarmTimeChooseActivity]
07-25 14:33:00.459  1575  1575 I am_on_pause_time: [0,.AlarmTimeChooseActivity onPause() takes: 0ms]
07-25 14:33:00.459   648  1006 I am_resume_activity: [0,1099486608,8,com.toycloud.watch.deskclock/com.android.deskclock.longcos.LongCosAlarmDetailActivity]
07-25 14:33:00.509  1575  1575 I am_on_resume_called: [0,com.android.deskclock.longcos.LongCosAlarmDetailActivity]
07-25 14:33:00.509  1575  1575 I am_on_resume_time: [0,.LongCosAlarmDetailActivity onResume() takes: 2ms]
07-25 14:33:00.789   648   664 I am_destroy_activity: [0,1101676808,8,com.toycloud.watch.deskclock/com.android.deskclock.longcos.ui.AlarmTimeChooseActivity,finish-imm]
07-25 14:33:00.799   220   220 I sf_frame_dur: [com.toycloud.watch.deskclock/com.android.deskclock.longcos.ui.AlarmTimeChooseActivity,159,131,2,3,0,3,0]
07-25 14:33:02.159   648  1006 I wm_task_moved: [8,1,1]
07-25 14:33:02.159   648  1006 I wm_home_stack_moved: 0
07-25 14:33:02.159   648  1006 I am_create_activity: [0,1101904920,8,com.toycloud.watch.deskclock/com.android.deskclock.longcos.ui.AlarmCreateSuccessActivity,NULL,NULL,NULL,0]
07-25 14:33:02.159   648  1006 I am_pause_activity: [0,1099486608,com.toycloud.watch.deskclock/com.android.deskclock.longcos.LongCosAlarmDetailActivity]
07-25 14:33:02.169   648  1006 I am_finish_activity: [0,1099486608,8,com.toycloud.watch.deskclock/com.android.deskclock.longcos.LongCosAlarmDetailActivity,app-request]
07-25 14:33:02.169  1575  1575 I am_on_paused_called: [0,com.android.deskclock.longcos.LongCosAlarmDetailActivity]
07-25 14:33:02.169  1575  1575 I am_on_pause_time: [0,.LongCosAlarmDetailActivity onPause() takes: 0ms]
07-25 14:33:02.169   648  1006 I am_restart_activity: [0,1101904920,8,com.toycloud.watch.deskclock/com.android.deskclock.longcos.ui.AlarmCreateSuccessActivity]
07-25 14:33:02.359  1575  1575 I am_on_create_time: [0,.AlarmCreateSuccessActivity onCreate() takes: 178ms]
07-25 14:33:02.359  1575  1575 I am_on_resume_called: [0,com.android.deskclock.longcos.ui.AlarmCreateSuccessActivity]
07-25 14:33:02.359  1575  1575 I am_on_resume_time: [0,.AlarmCreateSuccessActivity onResume() takes: 2ms]
07-25 14:33:02.419   648   663 I am_activity_launch_time: [0,1101904920,com.toycloud.watch.deskclock/com.android.deskclock.longcos.ui.AlarmCreateSuccessActivity,253,253]
07-25 14:33:02.749   648   664 I am_destroy_activity: [0,1099486608,8,com.toycloud.watch.deskclock/com.android.deskclock.longcos.LongCosAlarmDetailActivity,finish-imm]
07-25 14:33:02.759   220   220 I sf_frame_dur: [com.toycloud.watch.deskclock/com.android.deskclock.longcos.LongCosAlarmDetailActivity,0,0,1,0,0,0,1]
07-25 14:33:03.859   648  1799 I am_finish_activity: [0,1101904920,8,com.toycloud.watch.deskclock/com.android.deskclock.longcos.ui.AlarmCreateSuccessActivity,app-request]
07-25 14:33:03.859   648  1799 I am_pause_activity: [0,1101904920,com.toycloud.watch.deskclock/com.android.deskclock.longcos.ui.AlarmCreateSuccessActivity]
07-25 14:33:03.859  1575  1575 I am_on_paused_called: [0,com.android.deskclock.longcos.ui.AlarmCreateSuccessActivity]
07-25 14:33:03.859  1575  1575 I am_on_pause_time: [0,.AlarmCreateSuccessActivity onPause() takes: 0ms]
07-25 14:33:03.869   648  1799 I am_resume_activity: [0,1104280224,8,com.toycloud.watch.deskclock/com.android.deskclock.longcos.LongCosAlarmActivity]
07-25 14:33:03.869  1575  1575 I am_on_resume_called: [0,com.android.deskclock.longcos.LongCosAlarmActivity]
07-25 14:33:03.869  1575  1575 I am_on_resume_time: [0,.LongCosAlarmActivity onResume() takes: 2ms]
07-25 14:33:04.139   648   664 I am_destroy_activity: [0,1101904920,8,com.toycloud.watch.deskclock/com.android.deskclock.longcos.ui.AlarmCreateSuccessActivity,finish-imm]
07-25 14:33:04.279   648   648 I notification_cancel: [com.toycloud.watch.deskclock,1,NULL,0,0,0]
07-25 14:33:04.279   648  1799 I notification_enqueue: [com.toycloud.watch.deskclock,1,NULL,0,Notification(pri=1 contentView=com.toycloud.watch.deskclock/0x1090066 vibrate=null sound=null defaults=0x0 flags=0x2 kind=[null] 1 action)]
07-25 14:33:04.399   648   648 I notification_cancel: [com.toycloud.watch.deskclock,2,NULL,0,0,0]
07-25 14:33:04.399   648  1006 I notification_enqueue: [com.toycloud.watch.deskclock,2,NULL,0,Notification(pri=1 contentView=com.toycloud.watch.deskclock/0x1090066 vibrate=null sound=null defaults=0x0 flags=0x2 kind=[null] 1 action)]
07-25 14:33:04.449   648   794 I backup_data_changed: com.android.providers.settings
07-25 14:33:04.679   648   794 I backup_data_changed: com.android.providers.settings
07-25 14:33:06.789   648  1006 I am_finish_activity: [0,1104280224,8,com.toycloud.watch.deskclock/com.android.deskclock.longcos.LongCosAlarmActivity,app-request]
07-25 14:33:06.789   648  1006 I wm_home_stack_moved: 1
07-25 14:33:06.789   648  1006 I wm_task_moved: [4,1,1]
07-25 14:33:06.789   648  1006 I wm_home_stack_moved: 1
07-25 14:33:06.789   648  1006 I am_pause_activity: [0,1104280224,com.toycloud.watch.deskclock/com.android.deskclock.longcos.LongCosAlarmActivity]
07-25 14:33:06.799  1575  1575 I am_on_paused_called: [0,com.android.deskclock.longcos.LongCosAlarmActivity]
07-25 14:33:06.799  1575  1575 I am_on_pause_time: [0,.LongCosAlarmActivity onPause() takes: 1ms]
07-25 14:33:06.809   648  1006 I am_resume_activity: [0,1099583440,4,com.toycloud.watch.launcher/com.launcher.taoyunwatch.activity.MainActivity]
07-25 14:33:06.869   648   648 I notification_cancel_all: [com.toycloud.ewatch.friend,-1,0,0]
07-25 14:33:06.879   648   648 I notification_cancel_all: [com.toycloud.watch.settings,-1,0,0]
07-25 14:33:06.889   648   648 I notification_cancel_all: [com.toycloud.watch.sport,-1,0,0]
07-25 14:33:06.909   648   794 I backup_data_changed: com.android.providers.settings
07-25 14:33:06.929   648   648 I notification_cancel_all: [com.eg.android.AlipayGphone,-1,0,0]
07-25 14:33:06.969  1219  1219 I am_on_resume_called: [0,com.launcher.taoyunwatch.activity.MainActivity]
07-25 14:33:06.969  1219  1219 I am_on_resume_time: [0,.MainActivity onResume() takes: 147ms]
07-25 14:33:07.079   220   220 I sf_frame_dur: [com.toycloud.watch.deskclock/com.android.deskclock.longcos.LongCosAlarmActivity,65,5,3,0,2,1,0]
07-25 14:33:07.259   648   664 I am_destroy_activity: [0,1104280224,8,com.toycloud.watch.deskclock/com.android.deskclock.longcos.LongCosAlarmActivity,finish-imm]
07-25 14:33:07.279   648  1799 I wm_task_removed: [8,removeTask]
07-25 14:33:07.279   648  1799 I wm_stack_removed: 3
07-25 14:33:07.289   648  1799 I wm_task_removed: [8,removeAppToken: last token]
07-25 14:33:08.609   648   794 I backup_data_changed: com.android.providers.settings
07-25 14:33:08.619   648  1006 I wm_stack_created: [4,0,6,100]
07-25 14:33:08.619   648  1006 I am_create_task: [0,9]
07-25 14:33:08.619   648  1006 I am_create_activity: [0,1099790608,9,com.toycloud.watch.settings/.ui.activity.SuedeMainActivity,android.intent.action.MAIN,NULL,NULL,335544320]
07-25 14:33:08.619   648  1006 I wm_task_created: [9,4]
07-25 14:33:08.619   648  1006 I wm_task_moved: [9,1,1]
07-25 14:33:08.619   648  1006 I wm_home_stack_moved: 0
07-25 14:33:08.619   648  1006 I am_pause_activity: [0,1099583440,com.toycloud.watch.launcher/com.launcher.taoyunwatch.activity.MainActivity]
07-25 14:33:08.629  1219  1219 I am_on_paused_called: [0,com.launcher.taoyunwatch.activity.MainActivity]
07-25 14:33:08.639  1219  1219 I am_on_pause_time: [0,.MainActivity onPause() takes: 4ms]
07-25 14:33:08.669   648  1006 I am_fork_process_time: [0,Fork .settings takes: 12ms]
07-25 14:33:08.669   648  1006 I am_proc_start: [0,1837,1000,com.toycloud.watch.settings,activity,com.toycloud.watch.settings/.ui.activity.SuedeMainActivity]
07-25 14:33:08.689   648  1799 I am_proc_bound: [0,1837,com.toycloud.watch.settings]
07-25 14:33:08.689   648  1799 I am_restart_activity: [0,1099790608,9,com.toycloud.watch.settings/.ui.activity.SuedeMainActivity]
07-25 14:33:08.929  1837  1837 I am_on_create_time: [0,.SuedeMainActivity onCreate() takes: 168ms]
07-25 14:33:08.939   648  1799 I am_create_service: [0,1101431080,.FotaAIDLImpl,1000,1219]
07-25 14:33:08.939  1837  1837 I am_on_resume_called: [0,com.toycloud.watch.settings.ui.activity.SuedeMainActivity]
07-25 14:33:08.939  1837  1837 I am_on_resume_time: [0,.SuedeMainActivity onResume() takes: 6ms]
07-25 14:33:09.039   220   220 I sf_frame_dur: [com.toycloud.watch.launcher/com.launcher.taoyunwatch.activity.MainActivity,0,1,1,0,0,0,1]
07-25 14:33:09.159   648   663 I am_activity_launch_time: [0,1099790608,com.toycloud.watch.settings/.ui.activity.SuedeMainActivity,504,504]
07-25 14:33:11.089   648  1006 I wm_task_moved: [9,1,1]
07-25 14:33:11.089   648  1006 I wm_home_stack_moved: 0
07-25 14:33:11.089   648  1006 I am_create_activity: [0,1101681160,9,com.toycloud.watch.settings/.ui.activity.ShutDownActivity,NULL,NULL,NULL,0]
07-25 14:33:11.089   648  1006 I am_pause_activity: [0,1099790608,com.toycloud.watch.settings/.ui.activity.SuedeMainActivity]
07-25 14:33:11.099  1837  1837 I am_on_paused_called: [0,com.toycloud.watch.settings.ui.activity.SuedeMainActivity]
07-25 14:33:11.099  1837  1837 I am_on_pause_time: [0,.SuedeMainActivity onPause() takes: 0ms]
07-25 14:33:11.099   648  1006 I am_restart_activity: [0,1101681160,9,com.toycloud.watch.settings/.ui.activity.ShutDownActivity]
07-25 14:33:11.199  1837  1837 I am_on_create_time: [0,.ShutDownActivity onCreate() takes: 96ms]
07-25 14:33:11.209  1837  1837 I am_on_resume_called: [0,com.toycloud.watch.settings.ui.activity.ShutDownActivity]
07-25 14:33:11.209  1837  1837 I am_on_resume_time: [0,.ShutDownActivity onResume() takes: 1ms]
07-25 14:33:11.269   648   663 I am_activity_launch_time: [0,1101681160,com.toycloud.watch.settings/.ui.activity.ShutDownActivity,174,174]
07-25 14:33:12.349   648   794 I backup_data_changed: com.android.providers.settings
07-25 14:33:12.479   648   648 I notification_cancel: [com.toycloud.watch.deskclock,1,NULL,0,0,0]
07-25 14:33:12.479   648   813 I notification_enqueue: [com.toycloud.watch.deskclock,1,NULL,0,Notification(pri=1 contentView=com.toycloud.watch.deskclock/0x1090066 vibrate=null sound=null defaults=0x0 flags=0x2 kind=[null] 1 action)]
07-25 14:33:12.539   648   648 I notification_cancel: [com.toycloud.watch.deskclock,2,NULL,0,0,0]
07-25 14:33:12.549   648   813 I notification_enqueue: [com.toycloud.watch.deskclock,2,NULL,0,Notification(pri=1 contentView=com.toycloud.watch.deskclock/0x1090066 vibrate=null sound=null defaults=0x0 flags=0x2 kind=[null] 1 action)]
07-25 14:33:12.629   648  1865 I am_create_service: [0,1101552208,.AlarmService,1000,1575]
07-25 14:33:12.629   648  1865 I am_destroy_service: [0,1101552208,1575]
07-25 14:33:12.629   648   648 I notification_cancel: [com.toycloud.watch.deskclock,2,NULL,0,0,0]
07-25 14:33:12.639   648  1863 I am_pause_activity: [0,1101681160,com.toycloud.watch.settings/.ui.activity.ShutDownActivity]
07-25 14:33:12.649  1837  1837 I am_on_paused_called: [0,com.toycloud.watch.settings.ui.activity.ShutDownActivity]
07-25 14:33:12.649  1837  1837 I am_on_pause_time: [0,.ShutDownActivity onPause() takes: 0ms]
07-25 14:33:12.649   648   794 I backup_data_changed: com.android.providers.settings
07-25 14:33:12.769   648   648 I notification_cancel: [com.toycloud.watch.deskclock,2,NULL,0,0,0]
07-25 14:33:12.769   648   660 I notification_enqueue: [com.toycloud.watch.deskclock,2,NULL,0,Notification(pri=1 contentView=com.toycloud.watch.deskclock/0x1090066 vibrate=null sound=null defaults=0x0 flags=0x2 kind=[null] 1 action)]
07-25 14:33:12.799   859   859 I gsm_rat_switched_new: [-1,11,0]
07-25 14:33:13.019   648   648 I notification_cancel: [com.android.phone,16,NULL,0,0,64]
07-25 14:33:13.019   648   648 I notification_cancel: [com.android.phone,6,NULL,0,0,64]
07-25 14:33:13.069   648   648 I notification_cancel: [com.android.phone,7,NULL,0,0,64]
07-25 14:33:13.069   648   648 I notification_cancel: [com.android.phone,7,NULL,0,0,64]
07-25 14:33:13.069   648   648 I notification_cancel: [com.android.phone,7,NULL,0,0,64]
07-25 14:33:13.069   648   648 I notification_cancel: [com.android.phone,7,NULL,0,0,64]
07-25 14:33:13.069   648   648 I notification_cancel: [com.android.phone,7,NULL,0,0,64]
07-25 14:33:13.069   648   648 I notification_cancel: [com.android.phone,7,NULL,0,0,64]
07-25 14:33:13.069   648   648 I notification_cancel: [com.android.phone,7,NULL,0,0,64]
07-25 14:33:13.069   648   648 I notification_cancel: [com.android.phone,7,NULL,0,0,64]
07-25 14:33:13.079   648   648 I notification_cancel: [com.android.phone,7,NULL,0,0,64]
07-25 14:33:13.079   648   648 I notification_cancel: [com.android.phone,7,NULL,0,0,64]
07-25 14:33:13.079   648   648 I notification_cancel: [com.android.phone,7,NULL,0,0,64]
07-25 14:33:13.079   648   648 I notification_cancel: [com.android.phone,7,NULL,0,0,64]
07-25 14:33:13.079   648   648 I notification_cancel: [com.android.phone,7,NULL,0,0,64]
07-25 14:33:13.079   648   648 I notification_cancel: [com.android.phone,7,NULL,0,0,64]
07-25 14:33:13.079   648   648 I notification_cancel: [com.android.phone,7,NULL,0,0,64]
07-25 14:33:13.079   648   648 I notification_cancel: [com.android.phone,7,NULL,0,0,64]
07-25 14:33:13.079   648   648 I notification_cancel: [com.android.phone,7,NULL,0,0,64]
07-25 14:33:13.089   648   648 I notification_cancel: [com.android.dialer,1,NULL,0,0,64]
07-25 14:33:13.099   648   648 I notification_cancel: [com.android.phone,7,NULL,0,0,64]
07-25 14:33:13.099   648   648 I notification_cancel: [com.android.phone,7,NULL,0,0,64]
07-25 14:33:13.099   648   648 I notification_cancel: [com.android.phone,7,NULL,0,0,64]
07-25 14:33:14.639   648   659 I am_kill : [0,1536,com.toycloud.toycloudassistant,2,stop com.toycloud.toycloudassistant]
07-25 14:33:14.649   648   648 I notification_cancel: [com.toycloud.toycloudassistant,110,NULL,0,0,0]
07-25 14:33:14.649   648   659 I am_schedule_service_restart: [0,com.toycloud.toycloudassistant/com.toycloud.tclib.SystemStatusService,1000]
07-25 14:33:14.649   648   659 I am_schedule_service_restart: [0,com.toycloud.toycloudassistant/com.toycloud.tclib.tcspeech.voice.MscService,11000]
07-25 14:33:14.649   648   659 I am_destroy_service: [0,1100535848,-1]
07-25 14:33:14.649   648   659 I am_destroy_service: [0,1099745864,-1]
07-25 14:33:14.649   648   648 I notification_cancel_all: [com.toycloud.toycloudassistant,-1,0,0]
07-25 14:33:14.659   648   660 I am_kill : [0,1575,com.toycloud.watch.deskclock,11,stop com.toycloud.watch.deskclock]
07-25 14:33:14.659   648   648 I notification_cancel_all: [com.toycloud.watch.deskclock,-1,0,0]
07-25 14:33:18.699   648   794 I backup_data_changed: android
07-25 14:33:18.699   648   794 I backup_data_changed: android
