
============  19-07-25 14:30:26  ==============
07-25 14:30:28.029   221   221 I boot_progress_start: 3850
07-25 14:30:40.439   221   221 I boot_progress_preload_start: 16262
07-25 14:30:41.549   221   221 I boot_progress_preload_end: 17370
07-25 14:30:41.979   648   648 I boot_progress_system_run: 17800
07-25 14:30:42.109   648   648 I boot_progress_pms_start: 17933
07-25 14:30:42.179   648   648 I boot_progress_pms_system_scan_start: 18009
07-25 14:30:50.089   648   648 I boot_progress_pms_data_scan_start: 25911
07-25 14:30:50.569   648   648 I boot_progress_pms_scan_end: 26390
07-25 14:30:50.769   648   648 I boot_progress_pms_data_scan_start: 26593
07-25 14:30:50.769   648   648 I boot_progress_pms_ready: 26593
07-25 14:30:50.969   648   648 I dvm_lock_sample: [system_server,0,main,176,UserManagerService.java,289,PackageManagerService.java,1191,35]
07-25 14:30:51.319   648   702 I battery_status: [2,2,1,2,Li-ion]
07-25 14:30:51.319   648   702 I battery_level: [92,4123,329]
07-25 14:30:51.359   648   669 I screen_toggled: 1
07-25 14:30:51.359   648   648 I wm_stack_created: [0,-1,6,100]
07-25 14:30:51.399   648   648 I configuration_changed: 7672
07-25 14:30:51.419   648   648 I configuration_changed: 1032
07-25 14:30:55.579   648   702 I battery_level: [93,4123,329]
07-25 14:31:20.119   648   702 I battery_status: [3,2,1,0,Li-ion]
07-25 14:31:20.689   648   702 I battery_status: [2,2,1,2,Li-ion]
07-25 14:31:23.239   648   702 I battery_status: [3,2,1,0,Li-ion]
07-25 14:31:27.689   648   648 I backup_data_changed: com.android.providers.userdictionary
07-25 14:31:27.719   648   648 I backup_data_changed: com.android.sharedstoragebackup
07-25 14:31:27.719   648   648 I backup_data_changed: android
07-25 14:31:27.729   648   648 I backup_data_changed: com.android.dialer
07-25 14:31:27.729   648   648 I backup_data_changed: com.android.providers.settings
07-25 14:31:27.739   648   648 I am_create_service: [0,1099271464,.LocalTransportService,1000,648]
07-25 14:31:27.849   648   794 I backup_data_changed: com.android.providers.settings
07-25 14:31:27.889   648   648 I am_fork_process_time: [0,Fork .keyguard takes: 12ms]
07-25 14:31:27.889   648   648 I am_proc_start: [0,798,10017,com.android.systemui,service,com.android.keyguard/.KeyguardService]
07-25 14:31:27.919   648   702 I am_proc_bound: [0,798,com.android.systemui]
07-25 14:31:27.919   648   702 I am_create_service: [0,1099359040,.KeyguardService,10017,798]
07-25 14:31:27.949   648   648 I am_wtf  : [0,648,system_server,-1,SystemServer,Unable to find app for caller android.app.ActivityThread$ApplicationThread@41bd7f80 (pid=648) when registering receiver android.app.LoadedApk$ReceiverDispatcher$InnerReceiver@41a5bc38]
07-25 14:31:27.979   648   664 I am_fork_process_time: [0,Fork .contacts takes: 11ms]
07-25 14:31:27.979   648   664 I am_proc_start: [0,816,10010,android.process.acore,broadcast,com.android.providers.contacts/.ContactsUpgradeReceiver]
07-25 14:31:28.009   648   828 I free_storage_left: [2675830784,77246464,96833536]
07-25 14:31:28.009   648   828 I free_storage_changed: 2675830784
07-25 14:31:28.019   648   813 I am_proc_bound: [0,816,android.process.acore]
07-25 14:31:30.709   816   816 I contacts_upgrade_receiver: 2636
07-25 14:31:30.719   648   702 I am_fork_process_time: [0,Fork .media takes: 7ms]
07-25 14:31:30.719   648   702 I am_proc_start: [0,845,10009,android.process.media,broadcast,com.android.providers.media/.MediaUpgradeReceiver]
07-25 14:31:30.729   648   702 I am_proc_bound: [0,845,android.process.media]
07-25 14:31:30.809   648   664 I am_kill : [0,816,android.process.acore,11,system update done]
07-25 14:31:30.809   648   664 I am_kill : [0,845,android.process.media,9,system update done]
07-25 14:31:30.819   648   664 I am_fork_process_time: [0,Fork .phone takes: 8ms]
07-25 14:31:30.819   648   664 I am_proc_start: [0,859,1001,com.android.phone,added application,com.android.phone]
07-25 14:31:30.819   648   664 I boot_progress_ams_ready: 66641
07-25 14:31:30.819   648   664 I am_create_service: [0,1100294752,.SystemUIService,10017,798]
07-25 14:31:30.839   648   702 I am_proc_bound: [0,859,com.android.phone]
07-25 14:31:30.859   648   794 I backup_data_changed: com.android.providers.settings
07-25 14:31:30.869   648   794 I backup_data_changed: com.android.providers.settings
07-25 14:31:30.889   648   794 I backup_data_changed: com.android.providers.settings
07-25 14:31:31.509   648   794 I backup_data_changed: com.android.providers.settings
07-25 14:31:31.529   648   664 I configuration_changed: 512
07-25 14:31:31.619   648   664 I am_create_service: [0,1100499608,.ImageWallpaper,10017,798]
07-25 14:31:31.779   648   664 I am_create_service: [0,1105278832,.FusedLocationService,1000,648]
07-25 14:31:31.789   648   664 I am_create_service: [0,1100363920,.GeofenceHardwareService,1000,648]
07-25 14:31:31.829   648   664 I am_fork_process_time: [0,Fork .validator takes: 11ms]
07-25 14:31:31.829   648   664 I am_proc_start: [0,954,1000,com.spreadst.validator,added application,com.spreadst.validator]
07-25 14:31:31.849   648   664 I am_fork_process_time: [0,Fork .modemassert takes: 10ms]
07-25 14:31:31.849   648   664 I am_proc_start: [0,960,10003,com.android.modemassert,added application,com.android.modemassert]
07-25 14:31:31.859   648   664 I am_create_task: [0,1]
07-25 14:31:31.859   648   664 I am_create_activity: [0,1105156024,1,com.android.settings/.CryptKeeper,android.intent.action.MAIN,NULL,NULL,276824064]
07-25 14:31:31.859   648   664 I wm_task_created: [1,0]
07-25 14:31:31.859   648   664 I wm_task_moved: [1,1,0]
07-25 14:31:31.859   648   664 I wm_home_stack_moved: 1
07-25 14:31:31.869   648   664 I am_fork_process_time: [0,Fork .settings takes: 10ms]
07-25 14:31:31.869   648   664 I am_proc_start: [0,969,1000,com.android.settings,activity,com.android.settings/.CryptKeeper]
07-25 14:31:31.879   648   660 I am_fork_process_time: [0,Fork .smspush takes: 11ms]
07-25 14:31:31.879   648   660 I am_proc_start: [0,987,10002,com.android.smspush,service,com.android.smspush/.WapPushManager]
07-25 14:31:31.899   648   776 I netstats_mobile_sample: [0,0,0,0,0,0,0,0,0,0,0,0,-1]
07-25 14:31:31.899   648   776 I netstats_wifi_sample: [0,0,0,0,0,0,0,0,0,0,0,0,-1]
07-25 14:31:31.909   648   702 I am_proc_bound: [0,954,com.spreadst.validator]
07-25 14:31:31.909   648   813 I am_proc_bound: [0,969,com.android.settings]
07-25 14:31:31.909   648   813 I am_restart_activity: [0,1105156024,1,com.android.settings/.CryptKeeper]
07-25 14:31:31.919   648  1001 I am_proc_bound: [0,960,com.android.modemassert]
07-25 14:31:31.989   648  1001 I am_proc_bound: [0,987,com.android.smspush]
07-25 14:31:31.989   648  1001 I am_create_service: [0,1103310664,.WapPushManager,10002,987]
07-25 14:31:32.169   648   794 I backup_data_changed: android
07-25 14:31:32.169   648   794 I backup_data_changed: android
07-25 14:31:32.259   648   794 I backup_data_changed: android
07-25 14:31:32.269   648   794 I backup_data_changed: android
07-25 14:31:32.279   648   659 I am_finish_activity: [0,1105156024,1,com.android.settings/.CryptKeeper,app-request]
07-25 14:31:32.279   648   659 I am_pause_activity: [0,1105156024,com.android.settings/.CryptKeeper]
07-25 14:31:32.279   969   969 I am_on_create_time: [0,.CryptKeeper onCreate() takes: 48ms]
07-25 14:31:32.279   969   969 I am_on_resume_time: [0,.CryptKeeper onResume() takes: 0ms]
07-25 14:31:32.289   648  1006 I wm_home_stack_moved: 1
07-25 14:31:32.289   648  1006 I wm_task_moved: [1,1,0]
07-25 14:31:32.289   648  1006 I wm_home_stack_moved: 1
07-25 14:31:32.289   648  1006 I wm_home_stack_moved: 1
07-25 14:31:32.289   648  1006 I wm_task_moved: [1,1,0]
07-25 14:31:32.299   648  1006 I wm_home_stack_moved: 1
07-25 14:31:32.299   648  1006 I am_create_task: [0,2]
07-25 14:31:32.299   648  1006 I am_create_activity: [0,1099486608,2,com.android.provision/.DefaultActivity,android.intent.action.MAIN,NULL,NULL,276824064]
07-25 14:31:32.299   648  1006 I wm_task_created: [2,0]
07-25 14:31:32.299   648  1006 I wm_task_moved: [2,1,1]
07-25 14:31:32.299   648  1006 I wm_home_stack_moved: 1
07-25 14:31:32.319   648  1006 I am_fork_process_time: [0,Fork .provision takes: 16ms]
07-25 14:31:32.319   648  1006 I am_proc_start: [0,1025,10021,com.android.provision,activity,com.android.provision/.DefaultActivity]
07-25 14:31:32.319   648   659 I am_create_service: [0,1101081856,.TelephonyDebugService,1001,859]
07-25 14:31:32.359   648  1001 I am_fork_process_time: [0,Fork .media takes: 39ms]
07-25 14:31:32.359   648  1001 I am_proc_start: [0,1035,10009,android.process.media,broadcast,com.android.providers.media/.MtpReceiver]
07-25 14:31:32.369   648  1006 I am_fork_process_time: [0,Fork .contacts takes: 10ms]
07-25 14:31:32.369   648  1006 I am_proc_start: [0,1051,10010,android.process.acore,content provider,com.android.providers.contacts/.CallLogProvider]
07-25 14:31:32.369   648   659 I am_create_service: [0,1101160504,.BluetoothPhoneService,1001,859]
07-25 14:31:32.379   648  1001 I am_proc_bound: [0,1025,com.android.provision]
07-25 14:31:32.379   648  1001 I am_restart_activity: [0,1099486608,2,com.android.provision/.DefaultActivity]
07-25 14:31:32.379   648   660 I am_proc_bound: [0,1035,android.process.media]
07-25 14:31:32.409   648   659 I am_proc_bound: [0,1051,android.process.acore]
07-25 14:31:32.459   648   660 I am_fork_process_time: [0,Fork .dialer takes: 18ms]
07-25 14:31:32.459   648   660 I am_proc_start: [0,1069,10013,com.android.incallui,service,com.android.dialer/com.sprd.incallui.VideoCallHandlerService]
07-25 14:31:32.469   648   813 I am_create_service: [0,1101291408,.RadioInteractorService,1001,859]
07-25 14:31:32.589   648   659 I am_create_service: [0,1101314776,.SyncSimAccountsWatchdog,10010,1051]
07-25 14:31:32.589   648   660 I dvm_lock_sample: [system_server,1,Binder_2,31,ActivityManagerService.java,13749,-,13344,6]
07-25 14:31:32.589   648   659 I am_proc_bound: [0,1069,com.android.incallui]
07-25 14:31:32.599   648   659 I am_create_service: [0,1101228240,.VideoCallHandlerService,10013,1069]
07-25 14:31:32.599   648   659 I am_create_service: [0,1101284672,.CallHandlerService,10013,1069]
07-25 14:31:32.599   648  1001 I am_finish_activity: [0,1099486608,2,com.android.provision/.DefaultActivity,app-request]
07-25 14:31:32.619   648  1001 I am_pause_activity: [0,1099486608,com.android.provision/.DefaultActivity]
07-25 14:31:32.619  1025  1025 I am_on_create_time: [0,.DefaultActivity onCreate() takes: 155ms]
07-25 14:31:32.629  1025  1025 I am_on_resume_time: [0,.DefaultActivity onResume() takes: 0ms]
07-25 14:31:32.629   648   660 I wm_home_stack_moved: 1
07-25 14:31:32.629   648   660 I wm_task_moved: [2,1,1]
07-25 14:31:32.629   648   660 I wm_home_stack_moved: 1
07-25 14:31:32.639   648   660 I wm_home_stack_moved: 1
07-25 14:31:32.639   648   660 I wm_task_moved: [2,1,1]
07-25 14:31:32.639   648   660 I wm_home_stack_moved: 1
07-25 14:31:32.649   648   660 I wm_stack_created: [1,0,6,100]
07-25 14:31:32.659   648   794 I backup_data_changed: android
07-25 14:31:32.659   648   794 I backup_data_changed: android
07-25 14:31:32.659   648   794 I backup_data_changed: android
07-25 14:31:32.659   648   660 I am_create_task: [0,3]
07-25 14:31:32.659   648   660 I am_create_activity: [0,1099596456,3,android/com.android.internal.app.ResolverActivity,android.intent.action.MAIN,NULL,NULL,276824064]
07-25 14:31:32.659   648   660 I wm_task_created: [3,1]
07-25 14:31:32.659   648   660 I wm_task_moved: [3,1,2]
07-25 14:31:32.659   648   660 I wm_home_stack_moved: 0
07-25 14:31:32.689   648   660 I am_fork_process_time: [0,Fork android takes: 31ms]
07-25 14:31:32.689   648   660 I am_proc_start: [0,1096,1000,system:ui,activity,android/com.android.internal.app.ResolverActivity]
07-25 14:31:32.709   648   794 I backup_data_changed: android
07-25 14:31:32.739   648  1006 I am_proc_bound: [0,1096,system:ui]
07-25 14:31:32.739   648  1006 I am_restart_activity: [0,1099596456,3,android/com.android.internal.app.ResolverActivity]
07-25 14:31:32.849   648  1006 I dvm_lock_sample: [system_server,1,Binder_6,20,PackageManagerService.java,2531,-,3052,4]
07-25 14:31:32.859   648   794 I backup_data_changed: android
07-25 14:31:32.859   648   794 I backup_data_changed: android
07-25 14:31:32.889   859   859 I gsm_service_state_change: [1,1,3,3]
07-25 14:31:33.209  1096  1096 I am_on_create_time: [0,.ResolverActivity onCreate() takes: 400ms]
07-25 14:31:33.219  1096  1096 I am_on_resume_called: [0,com.android.internal.app.ResolverActivity]
07-25 14:31:33.219  1096  1096 I am_on_resume_time: [0,.ResolverActivity onResume() takes: 1ms]
07-25 14:31:33.389   648  1006 I am_fork_process_time: [0,Fork .carrierconfig takes: 13ms]
07-25 14:31:33.389   648  1006 I am_proc_start: [0,1121,10005,com.android.carrierconfig,service,com.android.carrierconfig/.DefaultCarrierConfigService]
07-25 14:31:33.479   648   663 I am_activity_launch_time: [0,1099596456,android/com.android.internal.app.ResolverActivity,823,823]
07-25 14:31:33.479   648  1001 I am_proc_bound: [0,1121,com.android.carrierconfig]
07-25 14:31:33.489   648  1001 I am_create_service: [0,1100762016,.DefaultCarrierConfigService,10005,1121]
07-25 14:31:33.519   648  1001 I am_destroy_activity: [0,1105156024,1,com.android.settings/.CryptKeeper,finish-idle]
07-25 14:31:33.529   648  1001 I am_destroy_activity: [0,1099486608,2,com.android.provision/.DefaultActivity,finish-idle]
07-25 14:31:33.539   648  1001 I boot_progress_enable_screen: 69367
07-25 14:31:33.589   220   220 I sf_frame_dur: [BootAnimation,0,691,482,0,0,0,0]
07-25 14:31:33.599   648  1006 I wm_task_removed: [1,removeTask]
07-25 14:31:33.599   648  1006 I wm_task_removed: [1,removeAppToken: last token]
07-25 14:31:33.629   648  1001 I wm_task_removed: [2,removeTask]
07-25 14:31:33.629   648  1001 I wm_task_removed: [2,removeAppToken: last token]
07-25 14:31:33.669   648   660 I am_destroy_service: [0,1100762016,1121]
07-25 14:31:33.679   648   648 I notification_cancel: [com.android.phone,5,NULL,0,0,64]
07-25 14:31:33.679   648   648 I notification_cancel: [com.android.phone,6,NULL,0,0,64]
07-25 14:31:33.679   648   648 I notification_cancel: [com.android.phone,6,NULL,0,0,64]
07-25 14:31:33.679   648   648 I notification_cancel: [com.android.phone,16,NULL,0,0,64]
07-25 14:31:33.679   648   648 I notification_cancel: [com.android.phone,16,NULL,0,0,64]
07-25 14:31:33.679   648   648 I notification_cancel: [com.android.phone,6,NULL,0,0,64]
07-25 14:31:33.679   648   648 I notification_cancel: [com.android.dialer,1,NULL,0,0,64]
07-25 14:31:33.679   648   648 I notification_cancel: [com.android.phone,16,NULL,0,0,64]
07-25 14:31:33.679   648   648 I notification_cancel: [com.android.phone,6,NULL,0,0,64]
07-25 14:31:33.679   648   648 I notification_cancel: [com.android.phone,7,NULL,0,0,64]
07-25 14:31:33.679   648   648 I notification_cancel: [com.android.phone,7,NULL,0,0,64]
07-25 14:31:33.679   648   648 I notification_cancel: [com.android.phone,7,NULL,0,0,64]
07-25 14:31:33.679   648   648 I notification_cancel: [com.android.phone,7,NULL,0,0,64]
07-25 14:31:33.679   648   648 I notification_cancel: [com.android.phone,7,NULL,0,0,64]
07-25 14:31:33.679   648   648 I notification_cancel: [com.android.phone,7,NULL,0,0,64]
07-25 14:31:33.679   648   648 I notification_cancel: [com.android.phone,7,NULL,0,0,64]
07-25 14:31:33.679   648   648 I notification_cancel: [com.android.phone,7,NULL,0,0,64]
07-25 14:31:33.679   648   648 I notification_cancel: [com.android.phone,7,NULL,0,0,64]
07-25 14:31:33.679   648   648 I notification_cancel: [com.android.phone,7,NULL,0,0,64]
07-25 14:31:33.679   648   648 I notification_cancel: [com.android.phone,7,NULL,0,0,64]
07-25 14:31:33.679   648   648 I notification_cancel: [com.android.phone,7,NULL,0,0,64]
07-25 14:31:33.679   648   648 I notification_cancel: [com.android.phone,7,NULL,0,0,64]
07-25 14:31:33.679   648   648 I notification_cancel: [com.android.phone,7,NULL,0,0,64]
07-25 14:31:33.679   648   648 I notification_cancel: [com.android.phone,7,NULL,0,0,64]
07-25 14:31:33.679   648   648 I notification_cancel: [com.android.phone,7,NULL,0,0,64]
07-25 14:31:33.679   648   648 I notification_cancel: [com.android.phone,7,NULL,0,0,64]
07-25 14:31:33.679   648   648 I notification_cancel: [com.android.phone,7,NULL,0,0,64]
07-25 14:31:33.679   648   648 I notification_cancel: [com.android.phone,7,NULL,0,0,64]
07-25 14:31:33.679   648   648 I notification_cancel: [com.android.phone,7,NULL,0,0,64]
07-25 14:31:33.679   648   648 I notification_cancel: [com.android.phone,7,NULL,0,0,64]
07-25 14:31:33.679   648   648 I notification_cancel: [com.android.phone,7,NULL,0,0,64]
07-25 14:31:33.679   648   648 I notification_cancel: [com.android.phone,7,NULL,0,0,64]
07-25 14:31:33.679   648   648 I notification_cancel: [com.android.phone,7,NULL,0,0,64]
07-25 14:31:33.679   648   648 I notification_cancel: [com.android.phone,7,NULL,0,0,64]
07-25 14:31:33.679   648   648 I notification_cancel: [com.android.phone,7,NULL,0,0,64]
07-25 14:31:33.679   648   648 I notification_cancel: [com.android.phone,7,NULL,0,0,64]
07-25 14:31:33.679   648   648 I notification_cancel: [com.android.phone,7,NULL,0,0,64]
07-25 14:31:33.679   648   648 I notification_cancel: [com.android.phone,7,NULL,0,0,64]
07-25 14:31:33.679   648   648 I notification_cancel: [com.android.phone,7,NULL,0,0,64]
07-25 14:31:33.679   648   648 I notification_cancel: [com.android.phone,7,NULL,0,0,64]
07-25 14:31:33.679   648   648 I notification_cancel: [com.android.phone,7,NULL,0,0,64]
07-25 14:31:33.679   648   648 I notification_cancel: [com.android.phone,7,NULL,0,0,64]
07-25 14:31:33.679   648   648 I notification_cancel: [com.android.phone,7,NULL,0,0,64]
07-25 14:31:33.679   648   648 I notification_cancel: [com.android.phone,7,NULL,0,0,64]
07-25 14:31:33.679   648   648 I notification_cancel: [com.android.phone,7,NULL,0,0,64]
07-25 14:31:33.679   648   648 I notification_cancel: [com.android.phone,7,NULL,0,0,64]
07-25 14:31:33.679   648   648 I notification_cancel: [com.android.phone,7,NULL,0,0,64]
07-25 14:31:33.679   648   648 I notification_cancel: [com.android.phone,7,NULL,0,0,64]
07-25 14:31:33.679   648   648 I notification_cancel: [com.android.phone,7,NULL,0,0,64]
07-25 14:31:33.679   648   648 I notification_cancel: [com.android.phone,7,NULL,0,0,64]
07-25 14:31:33.679   648   648 I notification_cancel: [com.android.phone,7,NULL,0,0,64]
07-25 14:31:33.679   648   648 I notification_cancel: [com.android.phone,7,NULL,0,0,64]
07-25 14:31:33.679   648   648 I notification_cancel: [com.android.phone,7,NULL,0,0,64]
07-25 14:31:33.679   648   648 I notification_cancel: [com.android.phone,7,NULL,0,0,64]
07-25 14:31:33.679   648   648 I notification_cancel: [com.android.phone,7,NULL,0,0,64]
07-25 14:31:33.679   648   648 I notification_cancel: [com.android.phone,7,NULL,0,0,64]
07-25 14:31:33.679   648   648 I notification_cancel: [com.android.phone,7,NULL,0,0,64]
07-25 14:31:33.679   648   648 I notification_cancel: [com.android.phone,7,NULL,0,0,64]
07-25 14:31:33.679   648   648 I notification_cancel: [com.android.phone,7,NULL,0,0,64]
07-25 14:31:34.029   859   859 I gsm_service_state_change: [3,3,1,1]
07-25 14:31:34.029   859   859 I gsm_rat_switched_new: [0,0,1]
07-25 14:31:34.079   648   648 I notification_cancel: [com.android.phone,16,NULL,0,0,64]
07-25 14:31:34.079   648   648 I notification_cancel: [com.android.phone,6,NULL,0,0,64]
07-25 14:31:34.089   648  1001 I am_create_service: [0,1103776192,.DefaultCarrierConfigService,10005,1121]
07-25 14:31:34.099   648  1001 I am_destroy_service: [0,1103776192,1121]
07-25 14:31:34.429   859   859 I gsm_rat_switched_new: [23092383,1,11]
07-25 14:31:34.499   648   794 I backup_data_changed: com.android.providers.settings
07-25 14:31:34.529   648   648 I notification_cancel: [com.android.phone,16,NULL,0,0,64]
07-25 14:31:34.529   648   648 I notification_cancel: [com.android.phone,6,NULL,0,0,64]
07-25 14:31:34.539   648  1001 I am_create_service: [0,1099525080,.DefaultCarrierConfigService,10005,1121]
07-25 14:31:34.559   648  1001 I am_destroy_service: [0,1099525080,1121]
07-25 14:31:34.729   648  1006 I am_fork_process_time: [0,Fork .vowifi takes: 10ms]
07-25 14:31:34.729   648  1006 I am_proc_start: [0,1163,1000,com.spreadtrum.vowifi,service,com.spreadtrum.vowifi/.service.SmsService]
07-25 14:31:34.739   648   660 I am_proc_bound: [0,1163,com.spreadtrum.vowifi]
07-25 14:31:34.739   648   660 I am_create_service: [0,1100241232,.SmsService,1000,1163]
07-25 14:31:34.879   648   794 I backup_data_changed: android
07-25 14:31:34.939   648   794 I backup_data_changed: android
07-25 14:31:35.009   648   794 I backup_data_changed: android
07-25 14:31:36.039   648   660 I am_create_service: [0,1101106216,.MediaScannerService,10009,1035]
07-25 14:31:36.049   648   660 I am_create_service: [0,1101146608,.DownloadService,10009,1035]
07-25 14:31:36.089   648   660 I notification_cancel_all: [com.android.providers.downloads,0,0,64]
07-25 14:31:36.129   648   660 I am_create_service: [0,1101370256,.ImsService,1001,859]
07-25 14:31:36.139   648   660 I am_create_service: [0,1101375832,.VoWifiSerService,1000,1163]
07-25 14:31:36.139   648   660 I am_create_service: [0,1101379024,.RegisterService,1000,1163]
07-25 14:31:36.149   648   660 I am_create_service: [0,1101383664,.SecurityService,1000,1163]
07-25 14:31:36.249   648   660 I am_fork_process_time: [0,Fork .dialer takes: 6ms]
07-25 14:31:36.249   648   660 I am_proc_start: [0,1203,10013,com.android.dialer,broadcast,com.android.dialer/com.sprd.dialer.calllog.FdnUpdateReceiver]
07-25 14:31:36.259   648  1001 I am_proc_bound: [0,1203,com.android.dialer]
07-25 14:31:36.299   648   794 I backup_data_changed: android
07-25 14:31:36.359   648   660 I am_fork_process_time: [0,Fork .launcher takes: 7ms]
07-25 14:31:36.359   648   660 I am_proc_start: [0,1219,1000,com.toycloud.watch.launcher,broadcast,com.toycloud.watch.launcher/com.launcher.taoyunwatch.receiver.SimStateReceive]
07-25 14:31:36.369   648   660 I am_proc_bound: [0,1219,com.toycloud.watch.launcher]
07-25 14:31:36.419   648   660 I am_destroy_service: [0,1101146608,1035]
07-25 14:31:36.649   648  1001 I am_create_service: [0,1101387616,.AppService,1000,1219]
07-25 14:31:36.689   648   794 I backup_data_changed: com.android.providers.settings
07-25 14:31:36.709   648   794 I backup_data_changed: com.android.providers.settings
07-25 14:31:36.729   648   794 I backup_data_changed: com.android.providers.settings
07-25 14:31:36.969   648   794 I backup_data_changed: com.android.providers.settings
07-25 14:31:37.069   648   660 I am_create_service: [0,1100459880,.APSService,1000,1219]
07-25 14:31:37.549   648   783 I connectivity_state_changed: [1,0,0]
07-25 14:31:37.569   648   794 I backup_data_changed: com.android.providers.settings
07-25 14:31:37.589   648   794 I backup_data_changed: com.android.providers.settings
07-25 14:31:37.599   648   776 I netstats_mobile_sample: [0,0,0,0,0,0,0,0,0,0,0,0,-1]
07-25 14:31:37.599   648   776 I netstats_wifi_sample: [0,0,0,0,0,0,0,0,0,0,0,0,-1]
07-25 14:31:42.019   648   660 I am_create_task: [0,4]
07-25 14:31:42.019   648   660 I am_create_activity: [0,1099583440,4,com.toycloud.watch.launcher/com.launcher.taoyunwatch.activity.MainActivity,android.intent.action.MAIN,NULL,NULL,318767104]
07-25 14:31:42.019   648   660 I wm_task_created: [4,0]
07-25 14:31:42.019   648   660 I wm_task_moved: [4,1,1]
07-25 14:31:42.019   648   660 I wm_home_stack_moved: 1
07-25 14:31:42.019   648   660 I am_pause_activity: [0,1099596456,android/com.android.internal.app.ResolverActivity]
07-25 14:31:42.029   648   660 I am_finish_activity: [0,1099596456,3,android/com.android.internal.app.ResolverActivity,app-request]
07-25 14:31:42.029  1096  1096 I am_on_paused_called: [0,com.android.internal.app.ResolverActivity]
07-25 14:31:42.029  1096  1096 I am_on_pause_time: [0,.ResolverActivity onPause() takes: 0ms]
07-25 14:31:42.049   648   660 I dvm_lock_sample: [system_server,1,Binder_2,17,WindowManagerService.java,3885,-,2803,3]
07-25 14:31:42.049   648   660 I am_restart_activity: [0,1099583440,4,com.toycloud.watch.launcher/com.launcher.taoyunwatch.activity.MainActivity]
07-25 14:31:42.109   648   660 I wm_task_moved: [4,1,1]
07-25 14:31:42.109   648   660 I wm_home_stack_moved: 1
07-25 14:31:42.109   648   660 I am_create_activity: [0,1099597488,4,com.toycloud.watch.launcher/com.launcher.taoyunwatch.activity.guide.ClickScreenToUseActivity,NULL,NULL,NULL,0]
07-25 14:31:42.109   648   660 I am_pause_activity: [0,1099583440,com.toycloud.watch.launcher/com.launcher.taoyunwatch.activity.MainActivity]
07-25 14:31:42.359   648   794 I backup_data_changed: android
07-25 14:31:42.359   648   794 I backup_data_changed: com.android.providers.settings
07-25 14:31:42.359   648  1006 I am_create_service: [0,1102651568,.WakeUpService,1000,1219]
07-25 14:31:42.369  1219  1219 I am_on_create_time: [0,.MainActivity onCreate() takes: 293ms]
07-25 14:31:42.369   648   794 I backup_data_changed: android
07-25 14:31:42.369   648   794 I backup_data_changed: android
07-25 14:31:42.389   648   794 I backup_data_changed: com.android.providers.settings
07-25 14:31:42.409   648   794 I backup_data_changed: com.android.providers.settings
07-25 14:31:42.419   648   664 I am_destroy_activity: [0,1099596456,3,android/com.android.internal.app.ResolverActivity,finish-imm]
07-25 14:31:42.419   220   220 I sf_frame_dur: [android/com.android.internal.app.ResolverActivity,18,3,1,2,0,1,2]
07-25 14:31:42.419   648   648 I notification_cancel_all: [com.toycloud.ewatch.friend,-1,0,0]
07-25 14:31:42.429   648   648 I notification_cancel_all: [com.toycloud.watch.settings,-1,0,0]
07-25 14:31:42.439   648   648 I notification_cancel_all: [com.toycloud.watch.sport,-1,0,0]
07-25 14:31:42.439   648   660 I wm_task_removed: [3,removeTask]
07-25 14:31:42.439   648   660 I wm_stack_removed: 1
07-25 14:31:42.449   648   660 I wm_task_removed: [3,removeAppToken: last token]
07-25 14:31:42.449   648   794 I backup_data_changed: com.android.providers.settings
07-25 14:31:42.469   648   648 I notification_cancel_all: [com.eg.android.AlipayGphone,-1,0,0]
07-25 14:31:42.539   648  1001 I am_fork_process_time: [0,Fork .album takes: 5ms]
07-25 14:31:42.539   648  1001 I am_proc_start: [0,1300,1000,com.toycloud.album,service,com.toycloud.album/com.aidl.taoyunwatch.GetRecentAlbumListImpl]
07-25 14:31:42.539  1219  1219 I am_on_resume_called: [0,com.launcher.taoyunwatch.activity.MainActivity]
07-25 14:31:42.539  1219  1219 I am_on_resume_time: [0,.MainActivity onResume() takes: 175ms]
07-25 14:31:42.559   648   660 I am_proc_bound: [0,1300,com.toycloud.album]
07-25 14:31:42.559   648   660 I am_create_service: [0,1102094272,.GetRecentAlbumListImpl,1000,1300]
07-25 14:31:42.569  1219  1219 I am_on_paused_called: [0,com.launcher.taoyunwatch.activity.MainActivity]
07-25 14:31:42.569  1219  1219 I am_on_pause_time: [0,.MainActivity onPause() takes: 7ms]
07-25 14:31:42.569   648   660 I am_resume_activity: [0,1099597488,4,com.toycloud.watch.launcher/com.launcher.taoyunwatch.activity.guide.ClickScreenToUseActivity]
07-25 14:31:44.259   648   794 I backup_data_changed: com.android.providers.settings
07-25 14:31:44.279   648   794 I backup_data_changed: com.android.providers.settings
07-25 14:31:44.279  1219  1219 I am_on_create_time: [0,.ClickScreenToUseActivity onCreate() takes: 43ms]
07-25 14:31:44.279  1219  1219 I am_on_resume_called: [0,com.launcher.taoyunwatch.activity.guide.ClickScreenToUseActivity]
07-25 14:31:44.279  1219  1219 I am_on_resume_time: [0,.ClickScreenToUseActivity onResume() takes: 1ms]
07-25 14:31:44.289  1219  1219 I am_on_resume_called: [0,com.launcher.taoyunwatch.activity.guide.ClickScreenToUseActivity]
07-25 14:31:44.289  1219  1219 I am_on_resume_time: [0,.ClickScreenToUseActivity onResume() takes: 2ms]
07-25 14:31:44.579   648   663 I am_activity_launch_time: [0,1099597488,com.toycloud.watch.launcher/com.launcher.taoyunwatch.activity.guide.ClickScreenToUseActivity,2022,12725]
07-25 14:31:46.279   648   660 I wm_home_stack_moved: 1
07-25 14:31:46.279   648   660 I wm_task_moved: [4,1,0]
07-25 14:31:46.279   648   660 I wm_home_stack_moved: 1
07-25 14:31:46.279   648   660 I am_create_activity: [0,1101231272,4,com.toycloud.watch.launcher/com.launcher.taoyunwatch.activity.guide.InsertSimTipActivity,NULL,NULL,NULL,0]
07-25 14:31:46.279   648   660 I am_pause_activity: [0,1099597488,com.toycloud.watch.launcher/com.launcher.taoyunwatch.activity.guide.ClickScreenToUseActivity]
07-25 14:31:46.289   648   660 I am_finish_activity: [0,1099597488,4,com.toycloud.watch.launcher/com.launcher.taoyunwatch.activity.guide.ClickScreenToUseActivity,app-request]
07-25 14:31:46.289  1219  1219 I am_on_paused_called: [0,com.launcher.taoyunwatch.activity.guide.ClickScreenToUseActivity]
07-25 14:31:46.289  1219  1219 I am_on_pause_time: [0,.ClickScreenToUseActivity onPause() takes: 0ms]
07-25 14:31:46.289   648   660 I am_restart_activity: [0,1101231272,4,com.toycloud.watch.launcher/com.launcher.taoyunwatch.activity.guide.InsertSimTipActivity]
07-25 14:31:46.309  1219  1219 I am_on_create_time: [0,.InsertSimTipActivity onCreate() takes: 11ms]
07-25 14:31:46.309  1219  1219 I am_on_resume_called: [0,com.launcher.taoyunwatch.activity.guide.InsertSimTipActivity]
07-25 14:31:46.309  1219  1219 I am_on_resume_time: [0,.InsertSimTipActivity onResume() takes: 1ms]
07-25 14:31:46.399   648   663 I am_activity_launch_time: [0,1101231272,com.toycloud.watch.launcher/com.launcher.taoyunwatch.activity.guide.InsertSimTipActivity,112,112]
07-25 14:31:46.719   648   664 I am_destroy_activity: [0,1099597488,4,com.toycloud.watch.launcher/com.launcher.taoyunwatch.activity.guide.ClickScreenToUseActivity,finish-imm]
07-25 14:31:47.659   648   660 I wm_home_stack_moved: 1
07-25 14:31:47.659   648   660 I wm_task_moved: [4,1,0]
07-25 14:31:47.659   648   660 I wm_home_stack_moved: 1
07-25 14:31:47.659   648   660 I am_create_activity: [0,1099093520,4,com.toycloud.watch.launcher/com.launcher.taoyunwatch.activity.guide.ConnectToLanActivity,NULL,NULL,NULL,0]
07-25 14:31:47.659   648   660 I am_pause_activity: [0,1101231272,com.toycloud.watch.launcher/com.launcher.taoyunwatch.activity.guide.InsertSimTipActivity]
07-25 14:31:47.669   648   660 I am_finish_activity: [0,1101231272,4,com.toycloud.watch.launcher/com.launcher.taoyunwatch.activity.guide.InsertSimTipActivity,app-request]
07-25 14:31:47.669  1219  1219 I am_on_paused_called: [0,com.launcher.taoyunwatch.activity.guide.InsertSimTipActivity]
07-25 14:31:47.669  1219  1219 I am_on_pause_time: [0,.InsertSimTipActivity onPause() takes: 0ms]
07-25 14:31:47.669   648   660 I am_restart_activity: [0,1099093520,4,com.toycloud.watch.launcher/com.launcher.taoyunwatch.activity.guide.ConnectToLanActivity]
07-25 14:31:47.689  1219  1219 I am_on_create_time: [0,.ConnectToLanActivity onCreate() takes: 14ms]
07-25 14:31:47.689  1219  1219 I am_on_resume_called: [0,com.launcher.taoyunwatch.activity.guide.ConnectToLanActivity]
07-25 14:31:47.689  1219  1219 I am_on_resume_time: [0,.ConnectToLanActivity onResume() takes: 2ms]
07-25 14:31:47.779   648   663 I am_activity_launch_time: [0,1099093520,com.toycloud.watch.launcher/com.launcher.taoyunwatch.activity.guide.ConnectToLanActivity,115,115]
07-25 14:31:48.109   648   664 I am_destroy_activity: [0,1101231272,4,com.toycloud.watch.launcher/com.launcher.taoyunwatch.activity.guide.InsertSimTipActivity,finish-imm]
07-25 14:31:49.339   648   660 I wm_home_stack_moved: 1
07-25 14:31:49.339   648   660 I wm_task_moved: [4,1,0]
07-25 14:31:49.339   648   660 I wm_home_stack_moved: 1
07-25 14:31:49.339   648   660 I am_create_activity: [0,1101427192,4,com.toycloud.watch.launcher/com.launcher.taoyunwatch.activity.guide.ConnectToServerFailActivity,NULL,NULL,NULL,0]
07-25 14:31:49.349   648   660 I am_pause_activity: [0,1099093520,com.toycloud.watch.launcher/com.launcher.taoyunwatch.activity.guide.ConnectToLanActivity]
07-25 14:31:49.349  1219  1219 I am_on_paused_called: [0,com.launcher.taoyunwatch.activity.guide.ConnectToLanActivity]
07-25 14:31:49.349  1219  1219 I am_on_pause_time: [0,.ConnectToLanActivity onPause() takes: 1ms]
07-25 14:31:49.349   648   660 I am_restart_activity: [0,1101427192,4,com.toycloud.watch.launcher/com.launcher.taoyunwatch.activity.guide.ConnectToServerFailActivity]
07-25 14:31:49.369  1219  1219 I am_on_create_time: [0,.ConnectToServerFailActivity onCreate() takes: 8ms]
07-25 14:31:49.369  1219  1219 I am_on_resume_called: [0,com.launcher.taoyunwatch.activity.guide.ConnectToServerFailActivity]
07-25 14:31:49.369  1219  1219 I am_on_resume_time: [0,.ConnectToServerFailActivity onResume() takes: 3ms]
07-25 14:31:49.439   648   663 I am_activity_launch_time: [0,1101427192,com.toycloud.watch.launcher/com.launcher.taoyunwatch.activity.guide.ConnectToServerFailActivity,93,93]
07-25 14:31:51.069   648  1001 I am_finish_activity: [0,1099093520,4,com.toycloud.watch.launcher/com.launcher.taoyunwatch.activity.guide.ConnectToLanActivity,app-request]
07-25 14:31:51.069   648  1001 I am_destroy_activity: [0,1099093520,4,com.toycloud.watch.launcher/com.launcher.taoyunwatch.activity.guide.ConnectToLanActivity,finish-imm]
07-25 14:31:51.069   648  1001 I am_finish_activity: [0,1101427192,4,com.toycloud.watch.launcher/com.launcher.taoyunwatch.activity.guide.ConnectToServerFailActivity,app-request]
07-25 14:31:51.069   648  1001 I am_pause_activity: [0,1101427192,com.toycloud.watch.launcher/com.launcher.taoyunwatch.activity.guide.ConnectToServerFailActivity]
07-25 14:31:51.089  1219  1219 I am_on_paused_called: [0,com.launcher.taoyunwatch.activity.guide.ConnectToServerFailActivity]
07-25 14:31:51.089  1219  1219 I am_on_pause_time: [0,.ConnectToServerFailActivity onPause() takes: 0ms]
07-25 14:31:51.099   648   660 I am_resume_activity: [0,1099583440,4,com.toycloud.watch.launcher/com.launcher.taoyunwatch.activity.MainActivity]
07-25 14:31:51.119   648  1001 I am_fork_process_time: [0,Fork .chat takes: 11ms]
07-25 14:31:51.119   648  1001 I am_proc_start: [0,1337,1000,com.toycloud.ewatch.chat,service,com.toycloud.ewatch.chat/com.aidl.taoyunwatch.GetNotificationListImpl]
07-25 14:31:51.159   648   660 I am_proc_bound: [0,1337,com.toycloud.ewatch.chat]
07-25 14:31:51.169   648   660 I am_create_service: [0,1103469488,.GetNotificationListImpl,1000,1337]
07-25 14:31:51.169   648   794 I backup_data_changed: com.android.providers.settings
07-25 14:31:51.179   648   664 I am_destroy_activity: [0,1101427192,4,com.toycloud.watch.launcher/com.launcher.taoyunwatch.activity.guide.ConnectToServerFailActivity,finish-imm]
07-25 14:31:51.189   648   648 I notification_cancel_all: [com.toycloud.ewatch.friend,-1,0,0]
07-25 14:31:51.189   648   648 I notification_cancel_all: [com.toycloud.watch.settings,-1,0,0]
07-25 14:31:51.199   648   648 I notification_cancel_all: [com.toycloud.watch.sport,-1,0,0]
07-25 14:31:51.229   648   648 I notification_cancel_all: [com.eg.android.AlipayGphone,-1,0,0]
07-25 14:31:51.319  1219  1219 I am_on_resume_called: [0,com.launcher.taoyunwatch.activity.MainActivity]
07-25 14:31:51.319  1219  1219 I am_on_resume_time: [0,.MainActivity onResume() takes: 189ms]
07-25 14:31:51.339   648  1006 I am_create_service: [0,1104825064,.ChatServerAIDLImpl,1000,1219]
07-25 14:31:51.679   648   660 I am_fork_process_time: [0,Fork .cellbroadcastreceiver takes: 11ms]
07-25 14:31:51.679   648   660 I am_proc_start: [0,1367,10007,com.android.cellbroadcastreceiver,broadcast,com.android.cellbroadcastreceiver/.CellBroadcastReceiver]
07-25 14:31:51.679   648   660 I am_proc_bound: [0,1367,com.android.cellbroadcastreceiver]
07-25 14:31:51.789   648  1006 I am_create_service: [0,1101064176,.CallLogNotificationsService,10013,1203]
07-25 14:31:51.919   648   648 I notification_cancel: [com.android.dialer,1,DefaultVoicemailNotifier,0,0,64]
07-25 14:31:51.919   648  1001 I am_destroy_service: [0,1101064176,1203]
07-25 14:31:51.929   648   670 I am_fork_process_time: [0,Fork .bluetooth takes: 6ms]
07-25 14:31:51.929   648   670 I am_proc_start: [0,1389,1002,com.android.bluetooth,service,com.android.bluetooth/.btservice.AdapterService]
07-25 14:31:51.939   648  1396 I free_storage_changed: 2671153152
07-25 14:31:51.949   648  1001 I am_proc_bound: [0,1389,com.android.bluetooth]
07-25 14:31:51.949   648  1001 I am_create_service: [0,1101384872,.AdapterService,1002,1389]
07-25 14:31:51.999   648  1001 I am_fork_process_time: [0,Fork .engineermode takes: 13ms]
07-25 14:31:51.999   648  1001 I am_proc_start: [0,1414,1000,com.sprd.engineermode,broadcast,com.sprd.engineermode/.debuglog.DebugLogFragment$APRReceiver]
07-25 14:31:52.019   648   660 I am_proc_bound: [0,1414,com.sprd.engineermode]
07-25 14:31:52.139   648   660 I am_create_service: [0,1101201680,.HeadsetService,1002,1389]
07-25 14:31:52.149   648   660 I am_create_service: [0,1101391200,.A2dpService,1002,1389]
07-25 14:31:52.149   648   794 I backup_data_changed: com.android.providers.settings
07-25 14:31:52.159   648  1001 I am_create_service: [0,1101408888,.HidService,1002,1389]
07-25 14:31:52.159   648  1001 I am_create_service: [0,1101474264,.HealthService,1002,1389]
07-25 14:31:52.159   648   794 I backup_data_changed: com.android.providers.settings
07-25 14:31:52.159   648  1001 I am_create_service: [0,1101477544,.GattService,1002,1389]
07-25 14:31:52.169   648  1001 I am_create_service: [0,1101499792,.BluetoothMapService,1002,1389]
07-25 14:31:52.189   648  1001 I am_create_service: [0,1101654288,.APRService,1000,1414]
07-25 14:31:52.479   648   794 I backup_data_changed: android
07-25 14:31:52.479   648   794 I backup_data_changed: android
07-25 14:31:52.759   648   794 I backup_data_changed: com.android.providers.settings
07-25 14:31:53.009   648  1001 I am_destroy_service: [0,1101201680,1389]
07-25 14:31:53.009   648   659 I am_destroy_service: [0,1101391200,1389]
07-25 14:31:53.019   648  1001 I am_destroy_service: [0,1101408888,1389]
07-25 14:31:53.019   648  1006 I am_destroy_service: [0,1101474264,1389]
07-25 14:31:53.029   648  1006 I am_destroy_service: [0,1101477544,1389]
07-25 14:31:53.029   648  1006 I am_destroy_service: [0,1101499792,1389]
07-25 14:31:53.069   648   670 I am_destroy_service: [0,1101384872,1389]
07-25 14:31:55.979   648   794 I backup_data_changed: com.android.providers.settings
07-25 14:31:55.989   648  1006 I wm_stack_created: [2,0,6,100]
07-25 14:31:55.999   648  1006 I am_create_task: [0,5]
07-25 14:31:55.999   648  1006 I am_create_activity: [0,1099093520,5,com.toycloud.watch.settings/.ui.activity.SuedeMainActivity,android.intent.action.MAIN,NULL,NULL,335544320]
07-25 14:31:55.999   648  1006 I wm_task_created: [5,2]
07-25 14:31:55.999   648  1006 I wm_task_moved: [5,1,1]
07-25 14:31:55.999   648  1006 I wm_home_stack_moved: 0
07-25 14:31:55.999   648  1006 I am_pause_activity: [0,1099583440,com.toycloud.watch.launcher/com.launcher.taoyunwatch.activity.MainActivity]
07-25 14:31:56.029  1219  1219 I am_on_paused_called: [0,com.launcher.taoyunwatch.activity.MainActivity]
07-25 14:31:56.029  1219  1219 I am_on_pause_time: [0,.MainActivity onPause() takes: 2ms]
07-25 14:31:56.039   648  1006 I am_fork_process_time: [0,Fork .settings takes: 11ms]
07-25 14:31:56.039   648  1006 I am_proc_start: [0,1475,1000,com.toycloud.watch.settings,activity,com.toycloud.watch.settings/.ui.activity.SuedeMainActivity]
07-25 14:31:56.039   648  1006 I am_proc_bound: [0,1475,com.toycloud.watch.settings]
07-25 14:31:56.049   648  1006 I am_restart_activity: [0,1099093520,5,com.toycloud.watch.settings/.ui.activity.SuedeMainActivity]
07-25 14:31:56.319  1475  1475 I am_on_create_time: [0,.SuedeMainActivity onCreate() takes: 179ms]
07-25 14:31:56.329   648   659 I am_create_service: [0,1102928896,.FotaAIDLImpl,1000,1219]
07-25 14:31:56.329  1475  1475 I am_on_resume_called: [0,com.toycloud.watch.settings.ui.activity.SuedeMainActivity]
07-25 14:31:56.329  1475  1475 I am_on_resume_time: [0,.SuedeMainActivity onResume() takes: 7ms]
07-25 14:31:56.429   220   220 I sf_frame_dur: [com.toycloud.watch.launcher/com.launcher.taoyunwatch.activity.MainActivity,87,6,3,1,1,9,1]
07-25 14:31:56.559   648   663 I am_activity_launch_time: [0,1099093520,com.toycloud.watch.settings/.ui.activity.SuedeMainActivity,537,537]
07-25 14:31:59.349   648   659 I wm_task_moved: [5,1,1]
07-25 14:31:59.349   648   659 I wm_home_stack_moved: 0
07-25 14:31:59.349   648   659 I am_create_activity: [0,1105050680,5,com.toycloud.watch.settings/.ui.activity.ShutDownActivity,NULL,NULL,NULL,0]
07-25 14:31:59.349   648   659 I am_pause_activity: [0,1099093520,com.toycloud.watch.settings/.ui.activity.SuedeMainActivity]
07-25 14:31:59.359  1475  1475 I am_on_paused_called: [0,com.toycloud.watch.settings.ui.activity.SuedeMainActivity]
07-25 14:31:59.359  1475  1475 I am_on_pause_time: [0,.SuedeMainActivity onPause() takes: 0ms]
07-25 14:31:59.359   648   659 I am_restart_activity: [0,1105050680,5,com.toycloud.watch.settings/.ui.activity.ShutDownActivity]
07-25 14:31:59.479  1475  1475 I am_on_create_time: [0,.ShutDownActivity onCreate() takes: 97ms]
07-25 14:31:59.479  1475  1475 I am_on_resume_called: [0,com.toycloud.watch.settings.ui.activity.ShutDownActivity]
07-25 14:31:59.479  1475  1475 I am_on_resume_time: [0,.ShutDownActivity onResume() takes: 1ms]
07-25 14:31:59.549   648   663 I am_activity_launch_time: [0,1105050680,com.toycloud.watch.settings/.ui.activity.ShutDownActivity,192,192]
07-25 14:32:00.979   648  1001 I am_finish_activity: [0,1105050680,5,com.toycloud.watch.settings/.ui.activity.ShutDownActivity,app-request]
07-25 14:32:00.979   648  1001 I am_pause_activity: [0,1105050680,com.toycloud.watch.settings/.ui.activity.ShutDownActivity]
07-25 14:32:00.989  1475  1475 I am_on_paused_called: [0,com.toycloud.watch.settings.ui.activity.ShutDownActivity]
07-25 14:32:00.989  1475  1475 I am_on_pause_time: [0,.ShutDownActivity onPause() takes: 0ms]
07-25 14:32:00.999   648  1001 I am_resume_activity: [0,1099093520,5,com.toycloud.watch.settings/.ui.activity.SuedeMainActivity]
07-25 14:32:01.029  1475  1475 I am_on_resume_called: [0,com.toycloud.watch.settings.ui.activity.SuedeMainActivity]
07-25 14:32:01.029  1475  1475 I am_on_resume_time: [0,.SuedeMainActivity onResume() takes: 4ms]
07-25 14:32:01.079   648  1001 I am_destroy_activity: [0,1105050680,5,com.toycloud.watch.settings/.ui.activity.ShutDownActivity,finish-imm]
07-25 14:32:01.319   220   220 I sf_frame_dur: [com.toycloud.watch.settings/com.toycloud.watch.settings.ui.activity.ShutDownActivity,7,3,0,0,0,0,1]
07-25 14:32:01.859   648  1001 I wm_task_moved: [5,1,1]
07-25 14:32:01.859   648  1001 I wm_home_stack_moved: 0
07-25 14:32:01.859   648  1001 I am_create_activity: [0,1101334088,5,com.toycloud.watch.settings/.ui.activity.AboutActivity,NULL,NULL,NULL,0]
07-25 14:32:01.859   648  1001 I am_pause_activity: [0,1099093520,com.toycloud.watch.settings/.ui.activity.SuedeMainActivity]
07-25 14:32:01.869  1475  1475 I am_on_paused_called: [0,com.toycloud.watch.settings.ui.activity.SuedeMainActivity]
07-25 14:32:01.869  1475  1475 I am_on_pause_time: [0,.SuedeMainActivity onPause() takes: 0ms]
07-25 14:32:01.869   648  1001 I am_restart_activity: [0,1101334088,5,com.toycloud.watch.settings/.ui.activity.AboutActivity]
07-25 14:32:01.929  1475  1475 I am_on_create_time: [0,.AboutActivity onCreate() takes: 48ms]
07-25 14:32:01.929  1475  1475 I am_on_resume_called: [0,com.toycloud.watch.settings.ui.activity.AboutActivity]
07-25 14:32:01.929  1475  1475 I am_on_resume_time: [0,.AboutActivity onResume() takes: 2ms]
07-25 14:32:02.019   648   663 I am_activity_launch_time: [0,1101334088,com.toycloud.watch.settings/.ui.activity.AboutActivity,146,146]
07-25 14:32:03.579   648   659 I am_finish_activity: [0,1101334088,5,com.toycloud.watch.settings/.ui.activity.AboutActivity,app-request]
07-25 14:32:03.589   648   659 I am_pause_activity: [0,1101334088,com.toycloud.watch.settings/.ui.activity.AboutActivity]
07-25 14:32:03.589  1475  1475 I am_on_paused_called: [0,com.toycloud.watch.settings.ui.activity.AboutActivity]
07-25 14:32:03.589  1475  1475 I am_on_pause_time: [0,.AboutActivity onPause() takes: 1ms]
07-25 14:32:03.599   648   659 I am_resume_activity: [0,1099093520,5,com.toycloud.watch.settings/.ui.activity.SuedeMainActivity]
07-25 14:32:03.629  1475  1475 I am_on_resume_called: [0,com.toycloud.watch.settings.ui.activity.SuedeMainActivity]
07-25 14:32:03.629  1475  1475 I am_on_resume_time: [0,.SuedeMainActivity onResume() takes: 4ms]
07-25 14:32:03.659   648   659 I am_destroy_activity: [0,1101334088,5,com.toycloud.watch.settings/.ui.activity.AboutActivity,finish-imm]
07-25 14:32:03.939   220   220 I sf_frame_dur: [com.toycloud.watch.settings/com.toycloud.watch.settings.ui.activity.AboutActivity,23,3,1,1,2,0,0]
07-25 14:32:04.279   648   659 I wm_task_moved: [5,1,1]
07-25 14:32:04.279   648   659 I wm_home_stack_moved: 0
07-25 14:32:04.279   648   659 I am_create_activity: [0,1104151536,5,com.toycloud.watch.settings/.ui.activity.MoreItemActivity,NULL,NULL,NULL,0]
07-25 14:32:04.279   648   659 I am_pause_activity: [0,1099093520,com.toycloud.watch.settings/.ui.activity.SuedeMainActivity]
07-25 14:32:04.279  1475  1475 I am_on_paused_called: [0,com.toycloud.watch.settings.ui.activity.SuedeMainActivity]
07-25 14:32:04.279  1475  1475 I am_on_pause_time: [0,.SuedeMainActivity onPause() takes: 0ms]
07-25 14:32:04.279   648   659 I am_restart_activity: [0,1104151536,5,com.toycloud.watch.settings/.ui.activity.MoreItemActivity]
07-25 14:32:04.299  1475  1475 I am_on_create_time: [0,.MoreItemActivity onCreate() takes: 8ms]
07-25 14:32:04.299  1475  1475 I am_on_resume_called: [0,com.toycloud.watch.settings.ui.activity.MoreItemActivity]
07-25 14:32:04.299  1475  1475 I am_on_resume_time: [0,.MoreItemActivity onResume() takes: 2ms]
07-25 14:32:04.339   648   663 I dvm_lock_sample: [system_server,0,WindowManager,19,WindowManagerService.java,7219,-,2803,3]
07-25 14:32:04.399   648   663 I am_activity_launch_time: [0,1104151536,com.toycloud.watch.settings/.ui.activity.MoreItemActivity,121,121]
07-25 14:32:06.039   648   794 I backup_data_changed: android
07-25 14:32:06.039   648   794 I backup_data_changed: android
07-25 14:32:07.399   648  1001 I am_create_service: [0,1099563424,.SlogService,1000,1414]
07-25 14:32:07.409   648  1001 I am_destroy_service: [0,1099563424,1414]
07-25 14:32:07.499   648  1001 I am_create_service: [0,1099642064,.DownloadService,10009,1035]
07-25 14:32:07.499   648  1001 I notification_cancel_all: [com.android.providers.downloads,0,0,64]
07-25 14:32:07.509   648  1001 I am_destroy_service: [0,1099642064,1035]
07-25 14:32:07.509   648  1001 I am_fork_process_time: [0,Fork .gallery3d takes: 5ms]
07-25 14:32:07.509   648  1001 I am_proc_start: [0,1520,10015,com.android.gallery3d,broadcast,com.android.gallery3d/com.android.camera.DisableCameraReceiver]
07-25 14:32:07.519   648   659 I am_proc_bound: [0,1520,com.android.gallery3d]
07-25 14:32:07.689   648   794 I backup_data_changed: android
07-25 14:32:07.689   648   794 I backup_data_changed: android
07-25 14:32:07.699   648   659 I am_fork_process_time: [0,Fork .toycloudassistant takes: 11ms]
07-25 14:32:07.699   648   659 I am_proc_start: [0,1536,1000,com.toycloud.toycloudassistant,broadcast,com.toycloud.toycloudassistant/.ClockBroadcastReceiver]
07-25 14:32:07.699   648   659 I am_proc_bound: [0,1536,com.toycloud.toycloudassistant]
07-25 14:32:07.809   648  1001 I am_fork_process_time: [0,Fork .latin takes: 7ms]
07-25 14:32:07.809   648  1001 I am_proc_start: [0,1554,10019,com.android.inputmethod.latin,broadcast,com.android.inputmethod.latin/.setup.LauncherIconVisibilityManager]
07-25 14:32:07.819   648  1006 I am_proc_bound: [0,1554,com.android.inputmethod.latin]
07-25 14:32:08.059   648   794 I backup_data_changed: android
07-25 14:32:08.059   648   794 I backup_data_changed: android
07-25 14:32:08.119   648  1006 I am_proc_died: [0,1554,com.android.inputmethod.latin]
07-25 14:32:08.119   648  1006 I am_broadcast_discard_app: [0,1105294232,android.intent.action.BOOT_COMPLETED,29,ResolveInfo{4199cac8 com.android.inputmethod.latin/.setup.LauncherIconVisibilityManager m=0x108000}]
07-25 14:32:08.149   648  1006 I am_fork_process_time: [0,Fork .deskclock takes: 10ms]
07-25 14:32:08.149   648  1006 I am_proc_start: [0,1575,1000,com.toycloud.watch.deskclock,broadcast,com.toycloud.watch.deskclock/com.android.deskclock.AlarmInitReceiver]
07-25 14:32:08.149   648  1006 I am_proc_bound: [0,1575,com.toycloud.watch.deskclock]
07-25 14:32:08.219   648   794 I backup_data_changed: com.android.providers.settings
07-25 14:32:08.279   648  1006 I am_create_service: [0,1099745864,.MscService,1000,1536]
07-25 14:32:08.279   648  1006 I am_create_service: [0,1100535848,.SystemStatusService,1000,1536]
07-25 14:32:08.519   648   664 I notification_enqueue: [com.toycloud.toycloudassistant,110,NULL,0,Notification(pri=0 contentView=com.toycloud.toycloudassistant/0x1090066 vibrate=null sound=null defaults=0x0 flags=0x40 kind=[null])]
07-25 14:32:08.819   648   794 I backup_data_changed: com.android.providers.settings
07-25 14:32:09.059   648   794 I backup_data_changed: com.android.providers.settings
07-25 14:32:10.779   648   660 I battery_level: [92,4044,336]
07-25 14:32:14.019   648   794 I backup_data_changed: com.android.providers.settings
07-25 14:32:16.919   648  1006 I wm_task_moved: [5,1,1]
07-25 14:32:16.919   648  1006 I wm_home_stack_moved: 0
07-25 14:32:16.919   648  1006 I am_create_activity: [0,1101739312,5,com.toycloud.watch.settings/.ui.activity.EngineeringListActivity,NULL,NULL,NULL,268435456]
07-25 14:32:16.929   648  1006 I am_pause_activity: [0,1104151536,com.toycloud.watch.settings/.ui.activity.MoreItemActivity]
07-25 14:32:16.929  1475  1475 I am_on_paused_called: [0,com.toycloud.watch.settings.ui.activity.MoreItemActivity]
