07-25 14:30:44.199   201   201 E sdcard  : missing packages.list; retrying
07-25 14:30:44.309   648   696 D PackageManager: No files in app dir /vendor/app
07-25 14:30:44.309   648   695 I PackageManager: /system/app/VoiceCycle.apk changed; collecting certs
07-25 14:30:44.339   648   693 I PackageManager: /system/priv-app/BackupRestoreConfirmation.apk changed; collecting certs
07-25 14:30:44.349   648   694 I PackageManager: /system/app/AudioProfile.apk changed; collecting certs
07-25 14:30:44.349   648   652 D dalvikvm: GC_CONCURRENT freed 1484K, 20% free 6393K/7932K, paused 2ms+15ms, total 34ms
07-25 14:30:44.359   648   695 I PackageManager: /system/app/WAPPushManager.apk changed; collecting certs
07-25 14:30:44.359   648   693 I PackageManager: /system/priv-app/CarrierConfig.apk changed; collecting certs
07-25 14:30:44.379   648   695 I PackageManager: /system/app/ims.apk changed; collecting certs
07-25 14:30:44.389   648   695 I PackageManager: /system/app/modemassert.apk changed; collecting certs
07-25 14:30:44.399   648   694 I PackageManager: /system/app/Bluetooth.apk changed; collecting certs
07-25 14:30:44.399   648   695 I PackageManager: New shared user android.uid.modemassert: id=10003
07-25 14:30:44.399   213   259 E MODEM_CTRL: parm_modem_monitor: open /dev/sctl_pm failed, Permission denied
07-25 14:30:44.409   648   695 I PackageManager: /system/app/tcw_alipay_tyw6.apk changed; collecting certs
07-25 14:30:44.429   648   694 I PackageManager: /system/app/CallFireWall.apk changed; collecting certs
07-25 14:30:44.489   648   652 D dalvikvm: GC_CONCURRENT freed 4740K, 55% free 3916K/8572K, paused 2ms+3ms, total 40ms
07-25 14:30:44.509   648   694 I PackageManager: /system/app/Carddav-Sync.apk changed; collecting certs
07-25 14:30:44.519   648   695 I PackageManager: /system/app/tcw_app_manager_tyw6.apk changed; collecting certs
07-25 14:30:44.549   648   693 W ResourceType: Failure getting entry for 0x7f0200c7 (t=1 e=199) in package 0 (error -75)
07-25 14:30:44.549   648   694 I PackageManager: /system/app/CellBroadcastReceiver.apk changed; collecting certs
07-25 14:30:44.569   648   695 D dalvikvm: GC_FOR_ALLOC freed 1074K, 57% free 3756K/8572K, paused 16ms, total 17ms
07-25 14:30:44.569   648   693 I PackageManager: /system/priv-app/Contacts.apk changed; collecting certs
07-25 14:30:44.599   648   694 I PackageManager: /system/app/CertInstaller.apk changed; collecting certs
07-25 14:30:44.609   648   694 I PackageManager: /system/app/DrmProvider.apk changed; collecting certs
07-25 14:30:44.619   648   694 I PackageManager: New shared user android.media: id=10009
07-25 14:30:44.639   648   693 D dalvikvm: GC_FOR_ALLOC freed 1532K, 59% free 3590K/8572K, paused 14ms, total 15ms
07-25 14:30:44.679   648   694 I PackageManager: /system/app/EngineerMode.apk changed; collecting certs
07-25 14:30:44.759   648   652 D dalvikvm: GC_CONCURRENT freed 1199K, 49% free 4439K/8572K, paused 1ms+2ms, total 25ms
07-25 14:30:44.759   648   694 D dalvikvm: WAIT_FOR_CONCURRENT_GC blocked 9ms
07-25 14:30:44.759   648   693 D dalvikvm: WAIT_FOR_CONCURRENT_GC blocked 9ms
07-25 14:30:44.759   648   695 D dalvikvm: WAIT_FOR_CONCURRENT_GC blocked 9ms
07-25 14:30:44.809   648   693 I PackageManager: New shared user android.uid.shared: id=10010
07-25 14:30:44.829   648   693 W ResourceType: Failure getting entry for 0x7f020002 (t=1 e=2) in package 0 (error -75)
07-25 14:30:44.829   648   693 I PackageManager: /system/priv-app/ContactsProvider.apk changed; collecting certs
07-25 14:30:44.849   648   693 I PackageManager: /system/priv-app/DefaultContainerService.apk changed; collecting certs
07-25 14:30:44.859   648   694 I PackageManager: /system/app/FileExplorer.apk changed; collecting certs
07-25 14:30:44.859   648   695 I PackageManager: /system/app/tcw_assistant_tyw6.apk changed; collecting certs
07-25 14:30:44.889   648   693 W ResourceType: Failure getting entry for 0x7f0201c7 (t=1 e=455) in package 0 (error -75)
07-25 14:30:44.889   648   693 W ResourceType: Failure getting entry for 0x7f0201c7 (t=1 e=455) in package 0 (error -75)
07-25 14:30:44.899   648   693 I PackageManager: /system/priv-app/Dialer.apk changed; collecting certs
07-25 14:30:44.919   648   652 D dalvikvm: GC_CONCURRENT freed 1370K, 41% free 5116K/8572K, paused 2ms+12ms, total 28ms
07-25 14:30:44.919   648   694 D dalvikvm: WAIT_FOR_CONCURRENT_GC blocked 4ms
07-25 14:30:44.919   648   695 D dalvikvm: WAIT_FOR_CONCURRENT_GC blocked 5ms
07-25 14:30:44.929   648   693 D dalvikvm: WAIT_FOR_CONCURRENT_GC blocked 13ms
07-25 14:30:44.969   648   695 D dalvikvm: GC_FOR_ALLOC freed 2025K, 55% free 3910K/8572K, paused 16ms, total 16ms
07-25 14:30:44.989   648   695 D dalvikvm: GC_FOR_ALLOC freed 80K, 54% free 3991K/8572K, paused 15ms, total 15ms
07-25 14:30:44.989   648   695 I dalvikvm-heap: Grow heap (frag case) to 4.316MB for 260112-byte allocation
07-25 14:30:44.999   648   694 D dalvikvm: GC_FOR_ALLOC freed 0K, 52% free 4245K/8828K, paused 13ms, total 13ms
07-25 14:30:45.019   648   695 D dalvikvm: GC_FOR_ALLOC freed 508K, 55% free 4053K/8828K, paused 12ms, total 12ms
07-25 14:30:45.039   648   695 D dalvikvm: GC_FOR_ALLOC freed 192K, 52% free 4254K/8828K, paused 14ms, total 14ms
07-25 14:30:45.079   648   693 D dalvikvm: GC_FOR_ALLOC freed 594K, 51% free 4349K/8828K, paused 15ms, total 15ms
07-25 14:30:45.109   648   693 D dalvikvm: GC_FOR_ALLOC freed 513K, 49% free 4537K/8828K, paused 15ms, total 15ms
07-25 14:30:45.109   648   694 W ResourceType: Failure getting entry for 0x7f020098 (t=1 e=152) in package 0 (error -75)
07-25 14:30:45.129   648   694 I PackageManager: /system/app/Gallery2.apk changed; collecting certs
07-25 14:30:45.219   648   693 D dalvikvm: GC_FOR_ALLOC freed 1348K, 43% free 5088K/8828K, paused 21ms, total 21ms
07-25 14:30:45.329   648   693 I PackageManager: /system/priv-app/DownloadProvider.apk changed; collecting certs
07-25 14:30:45.339   648   693 I PackageManager: /system/priv-app/ExternalStorageProvider.apk changed; collecting certs
07-25 14:30:45.359   648   693 I PackageManager: /system/priv-app/FusedLocation.apk changed; collecting certs
07-25 14:30:45.389   648   652 D dalvikvm: GC_CONCURRENT freed 1216K, 33% free 5919K/8828K, paused 2ms+6ms, total 32ms
07-25 14:30:45.389   648   693 D dalvikvm: WAIT_FOR_CONCURRENT_GC blocked 14ms
07-25 14:30:45.389   648   694 D dalvikvm: WAIT_FOR_CONCURRENT_GC blocked 16ms
07-25 14:30:45.389   648   695 D dalvikvm: WAIT_FOR_CONCURRENT_GC blocked 19ms
07-25 14:30:45.399   213   259 E MODEM_CTRL: parm_modem_monitor: open /dev/sctl_pm failed, Permission denied
07-25 14:30:45.409   648   693 I PackageManager: /system/priv-app/GridHome.apk changed; collecting certs
07-25 14:30:45.469   648   693 I PackageManager: /system/priv-app/ImsCM.apk changed; collecting certs
07-25 14:30:45.499   648   694 I PackageManager: /system/app/HTMLViewer.apk changed; collecting certs
07-25 14:30:45.499   648   693 I PackageManager: /system/priv-app/InputDevices.apk changed; collecting certs
07-25 14:30:45.539   648   694 I PackageManager: /system/app/LatinIME.apk changed; collecting certs
07-25 14:30:45.549   648   693 I PackageManager: /system/priv-app/Keyguard.apk changed; collecting certs
07-25 14:30:45.569   648   652 D dalvikvm: GC_CONCURRENT freed 2422K, 38% free 5545K/8828K, paused 2ms+6ms, total 37ms
07-25 14:30:45.569   648   695 D dalvikvm: WAIT_FOR_CONCURRENT_GC blocked 14ms
07-25 14:30:45.569   648   693 D dalvikvm: WAIT_FOR_CONCURRENT_GC blocked 14ms
07-25 14:30:45.579   648   694 D dalvikvm: WAIT_FOR_CONCURRENT_GC blocked 21ms
07-25 14:30:45.619   648   695 I PackageManager: /system/app/tcw_camera_tyw6.apk changed; collecting certs
07-25 14:30:45.639   648   693 I PackageManager: New shared user android.uid.systemui: id=10017
07-25 14:30:45.669   648   693 I PackageManager: /system/priv-app/MediaProvider.apk changed; collecting certs
07-25 14:30:45.689   648   652 D dalvikvm: GC_CONCURRENT freed 2370K, 41% free 5223K/8828K, paused 2ms+8ms, total 27ms
07-25 14:30:45.689   648   694 D dalvikvm: WAIT_FOR_CONCURRENT_GC blocked 21ms
07-25 14:30:45.689   648   693 D dalvikvm: WAIT_FOR_CONCURRENT_GC blocked 20ms
07-25 14:30:45.689   648   695 D dalvikvm: WAIT_FOR_CONCURRENT_GC blocked 21ms
07-25 14:30:45.729   648   695 D dalvikvm: GC_FOR_ALLOC freed 2067K, 53% free 4205K/8828K, paused 21ms, total 21ms
07-25 14:30:45.789   648   693 I PackageManager: /system/priv-app/ProxyHandler.apk changed; collecting certs
07-25 14:30:45.879   648   652 D dalvikvm: GC_CONCURRENT freed 1216K, 43% free 5048K/8828K, paused 2ms+3ms, total 32ms
07-25 14:30:45.879   648   695 D dalvikvm: WAIT_FOR_CONCURRENT_GC blocked 15ms
07-25 14:30:45.879   648   694 D dalvikvm: WAIT_FOR_CONCURRENT_GC blocked 16ms
07-25 14:30:45.949   648   695 I PackageManager: /system/app/tcw_clock_tyw6.apk changed; collecting certs
07-25 14:30:45.949   648   693 I PackageManager: /system/priv-app/Settings.apk changed; collecting certs
07-25 14:30:45.979   648   694 I PackageManager: /system/app/PackageInstaller.apk changed; collecting certs
07-25 14:30:45.989   648   694 I PackageManager: /system/app/Provision.apk changed; collecting certs
07-25 14:30:46.029   648   652 D dalvikvm: GC_CONCURRENT freed 1344K, 35% free 5751K/8828K, paused 2ms+10ms, total 29ms
07-25 14:30:46.029   648   693 D dalvikvm: WAIT_FOR_CONCURRENT_GC blocked 21ms
07-25 14:30:46.029   648   695 D dalvikvm: WAIT_FOR_CONCURRENT_GC blocked 21ms
07-25 14:30:46.029   648   694 D dalvikvm: WAIT_FOR_CONCURRENT_GC blocked 21ms
07-25 14:30:46.039   648   694 I PackageManager: /system/app/SGPS.apk changed; collecting certs
07-25 14:30:46.069   648   695 D dalvikvm: GC_FOR_ALLOC freed 2620K, 52% free 4318K/8828K, paused 20ms, total 20ms
07-25 14:30:46.089   648   694 I PackageManager: /system/app/TelephonyProvider.apk changed; collecting certs
07-25 14:30:46.109   648   694 I PackageManager: /system/app/UserDictionaryProvider.apk changed; collecting certs
07-25 14:30:46.129   648   694 I PackageManager: /system/app/ValidationTools.apk changed; collecting certs
07-25 14:30:46.219   648   652 D dalvikvm: GC_CONCURRENT freed 1240K, 42% free 5125K/8828K, paused 2ms+4ms, total 32ms
07-25 14:30:46.219   648   693 D dalvikvm: WAIT_FOR_CONCURRENT_GC blocked 14ms
07-25 14:30:46.219   648   695 D dalvikvm: WAIT_FOR_CONCURRENT_GC blocked 14ms
07-25 14:30:46.219   648   694 D dalvikvm: WAIT_FOR_CONCURRENT_GC blocked 15ms
07-25 14:30:46.219   648   694 I PackageManager: /system/app/Validator.apk changed; collecting certs
07-25 14:30:46.289   648   693 I PackageManager: /system/priv-app/SettingsProvider.apk changed; collecting certs
07-25 14:30:46.299   648   693 I PackageManager: /system/priv-app/SharedStorageBackup.apk changed; collecting certs
07-25 14:30:46.319   648   693 I PackageManager: /system/priv-app/Shell.apk changed; collecting certs
07-25 14:30:46.339   648   693 I PackageManager: /system/priv-app/SprdVoWifiService.apk changed; collecting certs
07-25 14:30:46.389   648   652 D dalvikvm: GC_CONCURRENT freed 1827K, 40% free 5314K/8828K, paused 2ms+6ms, total 34ms
07-25 14:30:46.389   648   695 I PackageManager: /system/app/tcw_contacts_tyw6.apk changed; collecting certs
07-25 14:30:46.399   648   693 I PackageManager: /system/priv-app/SystemUI.apk changed; collecting certs
07-25 14:30:46.399   213   259 E MODEM_CTRL: parm_modem_monitor: open /dev/sctl_pm failed, Permission denied
07-25 14:30:46.469   648   693 D dalvikvm: GC_FOR_ALLOC freed 1779K, 39% free 5394K/8828K, paused 22ms, total 23ms
07-25 14:30:46.499   648   693 D dalvikvm: GC_FOR_ALLOC freed 1465K, 50% free 4497K/8828K, paused 23ms, total 23ms
07-25 14:30:46.529   212   294 E WCND    : marlin2_loop_check :Check marlin2 Status!!
07-25 14:30:46.649   648   652 D dalvikvm: GC_CONCURRENT freed 1112K, 39% free 5433K/8828K, paused 2ms+2ms, total 27ms
07-25 14:30:46.649   648   693 D dalvikvm: WAIT_FOR_CONCURRENT_GC blocked 9ms
07-25 14:30:46.649   648   695 D dalvikvm: WAIT_FOR_CONCURRENT_GC blocked 9ms
07-25 14:30:46.669   648   695 I PackageManager: /system/app/tcw_friend_tyw6.apk changed; collecting certs
07-25 14:30:46.739   648   695 D dalvikvm: GC_FOR_ALLOC freed 939K, 33% free 5979K/8828K, paused 24ms, total 24ms
07-25 14:30:46.799   648   693 I PackageManager: /system/priv-app/TeleService.apk changed; collecting certs
07-25 14:30:46.889   648   652 D dalvikvm: GC_CONCURRENT freed 2026K, 33% free 6001K/8828K, paused 2ms+9ms, total 34ms
07-25 14:30:46.889   648   693 D dalvikvm: WAIT_FOR_CONCURRENT_GC blocked 20ms
07-25 14:30:46.889   648   695 D dalvikvm: WAIT_FOR_CONCURRENT_GC blocked 20ms
07-25 14:30:46.959   648   693 I PackageManager: /system/priv-app/radio_interactor_service.apk changed; collecting certs
07-25 14:30:47.019   648   695 I PackageManager: /system/app/tcw_launcher_tyw6.apk changed; collecting certs
07-25 14:30:47.149   648   652 D dalvikvm: GC_CONCURRENT freed 2293K, 36% free 5726K/8828K, paused 2ms+9ms, total 34ms
07-25 14:30:47.199   201   201 E sdcard  : missing packages.list; retrying
07-25 14:30:47.219   648   695 D dalvikvm: GC_FOR_ALLOC freed 1899K, 46% free 4778K/8828K, paused 23ms, total 23ms
07-25 14:30:47.219   648   695 I dalvikvm-heap: Grow heap (frag case) to 5.333MB for 521804-byte allocation
07-25 14:30:47.239   648   695 D dalvikvm: GC_FOR_ALLOC freed 254K, 47% free 5034K/9340K, paused 15ms, total 15ms
07-25 14:30:47.239   648   695 I dalvikvm-heap: Grow heap (frag case) to 5.400MB for 329314-byte allocation
07-25 14:30:47.259   648   695 D dalvikvm: GC_FOR_ALLOC freed 510K, 50% free 4845K/9664K, paused 17ms, total 17ms
07-25 14:30:47.279   648   695 D dalvikvm: GC_FOR_ALLOC freed 245K, 48% free 5109K/9664K, paused 18ms, total 18ms
07-25 14:30:47.279   648   695 I dalvikvm-heap: Grow heap (frag case) to 5.657MB for 521954-byte allocation
07-25 14:30:47.309   648   695 D dalvikvm: GC_FOR_ALLOC freed 264K, 48% free 5354K/10176K, paused 16ms, total 16ms
07-25 14:30:47.329   648   695 D dalvikvm: GC_FOR_ALLOC freed 751K, 46% free 5582K/10176K, paused 19ms, total 19ms
07-25 14:30:47.359   648   695 D dalvikvm: GC_FOR_ALLOC freed 254K, 43% free 5838K/10176K, paused 17ms, total 17ms
07-25 14:30:47.359   648   695 I dalvikvm-heap: Grow heap (frag case) to 6.343MB for 495072-byte allocation
07-25 14:30:47.369   648   695 D dalvikvm: GC_FOR_ALLOC freed 510K, 46% free 5811K/10660K, paused 16ms, total 16ms
07-25 14:30:47.399   213   259 E MODEM_CTRL: parm_modem_monitor: open /dev/sctl_pm failed, Permission denied
07-25 14:30:47.529   212   294 E WCND    : marlin2_loop_check :After Read. (len = 13)!!
07-25 14:30:47.529   212   294 E WCND    : marlin2_loop_check: marlin2 is power on!
07-25 14:30:47.529   212   292 D WCND    : dispatch_command2: arg[0] = 'wcn'
07-25 14:30:47.529   212   292 D WCND    : dispatch_command2: arg[1] = 'marlin2opened'
07-25 14:30:47.529   212   292 D WCND    : wcnd_runcommand: arg[0] = 'marlin2opened'
07-25 14:30:47.529   212   292 D WCND    : Current State: 1, receive event: 0x2000!!
07-25 14:30:47.529   212   292 E WCND    : WARNING: btwifi_state: 0x0 in state: WCND_STATE_CP2_STARTING
07-25 14:30:47.529   212   292 D WCND    : Receive MARLIN2 OPENED EVENT!
07-25 14:30:47.529   212   292 D WCND    : send_notify_to_client (type:16)
07-25 14:30:47.529   212   292 D WCND    : clients[0].sockfd = 12, type = 0
07-25 14:30:47.529   212   292 D WCND    : clients[1].sockfd = -1, type = 0
07-25 14:30:47.529   212   292 D WCND    : clients[2].sockfd = -1, type = 0
07-25 14:30:47.529   212   292 D WCND    : clients[3].sockfd = -1, type = 0
07-25 14:30:47.529   212   292 D WCND    : clients[4].sockfd = -1, type = 0
07-25 14:30:47.529   212   292 D WCND    : clients[5].sockfd = -1, type = 0
07-25 14:30:47.529   212   292 D WCND    : clients[6].sockfd = -1, type = 0
07-25 14:30:47.529   212   292 D WCND    : clients[7].sockfd = -1, type = 0
07-25 14:30:47.529   212   292 D WCND    : clients[8].sockfd = -1, type = 0
07-25 14:30:47.529   212   292 D WCND    : clients[9].sockfd = -1, type = 0
07-25 14:30:47.529   212   292 D WCND    : wcnd_process_atcmd: Receive AT CMD: at+spatgetcp2info, len = 18
07-25 14:30:47.529   212   292 D WCND    : before_send_atcmd: To get cp2 version
07-25 14:30:47.529   212   292 D WCND    : wcnd_process_atcmd: open at cmd interface: /proc/mdbg/at_cmd, fd = 14
07-25 14:30:47.629   212   292 D WCND    : wcnd_process_atcmd: Wait ATcmd to return
07-25 14:30:47.629   212   292 D WCND    : wcnd_process_atcmd: ATcmd to /proc/mdbg/at_cmd return: 'Platform Version:MARLIN2_17A_RLS1_W18.41.2Project Version:   sharkle_cm4HW Version:....10-09-2018 11:36:40'
07-25 14:30:47.629   212   292 E WCND    : Write 'Platform Version:MARLIN2_17A_RLS1_W18.41.2Project Version:   sharkle_cm4HW Version:....10-09-2018 11:36:40' to Invalid client_fd, ret_value: 0
07-25 14:30:47.629   212   292 D WCND    : in user version, need to config CP2 to enter user mode!!!
07-25 14:30:47.629   212   292 D WCND    : wcnd_process_atcmd: Receive AT CMD: at+cp2_enter_user=0, len = 20
07-25 14:30:47.629   212   292 D WCND    : wcnd_process_atcmd: open at cmd interface: /proc/mdbg/at_cmd, fd = 14
07-25 14:30:47.679   648   652 D dalvikvm: GC_CONCURRENT freed 721K, 34% free 7111K/10660K, paused 2ms+2ms, total 31ms
07-25 14:30:47.729   212   292 D WCND    : wcnd_process_atcmd: Wait ATcmd to return
07-25 14:30:47.729   212   292 D WCND    : wcnd_process_atcmd: ATcmd to /proc/mdbg/at_cmd return: 'ERROR!'
07-25 14:30:47.729   212   292 E WCND    : Write 'ERROR!' to Invalid client_fd, ret_value: 0
07-25 14:30:47.729   212   292 D WCND    : wcnd_process_atcmd: Receive AT CMD: AT+ARMLOG=0, len = 12
07-25 14:30:47.729   212   292 D WCND    : wcnd_process_atcmd: open at cmd interface: /proc/mdbg/at_cmd, fd = 14
07-25 14:30:47.829   212   292 D WCND    : wcnd_process_atcmd: Wait ATcmd to return
07-25 14:30:47.829   212   292 D WCND    : wcnd_process_atcmd: ATcmd to /proc/mdbg/at_cmd return: 'OK'
07-25 14:30:47.829   212   292 E WCND    : Write 'OK' to Invalid client_fd, ret_value: 0
07-25 14:30:47.829   212   292 D WCND    : on_marlin2_poweron cp2_log_level at+loglevel=0
07-25 14:30:47.829   212   292 D WCND    : wcnd_process_atcmd: Receive AT CMD: at+loglevel=0, len = 14
07-25 14:30:47.829   212   292 D WCND    : substr[0]:at+loglevel
07-25 14:30:47.829   212   292 D WCND    : substr[1]:0
07-25 14:30:47.829   212   292 D WCND    : before_send_atcmd: at+loglevel: 0
07-25 14:30:47.829   212   292 D WCND    : wcnd_process_atcmd: open at cmd interface: /proc/mdbg/at_cmd, fd = 14
07-25 14:30:47.929   212   292 D WCND    : wcnd_process_atcmd: Wait ATcmd to return
07-25 14:30:47.929   212   292 D WCND    : wcnd_process_atcmd: ATcmd to /proc/mdbg/at_cmd return: 'OK'
07-25 14:30:47.929   212   292 E WCND    : Write 'OK' to Invalid client_fd, ret_value: 0
07-25 14:30:47.929   212   292 D WCND    : listen_fd = 7, max=12
07-25 14:30:47.949   648   652 D dalvikvm: GC_CONCURRENT freed 1445K, 28% free 7714K/10660K, paused 1ms+2ms, total 37ms
07-25 14:30:47.949   648   695 D dalvikvm: WAIT_FOR_CONCURRENT_GC blocked 19ms
07-25 14:30:48.269   648   652 D dalvikvm: GC_CONCURRENT freed 718K, 16% free 9043K/10660K, paused 1ms+5ms, total 42ms
07-25 14:30:48.269   648   695 D dalvikvm: WAIT_FOR_CONCURRENT_GC blocked 24ms
07-25 14:30:48.309   648   695 I PackageManager: /system/app/tcw_platform_tyw6.apk changed; collecting certs
07-25 14:30:48.399   213   259 E MODEM_CTRL: parm_modem_monitor: open /dev/sctl_pm failed, Permission denied
07-25 14:30:48.479   648   652 D dalvikvm: GC_CONCURRENT freed 2195K, 22% free 8847K/11264K, paused 2ms+21ms, total 44ms
07-25 14:30:48.479   648   695 D dalvikvm: WAIT_FOR_CONCURRENT_GC blocked 30ms
07-25 14:30:48.539   648   695 I PackageManager: /system/app/tcw_settings_tyw6.apk changed; collecting certs
07-25 14:30:48.689   648   652 D dalvikvm: GC_CONCURRENT freed 5640K, 54% free 5255K/11264K, paused 2ms+5ms, total 39ms
07-25 14:30:48.689   648   695 D dalvikvm: WAIT_FOR_CONCURRENT_GC blocked 19ms
07-25 14:30:48.859   648   695 I PackageManager: /system/app/tcw_sport_tyw6.apk changed; collecting certs
07-25 14:30:48.919   648   652 D dalvikvm: GC_CONCURRENT freed 1966K, 53% free 5302K/11264K, paused 4ms+7ms, total 29ms
07-25 14:30:48.919   648   695 D dalvikvm: WAIT_FOR_CONCURRENT_GC blocked 25ms
07-25 14:30:49.069   648   695 I PackageManager: /system/app/tcw_updateservice_tyw6.apk changed; collecting certs
07-25 14:30:49.119   648   695 I PackageManager: /system/app/tcw_wechat_tyw6.apk changed; collecting certs
07-25 14:30:49.209   648   652 D dalvikvm: GC_CONCURRENT freed 2312K, 56% free 5037K/11264K, paused 1ms+6ms, total 28ms
07-25 14:30:49.209   648   695 D dalvikvm: WAIT_FOR_CONCURRENT_GC blocked 14ms
07-25 14:30:49.279   648   652 D dalvikvm: GC_CONCURRENT freed 2104K, 57% free 4861K/11264K, paused 1ms+1ms, total 27ms
07-25 14:30:49.279   648   695 D dalvikvm: WAIT_FOR_CONCURRENT_GC blocked 24ms
07-25 14:30:49.309   648   695 D dalvikvm: GC_FOR_ALLOC freed 449K, 55% free 5175K/11264K, paused 16ms, total 16ms
07-25 14:30:49.329   648   695 D dalvikvm: GC_FOR_ALLOC freed 625K, 55% free 5180K/11264K, paused 17ms, total 17ms
07-25 14:30:49.349   648   695 D dalvikvm: GC_FOR_ALLOC freed 126K, 53% free 5308K/11264K, paused 16ms, total 16ms
07-25 14:30:49.349   648   695 I dalvikvm-heap: Grow heap (frag case) to 5.850MB for 521716-byte allocation
07-25 14:30:49.369   648   695 D dalvikvm: GC_FOR_ALLOC freed 254K, 53% free 5563K/11776K, paused 16ms, total 16ms
07-25 14:30:49.399   213   259 E MODEM_CTRL: parm_modem_monitor: open /dev/sctl_pm failed, Permission denied
07-25 14:30:49.619   648   652 D dalvikvm: GC_CONCURRENT freed 1101K, 45% free 6510K/11776K, paused 1ms+3ms, total 31ms
07-25 14:30:49.619   648   695 D dalvikvm: WAIT_FOR_CONCURRENT_GC blocked 11ms
07-25 14:30:49.889   648   652 D dalvikvm: GC_CONCURRENT freed 1302K, 39% free 7255K/11776K, paused 1ms+4ms, total 36ms
07-25 14:30:49.889   648   695 D dalvikvm: WAIT_FOR_CONCURRENT_GC blocked 18ms
07-25 14:30:50.099   648   648 W ResourceType: Failure getting entry for 0x7f02012e (t=1 e=302) in package 0 (error -75)
07-25 14:30:50.099   648   648 W ResourceType: Failure getting entry for 0x7f02012e (t=1 e=302) in package 0 (error -75)
07-25 14:30:50.099   648   648 W ResourceType: Failure getting entry for 0x7f02012e (t=1 e=302) in package 0 (error -75)
07-25 14:30:50.099   648   648 W ResourceType: Failure getting entry for 0x7f04001a (t=3 e=26) in package 0 (error -75)
07-25 14:30:50.099   648   648 W ResourceType: Failure getting entry for 0x7f02012e (t=1 e=302) in package 0 (error -75)
07-25 14:30:50.099   648   648 W ResourceType: Failure getting entry for 0x7f02012e (t=1 e=302) in package 0 (error -75)
07-25 14:30:50.099   648   648 W ResourceType: Failure getting entry for 0x7f04001a (t=3 e=26) in package 0 (error -75)
07-25 14:30:50.099   648   648 I PackageManager: /system/vital-app/Camera2.apk changed; collecting certs
07-25 14:30:50.179   648   652 D dalvikvm: GC_CONCURRENT freed 1630K, 35% free 7673K/11776K, paused 1ms+22ms, total 40ms
07-25 14:30:50.179   648   697 D dalvikvm: WAIT_FOR_CONCURRENT_GC blocked 37ms
07-25 14:30:50.179   648   698 D dalvikvm: WAIT_FOR_CONCURRENT_GC blocked 37ms
07-25 14:30:50.199   201   201 E sdcard  : missing packages.list; retrying
07-25 14:30:50.349   648   652 D dalvikvm: GC_CONCURRENT freed 5195K, 62% free 4524K/11776K, paused 2ms+2ms, total 41ms
07-25 14:30:50.349   648   698 D dalvikvm: WAIT_FOR_CONCURRENT_GC blocked 21ms
07-25 14:30:50.399   213   259 E MODEM_CTRL: parm_modem_monitor: open /dev/sctl_pm failed, Permission denied
07-25 14:30:50.419   648   652 D dalvikvm: GC_CONCURRENT freed 2031K, 62% free 4535K/11776K, paused 2ms+2ms, total 24ms
07-25 14:30:50.419   648   697 D dalvikvm: WAIT_FOR_CONCURRENT_GC blocked 17ms
07-25 14:30:50.419   648   698 D dalvikvm: WAIT_FOR_CONCURRENT_GC blocked 16ms
07-25 14:30:50.499   648   652 D dalvikvm: GC_CONCURRENT freed 1905K, 60% free 4744K/11776K, paused 2ms+2ms, total 29ms
07-25 14:30:50.549   648   648 I PackageSettings: Writing package restrictions for user=0
07-25 14:30:50.549   648   648 I System.out: directory is exit,the errnoException.errno is 17
07-25 14:30:50.559   648   648 V PackageManager: flag = 10110001011110001000100
07-25 14:30:50.569   648   648 I PackageManager: Package com.toycloud.watch.sport checking android.permission.CALL_PHONE: BasePermission{41d5b0b8 android.permission.CALL_PHONE}
07-25 14:30:50.569   648   648 I PackageManager: Package com.toycloud.watch.sport granting android.permission.CALL_PHONE
07-25 14:30:50.569   648   648 I PackageManager: Package com.toycloud.watch.sport checking android.permission.CALL_PRIVILEGED: BasePermission{41d5f488 android.permission.CALL_PRIVILEGED}
07-25 14:30:50.569   648   648 I PackageManager: Package com.toycloud.watch.sport granting android.permission.CALL_PRIVILEGED
07-25 14:30:50.569   648   648 I PackageManager: Package com.toycloud.watch.sport checking android.permission.CHANGE_NETWORK_STATE: BasePermission{41d5cc90 android.permission.CHANGE_NETWORK_STATE}
07-25 14:30:50.569   648   648 I PackageManager: Package com.toycloud.watch.sport granting android.permission.CHANGE_NETWORK_STATE
07-25 14:30:50.569   648   648 I PackageManager: Package com.toycloud.watch.sport checking android.permission.ACCESS_NETWORK_STATE: BasePermission{41d5a1b8 android.permission.ACCESS_NETWORK_STATE}
07-25 14:30:50.569   648   648 I PackageManager: Package com.toycloud.watch.sport granting android.permission.ACCESS_NETWORK_STATE
07-25 14:30:50.569   648   648 I PackageManager: Package com.toycloud.watch.sport checking android.permission.ACCESS_WIFI_STATE: BasePermission{41d5a230 android.permission.ACCESS_WIFI_STATE}
07-25 14:30:50.569   648   648 I PackageManager: Package com.toycloud.watch.sport granting android.permission.ACCESS_WIFI_STATE
07-25 14:30:50.569   648   648 I PackageManager: Package com.toycloud.watch.sport checking android.permission.CHANGE_WIFI_STATE: BasePermission{41d5a2a8 android.permission.CHANGE_WIFI_STATE}
07-25 14:30:50.569   648   648 I PackageManager: Package com.toycloud.watch.sport granting android.permission.CHANGE_WIFI_STATE
07-25 14:30:50.569   648   648 I PackageManager: Package com.toycloud.watch.sport checking android.permission.WAKE_LOCK: BasePermission{41d5aa50 android.permission.WAKE_LOCK}
07-25 14:30:50.569   648   648 I PackageManager: Package com.toycloud.watch.sport granting android.permission.WAKE_LOCK
07-25 14:30:50.569   648   648 I PackageManager: Package com.toycloud.watch.sport checking android.permission.BLUETOOTH_ADMIN: BasePermission{4184c6d8 android.permission.BLUETOOTH_ADMIN}
07-25 14:30:50.569   648   648 I PackageManager: Package com.toycloud.watch.sport granting android.permission.BLUETOOTH_ADMIN
07-25 14:30:50.569   648   648 I PackageManager: Package com.toycloud.watch.sport checking android.permission.BLUETOOTH: BasePermission{41834b50 android.permission.BLUETOOTH}
07-25 14:30:50.569   648   648 I PackageManager: Package com.toycloud.watch.sport granting android.permission.BLUETOOTH
07-25 14:30:50.569   648   648 I PackageManager: Package com.toycloud.watch.sport checking android.permission.INTERNET: BasePermission{41814c48 android.permission.INTERNET}
07-25 14:30:50.569   648   648 I PackageManager: Package com.toycloud.watch.sport granting android.permission.INTERNET
07-25 14:30:50.569   648   648 I PackageManager: Package com.toycloud.watch.sport checking android.permission.ACCESS_COARSE_UPDATES: null
07-25 14:30:50.569   648   648 I PackageManager: Package com.toycloud.watch.sport checking android.permission.ACCESS_COARSE_LOCATION: BasePermission{41d59d20 android.permission.ACCESS_COARSE_LOCATION}
07-25 14:30:50.569   648   648 I PackageManager: Package com.toycloud.watch.sport granting android.permission.ACCESS_COARSE_LOCATION
07-25 14:30:50.569   648   648 I PackageManager: Package com.toycloud.watch.sport checking android.permission.ACCESS_FINE_LOCATION: BasePermission{41d59ca8 android.permission.ACCESS_FINE_LOCATION}
07-25 14:30:50.569   648   648 I PackageManager: Package com.toycloud.watch.sport granting android.permission.ACCESS_FINE_LOCATION
07-25 14:30:50.569   648   648 I PackageManager: Package com.toycloud.watch.sport checking android.permission.ACCESS_LOCATION_EXTRA_COMMANDS: BasePermission{41d5a028 android.permission.ACCESS_LOCATION_EXTRA_COMMANDS}
07-25 14:30:50.569   648   648 I PackageManager: Package com.toycloud.watch.sport granting android.permission.ACCESS_LOCATION_EXTRA_COMMANDS
07-25 14:30:50.569   648   648 I PackageManager: Package com.toycloud.watch.sport checking android.permission.READ_PHONE_STATE: BasePermission{41d5afc8 android.permission.READ_PHONE_STATE}
07-25 14:30:50.569   648   648 I PackageManager: Package com.toycloud.watch.sport granting android.permission.READ_PHONE_STATE
07-25 14:30:50.569   648   648 I PackageManager: Package com.toycloud.watch.sport checking android.permission.PROCESS_OUTGOING_CALLS: BasePermission{41d5aed8 android.permission.PROCESS_OUTGOING_CALLS}
07-25 14:30:50.569   648   648 I PackageManager: Package com.toycloud.watch.sport granting android.permission.PROCESS_OUTGOING_CALLS
07-25 14:30:50.569   648   648 I PackageManager: Package com.toycloud.watch.sport checking android.permission.RECORD_AUDIO: BasePermission{41d5ad70 android.permission.RECORD_AUDIO}
07-25 14:30:50.569   648   648 I PackageManager: Package com.toycloud.watch.sport granting android.permission.RECORD_AUDIO
07-25 14:30:50.569   648   648 I PackageManager: Package com.toycloud.watch.sport checking android.permission.RECEIVE_BOOT_COMPLETED: BasePermission{41d5c6f0 android.permission.RECEIVE_BOOT_COMPLETED}
07-25 14:30:50.569   648   648 I PackageManager: Package com.toycloud.watch.sport granting android.permission.RECEIVE_BOOT_COMPLETED
07-25 14:30:50.569   648   648 I PackageManager: Package com.toycloud.watch.sport checking android.permission.WRITE_SETTINGS: BasePermission{41d5c330 android.permission.WRITE_SETTINGS}
07-25 14:30:50.569   648   648 I PackageManager: Package com.toycloud.watch.sport granting android.permission.WRITE_SETTINGS
07-25 14:30:50.569   648   648 I PackageManager: Package com.toycloud.watch.sport checking android.permission.VIBRATE: BasePermission{41d5a960 android.permission.VIBRATE}
07-25 14:30:50.569   648   648 I PackageManager: Package com.toycloud.watch.sport granting android.permission.VIBRATE
07-25 14:30:50.569   648   648 I PackageManager: Package com.toycloud.watch.sport checking android.permission.WRITE_EXTERNAL_STORAGE: BasePermission{418536a0 android.permission.WRITE_EXTERNAL_STORAGE}
07-25 14:30:50.569   648   648 I PackageManager: Package com.toycloud.watch.sport granting android.permission.WRITE_EXTERNAL_STORAGE
07-25 14:30:50.569   648   648 I PackageManager: Package com.toycloud.watch.sport checking android.permission.READ_EXTERNAL_STORAGE: BasePermission{41859b50 android.permission.READ_EXTERNAL_STORAGE}
07-25 14:30:50.569   648   648 I PackageManager: Package com.toycloud.watch.sport granting android.permission.READ_EXTERNAL_STORAGE
07-25 14:30:50.569   648   648 I PackageManager: Package com.toycloud.watch.sport checking android.permission.ACCESS_DOWNLOAD_MANAGER: BasePermission{419b5068 android.permission.ACCESS_DOWNLOAD_MANAGER}
07-25 14:30:50.569   648   648 I PackageManager: Package com.toycloud.watch.sport granting android.permission.ACCESS_DOWNLOAD_MANAGER
07-25 14:30:50.569   648   648 I PackageManager: Package com.toycloud.watch.sport checking android.permission.DOWNLOAD_WITHOUT_NOTIFICATION: BasePermission{419b5378 android.permission.DOWNLOAD_WITHOUT_NOTIFICATION}
07-25 14:30:50.569   648   648 I PackageManager: Package com.toycloud.watch.sport granting android.permission.DOWNLOAD_WITHOUT_NOTIFICATION
07-25 14:30:50.569   648   648 I PackageManager: Package com.toycloud.watch.sport checking android.permission.DISABLE_KEYGUARD: BasePermission{41d5b338 android.permission.DISABLE_KEYGUARD}
07-25 14:30:50.569   648   648 I PackageManager: Package com.toycloud.watch.sport granting android.permission.DISABLE_KEYGUARD
07-25 14:30:50.569   648   648 I PackageManager: Package com.toycloud.watch.sport checking android.permission.MODIFY_PHONE_STATE: BasePermission{41d5af50 android.permission.MODIFY_PHONE_STATE}
07-25 14:30:50.569   648   648 I PackageManager: Package com.toycloud.watch.sport granting android.permission.MODIFY_PHONE_STATE
07-25 14:30:50.569   648   648 I PackageManager: Package com.toycloud.watch.sport checking android.permission.SYSTEM_ALERT_WINDOW: BasePermission{41d5bcf0 android.permission.SYSTEM_ALERT_WINDOW}
07-25 14:30:50.569   648   648 I PackageManager: Package com.toycloud.watch.sport granting android.permission.SYSTEM_ALERT_WINDOW
07-25 14:30:50.569   648   648 I PackageManager: Package com.toycloud.watch.sport checking android.permission.GET_TASKS: BasePermission{41d5b3b0 android.permission.GET_TASKS}
07-25 14:30:50.569   648   648 I PackageManager: Package com.toycloud.watch.sport granting android.permission.GET_TASKS
07-25 14:30:50.569   648   648 I PackageManager: Package com.toycloud.watch.sport checking android.permission.READ_CONTACTS: BasePermission{41d59438 android.permission.READ_CONTACTS}
07-25 14:30:50.569   648   648 I PackageManager: Package com.toycloud.watch.sport granting android.permission.READ_CONTACTS
07-25 14:30:50.569   648   648 I PackageManager: Package com.toycloud.watch.sport checking android.permission.WRITE_CONTACTS: BasePermission{41d594b0 android.permission.WRITE_CONTACTS}
07-25 14:30:50.569   648   648 I PackageManager: Package com.toycloud.watch.sport granting android.permission.WRITE_CONTACTS
07-25 14:30:50.569   648   648 I PackageManager: Package com.toycloud.watch.sport checking android.permission.DEVICE_POWER: BasePermission{41d5e978 android.permission.DEVICE_POWER}
07-25 14:30:50.569   648   648 I PackageManager: Package com.toycloud.watch.sport granting android.permission.DEVICE_POWER
07-25 14:30:50.569   648   648 I PackageManager: Package com.toycloud.watch.sport checking com.toycloud.permission.SEND_CONTACTS_TO_SECRETORY: null
07-25 14:30:50.569   648   648 I PackageManager: Package com.toycloud.watch.sport checking android.permission.READ_SMS: BasePermission{41d592d0 android.permission.READ_SMS}
07-25 14:30:50.569   648   648 I PackageManager: Package com.toycloud.watch.sport granting android.permission.READ_SMS
07-25 14:30:50.569   648   648 I PackageManager: Package com.toycloud.watch.sport checking android.permission.WRITE_SMS: BasePermission{41d59348 android.permission.WRITE_SMS}
07-25 14:30:50.569   648   648 I PackageManager: Package com.toycloud.watch.sport granting android.permission.WRITE_SMS
07-25 14:30:50.569   648   648 I PackageManager: Package com.toycloud.watch.sport checking android.permission.SEND_SMS: BasePermission{41d58e70 android.permission.SEND_SMS}
07-25 14:30:50.569   648   648 I PackageManager: Package com.toycloud.watch.sport granting android.permission.SEND_SMS
07-25 14:30:50.569   648   648 I PackageManager: Package com.toycloud.watch.sport checking android.permission.RECEIVE_SMS: BasePermission{41d58f60 android.permission.RECEIVE_SMS}
07-25 14:30:50.569   648   648 I PackageManager: Package com.toycloud.watch.sport granting android.permission.RECEIVE_SMS
07-25 14:30:50.569   648   648 I PackageManager: Package com.toycloud.watch.sport checking android.permission.RECEIVE_MMS: BasePermission{41d58fd8 android.permission.RECEIVE_MMS}
07-25 14:30:50.569   648   648 I PackageManager: Package com.toycloud.watch.sport granting android.permission.RECEIVE_MMS
07-25 14:30:50.569   648   648 I PackageManager: Package com.toycloud.watch.sport checking android.permission.SHUTDOWN: BasePermission{41d5d898 android.permission.SHUTDOWN}
07-25 14:30:50.569   648   648 I PackageManager: Package com.toycloud.watch.sport granting android.permission.SHUTDOWN
07-25 14:30:50.569   648   648 I PackageManager: Package com.toycloud.watch.sport checking android.permission.SET_TIME: BasePermission{41d5be58 android.permission.SET_TIME}
07-25 14:30:50.569   648   648 I PackageManager: Package com.toycloud.watch.sport granting android.permission.SET_TIME
07-25 14:30:50.569   648   648 I PackageManager: Package com.toycloud.watch.sport checking android.permission.WRITE_SECURE_SETTINGS: BasePermission{41d5ce70 android.permission.WRITE_SECURE_SETTINGS}
07-25 14:30:50.569   648   648 I PackageManager: Package com.toycloud.watch.sport granting android.permission.WRITE_SECURE_SETTINGS
07-25 14:30:50.569   648   648 I PackageManager: Package com.toycloud.watch.sport checking android.permission.READ_LOGS: BasePermission{4185d488 android.permission.READ_LOGS}
07-25 14:30:50.569   648   648 I PackageManager: Package com.toycloud.watch.sport granting android.permission.READ_LOGS
07-25 14:30:50.569   648   648 I PackageManager: Package com.sprd.simple.launcher checking android.permission.CALL_PHONE: BasePermission{41d5b0b8 android.permission.CALL_PHONE}
07-25 14:30:50.569   648   648 I PackageManager: Package com.sprd.simple.launcher granting android.permission.CALL_PHONE
07-25 14:30:50.569   648   648 I PackageManager: Package com.sprd.simple.launcher checking android.permission.READ_CALL_LOG: BasePermission{41d59618 android.permission.READ_CALL_LOG}
07-25 14:30:50.569   648   648 I PackageManager: Package com.sprd.simple.launcher granting android.permission.READ_CALL_LOG
07-25 14:30:50.569   648   648 I PackageManager: Package com.sprd.simple.launcher checking android.permission.READ_SMS: BasePermission{41d592d0 android.permission.READ_SMS}
07-25 14:30:50.569   648   648 I PackageManager: Package com.sprd.simple.launcher granting android.permission.READ_SMS
07-25 14:30:50.569   648   648 I PackageManager: Package com.sprd.simple.launcher checking android.permission.READ_CONTACTS: BasePermission{41d59438 android.permission.READ_CONTACTS}
07-25 14:30:50.569   648   648 I PackageManager: Package com.sprd.simple.launcher granting android.permission.READ_CONTACTS
07-25 14:30:50.569   648   648 I PackageManager: Package com.sprd.simple.launcher checking android.permission.READ_EXTERNAL_STORAGE: BasePermission{41859b50 android.permission.READ_EXTERNAL_STORAGE}
07-25 14:30:50.569   648   648 I PackageManager: Package com.sprd.simple.launcher granting android.permission.READ_EXTERNAL_STORAGE
07-25 14:30:50.569   648   648 I PackageManager: Package com.sprd.simple.launcher checking android.permission.WRITE_EXTERNAL_STORAGE: BasePermission{418536a0 android.permission.WRITE_EXTERNAL_STORAGE}
07-25 14:30:50.569   648   648 I PackageManager: Package com.sprd.simple.launcher granting android.permission.WRITE_EXTERNAL_STORAGE
07-25 14:30:50.569   648   648 I PackageManager: Package com.sprd.simple.launcher checking android.permission.CAMERA: BasePermission{41d5ade8 android.permission.CAMERA}
07-25 14:30:50.569   648   648 I PackageManager: Package com.sprd.simple.launcher granting android.permission.CAMERA
07-25 14:30:50.569   648   648 I PackageManager: Package com.sprd.simple.launcher checking android.permission.EXPAND_STATUS_BAR: BasePermission{41d5bf48 android.permission.EXPAND_STATUS_BAR}
07-25 14:30:50.569   648   648 I PackageManager: Package com.sprd.simple.launcher granting android.permission.EXPAND_STATUS_BAR
07-25 14:30:50.569   648   648 I PackageManager: Package com.sprd.simple.launcher checking android.permission.KILL_BACKGROUND_PROCESSES: BasePermission{41d5bc78 android.permission.KILL_BACKGROUND_PROCESSES}
07-25 14:30:50.569   648   648 I PackageManager: Package com.sprd.simple.launcher granting android.permission.KILL_BACKGROUND_PROCESSES
07-25 14:30:50.569   648   648 I PackageManager: Package com.android.contacts checking android.permission.READ_SMS: BasePermission{41d592d0 android.permission.READ_SMS}
07-25 14:30:50.569   648   648 I PackageManager: Package com.android.contacts granting android.permission.READ_SMS
07-25 14:30:50.569   648   648 I PackageManager: Package com.android.contacts checking android.permission.WRITE_SMS: BasePermission{41d59348 android.permission.WRITE_SMS}
07-25 14:30:50.569   648   648 I PackageManager: Package com.android.contacts granting android.permission.WRITE_SMS
07-25 14:30:50.569   648   648 I PackageManager: Package com.android.contacts checking android.permission.USE_CREDENTIALS: BasePermission{41d5a780 android.permission.USE_CREDENTIALS}
07-25 14:30:50.569   648   648 I PackageManager: Package com.android.contacts granting android.permission.USE_CREDENTIALS
07-25 14:30:50.569   648   648 I PackageManager: Package com.android.contacts checking android.permission.AUTHENTICATE_ACCOUNTS: BasePermission{41d5a708 android.permission.AUTHENTICATE_ACCOUNTS}
07-25 14:30:50.569   648   648 I PackageManager: Package com.android.contacts granting android.permission.AUTHENTICATE_ACCOUNTS
07-25 14:30:50.569   648   648 I PackageManager: Package com.android.contacts checking android.permission.WRITE_SETTINGS: BasePermission{41d5c330 android.permission.WRITE_SETTINGS}
07-25 14:30:50.569   648   648 I PackageManager: Package com.android.contacts granting android.permission.WRITE_SETTINGS
07-25 14:30:50.569   648   648 I PackageManager: Package com.android.contacts checking android.permission.WRITE_SECURE_SETTINGS: BasePermission{41d5ce70 android.permission.WRITE_SECURE_SETTINGS}
07-25 14:30:50.569   648   648 I PackageManager: Package com.android.contacts granting android.permission.WRITE_SECURE_SETTINGS
07-25 14:30:50.569   648   648 I PackageManager: Package com.android.contacts checking android.permission.READ_SYNC_STATS: BasePermission{41d5c1a0 android.permission.READ_SYNC_STATS}
07-25 14:30:50.569   648   648 I PackageManager: Package com.android.contacts granting android.permission.READ_SYNC_STATS
07-25 14:30:50.569   648   648 I PackageManager: Package com.android.contacts checking android.permission.WRITE_SYNC_SETTINGS: BasePermission{41d5c128 android.permission.WRITE_SYNC_SETTINGS}
07-25 14:30:50.569   648   648 I PackageManager: Package com.android.contacts granting android.permission.WRITE_SYNC_SETTINGS
07-25 14:30:50.569   648   648 I PackageManager: Package com.android.contacts checking android.permission.CALL_PRIVILEGED: BasePermission{41d5f488 android.permission.CALL_PRIVILEGED}
07-25 14:30:50.569   648   648 I PackageManager: Package com.android.contacts granting android.permission.CALL_PRIVILEGED
07-25 14:30:50.569   648   648 I PackageManager: Package com.android.contacts checking android.permission.READ_CONTACTS: BasePermission{41d59438 android.permission.READ_CONTACTS}
07-25 14:30:50.569   648   648 I PackageManager: Package com.android.contacts granting android.permission.READ_CONTACTS
07-25 14:30:50.569   648   648 I PackageManager: Package com.android.contacts checking android.permission.WRITE_CONTACTS: BasePermission{41d594b0 android.permission.WRITE_CONTACTS}
07-25 14:30:50.569   648   648 I PackageManager: Package com.android.contacts granting android.permission.WRITE_CONTACTS
07-25 14:30:50.569   648   648 I PackageManager: Package com.android.contacts checking android.permission.READ_CALL_LOG: BasePermission{41d59618 android.permission.READ_CALL_LOG}
07-25 14:30:50.569   648   648 I PackageManager: Package com.android.contacts granting android.permission.READ_CALL_LOG
07-25 14:30:50.569   648   648 I PackageManager: Package com.android.contacts checking android.permission.WRITE_CALL_LOG: BasePermission{41d59690 android.permission.WRITE_CALL_LOG}
07-25 14:30:50.569   648   648 I PackageManager: Package com.android.contacts granting android.permission.WRITE_CALL_LOG
07-25 14:30:50.569   648   648 I PackageManager: Package com.android.contacts checking android.permission.MANAGE_ACCOUNTS: BasePermission{41d5a7f8 android.permission.MANAGE_ACCOUNTS}
07-25 14:30:50.569   648   648 I PackageManager: Package com.android.contacts granting android.permission.MANAGE_ACCOUNTS
07-25 14:30:50.569   648   648 I PackageManager: Package com.android.contacts checking android.permission.GET_ACCOUNTS: BasePermission{41d5a690 android.permission.GET_ACCOUNTS}
07-25 14:30:50.569   648   648 I PackageManager: Package com.android.contacts granting android.permission.GET_ACCOUNTS
07-25 14:30:50.569   648   648 I PackageManager: Package com.android.contacts checking android.permission.ACCESS_FINE_LOCATION: BasePermission{41d59ca8 android.permission.ACCESS_FINE_LOCATION}
07-25 14:30:50.569   648   648 I PackageManager: Package com.android.contacts granting android.permission.ACCESS_FINE_LOCATION
07-25 14:30:50.569   648   648 I PackageManager: Package com.android.contacts checking android.permission.ACCESS_COARSE_LOCATION: BasePermission{41d59d20 android.permission.ACCESS_COARSE_LOCATION}
07-25 14:30:50.569   648   648 I PackageManager: Package com.android.contacts granting android.permission.ACCESS_COARSE_LOCATION
07-25 14:30:50.569   648   648 I PackageManager: Package com.android.contacts checking android.permission.READ_PROFILE: BasePermission{41d597f8 android.permission.READ_PROFILE}
07-25 14:30:50.569   648   648 I PackageManager: Package com.android.contacts granting android.permission.READ_PROFILE
07-25 14:30:50.569   648   648 I PackageManager: Package com.android.contacts checking android.permission.WRITE_PROFILE: BasePermission{41d59870 android.permission.WRITE_PROFILE}
07-25 14:30:50.569   648   648 I PackageManager: Package com.android.contacts granting android.permission.WRITE_PROFILE
07-25 14:30:50.569   648   648 I PackageManager: Package com.android.contacts checking android.permission.READ_SOCIAL_STREAM: BasePermission{41d59708 android.permission.READ_SOCIAL_STREAM}
07-25 14:30:50.569   648   648 I PackageManager: Package com.android.contacts granting android.permission.READ_SOCIAL_STREAM
07-25 14:30:50.569   648   648 I PackageManager: Package com.android.contacts checking android.permission.INTERNET: BasePermission{41814c48 android.permission.INTERNET}
07-25 14:30:50.569   648   648 I PackageManager: Package com.android.contacts granting android.permission.INTERNET
07-25 14:30:50.569   648   648 I PackageManager: Package com.android.contacts checking android.permission.NFC: BasePermission{41d5a500 android.permission.NFC}
07-25 14:30:50.569   648   648 I PackageManager: Package com.android.contacts granting android.permission.NFC
07-25 14:30:50.569   648   648 I PackageManager: Package com.android.contacts checking android.permission.READ_PHONE_STATE: BasePermission{41d5afc8 android.permission.READ_PHONE_STATE}
07-25 14:30:50.569   648   648 I PackageManager: Package com.android.contacts granting android.permission.READ_PHONE_STATE
07-25 14:30:50.569   648   648 I PackageManager: Package com.android.contacts checking android.permission.MODIFY_AUDIO_SETTINGS: BasePermission{41d5ab40 android.permission.MODIFY_AUDIO_SETTINGS}
07-25 14:30:50.569   648   648 I PackageManager: Package com.android.contacts granting android.permission.MODIFY_AUDIO_SETTINGS
07-25 14:30:50.569   648   648 I PackageManager: Package com.android.contacts checking android.permission.MODIFY_PHONE_STATE: BasePermission{41d5af50 android.permission.MODIFY_PHONE_STATE}
07-25 14:30:50.569   648   648 I PackageManager: Package com.android.contacts granting android.permission.MODIFY_PHONE_STATE
07-25 14:30:50.569   648   648 I PackageManager: Package com.android.contacts checking android.permission.WAKE_LOCK: BasePermission{41d5aa50 android.permission.WAKE_LOCK}
07-25 14:30:50.569   648   648 I PackageManager: Package com.android.contacts granting android.permission.WAKE_LOCK
07-25 14:30:50.569   648   648 I PackageManager: Package com.android.contacts checking android.permission.WRITE_EXTERNAL_STORAGE: BasePermission{418536a0 android.permission.WRITE_EXTERNAL_STORAGE}
07-25 14:30:50.569   648   648 I PackageManager: Package com.android.contacts granting android.permission.WRITE_EXTERNAL_STORAGE
07-25 14:30:50.569   648   648 I PackageManager: Package com.android.contacts checking android.permission.VIBRATE: BasePermission{41d5a960 android.permission.VIBRATE}
07-25 14:30:50.569   648   648 I PackageManager: Package com.android.contacts granting android.permission.VIBRATE
07-25 14:30:50.569   648   648 I PackageManager: Package com.android.contacts checking android.permission.READ_SYNC_SETTINGS: BasePermission{41d5c0b0 android.permission.READ_SYNC_SETTINGS}
07-25 14:30:50.569   648   648 I PackageManager: Package com.android.contacts granting android.permission.READ_SYNC_SETTINGS
07-25 14:30:50.569   648   648 I PackageManager: Package com.android.contacts checking com.android.voicemail.permission.ADD_VOICEMAIL: BasePermission{41d59c30 com.android.voicemail.permission.ADD_VOICEMAIL}
07-25 14:30:50.569   648   648 I PackageManager: Package com.android.contacts granting com.android.voicemail.permission.ADD_VOICEMAIL
07-25 14:30:50.569   648   648 I PackageManager: Package com.android.contacts checking com.android.voicemail.permission.READ_WRITE_ALL_VOICEMAIL: BasePermission{41b83d90 com.android.voicemail.permission.READ_WRITE_ALL_VOICEMAIL}
07-25 14:30:50.579   648   648 I PackageManager: Package com.android.contacts granting com.android.voicemail.permission.READ_WRITE_ALL_VOICEMAIL
07-25 14:30:50.579   648   648 I PackageManager: Package com.android.contacts checking android.permission.ALLOW_ANY_CODEC_FOR_PLAYBACK: BasePermission{41d5cd80 android.permission.ALLOW_ANY_CODEC_FOR_PLAYBACK}
07-25 14:30:50.579   648   648 I PackageManager: Package com.android.contacts granting android.permission.ALLOW_ANY_CODEC_FOR_PLAYBACK
07-25 14:30:50.579   648   648 I PackageManager: Package com.android.contacts checking com.android.launcher.permission.INSTALL_SHORTCUT: BasePermission{41d5bfc0 com.android.launcher.permission.INSTALL_SHORTCUT}
07-25 14:30:50.579   648   648 I PackageManager: Package com.android.contacts granting com.android.launcher.permission.INSTALL_SHORTCUT
07-25 14:30:50.579   648   648 I PackageManager: Package com.android.contacts checking android.permission.REBOOT: BasePermission{41d5e900 android.permission.REBOOT}
