
============  19-07-25 14:30:26  ==============
07-25 14:30:26.129   196   196 E decrypt : main exec
07-25 14:30:26.129   196   196 E decrypt : -------------------------check_system start-------------------
07-25 14:30:26.129   196   196 E decrypt : rsa_decrypt: /sbin/sec_openssl rsautl -verify -in system/etc/file.sign -inkey /rsapub.key -pubin -out cache/file.de
07-25 14:30:26.159   196   196 E decrypt : b9
07-25 14:30:26.159   196   196 E decrypt : 14
07-25 14:30:26.159   196   196 E decrypt : 1e
07-25 14:30:26.159   196   196 E decrypt : f0
07-25 14:30:26.159   196   196 E decrypt : 17
07-25 14:30:26.159   196   196 E decrypt : 71
07-25 14:30:26.159   196   196 E decrypt : 33
07-25 14:30:26.159   196   196 E decrypt : 20
07-25 14:30:26.159   196   196 E decrypt : d4
07-25 14:30:26.159   196   196 E decrypt : 1f
07-25 14:30:26.159   196   196 E decrypt : 7e
07-25 14:30:26.159   196   196 E decrypt : dc
07-25 14:30:26.159   196   196 E decrypt : 3b
07-25 14:30:26.159   196   196 E decrypt : c5
07-25 14:30:26.159   196   196 E decrypt : 2b
07-25 14:30:26.159   196   196 E decrypt : e9
07-25 14:30:26.159   196   196 E decrypt :   system/etc/filelist.txt
07-25 14:30:26.159   196   196 E decrypt : check file md5 ¹ğq3 Ô~Ü;Å+é0Â 
07-25 14:30:26.159   196   196 E decrypt : get_file_info
07-25 14:30:26.159   196   196 E decrypt : get_file_info:system/etc/filelist.txt,¹ğq3 Ô~Ü;Å+é¥*€¬"j
07-25 14:30:26.159   196   196 E decrypt : check file md5_read ¹ğq3 Ô~Ü;Å+é¥*€¬"j 
07-25 14:30:26.159   196   196 E decrypt : check file md5 is same!
07-25 14:30:26.159   196   196 E decrypt : check_file_list:system/bin/modemd, vÕ0Ò}ÓÈSPœeó>
07-25 14:30:26.159   196   196 E decrypt : 76
07-25 14:30:26.159   196   196 E decrypt : 10
07-25 14:30:26.159   196   196 E decrypt : d5
07-25 14:30:26.159   196   196 E decrypt : 30
07-25 14:30:26.159   196   196 E decrypt : d2
07-25 14:30:26.159   196   196 E decrypt : 7d
07-25 14:30:26.159   196   196 E decrypt : d3
07-25 14:30:26.159   196   196 E decrypt : c8
07-25 14:30:26.159   196   196 E decrypt : 1a
07-25 14:30:26.159   196   196 E decrypt : 9d
07-25 14:30:26.159   196   196 E decrypt : 53
07-25 14:30:26.159   196   196 E decrypt : 50
07-25 14:30:26.159   196   196 E decrypt : 9c
07-25 14:30:26.159   196   196 E decrypt : 65
07-25 14:30:26.159   196   196 E decrypt : f3
07-25 14:30:26.159   196   196 E decrypt : 3e
07-25 14:30:26.159   196   196 E decrypt :   system/bin/modemd
07-25 14:30:26.159   196   196 E decrypt : check_file_list:system/bin/modem_control, “Åh‰óÆëĞz|ç'Ï
07-25 14:30:26.159   196   196 E decrypt : 93
07-25 14:30:26.159   196   196 E decrypt : 1d
07-25 14:30:26.159   196   196 E decrypt : c5
07-25 14:30:26.159   196   196 E decrypt : 68
07-25 14:30:26.159   196   196 E decrypt : 89
07-25 14:30:26.159   196   196 E decrypt : f3
07-25 14:30:26.159   196   196 E decrypt : c6
07-25 14:30:26.159   196   196 E decrypt : eb
07-25 14:30:26.159   196   196 E decrypt : d0
07-25 14:30:26.159   196   196 E decrypt : 7a
07-25 14:30:26.159   196   196 E decrypt : 12
07-25 14:30:26.159   196   196 E decrypt : 15
07-25 14:30:26.159   196   196 E decrypt : 7c
07-25 14:30:26.159   196   196 E decrypt : e7
07-25 14:30:26.159   196   196 E decrypt : 27
07-25 14:30:26.159   196   196 E decrypt : cf
07-25 14:30:26.159   196   196 E decrypt :   system/bin/modem_control
07-25 14:30:26.159   196   196 E decrypt : check_file_list:system/framework/mms-common.jar, Ü÷–oo1xˆÂ8¢ƒÜW
07-25 14:30:26.159   196   196 E decrypt : dc
07-25 14:30:26.159   196   196 E decrypt : 03
07-25 14:30:26.159   196   196 E decrypt : f7
07-25 14:30:26.159   196   196 E decrypt : 96
07-25 14:30:26.159   196   196 E decrypt : 6f
07-25 14:30:26.159   196   196 E decrypt : 6f
07-25 14:30:26.159   196   196 E decrypt : 31
07-25 14:30:26.159   196   196 E decrypt : 78
07-25 14:30:26.159   196   196 E decrypt : 88
07-25 14:30:26.159   196   196 E decrypt : c2
07-25 14:30:26.159   196   196 E decrypt : 38
07-25 14:30:26.159   196   196 E decrypt : 08
07-25 14:30:26.159   196   196 E decrypt : a2
07-25 14:30:26.159   196   196 E decrypt : 83
07-25 14:30:26.159   196   196 E decrypt : dc
07-25 14:30:26.159   196   196 E decrypt : 57
07-25 14:30:26.159   196   196 E decrypt :   system/framework/mms-common.jar
07-25 14:30:26.159   196   196 E decrypt : Great---->Everything seems normal.......
07-25 14:30:26.159   196   196 E decrypt : deleteFile file is exist: rm cache/file.de
07-25 14:30:26.189   201   201 E cutils  : Failed to mkdir(/data/media/obb): No such file or directory
07-25 14:30:26.189   201   201 E sdcard  : missing packages.list; retrying
07-25 14:30:26.209   214   214 E GNSS_DAEMON: main: gnss daemon begin to work in androido . 0 
07-25 14:30:26.209   215   226 E VES     : Task vpad_mux_read_task(226) is a real time task
07-25 14:30:26.209   215   226 E VES     : VPAD_ioReadDevice: Open /dev/spipe_lte9 device FAIL.
07-25 14:30:26.209   215   226 E VES     : _VPAD_muxReadDeviceTask: VPMD read fail, retry later.
07-25 14:30:26.209   211   211 E MODEMD  : ro.radio.modemtype = l
07-25 14:30:26.209   211   231 D MODEMD  : modemd_listenaccept_thread: Waiting for new connect ...
07-25 14:30:26.209   211   232 D MODEMD  : detect_modem_control: try to connect socket control_modem...
07-25 14:30:26.209   215   215 E VES     : Failed to send VPAD ready event.
07-25 14:30:26.209   211   234 D MODEMD  : modemd_listen_read_thread: enter
07-25 14:30:26.209   211   234 D MODEMD  : modemd_listen_read_thread: begin select
07-25 14:30:26.269   217   217 I DEBUG   : debuggerd: Jul 19 2019 09:51:41
07-25 14:30:26.279   224   224 I installd: installd firing up
07-25 14:30:26.279   224   224 E cutils  : Failed to read /data/.layout_version: No such file or directory
07-25 14:30:26.279   238   238 D JuIpsecServer: setting dev name ?
07-25 14:30:26.279   238   238 D JuIpsecServer: get dev name(vowifi_tun0)
07-25 14:30:26.279   238   238 D JuIpsecServer: Tun Name is vowifi_tun0
07-25 14:30:26.279   238   238 D JuIpsecServer: non-block 
07-25 14:30:26.279   238   238 D JuIpsecServer: Bind is ok
07-25 14:30:26.279   224   224 D installd: Upgrading /data/media for multi-user
07-25 14:30:26.279   224   224 D installd: Upgrading to shared /data/media/obb
07-25 14:30:26.339   243   243 I storageproxyd: ss filesystem: ns
07-25 14:30:26.339   243   243 I storageproxyd: storage data root: /data/sprd_ss
07-25 14:30:26.339   243   243 I storageproxyd: trusty dev: /dev/trusty-ipc-dev0
07-25 14:30:26.339   243   243 I storageproxyd: rpmb dev: /dev/block/mmcblk0rpmb
07-25 14:30:26.339   243   243 I storageproxyd: start proxyd in fs ns
07-25 14:30:26.339   243   243 E storageproxyd: response for cmd 0x1b OK
07-25 14:30:26.339   242   242 I storageproxyd: ss filesystem: rpmb
07-25 14:30:26.339   242   242 I storageproxyd: storage data root: /data/sprd_ss
07-25 14:30:26.339   242   242 I storageproxyd: trusty dev: /dev/trusty-ipc-dev0
07-25 14:30:26.339   242   242 I storageproxyd: rpmb dev: /dev/block/mmcblk0rpmb
07-25 14:30:26.339   242   242 I storageproxyd: start storageproxyd in fs rpmb
07-25 14:30:26.389   228   228 D refnotify: Enter RefNotify main 
07-25 14:30:26.389   228   228 D refnotify: get L_NOTIFY_DEV property path is: /dev/spipe_lte8 
07-25 14:30:26.389   228   228 E refnotify: RefNotify open /dev/spipe_lte8 failed, error: No such device
07-25 14:30:26.389   235   235 D systemDebuggerd: start SystemDebuggerd 1
07-25 14:30:26.389   233   233 E SLOGCP  : int main(int, char**): slogmodem start ID=2000/2000, GID=1000/1000
07-25 14:30:26.389   213   213 D MODEM_CTRL: >>>>>> start modem control main task!
07-25 14:30:26.389   213   213 D MODEM_CTRL: modem_ctrl_is_reserve_root:check calibration!
07-25 14:30:26.389   213   213 D MODEM_CTRL: modem_ctrl_is_reserve_root:check factorytest!
07-25 14:30:26.389   213   213 D MODEM_CTRL: main: mode = 0!
07-25 14:30:26.389   213   213 D MODEM_CTRL: switchUserToSystem
07-25 14:30:26.389   213   213 D MODEM_CTRL: main: modem type is l
07-25 14:30:26.399   235   235 D systemDebuggerd: sysdumpconfig return on
07-25 14:30:26.399   235   235 D systemDebuggerd: Initial config on 
07-25 14:30:26.399   235   235 D systemDebuggerd: sysdumpconfig = on
07-25 14:30:26.399   233   233 E SLOGCP  : int LogConfig::read_config(): invalid line: 19
07-25 14:30:26.399   233   233 E SLOGCP  :  [2(No such file or directory)]
07-25 14:30:26.399   233   233 E SLOGCP  : int LogConfig::read_config(): invalid line: 20
07-25 14:30:26.399   233   233 E SLOGCP  :  [2(No such file or directory)]
07-25 14:30:26.399   233   233 E SLOGCP  : LogPipeHandler* LogController::create_handler(const LogConfig::ConfigEntry*): CP cp_5mode dev /dev/slog_lte /dev/sdiag_lte
07-25 14:30:26.399   233   233 E SLOGCP  : int LogPipeHandler::start_logging(): slogcp: open cp_5mode error [19(No such device)]
07-25 14:30:26.399   233   233 E SLOGCP  : virtual int WanModemLogHandler::start(): start MODEM version query error [19(No such device)]
07-25 14:30:26.399   233   233 E SLOGCP  : LogPipeHandler* LogController::create_handler(const LogConfig::ConfigEntry*): CP cp_wcn dev /dev/slog_wcn
07-25 14:30:26.399   233   233 E SLOGCP  : LogPipeHandler* LogController::create_handler(const LogConfig::ConfigEntry*): CP cp_gnss dev /dev/slog_gnss
07-25 14:30:26.399   211   231 D MODEMD  : modemd_listenaccept_thread: accept client n=12
07-25 14:30:26.399   211   231 D MODEMD  : modemd_listenaccept_thread: fill12 to client[0]
07-25 14:30:26.399   211   231 D MODEMD  : modemd_listenaccept_thread: Waiting for new connect ...
07-25 14:30:26.399   213   259 D MODEM_CTRL: enter parm_modem_monitor
07-25 14:30:26.399   213   259 E MODEM_CTRL: parm_modem_monitor: open /dev/sctl_pm failed, Permission denied
07-25 14:30:26.399   219   219 E SLOG    : main: slog begin to work. [12]
07-25 14:30:26.399   211   234 D MODEMD  : modemd_listen_read_thread: after  select n = 1
07-25 14:30:26.399   211   234 D MODEMD  : modemd_listen_read_thread: client cnct to modemd num = 1, buf = 0
07-25 14:30:26.399   211   234 D MODEMD  : modemd_listen_read_thread: begin select
07-25 14:30:26.399   219   219 E SLOG    : handle_slog_property: slog.step = 0, slog.reload = 0 [12]
07-25 14:30:26.419   233   233 E SLOGCP  : virtual void ExtStorageMonitor::process(int): Block device:1,0 add event message.
07-25 14:30:26.419   233   233 E SLOGCP  : virtual void ExtStorageMonitor::process(int): Block device:1,1 add event message.
07-25 14:30:26.419   233   233 E SLOGCP  : virtual void ExtStorageMonitor::process(int): Block device:1,2 add event message.
07-25 14:30:26.419   233   233 E SLOGCP  : virtual void ExtStorageMonitor::process(int): Block device:1,3 add event message.
07-25 14:30:26.419   233   233 E SLOGCP  : virtual void ExtStorageMonitor::process(int): Block device:1,4 add event message.
07-25 14:30:26.419   216   216 I Netd    : Netd 1.0 starting
07-25 14:30:26.419   216   216 E SoftapController: Change softap Channel  to "6" mFixedChan: 0, mLteRequiredChan: 6
07-25 14:30:26.419   216   216 E SoftapController: Cannot update "/data/misc/wifi/hostapd_chan.conf": No such file or directory
07-25 14:30:26.419   233   233 E SLOGCP  : virtual void ExtStorageMonitor::process(int): Block device:1,5 add event message.
07-25 14:30:26.429   233   233 E SLOGCP  : virtual void ExtStorageMonitor::process(int): Block device:1,6 add event message.
07-25 14:30:26.429   233   233 E SLOGCP  : virtual void ExtStorageMonitor::process(int): Block device:1,7 add event message.
07-25 14:30:26.429   233   233 E SLOGCP  : virtual void ExtStorageMonitor::process(int): Block device:1,8 add event message.
07-25 14:30:26.429   233   233 E SLOGCP  : virtual void ExtStorageMonitor::process(int): Block device:1,9 add event message.
07-25 14:30:26.429   233   233 E SLOGCP  : virtual void ExtStorageMonitor::process(int): Block device:1,10 add event message.
07-25 14:30:26.429   233   233 E SLOGCP  : virtual void ExtStorageMonitor::process(int): Block device:1,11 add event message.
07-25 14:30:26.429   233   233 E SLOGCP  : virtual void ExtStorageMonitor::process(int): Block device:1,12 add event message.
07-25 14:30:26.429   233   233 E SLOGCP  : virtual void ExtStorageMonitor::process(int): Block device:1,13 add event message.
07-25 14:30:26.429   216   216 W InterfaceController: Warning (dlopen failed: library "/system/lib/libnetcmdiface.so" not found) while opening the net interface command library
07-25 14:30:26.429   244   244 D collect_apr: AprData::init()
07-25 14:30:26.429   212   212 D WCND    : check_kernel_cmdline
07-25 14:30:26.429   212   212 D WCND    : kernel cmd line: earlycon=sprd_serial,0x70100000,115200n8 console=ttyS1,115200n8 loglevel=1 init=/init root=/dev/ram0 rw androidboot.hardware=sp9820e_1h10 lcd_id=ID1800 lcd_base=8fc1f000 lcd_size=360x320   sysdump_magic=85500000 modem=shutdown ltemode=lcsfb rfboard.id=-1 rfhw.id=1 crystal=3 32k.less=0  androidboot.verifiedbootstate=green androidboot.flash.locked=1  androidboot.serialno=P19006700034
07-25 14:30:26.429   212   212 D WCND    : uid: 1000,
07-25 14:30:26.429   212   212 D WCND    : gid: 1000,
07-25 14:30:26.429   212   212 D WCND    : group id 0: 1010,
07-25 14:30:26.429   212   212 D WCND    : group id 1: 2000,
07-25 14:30:26.429   212   212 D WCND    : group id 2: 3001,
07-25 14:30:26.429   212   212 D WCND    : group id 3: 3003,
07-25 14:30:26.429   212   212 D WCND    : group id 4: 3008,
07-25 14:30:26.429   212   212 D WCND    : capget version=20080522, pid=0
07-25 14:30:26.429   212   212 D WCND    : cap[0] = 3020, cap[1] = 8
07-25 14:30:26.429   212   212 D WCND    : wifi factory configuration file exists
07-25 14:30:26.429   212   212 D WCND    : mac from configuration file: 28:7c:db:2d:cc:79
07-25 14:30:26.439   242   242 E storageproxyd: rpmb don't program key
07-25 14:30:26.439   237   237 I Thermald: thermal start...
07-25 14:30:26.439   237   237 I ThermalXmlParser: using encrypt config file...
07-25 14:30:26.449   237   237 I ThermalDecryptCbc: GetDecryptFile: fsize_en size is:2720
07-25 14:30:26.449   213   258 D MODEM_CTRL: Enter detect_sipc_modem !
07-25 14:30:26.449   213   258 D MODEM_CTRL: detect_sipc_modem: ro.modem.l.assert = /dev/spipe_lte2
07-25 14:30:26.449   213   258 D MODEM_CTRL: detect_sipc_modem: /proc/cptl/wdtirq = /proc/cptl/wdtirq
07-25 14:30:26.449   213   258 D MODEM_CTRL: detect_sipc_modem: wait modemd accept...
07-25 14:30:26.449   237   237 I ThermalDecryptCbc: GetDecryptFile: succeed in Decrypting whole file
07-25 14:30:26.449   233   233 E SLOGCP  : virtual void ExtStorageMonitor::process(int): Block device:1,14 add event message.
07-25 14:30:26.449   233   233 E SLOGCP  : virtual void ExtStorageMonitor::process(int): Block device:1,15 add event message.
07-25 14:30:26.449   233   233 E SLOGCP  : virtual void ExtStorageMonitor::process(int): Block device:254,0 add event message.
07-25 14:30:26.449   233   233 E SLOGCP  : virtual void ExtStorageMonitor::process(int): Block device:179,48 add event message.
07-25 14:30:26.449   233   233 E SLOGCP  : virtual void ExtStorageMonitor::process(int): Block device:179,16 add event message.
07-25 14:30:26.449   233   233 E SLOGCP  : virtual void ExtStorageMonitor::process(int): Block device:179,32 add event message.
07-25 14:30:26.449   233   233 E SLOGCP  : virtual void ExtStorageMonitor::process(int): Block device:179,0 add event message.
07-25 14:30:26.449   233   233 E SLOGCP  : virtual void ExtStorageMonitor::process(int): Block device:179,1 add event message.
07-25 14:30:26.449   233   233 E SLOGCP  : virtual void ExtStorageMonitor::process(int): Block device:179,2 add event message.
07-25 14:30:26.449   233   233 E SLOGCP  : virtual void ExtStorageMonitor::process(int): Block device:179,3 add event message.
07-25 14:30:26.449   233   233 E SLOGCP  : virtual void ExtStorageMonitor::process(int): Block device:179,4 add event message.
07-25 14:30:26.449   233   233 E SLOGCP  : virtual void ExtStorageMonitor::process(int): Block device:179,5 add event message.
07-25 14:30:26.449   233   233 E SLOGCP  : virtual void ExtStorageMonitor::process(int): Block device:179,6 add event message.
07-25 14:30:26.449   233   233 E SLOGCP  : virtual void ExtStorageMonitor::process(int): Block device:179,7 add event message.
07-25 14:30:26.449   233   233 E SLOGCP  : virtual void ExtStorageMonitor::process(int): Block device:179,8 add event message.
07-25 14:30:26.449   233   233 E SLOGCP  : virtual void ExtStorageMonitor::process(int): Block device:179,9 add event message.
07-25 14:30:26.449   233   233 E SLOGCP  : virtual void ExtStorageMonitor::process(int): Block device:179,48 add event message.
07-25 14:30:26.449   233   233 E SLOGCP  : virtual void ExtStorageMonitor::process(int): Block device:179,16 add event message.
07-25 14:30:26.449   233   233 E SLOGCP  : virtual void ExtStorageMonitor::process(int): Block device:179,32 add event message.
07-25 14:30:26.449   233   233 E SLOGCP  : virtual void ExtStorageMonitor::process(int): Block device:179,10 add event message.
07-25 14:30:26.459   233   233 E SLOGCP  : virtual void ExtStorageMonitor::process(int): Block device:179,11 add event message.
07-25 14:30:26.459   233   233 E SLOGCP  : virtual void ExtStorageMonitor::process(int): Block device:179,12 add event message.
07-25 14:30:26.459   233   233 E SLOGCP  : virtual void ExtStorageMonitor::process(int): Block device:179,13 add event message.
07-25 14:30:26.459   211   232 D MODEMD  : detect_modem_control: connect control_modem success
07-25 14:30:26.459   211   232 D MODEMD  : detect_modem_control: Monioring modem state on socket control_modem...
07-25 14:30:26.459   213   258 D MODEM_CTRL: detect_sipc_modem: accept client_modemd =9
07-25 14:30:26.459   213   258 D MODEM_CTRL: detect_sipc_modem: wait sem_first_boot!
07-25 14:30:26.459   237   237 I ThermalDecryptCbc: decrypt_file: succeed in removing /data/misc/thermald/thermalSensorsConfig.xml
07-25 14:30:26.459   237   237 I ThermalDecryptCbc: decrypt_file: succeed in removing /data/misc/thermald
07-25 14:30:26.459   237   237 I ThermalXmlParser: using encrypt config file successfully!
07-25 14:30:26.459   237   237 I ThermalXmlParser: sensor_type=cpu-thmzone
07-25 14:30:26.479   213   274 D MODEM_CTRL: enter modem_ctrl_listen_thread ......
07-25 14:30:26.479   213   274 D MODEM_CTRL: modem_ctrl: cmdline earlycon=sprd_serial,0x70100000,115200n8 console=ttyS1,115200n8 loglevel=1 init=/init root=/dev/ram0 rw androidboot.hardware=sp9820e_1h10 lcd_id=ID1800 lcd_base=8fc1f000 lcd_size=360x320   sysdump_magic=85500000 modem=shutdown ltemode=lcsfb rfboard.id=-1 rfhw.id=1 crystal=3 32k.less=0  androidboot.verifiedbootstate=green androidboot.flash.locked=1  androidboot.serialno=P19006700034
07-25 14:30:26.479   213   274 D MODEM_CTRL: 
07-25 14:30:26.479   213   274 D MODEM_CTRL: cmdline len = 8, str=shutdown
07-25 14:30:26.479   213   274 D MODEM_CTRL: load_sipc_modem_img: wake lock bEnable = 1!
07-25 14:30:26.479   213   274 D MODEM_CTRL: load_sipc_modem_img: path_read is /dev/block/platform/soc/by-name/
07-25 14:30:26.479   213   274 D MODEM_CTRL: load_sipc_modem_img: nvp_name is persist.modem.l.nvp, prop_nvp is l_
07-25 14:30:26.479   213   274 D MODEM_CTRL: load_sipc_modem_img: cproc_prop is ro.modem.l.dev, path_write is /proc/cptl/
07-25 14:30:26.479   213   274 D MODEM_CTRL: load_sipc_modem_img: pmcp path_read is /dev/block/platform/soc/by-name/
07-25 14:30:26.479   213   274 D MODEM_CTRL: load_sipc_modem_img: pmcp_cali path_read is /system/vendor/firmware/EXEC_CALIBRATE_MAG_IMAGE
07-25 14:30:26.479   213   274 D MODEM_CTRL: cp_stop= /proc/cptl/stop
07-25 14:30:26.479   213   274 D MODEM_CTRL: pmcp_stop= /proc/pmic/stop
07-25 14:30:26.479   213   274 D MODEM_CTRL: write_proc_file: file is /proc/pmic/stop, string is 1!
07-25 14:30:26.479   237   237 I ThermalXmlParser: get thermal_zone0 type: cpu-thmzone
07-25 14:30:26.479   237   237 I ThermalXmlParser: sensor: cpu-thmzone is thermal_zone0
07-25 14:30:26.479   237   237 I ThermalXmlParser: polling_delay=2000
07-25 14:30:26.479   237   237 I ThermalXmlParser: AvgPeriod=60000
07-25 14:30:26.479   237   237 I ThermalXmlParser: zone_level=(null)
07-25 14:30:26.479   237   237 I ThermalXmlParser: type=active
07-25 14:30:26.479   237   237 I ThermalXmlParser: temp=65000
07-25 14:30:26.479   237   237 I ThermalXmlParser: name=swtich_on_temp
07-25 14:30:26.479   237   237 I ThermalXmlParser: arg=70000
07-25 14:30:26.479   237   237 I ThermalXmlParser: file=/sys/class/thermal/thermal_zone0/trip_point_0_temp
07-25 14:30:26.479   237   237 I ThermalXmlParser: name=control_temp
07-25 14:30:26.479   237   237 I ThermalXmlParser: arg=85000
07-25 14:30:26.479   237   237 I ThermalXmlParser: file=/sys/class/thermal/thermal_zone0/trip_point_1_temp
07-25 14:30:26.479   237   237 I ThermalXmlParser: name=brightness
07-25 14:30:26.479   237   237 I ThermalXmlParser: arg=255
07-25 14:30:26.479   219   219 E         : handle_kmemleak: handle_kmemleak: off
07-25 14:30:26.479   219   219 E         :  [17]
07-25 14:30:26.479   219   219 E SLOG    : handler_internal_log_size: set internal log size 180845KB [17]
07-25 14:30:26.479   219   219 E SLOG    : handle_top_logdir: slog use internal storage [17]
07-25 14:30:26.479   219   219 E SLOG    : handler_last_dir: current_log_path  is :/data/slog [17]
07-25 14:30:26.479   219   219 E SLOG    : handler_last_dir: find top path name  is : [17]
07-25 14:30:26.479   237   237 I ThermalXmlParser: file=/sys/class/backlight/sprd_backlight/max_brightness
07-25 14:30:26.479   233   233 E SLOGCP  : virtual void ExtStorageMonitor::process(int): Block device:179,14 add event message.
07-25 14:30:26.479   233   233 E SLOGCP  : virtual void ExtStorageMonitor::process(int): Block device:179,15 add event message.
07-25 14:30:26.479   237   237 I ThermalXmlParser: name=charge
07-25 14:30:26.479   237   237 I ThermalXmlParser: arg=0
07-25 14:30:26.479   237   237 I ThermalXmlParser: file=/sys/class/power_supply/battery/input_current_limit
07-25 14:30:26.479   237   237 I ThermalXmlParser: name=charge
07-25 14:30:26.479   237   237 I ThermalXmlParser: arg=1000000
07-25 14:30:26.479   237   237 I ThermalXmlParser: file=/sys/class/power_supply/battery/input_current_limit
07-25 14:30:26.479   237   237 I ThermalXmlParser: name=brightness
07-25 14:30:26.479   237   237 I ThermalXmlParser: arg=191
07-25 14:30:26.479   237   237 I ThermalXmlParser: file=/sys/class/backlight/sprd_backlight/max_brightness
07-25 14:30:26.479   237   237 I ThermalXmlParser: name=charge
07-25 14:30:26.479   237   237 I ThermalXmlParser: arg=800000
07-25 14:30:26.479   233   233 E SLOGCP  : virtual void ExtStorageMonitor::process(int): Block device:259,0 add event message.
07-25 14:30:26.479   237   237 I ThermalXmlParser: file=/sys/class/power_supply/battery/input_current_limit
07-25 14:30:26.479   233   233 E SLOGCP  : virtual void ExtStorageMonitor::process(int): Block device:259,1 add event message.
07-25 14:30:26.479   237   237 I ThermalXmlParser: name=brightness
07-25 14:30:26.479   237   237 I ThermalXmlParser: arg=172
07-25 14:30:26.479   237   237 I ThermalXmlParser: file=/sys/class/backlight/sprd_backlight/max_brightness
07-25 14:30:26.479   237   237 I ThermalXmlParser: zone_level=(null)
07-25 14:30:26.479   237   237 I ThermalXmlParser: type=critical
07-25 14:30:26.479   237   237 I ThermalXmlParser: temp=110000
07-25 14:30:26.479   237   237 I ThermalXmlParser: name=shutdown
07-25 14:30:26.479   237   237 I ThermalXmlParser: arg=
07-25 14:30:26.479   237   237 I ThermalXmlParser: file=
07-25 14:30:26.489   237   237 I ThermalXmlParser: sensor_type=pa-thmzone
07-25 14:30:26.489   237   237 I ThermalXmlParser: get thermal_zone0 type: cpu-thmzone
07-25 14:30:26.489   237   237 I ThermalXmlParser: get thermal_zone1 type: gpu-thmzone
07-25 14:30:26.489   237   237 I ThermalXmlParser: can't find pa-thmzone
07-25 14:30:26.489   237   237 I ThermalXmlParser: can't match any sensor, don't use these parameters!
07-25 14:30:26.489   237   237 I ThermalManager: cpu-thmzone: create thermal monitor pthread
07-25 14:30:26.489   237   237 I ThermalChargeDetect: charge status: Charging
07-25 14:30:26.489   237   237 I ThermalChargeDetect: init status: ChargeEn=1, IsCharging=1
07-25 14:30:26.489   237   237 I ThermalManager: send 0x1, sensor=cpu-thmzone
07-25 14:30:26.489   237   237 I ThermalManager: received EVENT_TRIP, sensor=cpu-thmzone
07-25 14:30:26.489   237   237 I ThermalActionCommon: do,===>swtich_on_temp, mArg:70000, mFileNode:/sys/class/thermal/thermal_zone0/trip_point_0_temp
07-25 14:30:26.489   237   237 I ThermalActionCommon: do,===>control_temp, mArg:85000, mFileNode:/sys/class/thermal/thermal_zone0/trip_point_1_temp
07-25 14:30:26.489   237   237 I ThermalActionCommon: do,===>brightness, mArg:255, mFileNode:/sys/class/backlight/sprd_backlight/max_brightness
07-25 14:30:26.489   237   237 I ThermalActionCommon: do,===>charge, mArg:0, mFileNode:/sys/class/power_supply/battery/input_current_limit
07-25 14:30:26.489   219   219 E SLOG    : handler_dump_file: open target /sys/fs/pstore/console-ramoops failed! [2]
07-25 14:30:26.489   219   219 E SLOG    : handler_dump_file: open target /data/anr/traces.txt failed! [2]
07-25 14:30:26.489   219   219 E SLOG    : handle_uboot_log: can not get boot_ram_log flag in cmdline [2]
07-25 14:30:26.489   237   278 I ThermalManager: listen socket ...
07-25 14:30:26.489   212   212 D WCND    : force_replace_config_file: chmod 660 /data/misc/wifi/wifimac.txt
07-25 14:30:26.489   212   212 D WCND    : bt factory configuration file exists
07-25 14:30:26.489   212   212 D WCND    : mac from configuration file: 40:45:da:60:2a:0e
07-25 14:30:26.499   233   233 E SLOGCP  : virtual void ExtStorageMonitor::process(int): Block device:259,2 add event message.
07-25 14:30:26.499   233   233 E SLOGCP  : virtual void ExtStorageMonitor::process(int): Block device:259,3 add event message.
07-25 14:30:26.499   233   233 E SLOGCP  : virtual void ExtStorageMonitor::process(int): Block device:259,4 add event message.
07-25 14:30:26.499   233   233 E SLOGCP  : virtual void ExtStorageMonitor::process(int): Block device:259,5 add event message.
07-25 14:30:26.499   233   233 E SLOGCP  : virtual void ExtStorageMonitor::process(int): Block device:259,6 add event message.
07-25 14:30:26.499   233   233 E SLOGCP  : virtual void ExtStorageMonitor::process(int): Block device:259,7 add event message.
07-25 14:30:26.499   233   233 E SLOGCP  : virtual void ExtStorageMonitor::process(int): Block device:259,8 add event message.
07-25 14:30:26.499   233   233 E SLOGCP  : virtual void ExtStorageMonitor::process(int): Block device:259,9 add event message.
07-25 14:30:26.499   233   233 E SLOGCP  : virtual void ExtStorageMonitor::process(int): Block device:259,10 add event message.
07-25 14:30:26.499   233   233 E SLOGCP  : virtual void ExtStorageMonitor::process(int): Block device:259,11 add event message.
07-25 14:30:26.499   233   233 E SLOGCP  : virtual void ExtStorageMonitor::process(int): Block device:259,12 add event message.
07-25 14:30:26.499   233   233 E SLOGCP  : virtual void ExtStorageMonitor::process(int): Block device:259,13 add event message.
07-25 14:30:26.499   233   233 E SLOGCP  : virtual void ExtStorageMonitor::process(int): Block device:259,14 add event message.
07-25 14:30:26.499   233   233 E SLOGCP  : virtual void ExtStorageMonitor::process(int): Block device:259,15 add event message.
07-25 14:30:26.499   237   277 I ThermalCvtGovernor: cpu-thmzone curTemp: 43550 tripTemp: 65000 setPollingDelay: 6000
07-25 14:30:26.499   220   220 I SurfaceFlinger: SurfaceFlinger is starting
07-25 14:30:26.499   220   220 I SurfaceFlinger: ro.bootmode : unknown sBootanimEnable :1
07-25 14:30:26.499   212   212 D WCND    : force_replace_config_file: chmod 660 /data/misc/bluedroid/btmac.txt
07-25 14:30:26.509   220   220 I SurfaceFlinger: SurfaceFlinger's main thread ready to run. Initializing graphics H/W...
07-25 14:30:26.519   212   212 D WCND    : userdebug version: userdebug!!!
07-25 14:30:26.519   212   212 D WCND    :  WCN ASSERT Interface: /proc/mdbg/assert 
07-25 14:30:26.519   212   212 D WCND    :  WCN WATCHDOG Interface: /proc/mdbg/wdtirq 
07-25 14:30:26.519   212   212 D WCND    :  WCN LOOP Interface: /proc/mdbg/loopcheck 
07-25 14:30:26.519   212   212 D WCND    :  WCN START Interface: NOT-USED 
07-25 14:30:26.519   212   212 D WCND    : WCN STOP Interface: NOT-USED 
07-25 14:30:26.519   212   212 D WCND    :  WCN DOWNLAOD Interface: NOT-USED 
07-25 14:30:26.519   212   212 D WCND    :  WCN IMAGE File: wcnmodem 
07-25 14:30:26.519   212   212 D WCND    :  WCN ATCMD Interface: /proc/mdbg/at_cmd
07-25 14:30:26.529   212   293 D WCND    : cp2_listen_thread: open assert dev: /proc/mdbg/assert, fd = 11
07-25 14:30:26.529   212   293 D WCND    : cp2_listen_thread: open watchdog dev: /proc/mdbg/wdtirq, fd = -1
07-25 14:30:26.529   212   293 D WCND    : open /proc/mdbg/wdtirq failed, error: No such file or directory
07-25 14:30:26.529   212   292 D WCND    : listen_fd = 7, max=10
07-25 14:30:26.529   212   292 D WCND    : dispatch_command2: arg[0] = 'wcn'
07-25 14:30:26.529   212   292 D WCND    : dispatch_command2: arg[1] = 'poweron'
07-25 14:30:26.529   212   292 D WCND    : wcnd_runcommand: arg[0] = 'poweron'
07-25 14:30:26.529   212   292 D WCND    : send_atcmd: Receive AT CMD: startwcn, len = 8
07-25 14:30:26.529   212   292 D WCND    : send_atcmd: open at cmd interface: /proc/mdbg/at_cmd, fd = 12
07-25 14:30:26.539   213   274 D MODEM_CTRL: write_proc_file: file is /proc/cptl/stop, string is 1!
07-25 14:30:26.539   235   235 E systemDebuggerd: RESULT IS 4
07-25 14:30:26.539   235   235 D systemDebuggerd: Initial sysdump on
07-25 14:30:26.539   235   235 D systemDebuggerd: waiting for connection
07-25 14:30:26.549   220   220 D libEGL  : loaded /vendor/lib/egl/libGLES_mali.so
07-25 14:30:26.599   219   307 E         : modem_log_handler: modem all disabled! [0]
07-25 14:30:26.659   220   220 I [Gralloc]: using 
07-25 14:30:26.659   220   220 I [Gralloc]: id           = 
07-25 14:30:26.659   220   220 I [Gralloc]: xres         = 320 px
07-25 14:30:26.659   220   220 I [Gralloc]: yres         = 360 px
07-25 14:30:26.659   220   220 I [Gralloc]: xres_virtual = 320 px
07-25 14:30:26.659   220   220 I [Gralloc]: yres_virtual = 1080 px
07-25 14:30:26.659   220   220 I [Gralloc]: bpp          = 16
07-25 14:30:26.659   220   220 I [Gralloc]: r            = 11:5
07-25 14:30:26.659   220   220 I [Gralloc]: g            =  5:6
07-25 14:30:26.659   220   220 I [Gralloc]: b            =  0:5
07-25 14:30:26.659   220   220 I [Gralloc]: width        = 68 mm (119.529411 dpi)
07-25 14:30:26.659   220   220 I [Gralloc]: height       = 121 mm (75.570251 dpi)
07-25 14:30:26.659   220   220 I [Gralloc]: refresh rate = 60.00 Hz
07-25 14:30:26.689   220   220 E SPRDHWComposer: hwcomposer can't find GSP hal ! 
07-25 14:30:26.689   220   220 E SPRDHWComposer: hwcomposer can't find DPU hal ! 
07-25 14:30:26.689   220   220 E SPRDHWComposer: cannot find DPU devices
07-25 14:30:26.689   220   220 E SPRDHWComposer: cannot find GXP devices
07-25 14:30:26.689   220   220 I SurfaceFlinger: Using composer version 1.3
07-25 14:30:26.689   220   220 I SPRDHWComposer: getDisplayAttributes: disp:0 vsync_period:16666000
07-25 14:30:26.689   220   220 I SPRDHWComposer: getDisplayAttributes: disp:0 width:320
07-25 14:30:26.689   220   220 I SPRDHWComposer: getDisplayAttributes: disp:0 height:360
07-25 14:30:26.689   220   220 I SPRDHWComposer: getDisplayAttributes: disp:0 xdpi:119529.000000
07-25 14:30:26.689   220   220 I SPRDHWComposer: getDisplayAttributes: disp:0 ydpi:75570.000000
07-25 14:30:26.719   213   274 D MODEM_CTRL:NV_READ:  read_nv_partition path=/dev/block/platform/soc/by-name/l_fixnv1, bak_path=/dev/block/platform/soc/by-name/l_fixnv2, out=/proc/cptl/fixnv
07-25 14:30:26.729   220   220 E cutils-trace: Error opening trace file: No such file or directory (2)
07-25 14:30:26.729   220   220 E ion     : ioctl c0144900 failed with code -1: No such device
07-25 14:30:26.729   220   220 E gralloc.midgard: heap_mask: 4, return error!
07-25 14:30:26.729   220   220 E gralloc.midgard: Failed to ion_alloc from ion_client:31
07-25 14:30:26.729   220   220 E gralloc.midgard: alloc_device_alloc alloc buffer err line: 1309
07-25 14:30:26.729   220   220 W GraphicBufferAllocator: alloc(320, 360, 1, 01000200, ...) failed -1 (Operation not permitted)
07-25 14:30:26.729   220   220 E SPRDHWComposer: SprdDisplayPlane cannot alloc buffer
07-25 14:30:26.729   220   220 E SPRDHWComposer: SprdDisplayPlane::open createPlaneBuffer failed
07-25 14:30:26.729   220   220 E SPRDHWComposer: SprdDisplayPlane openBase failed
07-25 14:30:26.729   220   220 E SPRDHWComposer: SprdPrimaryPlane::open failed
07-25 14:30:26.729   220   220 E SPRDHWComposer: SprdADFWrapper:: GetConfigs error, ret: -22
07-25 14:30:26.729   220   220 E SPRDHWComposer: SprdHWComposer:: getDisplayConfigs disp: 1 failed
07-25 14:30:26.729   220   220 I SurfaceFlinger: EGL informations:
07-25 14:30:26.729   220   220 I SurfaceFlinger: vendor    : Android
07-25 14:30:26.729   220   220 I SurfaceFlinger: version   : 1.4 Android META-EGL
07-25 14:30:26.729   220   220 I SurfaceFlinger: extensions: EGL_KHR_get_all_proc_addresses EGL_ANDROID_presentation_time EGL_KHR_image EGL_KHR_image_base EGL_KHR_gl_texture_2D_image EGL_KHR_gl_texture_cubemap_image EGL_KHR_gl_renderbuffer_image EGL_KHR_fence_sync EGL_KHR_create_context EGL_EXT_create_context_robustness EGL_ANDROID_image_native_buffer EGL_KHR_wait_sync EGL_ANDROID_recordable 
07-25 14:30:26.729   220   220 I SurfaceFlinger: Client API: OpenGL_ES
07-25 14:30:26.729   220   220 I SurfaceFlinger: EGLSurface: 8-8-8-8, config=0x81258510
07-25 14:30:26.759   213   274 D MODEM_CTRL:NV_READ: read_nv_partition modem control debug
07-25 14:30:26.839   213   274 D MODEM_CTRL:NV_READ: : both org and bak partition are ok!
07-25 14:30:26.839   213   274 D MODEM_CTRL:NV_READ:  read_nv_partition path=/dev/block/platform/soc/by-name/l_runtimenv1, bak_path=/dev/block/platform/soc/by-name/l_runtimenv2, out=/proc/cptl/runnv
07-25 14:30:26.849   220   220 I SurfaceFlinger: OpenGL ES informations:
07-25 14:30:26.849   220   220 I SurfaceFlinger: vendor    : ARM
07-25 14:30:26.849   220   220 I SurfaceFlinger: renderer  : Mali-T820
07-25 14:30:26.849   220   220 I SurfaceFlinger: version   : OpenGL ES-CM 1.1 v1.r14p0-01rel0.892c484f9d2eaef34c77a1c7520f9baf
07-25 14:30:26.849   220   220 I SurfaceFlinger: extensions: GL_EXT_debug_marker GL_OES_byte_coordinates GL_OES_fixed_point GL_OES_single_precision GL_OES_matrix_get GL_OES_compressed_paletted_texture GL_OES_point_size_array GL_OES_point_sprite GL_OES_read_format GL_OES_compressed_ETC1_RGB8_texture GL_OES_depth24 GL_OES_stencil8 GL_OES_framebuffer_object GL_OES_packed_depth_stencil GL_OES_rgb8_rgba8 GL_EXT_read_format_bgra GL_OES_matrix_palette GL_OES_extended_matrix_palette GL_OES_draw_texture GL_OES_blend_equation_separate GL_OES_blend_func_separate GL_OES_blend_subtract GL_OES_stencil_wrap GL_OES_texture_mirrored_repeat GL_EXT_texture_format_BGRA8888 GL_OES_query_matrix GL_OES_EGL_image GL_OES_EGL_image_external GL_OES_EGL_sync GL_OES_texture_npot GL_OES_vertex_half_float GL_OES_required_internalformat GL_OES_vertex_array_object GL_OES_mapbuffer GL_OES_fbo_render_mipmap GL_OES_element_index_uint GL_ARM_rgba8 GL_EXT_blend_minmax GL_EXT_discard_framebuffer GL_EXT_texture_storage GL_OES_texture_compression_astc GL_KHR_texture_compression_astc_ldr GL_KHR_te
07-25 14:30:26.849   220   220 I SurfaceFlinger: GL_MAX_TEXTURE_SIZE = 8192
07-25 14:30:26.849   220   220 I SurfaceFlinger: GL_MAX_VIEWPORT_DIMS = 8192
07-25 14:30:26.849   220   220 E BufferQueue: [FramebufferSurface] connect: already connected (cur=1, req=1)
07-25 14:30:26.849   220   220 D mali_winsys: EGLint new_window_surface(egl_winsys_display*, void*, EGLSurface, EGLConfig, egl_winsys_surface**, egl_color_buffer_format*, EGLBoolean) returns 0x3000
07-25 14:30:26.859   220   220 I SurfaceFlinger: start bootanim!
07-25 14:30:26.859   220   220 D SurfaceFlinger: Screen acquired, type=0 flinger=0x81249450 is_repaint=0
07-25 14:30:26.939   223   223 I mediaserver: ServiceManager: 0x8148a510
07-25 14:30:26.939   223   223 I AudioFlinger: Using default 3000 mSec as standby time.
07-25 14:30:26.939   223   223 V MediaPlayerService: MediaPlayerService created
07-25 14:30:26.939   223   223 I CameraService: CameraService started (pid=223)
07-25 14:30:26.939   223   223 D CameraService: CameraService::onFirstRef
07-25 14:30:26.999   213   274 D MODEM_CTRL:NV_READ: read_nv_partition modem control debug
07-25 14:30:27.089   358   358 I BootAnimation: begine bootanimation!
07-25 14:30:27.089   358   358 I BootAnimation: /data/theme/overlay/bootanimation.zip
07-25 14:30:27.089   358   358 I BootAnimation: /data/theme/overlay/bootsound.mp3
07-25 14:30:27.119   220   220 D SurfaceFlinger: createLayer flags=80000
07-25 14:30:27.119   213   274 D MODEM_CTRL:NV_READ: : both org and bak partition are ok!
07-25 14:30:27.119   358   394 D libEGL  : loaded /vendor/lib/egl/libGLES_mali.so
07-25 14:30:27.129   213   274 D MODEM_CTRL: Modem SCI offset: 0x651890!
07-25 14:30:27.129   213   274 D MODEM_CTRL: load_sipc_image: (/dev/block/platform/soc/by-name/l_modem(6625424) ==> /proc/cptl/modem(0) size=0xb7f820)
07-25 14:30:27.159   358   394 E cutils-trace: Error opening trace file: No such file or directory (2)
07-25 14:30:27.179   220   290 E BufferQueue: [BootAnimation] connect: already connected (cur=1, req=1)
07-25 14:30:27.179   358   394 D mali_winsys: EGLint new_window_surface(egl_winsys_display*, void*, EGLSurface, EGLConfig, egl_winsys_surface**, egl_color_buffer_format*, EGLBoolean) returns 0x3000
07-25 14:30:27.209   215   226 E VES     : VPAD_ioReadDevice: Open /dev/spipe_lte9 device FAIL.
07-25 14:30:27.209   215   226 E VES     : _VPAD_muxReadDeviceTask: VPMD read fail, retry later.
07-25 14:30:27.219   223   223 I Cam3Setting: getNumberOfCameras:2
07-25 14:30:27.219   223   223 I Cam3DualTuning: 90, SprdDualCamera3Tuning:  E
07-25 14:30:27.219   223   223 I Cam3DualTuning: 118, SprdDualCamera3Tuning: X
07-25 14:30:27.219   223   223 I CameraService: Loaded "Sprd Camera HAL3" camera module
07-25 14:30:27.219   223   223 V CameraService: setCameraFree cameraId=0
07-25 14:30:27.219   223   223 V CameraService: setCameraFree cameraId=1
07-25 14:30:27.229   220   220 I gralloc.midgard: alloc_device_alloc, type=0, hnd=0x813896f8, share_fd=38, share_attr_fd=39, ion_hnd=0x1, magic=51647890, format=1, 		internal_format=1, byte_stride=1280, flags=4, usage=0x1a00, size=460800, width=320, height=360, internalWidth=320, 		internalHeight=360, stride=320, ADP_VSTRIDE=0,base=0xb56df000, lockState=1073741824, writeOwner=0, pid=220, attr_base=0xffffffff, yuv_info=1, fd=0, buf_idx=0, 		offset=100000000000, min_pgsz=151060995, phyaddr=81275e98813896f8
07-25 14:30:27.249   223   223 I AudioPolicyManagerBase: stringToEnum() found AUDIO_DEVICE_OUT_EARPIECE
07-25 14:30:27.249   223   223 I AudioPolicyManagerBase: stringToEnum() found AUDIO_DEVICE_OUT_SPEAKER
07-25 14:30:27.249   223   223 I AudioPolicyManagerBase: loadGlobalConfig() mAttachedOutputDevices 0003
07-25 14:30:27.249   223   223 I AudioPolicyManagerBase: stringToEnum() found AUDIO_DEVICE_OUT_SPEAKER
07-25 14:30:27.249   223   223 I AudioPolicyManagerBase: loadGlobalConfig() mDefaultOutputDevice 0002
07-25 14:30:27.249   223   223 I AudioPolicyManagerBase: stringToEnum() found AUDIO_DEVICE_IN_BUILTIN_MIC
07-25 14:30:27.249   223   223 I AudioPolicyManagerBase: stringToEnum() found AUDIO_DEVICE_IN_REMOTE_SUBMIX
07-25 14:30:27.249   223   223 V AudioPolicyManagerBase: loadGlobalConfig() mAvailableInputDevices 0104
07-25 14:30:27.249   223   223 I AudioPolicyManagerBase: loadHwModules() loading module primary
07-25 14:30:27.249   223   223 I AudioPolicyManagerBase: loadHwModule() loading output primary
07-25 14:30:27.249   223   223 V AudioPolicyManagerBase: loadSamplingRates() adding rate 44100
07-25 14:30:27.249   223   223 I AudioPolicyManagerBase: loadOutChannels() AUDIO_CHANNEL_OUT_STEREO
07-25 14:30:27.249   223   223 I AudioPolicyManagerBase: stringToEnum() found AUDIO_CHANNEL_OUT_STEREO
07-25 14:30:27.249   223   223 I AudioPolicyManagerBase: stringToEnum() found AUDIO_FORMAT_PCM_16_BIT
07-25 14:30:27.249   223   223 I AudioPolicyManagerBase: stringToEnum() found AUDIO_DEVICE_OUT_EARPIECE
07-25 14:30:27.249   223   223 I AudioPolicyManagerBase: stringToEnum() found AUDIO_DEVICE_OUT_SPEAKER
07-25 14:30:27.249   223   223 I AudioPolicyManagerBase: stringToEnum() found AUDIO_DEVICE_OUT_WIRED_HEADSET
07-25 14:30:27.249   223   223 I AudioPolicyManagerBase: stringToEnum() found AUDIO_DEVICE_OUT_WIRED_HEADPHONE
07-25 14:30:27.249   223   223 I AudioPolicyManagerBase: stringToEnum() found AUDIO_DEVICE_OUT_ALL_SCO
07-25 14:30:27.249   223   223 I AudioPolicyManagerBase: stringToEnum() found AUDIO_DEVICE_OUT_AUX_DIGITAL
07-25 14:30:27.249   223   223 I AudioPolicyManagerBase: stringToEnum() found AUDIO_DEVICE_OUT_DGTL_DOCK_HEADSET
07-25 14:30:27.249   223   223 I AudioPolicyManagerBase: stringToEnum() found AUDIO_DEVICE_OUT_FM_HEADSET
07-25 14:30:27.249   223   223 I AudioPolicyManagerBase: stringToEnum() found AUDIO_DEVICE_OUT_FM_SPEAKER
07-25 14:30:27.249   223   223 I AudioPolicyManagerBase: stringToEnum() found AUDIO_OUTPUT_FLAG_PRIMARY
07-25 14:30:27.249   223   223 V AudioPolicyManagerBase: loadOutput() adding output mSupportedDevices 300147f, mFlags 0002
07-25 14:30:27.249   223   223 I AudioPolicyManagerBase: loadHwModule() loading input primary
07-25 14:30:27.249   223   223 V AudioPolicyManagerBase: loadSamplingRates() adding rate 8000
07-25 14:30:27.249   223   223 V AudioPolicyManagerBase: loadSamplingRates() adding rate 11025
07-25 14:30:27.249   223   223 V AudioPolicyManagerBase: loadSamplingRates() adding rate 16000
07-25 14:30:27.249   223   223 V AudioPolicyManagerBase: loadSamplingRates() adding rate 22050
07-25 14:30:27.249   223   223 V AudioPolicyManagerBase: loadSamplingRates() adding rate 24000
07-25 14:30:27.249   223   223 V AudioPolicyManagerBase: loadSamplingRates() adding rate 32000
07-25 14:30:27.249   223   223 V AudioPolicyManagerBase: loadSamplingRates() adding rate 44100
07-25 14:30:27.249   223   223 V AudioPolicyManagerBase: loadSamplingRates() adding rate 48000
07-25 14:30:27.249   223   223 I AudioPolicyManagerBase: loadInChannels() AUDIO_CHANNEL_IN_MONO
07-25 14:30:27.249   223   223 I AudioPolicyManagerBase: stringToEnum() found AUDIO_CHANNEL_IN_MONO
07-25 14:30:27.249   223   223 I AudioPolicyManagerBase: loadInChannels() adding channelMask 0010
07-25 14:30:27.249   223   223 I AudioPolicyManagerBase: stringToEnum() found AUDIO_CHANNEL_IN_STEREO
07-25 14:30:27.249   223   223 I AudioPolicyManagerBase: loadInChannels() adding channelMask 000c
07-25 14:30:27.249   223   223 I AudioPolicyManagerBase: stringToEnum() found AUDIO_FORMAT_PCM_16_BIT
07-25 14:30:27.249   223   223 I AudioPolicyManagerBase: stringToEnum() found AUDIO_DEVICE_IN_BUILTIN_MIC
07-25 14:30:27.249   223   223 I AudioPolicyManagerBase: stringToEnum() found AUDIO_DEVICE_IN_BLUETOOTH_SCO_HEADSET
07-25 14:30:27.249   223   223 I AudioPolicyManagerBase: stringToEnum() found AUDIO_DEVICE_IN_WIRED_HEADSET
07-25 14:30:27.249   223   223 I AudioPolicyManagerBase: stringToEnum() found AUDIO_DEVICE_IN_BACK_MIC
07-25 14:30:27.249   223   223 V AudioPolicyManagerBase: loadInput() adding input mSupportedDevices 8000009c
07-25 14:30:27.249   223   223 I AudioPolicyManagerBase: loadHwModules() loading module a2dp
07-25 14:30:27.249   223   223 I AudioPolicyManagerBase: loadHwModule() loading output a2dp
07-25 14:30:27.249   223   223 V AudioPolicyManagerBase: loadSamplingRates() adding rate 44100
07-25 14:30:27.249   223   223 I AudioPolicyManagerBase: loadOutChannels() AUDIO_CHANNEL_OUT_STEREO
07-25 14:30:27.249   223   223 I AudioPolicyManagerBase: stringToEnum() found AUDIO_CHANNEL_OUT_STEREO
07-25 14:30:27.249   223   223 I AudioPolicyManagerBase: stringToEnum() found AUDIO_FORMAT_PCM_16_BIT
07-25 14:30:27.249   223   223 I AudioPolicyManagerBase: stringToEnum() found AUDIO_DEVICE_OUT_ALL_A2DP
07-25 14:30:27.249   223   223 V AudioPolicyManagerBase: loadOutput() adding output mSupportedDevices 0380, mFlags 0000
07-25 14:30:27.249   223   223 I AudioPolicyManagerBase: loadHwModules() loading module usb
07-25 14:30:27.249   223   223 I AudioPolicyManagerBase: loadHwModule() loading output usb_accessory
07-25 14:30:27.249   223   223 V AudioPolicyManagerBase: loadSamplingRates() adding rate 44100
07-25 14:30:27.249   223   223 I AudioPolicyManagerBase: loadOutChannels() AUDIO_CHANNEL_OUT_STEREO
07-25 14:30:27.249   223   223 I AudioPolicyManagerBase: stringToEnum() found AUDIO_CHANNEL_OUT_STEREO
07-25 14:30:27.249   223   223 I AudioPolicyManagerBase: stringToEnum() found AUDIO_FORMAT_PCM_16_BIT
07-25 14:30:27.249   223   223 I AudioPolicyManagerBase: stringToEnum() found AUDIO_DEVICE_OUT_USB_ACCESSORY
07-25 14:30:27.249   223   223 V AudioPolicyManagerBase: loadOutput() adding output mSupportedDevices 2000, mFlags 0000
07-25 14:30:27.249   223   223 I AudioPolicyManagerBase: loadHwModule() loading output usb_device
07-25 14:30:27.249   223   223 V AudioPolicyManagerBase: loadSamplingRates() adding rate 44100
07-25 14:30:27.249   223   223 I AudioPolicyManagerBase: loadOutChannels() AUDIO_CHANNEL_OUT_STEREO
07-25 14:30:27.249   223   223 I AudioPolicyManagerBase: stringToEnum() found AUDIO_CHANNEL_OUT_STEREO
07-25 14:30:27.249   223   223 I AudioPolicyManagerBase: stringToEnum() found AUDIO_FORMAT_PCM_16_BIT
07-25 14:30:27.249   223   223 I AudioPolicyManagerBase: stringToEnum() found AUDIO_DEVICE_OUT_USB_DEVICE
07-25 14:30:27.249   223   223 V AudioPolicyManagerBase: loadOutput() adding output mSupportedDevices 4000, mFlags 0000
07-25 14:30:27.249   223   223 I AudioPolicyManagerBase: loadHwModule() loading input usb_device
07-25 14:30:27.249   223   223 I AudioPolicyManagerBase: loadInChannels() dynamic
07-25 14:30:27.249   223   223 W AudioPolicyManagerBase: loadInput() invalid supported devices
07-25 14:30:27.249   223   223 I AudioPolicyManagerBase: loadHwModules() loading module r_submix
07-25 14:30:27.249   223   223 I AudioPolicyManagerBase: loadHwModule() loading output submix
07-25 14:30:27.249   223   223 V AudioPolicyManagerBase: loadSamplingRates() adding rate 48000
07-25 14:30:27.249   223   223 I AudioPolicyManagerBase: loadOutChannels() AUDIO_CHANNEL_OUT_STEREO
07-25 14:30:27.249   223   223 I AudioPolicyManagerBase: stringToEnum() found AUDIO_CHANNEL_OUT_STEREO
07-25 14:30:27.249   223   223 I AudioPolicyManagerBase: stringToEnum() found AUDIO_FORMAT_PCM_16_BIT
07-25 14:30:27.249   223   223 I AudioPolicyManagerBase: stringToEnum() found AUDIO_DEVICE_OUT_REMOTE_SUBMIX
07-25 14:30:27.249   223   223 V AudioPolicyManagerBase: loadOutput() adding output mSupportedDevices 8000, mFlags 0000
07-25 14:30:27.249   223   223 I AudioPolicyManagerBase: loadHwModule() loading input submix
07-25 14:30:27.249   223   223 V AudioPolicyManagerBase: loadSamplingRates() adding rate 48000
07-25 14:30:27.249   223   223 I AudioPolicyManagerBase: loadInChannels() AUDIO_CHANNEL_IN_STEREO
07-25 14:30:27.249   223   223 I AudioPolicyManagerBase: stringToEnum() found AUDIO_CHANNEL_IN_STEREO
07-25 14:30:27.249   223   223 I AudioPolicyManagerBase: loadInChannels() adding channelMask 000c
07-25 14:30:27.249   223   223 I AudioPolicyManagerBase: stringToEnum() found AUDIO_FORMAT_PCM_16_BIT
07-25 14:30:27.249   223   223 I AudioPolicyManagerBase: stringToEnum() found AUDIO_DEVICE_IN_REMOTE_SUBMIX
07-25 14:30:27.249   223   223 V AudioPolicyManagerBase: loadInput() adding input mSupportedDevices 80000100
07-25 14:30:27.249   223   223 I AudioPolicyManagerBase: loadAudioPolicyConfig() loaded /system/etc/audio_policy.conf
07-25 14:30:27.249   223   223 V AudioFlinger: registerClient() client 0x8148bce0, pid 223
07-25 14:30:27.259   220   220 E SPRDHWComposer: SprdPrimaryDisplayDevice:: buildSyncData input fencefd illegal
07-25 14:30:27.269   358   394 W BootAnimation: boot animation play default source.
07-25 14:30:27.269   358   394 W BootAnimation: can not find bootanimation sound resource....
07-25 14:30:27.389   228   228 E refnotify: RefNotify open /dev/spipe_lte8 failed, error: No such device
07-25 14:30:27.399   213   259 E MODEM_CTRL: parm_modem_monitor: open /dev/sctl_pm failed, Permission denied
07-25 14:30:27.399   223   223 W audio_hw_primary: adev_open
07-25 14:30:27.399   223   223 W audio_hw_primary: adev_open begin
07-25 14:30:27.399   223   223 E audio_hw_primary: ----adev_modem_i2s_parse----000- 
07-25 14:30:27.409   223   223 I audio_hw_primary: The device name is sc8830-audio
07-25 14:30:27.409   223   223 V audio_hw_primary: The modem num is '1'
07-25 14:30:27.409   223   223 D audio_hw_primary: peter: modem num is 1
07-25 14:30:27.409   223   223 I audio_hw_primary: cp name is 'csfb', pipe is '/dev/spipe_lte6',vbc is '0',cpu index is '0'
07-25 14:30:27.409   223   223 E audio_hw_primary: The cp_nbio_dump is spipe = 'dev/spipe_lte14'
07-25 14:30:27.409   223   223 E audio_hw_primary: nbio pipe name is 'dev/spipe_lte14'
07-25 14:30:27.409   223   223 D audio_hw_primary: nbio_pipe name dev/spipe_lte14
07-25 14:30:27.409   223   223 I audio_hw_primary: fm type is digital    fm_type=0
07-25 14:30:27.409   223   223 V audio_hw_primary: The voip run on modem  is 'csfb'
07-25 14:30:27.409   223   223 V audio_hw_primary: voip pipe name is /dev/spipe_lte4
07-25 14:30:27.409   223   223 V audio_hw_primary: The enable_for_voip is '1'
07-25 14:30:27.409   223   223 I audio_hw_primary: i2s_switch_fm[0] :SYS_IIS0-->vbc_iis1
07-25 14:30:27.409   223   223 I audio_hw_primary: i2s_switch_btcall :SYS_IIS0-->tgdsp_iis0
07-25 14:30:27.409   223   223 I audio_hw_primary: i2s_switch_ap :SYS_IIS0-->ap_iis0
