07-25 14:30:27.749   223   414 E audio_hw_primary: voice_command_signal: X
07-25 14:30:27.749   223   414 E audio_hw_primary: push_voice_command: X,at_cmd:AT+VGR=6,bit:1,postcmd:AT+VGR=6
07-25 14:30:27.749   223   414 D AudioPolicyService: AudioCommandThread() processing set voice volume mWaitStatus(1)
07-25 14:30:27.749   223   501 V audio_hw_primary: do_voice_command: E,332,32,8149caa0,dirty:2
07-25 14:30:27.749   223   501 V audio_hw_primary: do_cmd_dual Switch incall AT command dirty_count:[1] : [9] :[2]
07-25 14:30:27.749   223   501 V audio_hw_primary: do_cmd_dual Switch incall AT command dirty Bit :[1] 
07-25 14:30:27.749   223   501 V audio_hw_primary: do_cmd_dual Switch incall AT command [0][0][AT+VGR=6][1] 
07-25 14:30:27.749   223   414 D AudioPolicyService: AudioCommandThread() processing set voice volume signal
07-25 14:30:27.749   223   223 I AudioPolicyManagerBase: checkAndSetVolume() for output 2 stream 1, volume 0.501188, delay 0
07-25 14:30:27.749   223   414 V AudioFlinger: setStreamVolume: stream_type 1, value 0.501188
07-25 14:30:27.749   223   517 E AudioFlinger: no wake lock to update!
07-25 14:30:27.749   223   223 I AudioPolicyManagerBase: checkAndSetVolume() for output 2 stream 2, volume 1.000000, delay 0
07-25 14:30:27.749   223   414 V AudioFlinger: setStreamVolume: stream_type 2, value 1.000000
07-25 14:30:27.749   223   223 I AudioPolicyManagerBase: checkAndSetVolume() for output 2 stream 3, volume 1.000000, delay 0
07-25 14:30:27.749   223   414 V AudioFlinger: setStreamVolume: stream_type 3, value 1.000000
07-25 14:30:27.749   223   223 I AudioPolicyManagerBase: checkAndSetVolume() for output 2 stream 4, volume 1.000000, delay 0
07-25 14:30:27.749   223   414 V AudioFlinger: setStreamVolume: stream_type 4, value 1.000000
07-25 14:30:27.749   223   223 I AudioPolicyManagerBase: checkAndSetVolume() for output 2 stream 5, volume 1.000000, delay 0
07-25 14:30:27.749   223   414 V AudioFlinger: setStreamVolume: stream_type 5, value 1.000000
07-25 14:30:27.749   223   223 I AudioPolicyManagerBase: checkAndSetVolume() cannot set stream 6 volume with force use = 0 for comm
07-25 14:30:27.749   223   223 I AudioPolicyManagerBase: checkAndSetVolume() for output 2 stream 7, volume 0.501188, delay 0
07-25 14:30:27.749   223   414 V AudioFlinger: setStreamVolume: stream_type 7, value 0.501188
07-25 14:30:27.749   223   223 I AudioPolicyManagerBase: checkAndSetVolume() for output 2 stream 8, volume 0.501188, delay 0
07-25 14:30:27.749   223   414 V AudioFlinger: setStreamVolume: stream_type 8, value 0.501188
07-25 14:30:27.749   223   223 I AudioPolicyManagerBase: checkAndSetVolume() for output 2 stream 9, volume 1.000000, delay 0
07-25 14:30:27.749   223   414 V AudioFlinger: setStreamVolume: stream_type 9, value 1.000000
07-25 14:30:27.749   223   223 I AudioPolicyManagerBase: checkAndSetVolume() stream 10
07-25 14:30:27.759   223   223 I audio_a2dp_hw: adev_open:  adev_open in A2dp_hw module
07-25 14:30:27.759   223   223 I AudioFlinger: loadHwModule() Loaded a2dp audio interface from A2DP Audio HW HAL (audio) handle 3
07-25 14:30:27.779   223   223 I r_submix: adev_open(name=audio_hw_if)
07-25 14:30:27.779   223   223 I r_submix: adev_init_check()
07-25 14:30:27.779   223   223 I AudioFlinger: loadHwModule() Loaded r_submix audio interface from Wifi Display audio HAL (audio) handle 4
07-25 14:30:27.779   223   223 I AudioPolicyManagerBase: getDeviceForStrategy() strategy 0, device 2
07-25 14:30:27.779   223   223 I AudioPolicyManagerBase: getDeviceForStrategy() strategy 1, device 1
07-25 14:30:27.779   223   223 I AudioPolicyManagerBase: getDeviceForStrategy() strategy 2, device 2
07-25 14:30:27.779   223   223 I AudioPolicyManagerBase: getDeviceForStrategy() strategy 0, device 2
07-25 14:30:27.779   223   223 I AudioPolicyManagerBase: getDeviceForStrategy() strategy 3, device 2
07-25 14:30:27.779   223   223 I AudioPolicyManagerBase: getDeviceForStrategy() strategy 0, device 2
07-25 14:30:27.779   223   223 I AudioPolicyManagerBase: getDeviceForStrategy() strategy 4, device 2
07-25 14:30:27.779   223   223 I AudioPolicyManagerBase: getDeviceForStrategy() strategy 5, device 2
07-25 14:30:27.779   223   223 I AudioPolicyManagerBase: getDeviceForStrategy() strategy 6, device 0
07-25 14:30:27.779   223   223 I AudioPolicyManagerBase: setSystemProperty() property ro.camera.sound.forced, value 1
07-25 14:30:27.779   223   223 I AudioPolicyManagerBase: ENFORCED_AUDIBLE cannot be muted
07-25 14:30:27.779   223   223 I AudioPolicyService: Loaded audio policy from LEGACY Audio Policy HAL (audio_policy)
07-25 14:30:27.779   223   223 I VideoCallEngineService: Instantiate
07-25 14:30:27.779   223   223 I VideoCallEngineService: VideoCallEngineService create
07-25 14:30:27.779   223   223 I VideoCallEngineService: ret = 0
07-25 14:30:27.779   213   274 D MODEM_CTRL: load_sipc_image: (/dev/block/platform/soc/by-name/l_deltanv(0) ==> /proc/cptl/deltanv(0) size=0x100000)
07-25 14:30:27.819   213   274 E MODEM_CTRL: failed to write /proc/cptl/deltanv [wsize=0, rsize=524288, remain=524288]
07-25 14:30:27.819   213   274 D MODEM_CTRL: boot_from_table: image[2].size=0
07-25 14:30:27.819   213   274 D MODEM_CTRL: load_sipc_image: (/dev/block/platform/soc/by-name/l_gdsp(0) ==> /proc/cptl/gdsp(0) size=0x510000)
07-25 14:30:27.899   222   222 E         : RightsManager::insertOrUpdate: insert or replace into rights values (null,'1.0','sprd_fl_uid_YbsnhXwSV0lwh9vz0Iox2w==
07-25 14:30:27.899   222   222 E         : ','Dkv0fBW3iE7tk075SXP6rQ==
07-25 14:30:27.899   222   222 E         : ',-1,-1,-1,-1,-1,-1,-1,-1,-1,-1,-1,-1,-1,-1,-1,0,0,0,0,0,-1,-1,-1,-1,-1,-1,-1,-1,-1,-1,-1,-1,-1,-1,-1,-1,-1,-1,-1,-1)
07-25 14:30:27.929   213   274 E MODEM_CTRL: failed to write /proc/cptl/gdsp [wsize=0, rsize=524288, remain=3211264]
07-25 14:30:27.929   222   222 E         : RightsManager::insertOrUpdate: end
07-25 14:30:27.929   222   222 E DrmOmaPlugIn: DrmOmaPlugIn::onGetSupportInfo : 0
07-25 14:30:27.929   213   274 D MODEM_CTRL: load_sipc_image: (/dev/block/platform/soc/by-name/l_ldsp(0) ==> /proc/cptl/ldsp(0) size=0xc00000)
07-25 14:30:27.939   212   292 E WCND    : send_atcmd: write /proc/mdbg/at_cmd success
07-25 14:30:27.939   212   292 D WCND    : wcnd_runcommand: CP2 POWERON REQ from self
07-25 14:30:27.939   212   292 D WCND    : Current State: 2, receive event: 0x100!!
07-25 14:30:27.939   212   292 D WCND    : Enter WCND_STATE_CP2_STARTING from WCND_STATE_CP2_STOPPED for WCND_EVENT_CP2POWERON_REQ
07-25 14:30:27.939   212   292 D WCND    : listen_fd = 7, max=10
07-25 14:30:28.029   220   284 I gralloc.midgard: alloc_device_alloc, type=0, hnd=0x8138f7e8, share_fd=40, share_attr_fd=42, ion_hnd=0x2, magic=51647890, format=2, 		internal_format=2, byte_stride=1280, flags=4, usage=0xb00, size=460800, width=320, height=360, internalWidth=320, 		internalHeight=360, stride=320, ADP_VSTRIDE=0,base=0xb551f000, lockState=1073741824, writeOwner=0, pid=220, attr_base=0xffffffff, yuv_info=1, fd=0, buf_idx=0, 		offset=100000000000, min_pgsz=-1, phyaddr=81275e988138f7e8
07-25 14:30:28.029   358   394 I gralloc.midgard: gralloc_register_buffer hnd=0x7f77ebd0, share_fd=20, share_attr_fd=21, ion_hnd=0x2, magic=51647890, format=2,         	internal_format=2, byte_stride=1280, flags=4, usage=0xb00, size=460800, width=320, height=360, internalWidth=320,         	internalHeight=360, stride=320, base=0xb55b9000, lockState=1073741824, writeOwner=0, pid=358, attr_base=0xffffffff, yuv_info=1, fd=0, buf_idx=0,        		offset=ffffffff00001000, min_pgsz=2138565584, phyaddr=b6e054eb7f77ebd0
07-25 14:30:28.039   220   220 I gralloc.midgard: alloc_device_alloc, type=0, hnd=0x81367d40, share_fd=43, share_attr_fd=45, ion_hnd=0x3, magic=51647890, format=1, 		internal_format=1, byte_stride=1280, flags=4, usage=0x1a00, size=460800, width=320, height=360, internalWidth=320, 		internalHeight=360, stride=320, ADP_VSTRIDE=0,base=0xb54ae000, lockState=1073741824, writeOwner=0, pid=220, attr_base=0xffffffff, yuv_info=1, fd=0, buf_idx=0, 		offset=100000000000, min_pgsz=0, phyaddr=81275e9881367d40
07-25 14:30:28.049   221   221 D AndroidRuntime: CheckJNI is OFF
07-25 14:30:28.059   220   284 I gralloc.midgard: alloc_device_alloc, type=0, hnd=0x8137cd30, share_fd=46, share_attr_fd=47, ion_hnd=0x4, magic=51647890, format=2, 		internal_format=2, byte_stride=1280, flags=4, usage=0xb00, size=460800, width=320, height=360, internalWidth=320, 		internalHeight=360, stride=320, ADP_VSTRIDE=0,base=0xb543d000, lockState=1073741824, writeOwner=0, pid=220, attr_base=0xffffffff, yuv_info=1, fd=0, buf_idx=0, 		offset=100000000000, min_pgsz=0, phyaddr=81275e988137cd30
07-25 14:30:28.059   358   394 I gralloc.midgard: gralloc_register_buffer hnd=0x7f78f298, share_fd=27, share_attr_fd=28, ion_hnd=0x4, magic=51647890, format=2,         	internal_format=2, byte_stride=1280, flags=4, usage=0xb00, size=460800, width=320, height=360, internalWidth=320,         	internalHeight=360, stride=320, base=0xb5449000, lockState=1073741824, writeOwner=0, pid=358, attr_base=0xffffffff, yuv_info=1, fd=0, buf_idx=0,        		offset=1000, min_pgsz=2138632856, phyaddr=b6e054eb7f78f298
07-25 14:30:28.209   216   216 D MDnsDS  : MDnsSdListener::Hander starting up
07-25 14:30:28.209   216   579 D MDnsDS  : MDnsSdListener starting to monitor
07-25 14:30:28.209   216   579 D MDnsDS  : Going to poll with pollCount 1
07-25 14:30:28.209   215   226 E VES     : VPAD_ioReadDevice: Open /dev/spipe_lte9 device FAIL.
07-25 14:30:28.209   215   226 E VES     : _VPAD_muxReadDeviceTask: VPMD read fail, retry later.
07-25 14:30:28.219   221   221 D dalvikvm: DexOpt: --- BEGIN 'core.jar' (bootstrap=1) ---
07-25 14:30:28.299   213   274 E MODEM_CTRL: failed to write /proc/cptl/ldsp [wsize=0, rsize=524288, remain=1572864]
07-25 14:30:28.309   213   274 D MODEM_CTRL: load_sipc_image: (/dev/block/platform/soc/by-name/l_warm(0) ==> /proc/cptl/warm(0) size=0x500000)
07-25 14:30:28.309   213   274 E MODEM_CTRL: failed to open /dev/block/platform/soc/by-name/l_warm, error: No such file or directory
07-25 14:30:28.309   213   274 D MODEM_CTRL: load_cp_cmdline (/proc/cmdline ==> /proc/cptl/cpcmdline)
07-25 14:30:28.309   213   274 D MODEM_CTRL: write cmdline [wsize = 159]
07-25 14:30:28.309   213   274 D MODEM_CTRL: boot_from_table: image[7].size=0
07-25 14:30:28.309   213   274 D MODEM_CTRL: load_sipc_image: (/dev/block/platform/soc/by-name/pm_sys(0) ==> /proc/pmic/pm_sys(0) size=0x100000)
07-25 14:30:28.329   213   274 E MODEM_CTRL: failed to write /proc/pmic/pm_sys [wsize=0, rsize=524288, remain=524288]
07-25 14:30:28.329   213   274 D MODEM_CTRL: load_sipc_image: (/system/vendor/firmware/EXEC_CALIBRATE_MAG_IMAGE(0) ==> /proc/pmic/cali_lib(0) size=0x10000)
07-25 14:30:28.329   213   274 E MODEM_CTRL: failed to open /system/vendor/firmware/EXEC_CALIBRATE_MAG_IMAGE, error: No such file or directory
07-25 14:30:28.329   213   274 D MODEM_CTRL: pmcp cali lib does not exist, need to clear the cali region
07-25 14:30:28.329   213   274 E MODEM_CTRL: failed to open /proc/pmic/cali_lib, error: No such file or directory
07-25 14:30:28.329   213   274 D MODEM_CTRL: pmcp_start= /proc/pmic/start
07-25 14:30:28.329   213   274 D MODEM_CTRL: write_proc_file: file is /proc/pmic/start, string is 1!
07-25 14:30:28.389   213   274 D MODEM_CTRL: cp_start= /proc/cptl/start
07-25 14:30:28.389   213   274 D MODEM_CTRL: write_proc_file: file is /proc/cptl/start, string is 1!
07-25 14:30:28.389   228   228 E refnotify: RefNotify open /dev/spipe_lte8 failed, error: No such device
07-25 14:30:28.399   213   259 E MODEM_CTRL: parm_modem_monitor: open /dev/sctl_pm failed, Permission denied
07-25 14:30:28.409   582   582 D dalvikvm: Ignoring duplicate verify attempt on Ljava/lang/Object;
07-25 14:30:28.459   239   239 D imsbr   : iptables -w -I INPUT -m mark --mark 0x40000000/0xc0000000 -m limit --limit 15/min -j LOG --log-prefix imsbr-in exit with 256
07-25 14:30:28.469   239   239 D imsbr   : ip6tables -w -I INPUT -m mark --mark 0x40000000/0xc0000000 -m limit --limit 15/min -j LOG --log-prefix imsbr-in exit with 256
07-25 14:30:28.469   239   239 D imsbr   : iptables -w -t mangle -I PREROUTING -m mark --mark 0x40000000/0xc0000000 -m limit --limit 15/min -j LOG --log-prefix imsbr-pre exit with 256
07-25 14:30:28.479   239   239 D imsbr   : ip6tables -w -t mangle -I PREROUTING -m mark --mark 0x40000000/0xc0000000 -m limit --limit 15/min -j LOG --log-prefix imsbr-pre exit with 256
07-25 14:30:28.479   239   239 D imsbr   : ip link set dev dummy0 up exit with 0
07-25 14:30:28.489   582   582 D dalvikvm: Ignoring duplicate verify attempt on Ljava/lang/Class;
07-25 14:30:28.489   591   591 D ip_monitor-240: 2: dummy0: <BROADCAST,NOARP,UP,LOWER_UP> mtu 1500 qdisc noqueue state UNKNOWN 
07-25 14:30:28.499   582   582 D dalvikvm: Ignoring duplicate verify attempt on Ljava/lang/ref/Reference;
07-25 14:30:28.499   582   582 D dalvikvm: Ignoring duplicate verify attempt on Ljava/lang/ref/ReferenceQueue;
07-25 14:30:28.499   592   592 D ip_monitor-240: link/ether 4a:11:cb:89:88:74 brd ff:ff:ff:ff:ff:ff 
07-25 14:30:28.499   593   593 D ip_monitor-240: ff00::/8 dev dummy0  table local  metric 256 
07-25 14:30:28.509   213   274 D MODEM_CTRL: load_sipc_modem_img: wake lock bEnable = 0!
07-25 14:30:28.509   213   274 D MODEM_CTRL: wait_for_modem_alive: wake lock bEnable = 1!
07-25 14:30:28.509   213   274 D MODEM_CTRL: wait_for_modem_alive: ro.modem.l.tty = /dev/stty_lte
07-25 14:30:28.509   213   274 D MODEM_CTRL: wait_for_modem_alive: times:60, failed to open tty dev:  /dev/stty_lte0, fd = -1
07-25 14:30:28.509   594   594 D ip_monitor-240: fe80::/64 dev dummy0  proto kernel  metric 256 
07-25 14:30:28.509   595   595 D ip_monitor-240: 2: dummy0: <BROADCAST,NOARP,UP,LOWER_UP> mtu 1500 state UNKNOWN 
07-25 14:30:28.519   596   596 D ip_monitor-240: link/ether 4a:11:cb:89:88:74 
07-25 14:30:28.519   582   582 D dalvikvm: Ignoring duplicate verify attempt on Ljava/lang/ref/FinalizerReference;
07-25 14:30:28.519   597   597 D ip_monitor-240: 2: dummy0    inet6 fe80::4811:cbff:fe89:8874/64 scope link 
07-25 14:30:28.529   598   598 D ip_monitor-240: valid_lft forever preferred_lft forever 
07-25 14:30:28.529   599   599 D ip_monitor-240: local fe80::4811:cbff:fe89:8874 dev lo  table local  proto none  metric 0 
07-25 14:30:28.529   212   293 D WCND    : cp2_listen_thread: open watchdog dev: /proc/mdbg/wdtirq, fd = -1
07-25 14:30:28.529   212   293 D WCND    : open /proc/mdbg/wdtirq failed, error: No such file or directory
07-25 14:30:28.649   223   495 E audio_hw_primary: vbc_ctrl_voip_thread_routine open fail, pipe_name:/dev/spipe_lte4, 19.
07-25 14:30:28.649   223   494 I audio_hw_primary: vbc_ctrl_thread_routine open fail, pipe_name:/dev/spipe_lte6, 19.
07-25 14:30:28.979   582   582 D dalvikvm: DexOpt: load 43ms, verify+opt 564ms, 1510348 bytes
07-25 14:30:29.189   201   201 E sdcard  : missing packages.list; retrying
07-25 14:30:29.289   221   221 D dalvikvm: DexOpt: --- END 'core.jar' (success) ---
07-25 14:30:29.289   221   221 D dalvikvm: DEX prep '/system/framework/core.jar': unzip in 112ms, rewrite 1072ms
07-25 14:30:29.309   221   221 D dalvikvm: DexOpt: --- BEGIN 'conscrypt.jar' (bootstrap=1) ---
07-25 14:30:29.389   228   228 D refnotify: RefNotify open /dev/spipe_lte8 success
07-25 14:30:29.389   228   228 D refnotify: RefNotify main: wait for modem notify event ...
07-25 14:30:29.389   228   602 E refnotify: refnotify_recv_wcn_msgs: sock =  9
07-25 14:30:29.399   212   292 D WCND    : wcnd got 12 from accept
07-25 14:30:29.399   212   292 D WCND    : listen_fd = 7, max=12
07-25 14:30:29.399   213   259 E MODEM_CTRL: parm_modem_monitor: open /dev/sctl_pm failed, Permission denied
07-25 14:30:29.429   600   600 D dalvikvm: DexOpt: load 10ms, verify+opt 84ms, 420708 bytes
07-25 14:30:29.479   221   221 D dalvikvm: DexOpt: --- END 'conscrypt.jar' (success) ---
07-25 14:30:29.479   221   221 D dalvikvm: DEX prep '/system/framework/conscrypt.jar': unzip in 8ms, rewrite 174ms
07-25 14:30:29.489   221   221 D dalvikvm: DexOpt: --- BEGIN 'okhttp.jar' (bootstrap=1) ---
07-25 14:30:29.509   213   274 D MODEM_CTRL: wait_for_modem_alive: wait for alive info from : 10
07-25 14:30:29.509   213   274 D MODEM_CTRL: wait_for_modem_alive: read response Modem Alive from 10
07-25 14:30:29.509   213   274 D MODEM_CTRL: wait_for_modem_alive: wake lock bEnable = 0!
07-25 14:30:29.509   213   274 D MODEM_CTRL: modem_ctrl_listen_thread: send sem_first_boot
07-25 14:30:29.509   213   274 D MODEM_CTRL: modem_ctrl_listen_thread: start listen modemd...
07-25 14:30:29.509   213   258 D MODEM_CTRL: detect_sipc_modem: open assert dev: /dev/spipe_lte2, fd = 10
07-25 14:30:29.509   213   258 D MODEM_CTRL: detect_sipc_modem: open watchdog dev: /proc/cptl/wdtirq, fd = 11
07-25 14:30:29.509   213   258 D MODEM_CTRL: detect_sipc_modem: write modem alive to modemd!
07-25 14:30:29.509   213   258 D MODEM_CTRL: detect_sipc_modem: write to modemd len = 11
07-25 14:30:29.509   213   258 D MODEM_CTRL: detect_sipc_modem: wait for modem assert/hangup event ...
07-25 14:30:29.509   211   232 D MODEMD  : read 11 from fd 14, erro Connection refused
07-25 14:30:29.509   211   232 D MODEMD  : detect_modem_control: read numRead = 11, buf = Modem Alive
07-25 14:30:29.509   211   232 D MODEMD  : Info modem alive to all clients.
07-25 14:30:29.509   211   232 D MODEMD  : write 11 bytes to s_clientFd[0]: 12
07-25 14:30:29.509   211   232 D MODEMD  : write 11 bytes to s_clientFd[1]: 13
07-25 14:30:29.509   211   232 D MODEMD  : enter start_service (modem = l )!
07-25 14:30:29.509   211   232 D MODEMD  : open stty dev: /dev/stty_lte0
07-25 14:30:29.509   211   232 D MODEMD  : write AT to /dev/stty_lte0
07-25 14:30:29.509   233   233 E SLOGCP  : virtual int CpStateHandler::process_data(): 11 bytes: Modem Alive
07-25 14:30:29.509   233   233 E SLOGCP  : int WanModemVerQuery::start_query(): querying MODEM version ...
07-25 14:30:29.509   223   496 D audio_hw_primary: modem_monitor: Modem Alive
07-25 14:30:29.509   211   232 D MODEMD  : read response 
07-25 14:30:29.509   211   232 D MODEMD  : OK
07-25 14:30:29.509   211   232 D MODEMD  : write AT+CMUX=0 to /dev/stty_lte0
07-25 14:30:29.509   233   233 E SLOGCP  : static void WanModemLogHandler::transaction_modem_ver_notify(void*, DataConsumer::LogProcResult): WAN MODEM ver: 
07-25 14:30:29.509   233   233 E SLOGCP  : Platform Version: MOCORTM_17B_Release_W18.39.7_P1_Debug
07-25 14:30:29.509   233   233 E SLOGCP  : Project Version:   sharkle_Feature_Phone
07-25 14:30:29.509   233   233 E SLOGCP  : BASE  Version:    FM_BASE_17B_Release_W18.39.7_P1
07-25 14:30:29.509   233   233 E SLOGCP  : HW Version:        sc9820e_modem
07-25 14:30:29.509   233   233 E SLOGCP  : 10-11-2018 14:08:45
07-25 14:30:29.509   211   232 D MODEMD  : read response 
07-25 14:30:29.509   211   232 D MODEMD  : OK
07-25 14:30:29.509   211   232 D MODEMD  : control phoneserver! isStart: 1
07-25 14:30:29.509   211   232 D MODEMD  : control engservice! disable: 1
07-25 14:30:29.509   211   232 D MODEMD  : parse_cmd fd = 16,error = Connection refused
07-25 14:30:29.509   211   232 D MODEMD  : cmdline: earlycon=sprd_serial,0x70100000,115200n8 console=ttyS1,115200n8 loglevel=1 init=/init root=/dev/ram0 rw androidboot.hardware=sp9820e_1h10 lcd_id=ID1800 lcd_base=8fc1f000 lcd_size=360x320   sysdump_magic=85500000 modem=shutdown ltemode=lcsfb rfboard.id=-1 rfhw.id=1 crystal=3 32k.less=0  androidboot.verifiedbootstate=green androidboot.flash.locked=1  androidboot.serialno=P19006700034
07-25 14:30:29.509   211   232 D MODEMD  : parse_cmdline ret = 0
07-25 14:30:29.509   211   232 D MODEMD  : control rild! isStart 1
07-25 14:30:29.509   211   232 D MODEMD  : control nvitemd! isStart 1
07-25 14:30:29.509   211   232 E MODEMD  : dlopen failed: dlopen failed: library "libDivRIL.so" not found
07-25 14:30:29.509   211   232 D MODEMD  : detect_modem_control: Monioring modem state on socket control_modem...
07-25 14:30:29.519   211   231 D MODEMD  : modemd_listenaccept_thread: accept client n=15
07-25 14:30:29.519   211   231 D MODEMD  : modemd_listenaccept_thread: fill15 to client[2]
07-25 14:30:29.519   211   234 D MODEMD  : modemd_listen_read_thread: after  select n = 1
07-25 14:30:29.519   211   234 D MODEMD  : modemd_listen_read_thread: client cnct to modemd num = 1, buf = 0
07-25 14:30:29.519   211   234 D MODEMD  : modemd_listen_read_thread: begin select
07-25 14:30:29.519   211   231 D MODEMD  : modemd_listenaccept_thread: Waiting for new connect ...
07-25 14:30:29.519   606   606 D NVITEM  : : modem_type l
07-25 14:30:29.519   227   227 D ext_data: New client 4 connected!
07-25 14:30:29.519   606   606 D NVITEM  : : ro_prop ro.modem.l
07-25 14:30:29.519   606   606 D NVITEM  : : persist_prop persist.modem.l
07-25 14:30:29.519   606   606 D NVITEM  : : channel_char ro.modem.l.nv
07-25 14:30:29.519   606   606 D NVITEM  : : channel_path /dev/spipe_lte1 
07-25 14:30:29.519   606   606 D NVITEM  : : fixnv_property is ro.modem.l.fixnv_size fixnv 0xc8000
07-25 14:30:29.519   606   606 D NVITEM  : : fixnv_size c8000
07-25 14:30:29.519   606   606 D NVITEM  : : runnv_property is ro.modem.l.runnv_size runnv 0xe8000
07-25 14:30:29.519   606   606 D NVITEM  : : runnv_size e8000
07-25 14:30:29.519   606   606 D NVITEM  : : partition_path /dev/block/platform/soc/by-name/
07-25 14:30:29.519   606   606 D NVITEM  : : path_char l_ nvp persist.modem.l.nvp
07-25 14:30:29.519   606   606 D NVITEM  : : fixnv_ori_path /dev/block/platform/soc/by-name/l_fixnv1 fixnv_bak_path /dev/block/platform/soc/by-name/l_fixnv2
07-25 14:30:29.519   606   606 D NVITEM  : : runnv_ori_path /dev/block/platform/soc/by-name/l_runtimenv1 runnv_bak_path /dev/block/platform/soc/by-name/l_runtimenv2
07-25 14:30:29.519   606   606 D NVITEM  : : i = 0	0x1	/dev/block/platform/soc/by-name/l_fixnv1	/dev/block/platform/soc/by-name/l_fixnv2	0x   c8000
07-25 14:30:29.519   606   606 D NVITEM  : : i = 1 	0x2	/dev/block/platform/soc/by-name/l_runtimenv1	/dev/block/platform/soc/by-name/l_runtimenv2	0x   e8000
07-25 14:30:29.519   606   606 D NVITEM  : : ramDisk_Read enter
07-25 14:30:29.559   606   606 D NVITEM  : : partId1:/dev/block/platform/soc/by-name/l_fixnv2 read success!
07-25 14:30:29.559   606   606 D NVITEM  : : ramDisk_Read enter
07-25 14:30:29.599   606   606 D NVITEM  : : partId2:/dev/block/platform/soc/by-name/l_runtimenv1 read success!
07-25 14:30:29.599   606   606 D NVITEM  : : channel open
07-25 14:30:29.599   603   603 D dalvikvm: DexOpt: load 5ms, verify+opt 75ms, 344332 bytes
07-25 14:30:29.599   606   606 D NVITEM  : : _getPacket
07-25 14:30:29.639   221   221 D dalvikvm: DexOpt: --- END 'okhttp.jar' (success) ---
07-25 14:30:29.639   221   221 D dalvikvm: DEX prep '/system/framework/okhttp.jar': unzip in 4ms, rewrite 149ms
07-25 14:30:29.639   221   221 D dalvikvm: DexOpt: --- BEGIN 'core-junit.jar' (bootstrap=1) ---
07-25 14:30:29.649   223   495 D audio_hw_primary: voip1:vbpipe_name(/dev/spipe_lte4) vbpipe_fd(19) open successfully.
07-25 14:30:29.649   223   495 W audio_hw_primary: voip1:/dev/spipe_lte4, looping now...cur_timeout 0,timeout 0
07-25 14:30:29.649   223   494 W audio_hw_primary: voice:vbpipe_name(/dev/spipe_lte6) vbpipe_fd(25) open successfully.
07-25 14:30:29.649   223   494 W audio_hw_primary: voice:/dev/spipe_lte6, looping now...cur_timeout 0,timeout 0
07-25 14:30:29.669   623   623 D dalvikvm: DexOpt: load 2ms, verify+opt 6ms, 143956 bytes
07-25 14:30:29.679   221   221 D dalvikvm: DexOpt: --- END 'core-junit.jar' (success) ---
07-25 14:30:29.679   221   221 D dalvikvm: DEX prep '/system/framework/core-junit.jar': unzip in 0ms, rewrite 42ms
07-25 14:30:29.709   221   221 D dalvikvm: DexOpt: --- BEGIN 'bouncycastle.jar' (bootstrap=1) ---
07-25 14:30:29.749   223   501 V audio_hw_primary: do_cmd_dual Switch incall AT command [AT+VGR=6][OK
07-25 14:30:29.749   223   501 V audio_hw_primary: ] 
07-25 14:30:29.749   223   501 E audio_hw_primary: do_voice_command: X
07-25 14:30:29.749   223   501 I audio_hw_primary:  voice_command_thread_entry looping done.
07-25 14:30:29.749   223   501 I audio_hw_primary:  voice_command_thread_entry looping now...
07-25 14:30:29.849   215   226 E VES     : VPMD is ready now.
07-25 14:30:29.849   215   226 E VES     : 
07-25 14:30:29.849   215   226 E VES     : [statistics dump]
07-25 14:30:29.849   215   226 E VES     :                                qname 	 pkt, 	 sz, 	, time sec:1564036229 usec:862001
07-25 14:30:29.849   215   226 E VES     :  /data/local/mcue/vpad-videoCmdEvt-w 	 0 	 0
07-25 14:30:29.849   215   226 E VES     :  /data/local/mcue/vpad-videoStream-w 	 0 	 0
07-25 14:30:29.849   215   226 E VES     :  /data/local/mcue/vpad-videoCmdEvt-r 	 0 	 0
07-25 14:30:29.849   215   226 E VES     :  /data/local/mcue/vpad-videoStream-r 	 0 	 0
07-25 14:30:29.849   215   226 E VES     : 
07-25 14:30:29.859   228   228 D refnotify: RefNotify ready to do cmd 
07-25 14:30:29.859   228   228 D refnotify: RefNotify_DoCmd, 10 
07-25 14:30:29.859   228   228 D refnotify: AP up time sys_cnt 1133
07-25 14:30:29.859   228   228 D refnotify: RefNotify main: wait for modem notify event ...
07-25 14:30:29.859   228   627 D refnotify: Enter timesync_task.
07-25 14:30:29.899   228   627 D refnotify: A time sync client is connected.
07-25 14:30:29.899   233   233 E SLOGCP  : virtual int WanModemTimeSync::process_data(): cp time info: sys_cnt = 1133 - uptime = 6 is received.
07-25 14:30:29.899   233   233 E SLOGCP  : static void WanModemLogHandler::notify_modem_time_update(void*, const time_sync&): No modem log file when modem time sync info is received.
07-25 14:30:30.049   624   624 D dalvikvm: DexOpt: load 16ms, verify+opt 259ms, 694804 bytes
07-25 14:30:30.159   221   221 D dalvikvm: DexOpt: --- END 'bouncycastle.jar' (success) ---
07-25 14:30:30.159   221   221 D dalvikvm: DEX prep '/system/framework/bouncycastle.jar': unzip in 21ms, rewrite 449ms
07-25 14:30:30.199   221   221 D dalvikvm: DexOpt: --- BEGIN 'ext.jar' (bootstrap=1) ---
07-25 14:30:30.399   213   259 E MODEM_CTRL: parm_modem_monitor: open /dev/sctl_pm failed, Permission denied
07-25 14:30:30.529   212   293 D WCND    : cp2_listen_thread: open watchdog dev: /proc/mdbg/wdtirq, fd = -1
07-25 14:30:30.529   212   293 D WCND    : open /proc/mdbg/wdtirq failed, error: No such file or directory
07-25 14:30:30.629   628   628 D dalvikvm: DexOpt: load 24ms, verify+opt 326ms, 943228 bytes
07-25 14:30:30.749   223   517 V AudioFlinger: thread 0xb4c45008 type 0 TID 517 going to sleep
07-25 14:30:30.819   221   221 D dalvikvm: DexOpt: --- END 'ext.jar' (success) ---
07-25 14:30:30.819   221   221 D dalvikvm: DEX prep '/system/framework/ext.jar': unzip in 33ms, rewrite 619ms
07-25 14:30:31.019   221   221 D dalvikvm: DexOpt: --- BEGIN 'framework.jar' (bootstrap=1) ---
07-25 14:30:31.269   249   249 D SRS     : VER:s301.2
07-25 14:30:31.269   249   249 D SRS     : socket listening...
07-25 14:30:31.399   213   259 E MODEM_CTRL: parm_modem_monitor: open /dev/sctl_pm failed, Permission denied
07-25 14:30:31.459   629   629 D dalvikvm: Note: class Landroid/app/ActivityManagerNative; has 193 unimplemented (abstract) methods
07-25 14:30:31.859   228   228 D refnotify: RefNotify ready to do cmd 
07-25 14:30:31.859   228   228 D refnotify: RefNotify_DoCmd, 0 
07-25 14:30:31.859   228   228 D refnotify: RefNotify_DoFreqCmd: clk = 2392, divisor = 15, type = 4
07-25 14:30:31.859   228   228 D refnotify: RefNotify_write: p1 = 1, p2 = 0!
07-25 14:30:31.859   228   228 D refnotify: RefNotify_write: echo 1 > /sys/class/display/dphy0/ssc
07-25 14:30:31.859   228   228 D refnotify: RefNotify main: wait for modem notify event ...
07-25 14:30:31.859   228   228 D refnotify: RefNotify ready to do cmd 
07-25 14:30:31.859   228   228 D refnotify: RefNotify_DoCmd, 4 
07-25 14:30:31.859   228   228 D refnotify: RefNotify main: wait for modem notify event ...
07-25 14:30:31.859   228   228 D refnotify: RefNotify ready to do cmd 
07-25 14:30:31.859   228   228 D refnotify: RefNotify_DoCmd, 3 
07-25 14:30:31.859   228   228 D refnotify: RefNotify main: wait for modem notify event ...
07-25 14:30:32.189   201   201 E sdcard  : missing packages.list; retrying
07-25 14:30:32.399   213   259 E MODEM_CTRL: parm_modem_monitor: open /dev/sctl_pm failed, Permission denied
07-25 14:30:32.529   212   293 D WCND    : cp2_listen_thread: open watchdog dev: /proc/mdbg/wdtirq, fd = -1
07-25 14:30:32.529   212   293 D WCND    : open /proc/mdbg/wdtirq failed, error: No such file or directory
07-25 14:30:33.129   629   629 D dalvikvm: DexOpt: load 220ms, verify+opt 1460ms, 4988756 bytes
07-25 14:30:33.399   213   259 E MODEM_CTRL: parm_modem_monitor: open /dev/sctl_pm failed, Permission denied
07-25 14:30:34.149   221   221 D dalvikvm: DexOpt: --- END 'framework.jar' (success) ---
07-25 14:30:34.149   221   221 D dalvikvm: DEX prep '/system/framework/framework.jar': unzip in 198ms, rewrite 3133ms
07-25 14:30:34.199   221   221 D dalvikvm: DexOpt: --- BEGIN 'framework2.jar' (bootstrap=1) ---
07-25 14:30:34.399   213   259 E MODEM_CTRL: parm_modem_monitor: open /dev/sctl_pm failed, Permission denied
07-25 14:30:34.439   630   630 D dalvikvm: Note: class Landroid/app/ActivityManagerNative; has 193 unimplemented (abstract) methods
07-25 14:30:34.529   212   293 D WCND    : cp2_listen_thread: open watchdog dev: /proc/mdbg/wdtirq, fd = -1
07-25 14:30:34.529   212   293 D WCND    : open /proc/mdbg/wdtirq failed, error: No such file or directory
07-25 14:30:34.759   630   630 D dalvikvm: DexOpt: load 85ms, verify+opt 366ms, 1994692 bytes
07-25 14:30:34.939   221   221 D dalvikvm: DexOpt: --- END 'framework2.jar' (success) ---
07-25 14:30:34.939   221   221 D dalvikvm: DEX prep '/system/framework/framework2.jar': unzip in 38ms, rewrite 744ms
07-25 14:30:34.989   221   221 D dalvikvm: DexOpt: --- BEGIN 'telephony-common.jar' (bootstrap=1) ---
07-25 14:30:35.099   631   631 D dalvikvm: Note: class Lcom/sprd/internal/telephony/SprdBaseCommands; has 241 unimplemented (abstract) methods
07-25 14:30:35.099   631   631 D dalvikvm: Note: class Lcom/sprd/internal/telephony/SprdPhoneBase; has 184 unimplemented (abstract) methods
07-25 14:30:35.149   631   631 D dalvikvm: DexOpt: 'Lcom/sprd/internal/telephony/IccPhoneBookOperationException;' has an earlier definition; blocking out
07-25 14:30:35.149   631   631 D dalvikvm: DexOpt: 'Lcom/sprd/internal/telephony/IccPBForMimetypeException;' has an earlier definition; blocking out
07-25 14:30:35.149   631   631 D dalvikvm: DexOpt: 'Lcom/sprd/internal/telephony/IccPBForRecordException;' has an earlier definition; blocking out
07-25 14:30:35.189   201   201 E sdcard  : missing packages.list; retrying
07-25 14:30:35.219   631   631 I dalvikvm: DexOpt: not resolving ambiguous class 'Lcom/sprd/internal/telephony/IccPhoneBookOperationException;'
07-25 14:30:35.249   631   631 D dalvikvm: Note: class Landroid/app/ActivityManagerNative; has 193 unimplemented (abstract) methods
07-25 14:30:35.399   213   259 E MODEM_CTRL: parm_modem_monitor: open /dev/sctl_pm failed, Permission denied
07-25 14:30:35.749   631   631 I dalvikvm: DexOpt: not resolving ambiguous class 'Lcom/sprd/internal/telephony/IccPhoneBookOperationException;'
07-25 14:30:35.749   631   631 I dalvikvm: DexOpt: not resolving ambiguous class 'Lcom/sprd/internal/telephony/IccPhoneBookOperationException;'
07-25 14:30:35.749   631   631 I dalvikvm: DexOpt: not resolving ambiguous class 'Lcom/sprd/internal/telephony/IccPhoneBookOperationException;'
07-25 14:30:35.809   631   631 D dalvikvm: DexOpt: not verifying/optimizing 'Lcom/sprd/internal/telephony/IccPhoneBookOperationException;': multiple definitions
07-25 14:30:35.809   631   631 D dalvikvm: DexOpt: not verifying/optimizing 'Lcom/sprd/internal/telephony/IccPBForMimetypeException;': multiple definitions
07-25 14:30:35.809   631   631 D dalvikvm: DexOpt: not verifying/optimizing 'Lcom/sprd/internal/telephony/IccPBForRecordException;': multiple definitions
07-25 14:30:35.809   631   631 I dalvikvm: DexOpt: not resolving ambiguous class 'Lcom/sprd/internal/telephony/IccPBForRecordException;'
07-25 14:30:35.839   631   631 D dalvikvm: DexOpt: load 63ms, verify+opt 691ms, 1509436 bytes
07-25 14:30:36.049   221   221 D dalvikvm: DexOpt: --- END 'telephony-common.jar' (success) ---
07-25 14:30:36.049   221   221 D dalvikvm: DEX prep '/system/framework/telephony-common.jar': unzip in 44ms, rewrite 1063ms
07-25 14:30:36.059   221   221 D dalvikvm: DexOpt: --- BEGIN 'voip-common.jar' (bootstrap=1) ---
07-25 14:30:36.249   632   632 D dalvikvm: DexOpt: load 35ms, verify+opt 78ms, 351876 bytes
07-25 14:30:36.279   221   221 D dalvikvm: DexOpt: --- END 'voip-common.jar' (success) ---
07-25 14:30:36.279   221   221 D dalvikvm: DEX prep '/system/framework/voip-common.jar': unzip in 3ms, rewrite 220ms
07-25 14:30:36.289   221   221 D dalvikvm: DexOpt: --- BEGIN 'mms-common.jar' (bootstrap=1) ---
07-25 14:30:36.379   633   633 D dalvikvm: DexOpt: load 3ms, verify+opt 67ms, 245172 bytes
07-25 14:30:36.399   213   259 E MODEM_CTRL: parm_modem_monitor: open /dev/sctl_pm failed, Permission denied
07-25 14:30:36.409   221   221 D dalvikvm: DexOpt: --- END 'mms-common.jar' (success) ---
07-25 14:30:36.409   221   221 D dalvikvm: DEX prep '/system/framework/mms-common.jar': unzip in 3ms, rewrite 123ms
07-25 14:30:36.429   221   221 D dalvikvm: DexOpt: --- BEGIN 'android.policy.jar' (bootstrap=1) ---
07-25 14:30:36.529   634   634 D dalvikvm: Note: class Landroid/app/ActivityManagerNative; has 193 unimplemented (abstract) methods
07-25 14:30:36.529   212   293 D WCND    : cp2_listen_thread: open watchdog dev: /proc/mdbg/wdtirq, fd = -1
07-25 14:30:36.529   212   293 D WCND    : open /proc/mdbg/wdtirq failed, error: No such file or directory
07-25 14:30:36.539   212   212 E WCND    : store_cp2_version_info: CP2 does not start successs, just return!!
07-25 14:30:36.639   634   634 D dalvikvm: DexOpt: load 39ms, verify+opt 150ms, 900756 bytes
07-25 14:30:36.709   221   221 D dalvikvm: DexOpt: --- END 'android.policy.jar' (success) ---
07-25 14:30:36.709   221   221 D dalvikvm: DEX prep '/system/framework/android.policy.jar': unzip in 6ms, rewrite 286ms
07-25 14:30:36.799   221   221 D dalvikvm: DexOpt: --- BEGIN 'services.jar' (bootstrap=1) ---
07-25 14:30:36.999   635   635 D dalvikvm: Note: class Landroid/app/ActivityManagerNative; has 193 unimplemented (abstract) methods
07-25 14:30:37.399   213   259 E MODEM_CTRL: parm_modem_monitor: open /dev/sctl_pm failed, Permission denied
07-25 14:30:38.189   201   201 E sdcard  : missing packages.list; retrying
07-25 14:30:38.259   635   635 D dalvikvm: DexOpt: load 69ms, verify+opt 1237ms, 2836572 bytes
07-25 14:30:38.399   213   259 E MODEM_CTRL: parm_modem_monitor: open /dev/sctl_pm failed, Permission denied
07-25 14:30:38.529   212   293 D WCND    : assert_fd = 11, watchdog_fd = -1, max=11
07-25 14:30:38.619   221   221 D dalvikvm: DexOpt: --- END 'services.jar' (success) ---
07-25 14:30:38.619   221   221 D dalvikvm: DEX prep '/system/framework/services.jar': unzip in 82ms, rewrite 1823ms
07-25 14:30:38.649   221   221 D dalvikvm: DexOpt: --- BEGIN 'apache-xml.jar' (bootstrap=1) ---
07-25 14:30:38.729   606   606 D NVITEM  : : get wake_lock 1
07-25 14:30:38.729   606   606 D NVITEM  : : channel_read success
07-25 14:30:38.729   606   606 D NVITEM  : : _getPacket start read 1044 size 1024 grp 1 sub 0
07-25 14:30:38.729   606   606 D NVITEM  : : _getPacket
07-25 14:30:38.729   606   606 D NVITEM  : : get wake_lock 0
07-25 14:30:38.729   606   606 D NVITEM  : : channel_read success
07-25 14:30:38.729   606   606 D NVITEM  : : _getPacket continue read 1044 size 1024 grp 1 sub 1
07-25 14:30:38.729   606   606 D NVITEM  : : _getPacket
07-25 14:30:38.729   606   606 D NVITEM  : : get wake_lock 0
07-25 14:30:38.729   606   606 D NVITEM  : : channel_read success
07-25 14:30:38.729   606   606 D NVITEM  : : _getPacket continue read 1044 size 632 grp 1 sub 2
07-25 14:30:38.729   606   606 D NVITEM  : : sync _syncGetTail success
07-25 14:30:38.739   606   606 D NVITEM  : : write backup header
07-25 14:30:38.819   606   606 D NVITEM  : : write origin header
07-25 14:30:38.899   606   606 D NVITEM  : : partId2:image write finished 1!
07-25 14:30:38.899   606   606 D NVITEM  : : release wake lock
07-25 14:30:38.899   606   606 D NVITEM  : : _getPacket
07-25 14:30:39.019   636   636 D dalvikvm: DexOpt: load 35ms, verify+opt 262ms, 837444 bytes
07-25 14:30:39.169   221   221 D dalvikvm: DexOpt: --- END 'apache-xml.jar' (success) ---
07-25 14:30:39.169   221   221 D dalvikvm: DEX prep '/system/framework/apache-xml.jar': unzip in 26ms, rewrite 519ms
07-25 14:30:39.189   221   221 D dalvikvm: DexOpt: --- BEGIN 'webviewchromium.jar' (bootstrap=1) ---
07-25 14:30:39.399   213   259 E MODEM_CTRL: parm_modem_monitor: open /dev/sctl_pm failed, Permission denied
07-25 14:30:39.479   639   639 D dalvikvm: DexOpt: load 52ms, verify+opt 171ms, 1417548 bytes
07-25 14:30:39.559   221   221 D dalvikvm: DexOpt: --- END 'webviewchromium.jar' (success) ---
07-25 14:30:39.559   221   221 D dalvikvm: DEX prep '/system/framework/webviewchromium.jar': unzip in 15ms, rewrite 364ms
07-25 14:30:39.559   221   221 D dalvikvm: DexOpt: --- BEGIN 'radio_interactor_common.jar' (bootstrap=1) ---
07-25 14:30:39.609   640   640 D dalvikvm: DexOpt: load 4ms, verify+opt 19ms, 212572 bytes
07-25 14:30:39.629   221   221 D dalvikvm: DexOpt: --- END 'radio_interactor_common.jar' (success) ---
07-25 14:30:39.629   221   221 D dalvikvm: DEX prep '/system/framework/radio_interactor_common.jar': unzip in 1ms, rewrite 75ms
07-25 14:30:39.639   221   221 D dalvikvm: DexOpt: --- BEGIN 'ims-common.jar' (bootstrap=1) ---
07-25 14:30:39.659   223   504 I audio_hw_primary: bootup_timer_handler in
07-25 14:30:39.689   641   641 D dalvikvm: DexOpt: load 4ms, verify+opt 23ms, 256092 bytes
07-25 14:30:39.719   221   221 D dalvikvm: DexOpt: --- END 'ims-common.jar' (success) ---
07-25 14:30:39.719   221   221 D dalvikvm: DEX prep '/system/framework/ims-common.jar': unzip in 2ms, rewrite 81ms
07-25 14:30:39.729   221   221 D dalvikvm: Trying to load lib libjavacore.so 0x0
07-25 14:30:39.739   221   221 D dalvikvm: Added shared lib libjavacore.so 0x0
07-25 14:30:39.759   221   221 D dalvikvm: Trying to load lib libnativehelper.so 0x0
07-25 14:30:39.759   221   221 D dalvikvm: Added shared lib libnativehelper.so 0x0
07-25 14:30:39.759   221   221 D dalvikvm: No JNI_OnLoad found in libnativehelper.so 0x0, skipping init
07-25 14:30:39.979   221   221 D dalvikvm: Note: class Landroid/app/ActivityManagerNative; has 193 unimplemented (abstract) methods
07-25 14:30:40.119   221   221 E memtrack: Couldn't load memtrack module (No such file or directory)
07-25 14:30:40.119   221   221 E android.os.Debug: failed to load memtrack module: -2
07-25 14:30:40.399   213   259 E MODEM_CTRL: parm_modem_monitor: open /dev/sctl_pm failed, Permission denied
07-25 14:30:40.409   221   221 D skia    : ---- system font and fallback font files specify a duplicate font /system/fonts/NotoSansGurmukhi-Bold.ttf, skipping the second occurrence
07-25 14:30:40.409   221   221 D skia    : ---- system font and fallback font files specify a duplicate font /system/fonts/NotoSansGurmukhi-Regular.ttf, skipping the second occurrence
07-25 14:30:40.409   221   221 D skia    : ---- system font and fallback font files specify a duplicate font /system/fonts/NotoSansGurmukhiUI-Bold.ttf, skipping the second occurrence
07-25 14:30:40.409   221   221 D skia    : ---- system font and fallback font files specify a duplicate font /system/fonts/NotoSansOriya-Bold.ttf, skipping the second occurrence
07-25 14:30:40.409   221   221 D skia    : ---- system font and fallback font files specify a duplicate font /system/fonts/NotoSansOriya-Regular.ttf, skipping the second occurrence
07-25 14:30:40.409   221   221 D skia    : ---- system font and fallback font files specify a duplicate font /system/fonts/NotoSansOriyaUI-Regular.ttf, skipping the second occurrence
07-25 14:30:40.409   221   221 D skia    : ---- system font and fallback font files specify a duplicate font /system/fonts/NotoSansOriyaUI-Bold.ttf, skipping the second occurrence
07-25 14:30:40.409   221   221 D skia    : ---- system font and fallback font files specify a duplicate font /system/fonts/NotoSansGujarati-Bold.ttf, skipping the second occurrence
07-25 14:30:40.419   221   221 D skia    : ---- system font and fallback font files specify a duplicate font /system/fonts/NotoSansGujarati-Regular.ttf, skipping the second occurrence
07-25 14:30:40.419   221   221 D skia    : ---- system font and fallback font files specify a duplicate font /system/fonts/NotoSansGujaratiUI-Bold.ttf, skipping the second occurrence
07-25 14:30:40.419   221   221 D skia    : ---- system font and fallback font files specify a duplicate font /system/fonts/NotoSansGujaratiUI-Regular.ttf, skipping the second occurrence
07-25 14:30:40.439   221   221 E KTFmImpl: KTFmImpl search is 100k
07-25 14:30:40.439   221   221 D dalvikvm: No JNI_OnLoad found in /system/lib/libandroid_runtime.so 0x0, skipping init
07-25 14:30:40.439   221   221 I Zygote  : zygote init main
07-25 14:30:40.439   221   221 I SamplingProfilerIntegration: Profiling disabled.
07-25 14:30:40.439   221   645 D APCT_DEBUG: cannot open /data/data/com.sprd.APCT/apct/apct_supportjava.io.FileNotFoundException: /data/data/com.sprd.APCT/apct/apct_support: open failed: ENOENT (No such file or directory)
07-25 14:30:40.439   221   647 D APCT_DEBUG: cannot open /data/data/com.sprd.APCT/apct/apct_supportjava.io.FileNotFoundException: /data/data/com.sprd.APCT/apct/apct_support: open failed: ENOENT (No such file or directory)
07-25 14:30:40.449   221   646 I Zygote  : Preloading classes...
07-25 14:30:40.449   221   646 E cutils-trace: Error opening trace file: No such file or directory (2)
07-25 14:30:40.449   221   645 I Zygote  : Preloading classes...
07-25 14:30:40.449   221   646 D dalvikvm: GC_EXPLICIT freed 60K, 10% free 561K/624K, paused 1ms+0ms, total 2ms
07-25 14:30:40.449   221   645 D dalvikvm: WAIT_FOR_CONCURRENT_GC blocked 1ms
07-25 14:30:40.449   221   645 D dalvikvm: GC_EXPLICIT freed 3K, 9% free 568K/624K, paused 1ms+0ms, total 2ms
07-25 14:30:40.539   237   279 I ThermalChargeDetect: charge status: Charging
07-25 14:30:40.629   221   646 D dalvikvm: GC_FOR_ALLOC freed 527K, 28% free 1367K/1896K, paused 7ms, total 7ms
07-25 14:30:40.649   221   646 I LibraryLoader: Loading: webviewchromium
07-25 14:30:40.949   221   646 I LibraryLoader: Time to load native libraries: 303 ms (timestamps 657-960)
07-25 14:30:40.949   221   646 I LibraryLoader: Expected native library version number "",actual native library version number ""
07-25 14:30:40.989   221   646 I Zygote  : ...preloaded 1313 classes in 543ms.
07-25 14:30:41.109   221   645 D TextLayoutCache: Using debug level = 0 - Debug Enabled = 0
07-25 14:30:41.169   221   645 I dalvikvm: threadid=5: recursive native library load attempt (/system/lib/libmedia_jni.so)
07-25 14:30:41.169   221   645 D MtpDeviceJNI: register_android_mtp_MtpDevice
07-25 14:30:41.169   221   645 I dalvikvm: threadid=5: recursive native library load attempt (/system/lib/libmedia_jni.so)
07-25 14:30:41.169   221   645 I dalvikvm: threadid=5: recursive native library load attempt (/system/lib/libmedia_jni.so)
07-25 14:30:41.169   221   645 I dalvikvm: threadid=5: recursive native library load attempt (/system/lib/libmedia_jni.so)
07-25 14:30:41.189   221   645 W dalvikvm: Exception Ljava/lang/UnsatisfiedLinkError; thrown while initializing Landroid/media/videoeditor/MediaArtistNativeHelper;
07-25 14:30:41.189   221   645 I dalvikvm: java.lang.ClassNotFoundException: android.media.videoeditor.MediaArtistNativeHelper
07-25 14:30:41.189   221   645 I dalvikvm: 	at dalvik.system.VMRuntime.preloadClasses(Native Method)
07-25 14:30:41.189   221   645 I dalvikvm: 	at com.android.internal.os.ZygoteInit.preloadClasses(ZygoteInit.java:411)
07-25 14:30:41.189   221   645 I dalvikvm: 	at com.android.internal.os.ZygoteInit.access$400(ZygoteInit.java:72)
07-25 14:30:41.189   221   645 I dalvikvm: 	at com.android.internal.os.ZygoteInit$2.run(ZygoteInit.java:357)
07-25 14:30:41.189   201   201 E sdcard  : missing packages.list; retrying
07-25 14:30:41.249   221   645 E EmojiFactory_jni: Failed to load libemoji.so: dlopen failed: library "libemoji.so" not found
07-25 14:30:41.399   213   259 E MODEM_CTRL: parm_modem_monitor: open /dev/sctl_pm failed, Permission denied
07-25 14:30:41.539   221   645 I Zygote  : ...preloaded 1417 classes in 1088ms.
07-25 14:30:41.539   221   221 D libEGL  : loaded /vendor/lib/egl/libGLES_mali.so
07-25 14:30:41.549   221   221 I Zygote  : ZytoteInit preload finish
07-25 14:30:41.549   221   221 D dalvikvm: GC_EXPLICIT freed 165K, 8% free 2144K/2320K, paused 1ms+1ms, total 8ms
07-25 14:30:41.559   221   221 D dalvikvm: GC_EXPLICIT freed 4K, 8% free 2140K/2320K, paused 1ms+1ms, total 8ms
07-25 14:30:41.569   221   221 D dalvikvm: GC_EXPLICIT freed <1K, 8% free 2140K/2320K, paused 1ms+1ms, total 8ms
07-25 14:30:41.569   221   221 I dalvikvm: System server process 648 has been created
07-25 14:30:41.579   221   221 I Zygote  : Accepting command socket connections
07-25 14:30:41.599   648   648 D SensorService: nuSensorService starting...
07-25 14:30:41.979   648   648 D sensor  : numSensors=1, AccSensor::numSensors=1
07-25 14:30:41.979   648   648 E sensor  : wakeIndex=1, flushIndex=2 
07-25 14:30:41.979   648   648 D sensor  : activate handle=0; drv=0
07-25 14:30:41.979   648   648 D sensor  : AccSensor: mEnabled = 0
07-25 14:30:41.979   648   648 I SensorService: DS 3553 3-axis Accelerometer
07-25 14:30:41.979   648   648 D SensorService: Max socket buffer size 163840
07-25 14:30:41.979   648   661 D SensorService: nuSensorService thread starting...
07-25 14:30:41.979   224   224 I installd: new connection
07-25 14:30:41.989   648   664 I System.out: directory is exit,the errnoException.errno is 17
07-25 14:30:42.049   648   652 D dalvikvm: GC_CONCURRENT freed 165K, 13% free 2402K/2744K, paused 1ms+1ms, total 8ms
07-25 14:30:42.109   648   648 E PackageManager: Check Crc Enter 
07-25 14:30:42.109   648   648 E PackageManager: Need Create CRC crc 
07-25 14:30:42.109   648   648 I System.out: directory is exit,the errnoException.errno is 17
07-25 14:30:42.149   648   652 D dalvikvm: GC_CONCURRENT freed 350K, 17% free 2603K/3132K, paused 1ms+2ms, total 9ms
07-25 14:30:42.269   674   674 D dalvikvm: DexOpt: load 10ms, verify+opt 41ms, 548092 bytes
07-25 14:30:42.339   675   675 D dalvikvm: DexOpt: load 3ms, verify+opt 6ms, 157836 bytes
07-25 14:30:42.399   676   676 D dalvikvm: DexOpt: load 2ms, verify+opt 12ms, 137100 bytes
07-25 14:30:42.399   213   259 E MODEM_CTRL: parm_modem_monitor: open /dev/sctl_pm failed, Permission denied
07-25 14:30:42.449   677   677 D dalvikvm: DexOpt: load 3ms, verify+opt 3ms, 155324 bytes
07-25 14:30:42.489   678   678 D dalvikvm: DexOpt: load 2ms, verify+opt 2ms, 144028 bytes
07-25 14:30:42.549   679   679 D dalvikvm: Note: class Landroid/app/ActivityManagerNative; has 193 unimplemented (abstract) methods
07-25 14:30:42.549   679   679 D dalvikvm: DexOpt: load 3ms, verify+opt 14ms, 230596 bytes
07-25 14:30:42.599   680   680 D dalvikvm: DexOpt: load 4ms, verify+opt 2ms, 113740 bytes
07-25 14:30:42.639   681   681 D dalvikvm: DexOpt: load 2ms, verify+opt 2ms, 111724 bytes
07-25 14:30:42.679   682   682 D dalvikvm: Note: class Landroid/app/ActivityManagerNative; has 193 unimplemented (abstract) methods
07-25 14:30:42.689   682   682 D dalvikvm: DexOpt: load 2ms, verify+opt 5ms, 163212 bytes
07-25 14:30:42.729   683   683 D dalvikvm: DexOpt: load 2ms, verify+opt 2ms, 107724 bytes
07-25 14:30:42.769   684   684 D dalvikvm: DexOpt: load 2ms, verify+opt 3ms, 131812 bytes
07-25 14:30:42.949   685   685 D dalvikvm: DexOpt: load 2ms, verify+opt 2ms, 142684 bytes
07-25 14:30:43.009   686   686 D dalvikvm: Note: class Landroid/app/ActivityManagerNative; has 193 unimplemented (abstract) methods
07-25 14:30:43.029   686   686 D dalvikvm: DexOpt: load 4ms, verify+opt 32ms, 390436 bytes
07-25 14:30:43.099   687   687 D dalvikvm: Note: class Landroid/app/ActivityManagerNative; has 193 unimplemented (abstract) methods
07-25 14:30:43.099   687   687 D dalvikvm: DexOpt: load 2ms, verify+opt 13ms, 241860 bytes
07-25 14:30:43.149   688   688 D dalvikvm: DexOpt: load 2ms, verify+opt 3ms, 114860 bytes
07-25 14:30:43.189   689   689 D dalvikvm: Note: class Landroid/app/ActivityManagerNative; has 193 unimplemented (abstract) methods
07-25 14:30:43.189   689   689 D dalvikvm: DexOpt: load 2ms, verify+opt 4ms, 144524 bytes
07-25 14:30:43.229   690   690 D dalvikvm: DexOpt: load 2ms, verify+opt 3ms, 142156 bytes
07-25 14:30:43.319   691   691 D dalvikvm: Note: class Landroid/app/ActivityManagerNative; has 193 unimplemented (abstract) methods
07-25 14:30:43.329   691   691 D dalvikvm: DexOpt: load 4ms, verify+opt 51ms, 492460 bytes
07-25 14:30:43.399   213   259 E MODEM_CTRL: parm_modem_monitor: open /dev/sctl_pm failed, Permission denied
07-25 14:30:43.409   692   692 D dalvikvm: DexOpt: load 2ms, verify+opt 2ms, 122868 bytes
07-25 14:30:43.479   648   648 I PackageManager: /system/framework/framework-res.apk changed; collecting certs
07-25 14:30:43.539   648   652 D dalvikvm: GC_CONCURRENT freed 540K, 20% free 3060K/3780K, paused 1ms+1ms, total 10ms
07-25 14:30:43.639   648   648 D dalvikvm: GC_FOR_ALLOC freed 923K, 23% free 3951K/5088K, paused 9ms, total 9ms
07-25 14:30:43.659   648   648 D dalvikvm: GC_FOR_ALLOC freed 1570K, 34% free 4079K/6128K, paused 9ms, total 9ms
07-25 14:30:43.779   648   652 D dalvikvm: GC_CONCURRENT freed 1229K, 23% free 4858K/6264K, paused 1ms+1ms, total 14ms
07-25 14:30:44.039   648   652 D dalvikvm: GC_CONCURRENT freed 1139K, 19% free 5753K/7068K, paused 1ms+3ms, total 22ms
