07-25 14:31:33.849   605   617 I use-Rlog/RLOG-RILC: [0] PCC  alloc one command p_record
07-25 14:31:33.849   605   938 D use-Rlog/RLOG-RILC: [0] PCB request code 45 token 16
07-25 14:31:33.849   605   938 D use-Rlog/RLOG-RILC: [0] [0016]> QUERY_NETWORK_SELECTION_MODE 
07-25 14:31:33.849   605   938 D use-Rlog/RLOG-RIL: [0] onRequest: QUERY_NETWORK_SELECTION_MODE sState=3
07-25 14:31:33.849   605   938 D use-Rlog/RLOG-RIL: [0] channel1 state: '0' 
07-25 14:31:33.849   605   938 D use-Rlog/RLOG-RIL: [0] get Channel ID '1'
07-25 14:31:33.849   605   938 D use-Rlog/RLOG-AT: [0] Channel1: AT> AT+COPS?
07-25 14:31:33.849   604   609 D RIL-PHS : /dev/stty_lte1 Rev:+COPS: 0,2,"000000",0
07-25 14:31:33.849   604   609 D RIL-PHS : /dev/stty_lte1 Rev:OK
07-25 14:31:33.849   605   621 D use-Rlog/RLOG-AT: [0] Channel1: AT< +COPS: 0,2,"000000",0
07-25 14:31:33.849   605   621 D use-Rlog/RLOG-AT: [0] Channel1: AT< OK
07-25 14:31:33.849   605   938 D use-Rlog/RLOG-RILC: [0] [0016]< QUERY_NETWORK_SELECTION_MODE {0}
07-25 14:31:33.849   605   938 D use-Rlog/RLOG-RIL: [0] put Channel ID '1'
07-25 14:31:33.849   605   938 I use-Rlog/RLOG-RILC: [0] -->CommandThread [938] free one command
07-25 14:31:33.849   859   859 D RILJ    : [0][3665]> GET_SIM_STATUS
07-25 14:31:33.849   859   859 D RILJ    : [0][3666]> RIL_REQUEST_GET_IMS_CURRENT_CALLS
07-25 14:31:33.849   605   617 I use-Rlog/RLOG-RILC: [0] enter processCommandsCallback, socket type = 0
07-25 14:31:33.849   605   617 I use-Rlog/RLOG-RILC: [0] enter processCommandsCallback, socket type = 0
07-25 14:31:33.849   605   617 I use-Rlog/RLOG-RILC: [0] PCC  alloc one command p_record
07-25 14:31:33.849   605   941 D use-Rlog/RLOG-RILC: [0] PCB request code 1 token 17
07-25 14:31:33.849   605   941 D use-Rlog/RLOG-RILC: [0] [0017]> GET_SIM_STATUS 
07-25 14:31:33.849   605   941 D use-Rlog/RLOG-RIL: [0] onRequest: GET_SIM_STATUS sState=3
07-25 14:31:33.849   605   941 D use-Rlog/RLOG-RIL: [0] channel1 state: '0' 
07-25 14:31:33.849   605   941 D use-Rlog/RLOG-RIL: [0] get Channel ID '1'
07-25 14:31:33.849   605   941 D use-Rlog/RLOG-AT: [0] Channel1: AT> AT+CPIN?
07-25 14:31:33.849   604   609 D RIL-PHS : /dev/stty_lte1 Rev:+CME ERROR: 10
07-25 14:31:33.849   605   621 D use-Rlog/RLOG-AT: [0] Channel1: AT< +CME ERROR: 10
07-25 14:31:33.849   605   941 D use-Rlog/RLOG-RIL: [0] setHasSim hasSim = 0
07-25 14:31:33.849   605   941 D use-Rlog/RLOG-AT: [0] Channel1: AT> AT+EUICC?
07-25 14:31:33.849   859   859 D RILJ    : [0][3667]> RIL_REQUEST_IMS_REGISTRATION_STATE
07-25 14:31:33.849   605   617 I use-Rlog/RLOG-RILC: [0] enter processCommandsCallback, socket type = 0
07-25 14:31:33.849   605   617 I use-Rlog/RLOG-RILC: [0] enter processCommandsCallback, socket type = 0
07-25 14:31:33.849   605   617 I use-Rlog/RLOG-RILC: [0] PCC  alloc one command p_record
07-25 14:31:33.849   605   938 D use-Rlog/RLOG-RILC: [0] PCB request code 5003 token 18
07-25 14:31:33.849   605   938 D use-Rlog/RLOG-RILC: [0] [0018]> RIL_REQUEST_GET_IMS_CURRENT_CALLS_VOLTE 
07-25 14:31:33.849   605   938 D use-Rlog/RLOG-RIL: [0] onRequest: RIL_REQUEST_GET_IMS_CURRENT_CALLS_VOLTE sState=3
07-25 14:31:33.849   605   938 D use-Rlog/RLOG-RIL: [0] channel2 state: '0' 
07-25 14:31:33.849   605   938 D use-Rlog/RLOG-RIL: [0] get Channel ID '2'
07-25 14:31:33.849   605   938 D use-Rlog/RLOG-AT: [0] Channel2: AT> AT+CLCCS
07-25 14:31:33.849   604   609 D RIL-PHS : /dev/stty_lte1 Rev:+EUICC: 2,1,255
07-25 14:31:33.849   604   609 D RIL-PHS : /dev/stty_lte1 Rev:OK
07-25 14:31:33.849   604   610 D RIL-PHS : /dev/stty_lte2 Rev:OK
07-25 14:31:33.849   605   621 D use-Rlog/RLOG-AT: [0] Channel1: AT< +EUICC: 2,1,255
07-25 14:31:33.849   605   621 D use-Rlog/RLOG-AT: [0] Channel1: AT< OK
07-25 14:31:33.849   605   941 D use-Rlog/RLOG-RIL: [0] getSimType: +EUICC: 2,1,255
07-25 14:31:33.849   605   941 D use-Rlog/RLOG-RIL: [0] app type 0
07-25 14:31:33.849   605   941 D use-Rlog/RLOG-RILC: [0] [0017]< GET_SIM_STATUS {}
07-25 14:31:33.849   605   941 D use-Rlog/RLOG-RIL: [0] put Channel ID '1'
07-25 14:31:33.849   605   941 I use-Rlog/RLOG-RILC: [0] -->CommandThread [941] free one command
07-25 14:31:33.849   605   621 D use-Rlog/RLOG-AT: [0] Channel2: AT< OK
07-25 14:31:33.849   605   938 D use-Rlog/RLOG-RILC: [0] [0018]< RIL_REQUEST_GET_IMS_CURRENT_CALLS_VOLTE }
07-25 14:31:33.849   605   938 D use-Rlog/RLOG-RIL: [0] put Channel ID '2'
07-25 14:31:33.849   605   938 I use-Rlog/RLOG-RILC: [0] -->CommandThread [938] free one command
07-25 14:31:33.849   859   859 D RILJ    : [0][3668]> RIL_REQUEST_VOICE_RADIO_TECH
07-25 14:31:33.849   605   617 I use-Rlog/RLOG-RILC: [0] enter processCommandsCallback, socket type = 0
07-25 14:31:33.849   605   617 I use-Rlog/RLOG-RILC: [0] enter processCommandsCallback, socket type = 0
07-25 14:31:33.849   605   617 I use-Rlog/RLOG-RILC: [0] PCC  alloc one command p_record
07-25 14:31:33.849   605   941 D use-Rlog/RLOG-RILC: [0] PCB request code 112 token 19
07-25 14:31:33.849   605   941 D use-Rlog/RLOG-RILC: [0] [0019]> IMS_REGISTRATION_STATE 
07-25 14:31:33.849   605   941 D use-Rlog/RLOG-RIL: [0] onRequest: IMS_REGISTRATION_STATE sState=3
07-25 14:31:33.849   605   941 D use-Rlog/RLOG-RIL: [0] channel1 state: '0' 
07-25 14:31:33.849   605   941 D use-Rlog/RLOG-RIL: [0] get Channel ID '1'
07-25 14:31:33.849   605   941 D use-Rlog/RLOG-RIL: [0] ssda mode: fdd-csfb
07-25 14:31:33.849   605   941 D use-Rlog/RLOG-AT: [0] Channel1: AT> AT+CIREG?
07-25 14:31:33.849   604   609 D RIL-PHS : /dev/stty_lte1 Rev:+CIREG:2,0,0
07-25 14:31:33.849   604   609 D RIL-PHS : /dev/stty_lte1 Rev:OK
07-25 14:31:33.849   605   621 D use-Rlog/RLOG-AT: [0] Channel1: AT< +CIREG:2,0,0
07-25 14:31:33.849   605   621 D use-Rlog/RLOG-AT: [0] Channel1: AT< OK
07-25 14:31:33.849   605   941 D use-Rlog/RLOG-RIL: [0] s_ims_registered= 0
07-25 14:31:33.849   605   941 D use-Rlog/RLOG-RILC: [0] [0019]< IMS_REGISTRATION_STATE {2,0,0,-1}
07-25 14:31:33.849   605   941 D use-Rlog/RLOG-RIL: [0] put Channel ID '1'
07-25 14:31:33.849   605   941 I use-Rlog/RLOG-RILC: [0] -->CommandThread [941] free one command
07-25 14:31:33.849   605   617 I use-Rlog/RLOG-RILC: [0] enter processCommandsCallback, socket type = 0
07-25 14:31:33.849   605   617 I use-Rlog/RLOG-RILC: [0] enter processCommandsCallback, socket type = 0
07-25 14:31:33.849   605   617 I use-Rlog/RLOG-RILC: [0] PCC  alloc one command p_record
07-25 14:31:33.849   605   938 D use-Rlog/RLOG-RILC: [0] PCB request code 108 token 20
07-25 14:31:33.849   605   938 D use-Rlog/RLOG-RILC: [0] [0020]< VOICE_RADIO_TECH {3}
07-25 14:31:33.849   605   938 I use-Rlog/RLOG-RILC: [0] -->CommandThread [938] free one command
07-25 14:31:33.849   859   859 D RILJ    : [0][3669]> RIL_REQUEST_CDMA_GET_SUBSCRIPTION_SOURCE
07-25 14:31:33.849   859   859 D IccCardProxy: [0]updateExternalState : mRadioOn = true
07-25 14:31:33.849   859   859 D UiccController: [0]Received EVENT_ICC_STATUS_CHANGED, calling getIccCardStatus
07-25 14:31:33.849   859   859 D RILJ    : [0][3670]> GET_SIM_STATUS
07-25 14:31:33.849   605   617 I use-Rlog/RLOG-RILC: [0] enter processCommandsCallback, socket type = 0
07-25 14:31:33.849   859   859 D RILJ    : SPRDRILOPERATOR
07-25 14:31:33.849   605   617 I use-Rlog/RLOG-RILC: [0] enter processCommandsCallback, socket type = 0
07-25 14:31:33.849   605   617 I use-Rlog/RLOG-RILC: [0] PCC  alloc one command p_record
07-25 14:31:33.849   605   941 D use-Rlog/RLOG-RILC: [0] PCB request code 104 token 21
07-25 14:31:33.849   605   941 D use-Rlog/RLOG-RILC: [0] [0021]< CDMA_GET_SUBSCRIPTION_SOURCE fails by E_GENERIC_FAILURE
07-25 14:31:33.849   605   941 I use-Rlog/RLOG-RILC: [0] -->CommandThread [941] free one command
07-25 14:31:33.859   605   617 I use-Rlog/RLOG-RILC: [0] enter processCommandsCallback, socket type = 0
07-25 14:31:33.859   605   617 I use-Rlog/RLOG-RILC: [0] enter processCommandsCallback, socket type = 0
07-25 14:31:33.859   605   617 I use-Rlog/RLOG-RILC: [0] PCC  alloc one command p_record
07-25 14:31:33.859   605   938 D use-Rlog/RLOG-RILC: [0] PCB request code 1 token 22
07-25 14:31:33.859   605   938 D use-Rlog/RLOG-RILC: [0] [0022]> GET_SIM_STATUS 
07-25 14:31:33.859   605   938 D use-Rlog/RLOG-RIL: [0] onRequest: GET_SIM_STATUS sState=3
07-25 14:31:33.859   605   938 D use-Rlog/RLOG-RIL: [0] channel1 state: '0' 
07-25 14:31:33.859   605   938 D use-Rlog/RLOG-RIL: [0] get Channel ID '1'
07-25 14:31:33.859   605   938 D use-Rlog/RLOG-AT: [0] Channel1: AT> AT+CPIN?
07-25 14:31:33.859   604   609 D RIL-PHS : /dev/stty_lte1 Rev:+CME ERROR: 10
07-25 14:31:33.859   605   621 D use-Rlog/RLOG-AT: [0] Channel1: AT< +CME ERROR: 10
07-25 14:31:33.859   605   938 D use-Rlog/RLOG-RIL: [0] setHasSim hasSim = 0
07-25 14:31:33.859   605   938 D use-Rlog/RLOG-AT: [0] Channel1: AT> AT+EUICC?
07-25 14:31:33.859   604   609 D RIL-PHS : /dev/stty_lte1 Rev:+EUICC: 2,1,255
07-25 14:31:33.859   604   609 D RIL-PHS : /dev/stty_lte1 Rev:OK
07-25 14:31:33.859   605   621 D use-Rlog/RLOG-AT: [0] Channel1: AT< +EUICC: 2,1,255
07-25 14:31:33.859   605   621 D use-Rlog/RLOG-AT: [0] Channel1: AT< OK
07-25 14:31:33.859   605   938 D use-Rlog/RLOG-RIL: [0] getSimType: +EUICC: 2,1,255
07-25 14:31:33.859   605   938 D use-Rlog/RLOG-RIL: [0] app type 0
07-25 14:31:33.859   605   938 D use-Rlog/RLOG-RILC: [0] [0022]< GET_SIM_STATUS {}
07-25 14:31:33.859   605   938 D use-Rlog/RLOG-RIL: [0] put Channel ID '1'
07-25 14:31:33.859   605   938 I use-Rlog/RLOG-RILC: [0] -->CommandThread [938] free one command
07-25 14:31:33.869   859   859 D RILJ    : [0][3671]> OPERATOR
07-25 14:31:33.869   859   859 D RILJ    : [0][3672]> DATA_REGISTRATION_STATE
07-25 14:31:33.869   605   617 I use-Rlog/RLOG-RILC: [0] enter processCommandsCallback, socket type = 0
07-25 14:31:33.869   605   617 I use-Rlog/RLOG-RILC: [0] enter processCommandsCallback, socket type = 0
07-25 14:31:33.869   605   617 I use-Rlog/RLOG-RILC: [0] PCC  alloc one command p_record
07-25 14:31:33.869   605   941 D use-Rlog/RLOG-RILC: [0] PCB request code 22 token 23
07-25 14:31:33.869   605   941 D use-Rlog/RLOG-RILC: [0] [0023]> OPERATOR 
07-25 14:31:33.869   605   941 D use-Rlog/RLOG-RIL: [0] onRequest: OPERATOR sState=3
07-25 14:31:33.869   605   941 D use-Rlog/RLOG-RIL: [0] channel1 state: '0' 
07-25 14:31:33.869   605   941 D use-Rlog/RLOG-RIL: [0] get Channel ID '1'
07-25 14:31:33.869   605   941 D use-Rlog/RLOG-AT: [0] Channel1: AT> AT+COPS=3,0;+COPS?;+COPS=3,1;+COPS?;+COPS=3,2;+COPS?
07-25 14:31:33.869   604   609 D RIL-PHS : /dev/stty_lte1 Rev:+COPS: 0
07-25 14:31:33.869   604   609 D RIL-PHS : /dev/stty_lte1 Rev:+COPS: 0
07-25 14:31:33.869   604   609 D RIL-PHS : /dev/stty_lte1 Rev:+COPS: 0,2,"000000",0
07-25 14:31:33.869   605   621 D use-Rlog/RLOG-AT: [0] Channel1: AT< +COPS: 0
07-25 14:31:33.869   604   609 D RIL-PHS : /dev/stty_lte1 Rev:OK
07-25 14:31:33.869   605   621 D use-Rlog/RLOG-AT: [0] Channel1: AT< +COPS: 0
07-25 14:31:33.869   605   621 D use-Rlog/RLOG-AT: [0] Channel1: AT< +COPS: 0,2,"000000",0
07-25 14:31:33.869   605   621 D use-Rlog/RLOG-AT: [0] Channel1: AT< OK
07-25 14:31:33.869   605   941 D use-Rlog/RLOG-RILC: [0] [0023]< OPERATOR {(null),(null),000000}
07-25 14:31:33.869   605   941 D use-Rlog/RLOG-RIL: [0] put Channel ID '1'
07-25 14:31:33.869   605   941 I use-Rlog/RLOG-RILC: [0] -->CommandThread [941] free one command
07-25 14:31:33.869   859   859 D RILJ    : [0][3673]> VOICE_REGISTRATION_STATE
07-25 14:31:33.869   605   617 I use-Rlog/RLOG-RILC: [0] enter processCommandsCallback, socket type = 0
07-25 14:31:33.869   859   859 D RILJ    : [0][3674]> QUERY_NETWORK_SELECTION_MODE
07-25 14:31:33.869   605   617 I use-Rlog/RLOG-RILC: [0] enter processCommandsCallback, socket type = 0
07-25 14:31:33.869   605   617 I use-Rlog/RLOG-RILC: [0] PCC  alloc one command p_record
07-25 14:31:33.869   605   938 D use-Rlog/RLOG-RILC: [0] PCB request code 21 token 24
07-25 14:31:33.869   605   938 D use-Rlog/RLOG-RILC: [0] [0024]> DATA_REGISTRATION_STATE 
07-25 14:31:33.869   605   938 D use-Rlog/RLOG-RIL: [0] onRequest: DATA_REGISTRATION_STATE sState=3
07-25 14:31:33.869   605   938 D use-Rlog/RLOG-RIL: [0] channel1 state: '0' 
07-25 14:31:33.869   605   938 D use-Rlog/RLOG-RIL: [0] get Channel ID '1'
07-25 14:31:33.869   605   938 D use-Rlog/RLOG-RIL: [0] ssda mode: fdd-csfb
07-25 14:31:33.869   605   938 D use-Rlog/RLOG-AT: [0] Channel1: AT> AT+CEREG?
07-25 14:31:33.869   605   617 I use-Rlog/RLOG-RILC: [0] enter processCommandsCallback, socket type = 0
07-25 14:31:33.869   605   617 I use-Rlog/RLOG-RILC: [0] enter processCommandsCallback, socket type = 0
07-25 14:31:33.869   605   617 I use-Rlog/RLOG-RILC: [0] PCC  alloc one command p_record
07-25 14:31:33.869   605   941 D use-Rlog/RLOG-RILC: [0] PCB request code 20 token 25
07-25 14:31:33.869   605   941 D use-Rlog/RLOG-RILC: [0] [0025]> VOICE_REGISTRATION_STATE 
07-25 14:31:33.869   605   941 D use-Rlog/RLOG-RIL: [0] onRequest: VOICE_REGISTRATION_STATE sState=3
07-25 14:31:33.869   605   941 D use-Rlog/RLOG-RIL: [0] channel2 state: '0' 
07-25 14:31:33.869   605   941 D use-Rlog/RLOG-RIL: [0] get Channel ID '2'
07-25 14:31:33.869   605   941 D use-Rlog/RLOG-RIL: [0] ssda mode: fdd-csfb
07-25 14:31:33.869   605   941 D use-Rlog/RLOG-AT: [0] Channel2: AT> AT+CREG?
07-25 14:31:33.869   604   609 D RIL-PHS : /dev/stty_lte1 Rev:+CEREG: 2,8,"0000","00000000",0
07-25 14:31:33.869   604   609 D RIL-PHS : /dev/stty_lte1 Rev:OK
07-25 14:31:33.869   605   621 D use-Rlog/RLOG-AT: [0] Channel1: AT< +CEREG: 2,8,"0000","00000000",0
07-25 14:31:33.869   605   621 D use-Rlog/RLOG-AT: [0] Channel1: AT< OK
07-25 14:31:33.869   605   938 D use-Rlog/RLOG-RILC: [0] [0024]< DATA_REGISTRATION_STATE {10,0,0,1,(null),3}
07-25 14:31:33.869   605   938 D use-Rlog/RLOG-RIL: [0] put Channel ID '1'
07-25 14:31:33.869   605   938 I use-Rlog/RLOG-RILC: [0] -->CommandThread [938] free one command
07-25 14:31:33.869   604   610 D RIL-PHS : /dev/stty_lte2 Rev:+CREG: 2,8,"FFFE","00000000",0
07-25 14:31:33.869   604   610 D RIL-PHS : /dev/stty_lte2 Rev:OK
07-25 14:31:33.869   605   621 D use-Rlog/RLOG-AT: [0] Channel2: AT< +CREG: 2,8,"FFFE","00000000",0
07-25 14:31:33.869   605   621 D use-Rlog/RLOG-AT: [0] Channel2: AT< OK
07-25 14:31:33.869   605   941 D use-Rlog/RLOG-RILC: [0] [0025]< VOICE_REGISTRATION_STATE {10,fffe,0,1,(null),(null),(null),0,(null),(null),(null),(null),(null),(null),(null)}
07-25 14:31:33.869   605   941 D use-Rlog/RLOG-RIL: [0] put Channel ID '2'
07-25 14:31:33.869   605   941 I use-Rlog/RLOG-RILC: [0] -->CommandThread [941] free one command
07-25 14:31:33.869   859   859 D RILJ    : SPRDRILOPERATOR
07-25 14:31:33.869   605   617 I use-Rlog/RLOG-RILC: [0] enter processCommandsCallback, socket type = 0
07-25 14:31:33.869   605   617 I use-Rlog/RLOG-RILC: [0] enter processCommandsCallback, socket type = 0
07-25 14:31:33.869   605   617 I use-Rlog/RLOG-RILC: [0] PCC  alloc one command p_record
07-25 14:31:33.869   605   938 D use-Rlog/RLOG-RILC: [0] PCB request code 45 token 26
07-25 14:31:33.869   605   938 D use-Rlog/RLOG-RILC: [0] [0026]> QUERY_NETWORK_SELECTION_MODE 
07-25 14:31:33.869   605   938 D use-Rlog/RLOG-RIL: [0] onRequest: QUERY_NETWORK_SELECTION_MODE sState=3
07-25 14:31:33.869   605   938 D use-Rlog/RLOG-RIL: [0] channel1 state: '0' 
07-25 14:31:33.869   605   938 D use-Rlog/RLOG-RIL: [0] get Channel ID '1'
07-25 14:31:33.869   605   938 D use-Rlog/RLOG-AT: [0] Channel1: AT> AT+COPS?
07-25 14:31:33.869   859   859 D RILJ    : [0][3675]> OPERATOR
07-25 14:31:33.869   604   609 D RIL-PHS : /dev/stty_lte1 Rev:+COPS: 0,2,"000000",0
07-25 14:31:33.869   604   609 D RIL-PHS : /dev/stty_lte1 Rev:OK
07-25 14:31:33.869   605   621 D use-Rlog/RLOG-AT: [0] Channel1: AT< +COPS: 0,2,"000000",0
07-25 14:31:33.869   605   621 D use-Rlog/RLOG-AT: [0] Channel1: AT< OK
07-25 14:31:33.869   605   938 D use-Rlog/RLOG-RILC: [0] [0026]< QUERY_NETWORK_SELECTION_MODE {0}
07-25 14:31:33.869   605   938 D use-Rlog/RLOG-RIL: [0] put Channel ID '1'
07-25 14:31:33.869   605   938 I use-Rlog/RLOG-RILC: [0] -->CommandThread [938] free one command
07-25 14:31:33.869   859   859 D RILJ    : [0][3676]> DATA_REGISTRATION_STATE
07-25 14:31:33.869   605   617 I use-Rlog/RLOG-RILC: [0] enter processCommandsCallback, socket type = 0
07-25 14:31:33.869   605   617 I use-Rlog/RLOG-RILC: [0] enter processCommandsCallback, socket type = 0
07-25 14:31:33.869   605   617 I use-Rlog/RLOG-RILC: [0] PCC  alloc one command p_record
07-25 14:31:33.869   605   941 D use-Rlog/RLOG-RILC: [0] PCB request code 22 token 27
07-25 14:31:33.869   605   941 D use-Rlog/RLOG-RILC: [0] [0027]> OPERATOR 
07-25 14:31:33.869   605   941 D use-Rlog/RLOG-RIL: [0] onRequest: OPERATOR sState=3
07-25 14:31:33.869   605   941 D use-Rlog/RLOG-RIL: [0] channel1 state: '0' 
07-25 14:31:33.869   605   941 D use-Rlog/RLOG-RIL: [0] get Channel ID '1'
07-25 14:31:33.869   605   941 D use-Rlog/RLOG-AT: [0] Channel1: AT> AT+COPS=3,0;+COPS?;+COPS=3,1;+COPS?;+COPS=3,2;+COPS?
07-25 14:31:33.869   604   609 D RIL-PHS : /dev/stty_lte1 Rev:+COPS: 0
07-25 14:31:33.869   604   609 D RIL-PHS : /dev/stty_lte1 Rev:+COPS: 0
07-25 14:31:33.869   604   609 D RIL-PHS : /dev/stty_lte1 Rev:+COPS: 0,2,"000000",0
07-25 14:31:33.869   605   621 D use-Rlog/RLOG-AT: [0] Channel1: AT< +COPS: 0
07-25 14:31:33.869   604   609 D RIL-PHS : /dev/stty_lte1 Rev:OK
07-25 14:31:33.869   605   621 D use-Rlog/RLOG-AT: [0] Channel1: AT< +COPS: 0
07-25 14:31:33.869   605   621 D use-Rlog/RLOG-AT: [0] Channel1: AT< +COPS: 0,2,"000000",0
07-25 14:31:33.869   605   621 D use-Rlog/RLOG-AT: [0] Channel1: AT< OK
07-25 14:31:33.869   605   941 D use-Rlog/RLOG-RILC: [0] [0027]< OPERATOR {(null),(null),000000}
07-25 14:31:33.879   605   941 D use-Rlog/RLOG-RIL: [0] put Channel ID '1'
07-25 14:31:33.879   605   941 I use-Rlog/RLOG-RILC: [0] -->CommandThread [941] free one command
07-25 14:31:33.879   859   859 D RILJ    : [0][3677]> VOICE_REGISTRATION_STATE
07-25 14:31:33.879   605   617 I use-Rlog/RLOG-RILC: [0] enter processCommandsCallback, socket type = 0
07-25 14:31:33.879   605   617 I use-Rlog/RLOG-RILC: [0] enter processCommandsCallback, socket type = 0
07-25 14:31:33.879   605   617 I use-Rlog/RLOG-RILC: [0] PCC  alloc one command p_record
07-25 14:31:33.879   605   938 D use-Rlog/RLOG-RILC: [0] PCB request code 21 token 28
07-25 14:31:33.879   605   938 D use-Rlog/RLOG-RILC: [0] [0028]> DATA_REGISTRATION_STATE 
07-25 14:31:33.879   605   938 D use-Rlog/RLOG-RIL: [0] onRequest: DATA_REGISTRATION_STATE sState=3
07-25 14:31:33.879   605   938 D use-Rlog/RLOG-RIL: [0] channel1 state: '0' 
07-25 14:31:33.879   605   938 D use-Rlog/RLOG-RIL: [0] get Channel ID '1'
07-25 14:31:33.879   605   938 D use-Rlog/RLOG-RIL: [0] ssda mode: fdd-csfb
07-25 14:31:33.879   605   938 D use-Rlog/RLOG-AT: [0] Channel1: AT> AT+CEREG?
07-25 14:31:33.879   604   609 D RIL-PHS : /dev/stty_lte1 Rev:+CEREG: 2,8,"0000","00000000",0
07-25 14:31:33.879   604   609 D RIL-PHS : /dev/stty_lte1 Rev:OK
07-25 14:31:33.879   605   621 D use-Rlog/RLOG-AT: [0] Channel1: AT< +CEREG: 2,8,"0000","00000000",0
07-25 14:31:33.879   605   621 D use-Rlog/RLOG-AT: [0] Channel1: AT< OK
07-25 14:31:33.879   605   938 D use-Rlog/RLOG-RILC: [0] [0028]< DATA_REGISTRATION_STATE {10,0,0,1,(null),3}
07-25 14:31:33.879   605   938 D use-Rlog/RLOG-RIL: [0] put Channel ID '1'
07-25 14:31:33.879   605   938 I use-Rlog/RLOG-RILC: [0] -->CommandThread [938] free one command
07-25 14:31:33.899   859   859 D RILJ    : [0][3678]> QUERY_NETWORK_SELECTION_MODE
07-25 14:31:33.899   605   617 I use-Rlog/RLOG-RILC: [0] enter processCommandsCallback, socket type = 0
07-25 14:31:33.899   605   617 I use-Rlog/RLOG-RILC: [0] enter processCommandsCallback, socket type = 0
07-25 14:31:33.899   605   617 I use-Rlog/RLOG-RILC: [0] PCC  alloc one command p_record
07-25 14:31:33.899   605   941 D use-Rlog/RLOG-RILC: [0] PCB request code 20 token 29
07-25 14:31:33.899   605   941 D use-Rlog/RLOG-RILC: [0] [0029]> VOICE_REGISTRATION_STATE 
07-25 14:31:33.899   605   941 D use-Rlog/RLOG-RIL: [0] onRequest: VOICE_REGISTRATION_STATE sState=3
07-25 14:31:33.899   605   941 D use-Rlog/RLOG-RIL: [0] channel1 state: '0' 
07-25 14:31:33.899   605   941 D use-Rlog/RLOG-RIL: [0] get Channel ID '1'
07-25 14:31:33.899   605   941 D use-Rlog/RLOG-RIL: [0] ssda mode: fdd-csfb
07-25 14:31:33.899   605   941 D use-Rlog/RLOG-AT: [0] Channel1: AT> AT+CREG?
07-25 14:31:33.899   604   609 D RIL-PHS : /dev/stty_lte1 Rev:+CREG: 2,8,"FFFE","00000000",0
07-25 14:31:33.899   604   609 D RIL-PHS : /dev/stty_lte1 Rev:OK
07-25 14:31:33.899   605   621 D use-Rlog/RLOG-AT: [0] Channel1: AT< +CREG: 2,8,"FFFE","00000000",0
07-25 14:31:33.899   605   621 D use-Rlog/RLOG-AT: [0] Channel1: AT< OK
07-25 14:31:33.899   605   941 D use-Rlog/RLOG-RILC: [0] [0029]< VOICE_REGISTRATION_STATE {10,fffe,0,1,(null),(null),(null),0,(null),(null),(null),(null),(null),(null),(null)}
07-25 14:31:33.899   605   941 D use-Rlog/RLOG-RIL: [0] put Channel ID '1'
07-25 14:31:33.899   605   941 I use-Rlog/RLOG-RILC: [0] -->CommandThread [941] free one command
07-25 14:31:33.899   859   859 D RILJ    : SPRDRILOPERATOR
07-25 14:31:33.899   859   859 D RILJ    : [0][3679]> OPERATOR
07-25 14:31:33.899   859   859 D RILJ    : [0][3680]> DATA_REGISTRATION_STATE
07-25 14:31:33.899   859   859 D RILJ    : [0][3681]> VOICE_REGISTRATION_STATE
07-25 14:31:33.899   859   932 D RILJ    : after responseOperatorString():response[0]000000response[1]=000000response[2]=000000
07-25 14:31:33.899   859   932 D RILJ    : [0][3661]< OPERATOR {000000, 000000, 000000}
07-25 14:31:33.899   859   932 D RILJ    : [0]SprdRIL:processSolicited: [3661]< send result: 6
07-25 14:31:33.899   605   617 I use-Rlog/RLOG-RILC: [0] enter processCommandsCallback, socket type = 0
07-25 14:31:33.899   859   859 D RILJ    : [0][3682]> QUERY_NETWORK_SELECTION_MODE
07-25 14:31:33.899   605   617 I use-Rlog/RLOG-RILC: [0] enter processCommandsCallback, socket type = 0
07-25 14:31:33.899   605   617 I use-Rlog/RLOG-RILC: [0] PCC  alloc one command p_record
07-25 14:31:33.899   605   617 I use-Rlog/RLOG-RILC: [0] enter processCommandsCallback, socket type = 0
07-25 14:31:33.899   605   617 I use-Rlog/RLOG-RILC: [0] enter processCommandsCallback, socket type = 0
07-25 14:31:33.899   605   617 I use-Rlog/RLOG-RILC: [0] PCC  alloc one command p_record
07-25 14:31:33.899   605   941 D use-Rlog/RLOG-RILC: [0] PCB request code 45 token 30
07-25 14:31:33.899   605   941 D use-Rlog/RLOG-RILC: [0] [0030]> QUERY_NETWORK_SELECTION_MODE 
07-25 14:31:33.899   605   938 D use-Rlog/RLOG-RILC: [0] PCB request code 22 token 31
07-25 14:31:33.899   605   941 D use-Rlog/RLOG-RIL: [0] onRequest: QUERY_NETWORK_SELECTION_MODE sState=3
07-25 14:31:33.899   605   938 D use-Rlog/RLOG-RILC: [0] [0031]> OPERATOR 
07-25 14:31:33.899   605   938 D use-Rlog/RLOG-RIL: [0] onRequest: OPERATOR sState=3
07-25 14:31:33.899   605   941 D use-Rlog/RLOG-RIL: [0] channel1 state: '0' 
07-25 14:31:33.899   605   941 D use-Rlog/RLOG-RIL: [0] get Channel ID '1'
07-25 14:31:33.899   605   941 D use-Rlog/RLOG-AT: [0] Channel1: AT> AT+COPS?
07-25 14:31:33.899   605   617 I use-Rlog/RLOG-RILC: [0] enter processCommandsCallback, socket type = 0
07-25 14:31:33.899   605   617 I use-Rlog/RLOG-RILC: [0] enter processCommandsCallback, socket type = 0
07-25 14:31:33.899   605   617 I use-Rlog/RLOG-RILC: [0] PCC  alloc one command p_record
07-25 14:31:33.909   605   617 I use-Rlog/RLOG-RILC: [0] enter processCommandsCallback, socket type = 0
07-25 14:31:33.909   605   617 I use-Rlog/RLOG-RILC: [0] enter processCommandsCallback, socket type = 0
07-25 14:31:33.909   605   617 I use-Rlog/RLOG-RILC: [0] PCC  alloc one command p_record
07-25 14:31:33.909   604   609 D RIL-PHS : /dev/stty_lte1 Rev:+COPS: 0,2,"000000",0
07-25 14:31:33.909   605   938 D use-Rlog/RLOG-RIL: [0] channel2 state: '0' 
07-25 14:31:33.909   605   938 D use-Rlog/RLOG-RIL: [0] get Channel ID '2'
07-25 14:31:33.909   605   938 D use-Rlog/RLOG-AT: [0] Channel2: AT> AT+COPS=3,0;+COPS?;+COPS=3,1;+COPS?;+COPS=3,2;+COPS?
07-25 14:31:33.909   605   621 D use-Rlog/RLOG-AT: [0] Channel1: AT< +COPS: 0,2,"000000",0
07-25 14:31:33.909   604   609 D RIL-PHS : /dev/stty_lte1 Rev:OK
07-25 14:31:33.909   605   621 D use-Rlog/RLOG-AT: [0] Channel1: AT< OK
07-25 14:31:33.909   605   941 D use-Rlog/RLOG-RILC: [0] [0030]< QUERY_NETWORK_SELECTION_MODE {0}
07-25 14:31:33.909   605   941 D use-Rlog/RLOG-RIL: [0] put Channel ID '1'
07-25 14:31:33.909   605   941 I use-Rlog/RLOG-RILC: [0] -->CommandThread [941] free one command
07-25 14:31:33.909   605   941 D use-Rlog/RLOG-RILC: [0] PCB request code 21 token 32
07-25 14:31:33.909   605   941 D use-Rlog/RLOG-RILC: [0] [0032]> DATA_REGISTRATION_STATE 
07-25 14:31:33.909   605   941 D use-Rlog/RLOG-RIL: [0] onRequest: DATA_REGISTRATION_STATE sState=3
07-25 14:31:33.909   605   941 D use-Rlog/RLOG-RIL: [0] channel1 state: '0' 
07-25 14:31:33.909   605   941 D use-Rlog/RLOG-RIL: [0] get Channel ID '1'
07-25 14:31:33.909   605   941 D use-Rlog/RLOG-RIL: [0] ssda mode: fdd-csfb
07-25 14:31:33.909   605   941 D use-Rlog/RLOG-AT: [0] Channel1: AT> AT+CEREG?
07-25 14:31:33.909   605  1150 D use-Rlog/RLOG-RILC: [0] PCB request code 20 token 33
07-25 14:31:33.909   605  1150 D use-Rlog/RLOG-RILC: [0] [0033]> VOICE_REGISTRATION_STATE 
07-25 14:31:33.909   605  1150 D use-Rlog/RLOG-RIL: [0] onRequest: VOICE_REGISTRATION_STATE sState=3
07-25 14:31:33.909   605  1150 D use-Rlog/RLOG-RIL: [0] channel3 state: '0' 
07-25 14:31:33.909   605  1150 D use-Rlog/RLOG-RIL: [0] get Channel ID '3'
07-25 14:31:33.909   605  1150 D use-Rlog/RLOG-RIL: [0] ssda mode: fdd-csfb
07-25 14:31:33.909   605  1150 D use-Rlog/RLOG-AT: [0] Channel3: AT> AT+CREG?
07-25 14:31:33.909   859   932 D RILJ    : [0][3662]< DATA_REGISTRATION_STATE {10, 0, 0, 1, null, 3}
07-25 14:31:33.909   859   932 D RILJ    : [0][3663]< VOICE_REGISTRATION_STATE {10, fffe, 0, 1, null, null, null, 0, null, null, null, null, null, null, null}
07-25 14:31:33.909   859   932 D RILJ    : [0][3664]< QUERY_NETWORK_SELECTION_MODE {0}
07-25 14:31:33.909   859   932 D RILJ    : [0][3665]< GET_SIM_STATUS IccCardState {CARDSTATE_ABSENT,PINSTATE_UNKNOWN,num_apps=0,gsm_id=8,cdma_id=8,ims_id=8}
07-25 14:31:33.909   859   932 D RILJ    : [0]responseCallListEx: num=0 mEmergencyCallbackModeRegistrant=null mTestingEmergencyCall=false
07-25 14:31:33.909   859   932 D RILJ    : [0][3666]< RIL_REQUEST_GET_IMS_CURRENT_CALLS []
07-25 14:31:33.909   859   932 D RILJ    : [0]SprdRIL:processSolicited: [3666]< send result: 1
07-25 14:31:33.909   604   609 D RIL-PHS : /dev/stty_lte1 Rev:+COPS: 0
07-25 14:31:33.909   604   609 D RIL-PHS : /dev/stty_lte1 Rev:+COPS: 0
07-25 14:31:33.909   604   609 D RIL-PHS : /dev/stty_lte1 Rev:+COPS: 0,2,"000000",0
07-25 14:31:33.909   604   609 D RIL-PHS : /dev/stty_lte1 Rev:OK
07-25 14:31:33.909   605   621 D use-Rlog/RLOG-AT: [0] Channel2: AT< +COPS: 0
07-25 14:31:33.909   605   621 D use-Rlog/RLOG-AT: [0] Channel2: AT< +COPS: 0
07-25 14:31:33.909   605   621 D use-Rlog/RLOG-AT: [0] Channel2: AT< +COPS: 0,2,"000000",0
07-25 14:31:33.909   605   621 D use-Rlog/RLOG-AT: [0] Channel2: AT< OK
07-25 14:31:33.909   859   932 D RILJ    : [0][3667]< RIL_REQUEST_IMS_REGISTRATION_STATE {2, 0, 0, -1}
07-25 14:31:33.909   605   938 D use-Rlog/RLOG-RILC: [0] [0031]< OPERATOR {(null),(null),000000}
07-25 14:31:33.909   605   938 D use-Rlog/RLOG-RIL: [0] put Channel ID '2'
07-25 14:31:33.909   605   938 I use-Rlog/RLOG-RILC: [0] -->CommandThread [938] free one command
07-25 14:31:33.909   859   932 D RILJ    : [0][3668]< RIL_REQUEST_VOICE_RADIO_TECH {3}
07-25 14:31:33.909   859   932 D RilRequest: [3669]< RIL_REQUEST_CDMA_GET_SUBSCRIPTION_SOURCE error: com.android.internal.telephony.CommandException: GENERIC_FAILURE
07-25 14:31:33.909   859   932 D RILJ    : [0][3670]< GET_SIM_STATUS IccCardState {CARDSTATE_ABSENT,PINSTATE_UNKNOWN,num_apps=0,gsm_id=8,cdma_id=8,ims_id=8}
07-25 14:31:33.909   859   932 D RILJ    : sprdRil before responseOperatorString():response[0]= null response[1]= null response[2]= 000000
07-25 14:31:33.909   604   610 D RIL-PHS : /dev/stty_lte2 Rev:+CEREG: 2,8,"0000","00000000",0
07-25 14:31:33.909   605   621 D use-Rlog/RLOG-AT: [0] Channel1: AT< +CEREG: 2,8,"0000","00000000",0
07-25 14:31:33.909   604   610 D RIL-PHS : /dev/stty_lte2 Rev:OK
07-25 14:31:33.909   605   621 D use-Rlog/RLOG-AT: [0] Channel1: AT< OK
07-25 14:31:33.909   605   941 D use-Rlog/RLOG-RILC: [0] [0032]< DATA_REGISTRATION_STATE {10,0,0,1,(null),3}
07-25 14:31:33.909   605   941 D use-Rlog/RLOG-RIL: [0] put Channel ID '1'
07-25 14:31:33.909   605   941 I use-Rlog/RLOG-RILC: [0] -->CommandThread [941] free one command
07-25 14:31:33.909   604   611 D RIL-PHS : /dev/stty_lte3 Rev:+CREG: 2,8,"FFFE","00000000",0
07-25 14:31:33.909   604   611 D RIL-PHS : /dev/stty_lte3 Rev:OK
07-25 14:31:33.909   605   621 D use-Rlog/RLOG-AT: [0] Channel3: AT< +CREG: 2,8,"FFFE","00000000",0
07-25 14:31:33.909   605   621 D use-Rlog/RLOG-AT: [0] Channel3: AT< OK
07-25 14:31:33.909   605  1150 D use-Rlog/RLOG-RILC: [0] [0033]< VOICE_REGISTRATION_STATE {10,fffe,0,1,(null),(null),(null),0,(null),(null),(null),(null),(null),(null),(null)}
07-25 14:31:33.909   605  1150 D use-Rlog/RLOG-RIL: [0] put Channel ID '3'
07-25 14:31:33.909   605  1150 I use-Rlog/RLOG-RILC: [0] -->CommandThread [1150] free one command
07-25 14:31:33.919   859   859 D UiccController: [0]Received EVENT_ICC_STATUS_CHANGED, calling getIccCardStatus
07-25 14:31:33.919   605   617 I use-Rlog/RLOG-RILC: [0] enter processCommandsCallback, socket type = 0
07-25 14:31:33.919   859   859 D RILJ    : [0][3683]> GET_SIM_STATUS
07-25 14:31:33.919   859   859 D UiccController: [0]Received EVENT_ICC_STATUS_CHANGED, calling getIccCardStatus
07-25 14:31:33.919   605   617 I use-Rlog/RLOG-RILC: [0] enter processCommandsCallback, socket type = 0
07-25 14:31:33.919   605   617 I use-Rlog/RLOG-RILC: [0] PCC  alloc one command p_record
07-25 14:31:33.919   605   938 D use-Rlog/RLOG-RILC: [0] PCB request code 45 token 34
07-25 14:31:33.919   605   938 D use-Rlog/RLOG-RILC: [0] [0034]> QUERY_NETWORK_SELECTION_MODE 
07-25 14:31:33.919   605   938 D use-Rlog/RLOG-RIL: [0] onRequest: QUERY_NETWORK_SELECTION_MODE sState=3
07-25 14:31:33.919   605   938 D use-Rlog/RLOG-RIL: [0] channel1 state: '0' 
07-25 14:31:33.919   605   938 D use-Rlog/RLOG-RIL: [0] get Channel ID '1'
07-25 14:31:33.919   605   938 D use-Rlog/RLOG-AT: [0] Channel1: AT> AT+COPS?
07-25 14:31:33.919   605   617 I use-Rlog/RLOG-RILC: [0] enter processCommandsCallback, socket type = 0
07-25 14:31:33.919   605   617 I use-Rlog/RLOG-RILC: [0] enter processCommandsCallback, socket type = 0
07-25 14:31:33.919   605   617 I use-Rlog/RLOG-RILC: [0] PCC  alloc one command p_record
07-25 14:31:33.919   605   941 D use-Rlog/RLOG-RILC: [0] PCB request code 1 token 35
07-25 14:31:33.919   605   941 D use-Rlog/RLOG-RILC: [0] [0035]> GET_SIM_STATUS 
07-25 14:31:33.919   605   941 D use-Rlog/RLOG-RIL: [0] onRequest: GET_SIM_STATUS sState=3
07-25 14:31:33.919   605   941 D use-Rlog/RLOG-RIL: [0] channel2 state: '0' 
07-25 14:31:33.919   605   941 D use-Rlog/RLOG-RIL: [0] get Channel ID '2'
07-25 14:31:33.919   605   941 D use-Rlog/RLOG-AT: [0] Channel2: AT> AT+CPIN?
07-25 14:31:33.919   604   609 D RIL-PHS : /dev/stty_lte1 Rev:+COPS: 0,2,"000000",0
07-25 14:31:33.919   604   609 D RIL-PHS : /dev/stty_lte1 Rev:OK
07-25 14:31:33.919   605   621 D use-Rlog/RLOG-AT: [0] Channel1: AT< +COPS: 0,2,"000000",0
07-25 14:31:33.919   605   621 D use-Rlog/RLOG-AT: [0] Channel1: AT< OK
07-25 14:31:33.919   604   610 D RIL-PHS : /dev/stty_lte2 Rev:+CME ERROR: 10
07-25 14:31:33.919   605   938 D use-Rlog/RLOG-RILC: [0] [0034]< QUERY_NETWORK_SELECTION_MODE {0}
07-25 14:31:33.919   605   938 D use-Rlog/RLOG-RIL: [0] put Channel ID '1'
07-25 14:31:33.919   605   938 I use-Rlog/RLOG-RILC: [0] -->CommandThread [938] free one command
07-25 14:31:33.919   605   621 D use-Rlog/RLOG-AT: [0] Channel2: AT< +CME ERROR: 10
07-25 14:31:33.919   605   941 D use-Rlog/RLOG-RIL: [0] setHasSim hasSim = 0
07-25 14:31:33.919   605   941 D use-Rlog/RLOG-AT: [0] Channel2: AT> AT+EUICC?
07-25 14:31:33.919   859   859 D RILJ    : [0][3684]> GET_SIM_STATUS
07-25 14:31:33.919   604   609 D RIL-PHS : /dev/stty_lte1 Rev:+EUICC: 2,1,255
07-25 14:31:33.919   604   609 D RIL-PHS : /dev/stty_lte1 Rev:OK
07-25 14:31:33.919   605   621 D use-Rlog/RLOG-AT: [0] Channel2: AT< +EUICC: 2,1,255
07-25 14:31:33.919   605   621 D use-Rlog/RLOG-AT: [0] Channel2: AT< OK
07-25 14:31:33.919   605   941 D use-Rlog/RLOG-RIL: [0] getSimType: +EUICC: 2,1,255
07-25 14:31:33.919   605   941 D use-Rlog/RLOG-RIL: [0] app type 0
07-25 14:31:33.919   605   941 D use-Rlog/RLOG-RILC: [0] [0035]< GET_SIM_STATUS {}
07-25 14:31:33.919   605   941 D use-Rlog/RLOG-RIL: [0] put Channel ID '2'
07-25 14:31:33.919   605   941 I use-Rlog/RLOG-RILC: [0] -->CommandThread [941] free one command
07-25 14:31:33.919   859   859 D UiccController: [0]Received EVENT_GET_ICC_STATUS_DONE
07-25 14:31:33.919   605   617 I use-Rlog/RLOG-RILC: [0] enter processCommandsCallback, socket type = 0
07-25 14:31:33.919   859   859 D UiccCard: update : phoneId = 0 mCardState = CARDSTATE_ABSENT oldState = CARDSTATE_ABSENT
07-25 14:31:33.919   859   859 D UiccCard: 0 applications
07-25 14:31:33.919   605   617 I use-Rlog/RLOG-RILC: [0] enter processCommandsCallback, socket type = 0
07-25 14:31:33.919   605   617 I use-Rlog/RLOG-RILC: [0] PCC  alloc one command p_record
07-25 14:31:33.919   605  1150 D use-Rlog/RLOG-RILC: [0] PCB request code 1 token 36
07-25 14:31:33.919   605  1150 D use-Rlog/RLOG-RILC: [0] [0036]> GET_SIM_STATUS 
07-25 14:31:33.919   605  1150 D use-Rlog/RLOG-RIL: [0] onRequest: GET_SIM_STATUS sState=3
07-25 14:31:33.919   605  1150 D use-Rlog/RLOG-RIL: [0] channel1 state: '0' 
07-25 14:31:33.919   605  1150 D use-Rlog/RLOG-RIL: [0] get Channel ID '1'
07-25 14:31:33.919   605  1150 D use-Rlog/RLOG-AT: [0] Channel1: AT> AT+CPIN?
07-25 14:31:33.919   859   859 E UiccCard: App index 8 is invalid since there are no applications
07-25 14:31:33.919   859   859 E UiccCard: App index 8 is invalid since there are no applications
07-25 14:31:33.919   604   609 D RIL-PHS : /dev/stty_lte1 Rev:+CME ERROR: 10
07-25 14:31:33.919   859   859 E UiccCard: App index 8 is invalid since there are no applications
07-25 14:31:33.919   605   621 D use-Rlog/RLOG-AT: [0] Channel1: AT< +CME ERROR: 10
07-25 14:31:33.919   605  1150 D use-Rlog/RLOG-RIL: [0] setHasSim hasSim = 0
07-25 14:31:33.919   605  1150 D use-Rlog/RLOG-AT: [0] Channel1: AT> AT+EUICC?
07-25 14:31:33.919   859   859 D UiccCard: update: radioState=RADIO_ON mLastRadioState=RADIO_OFF
07-25 14:31:33.919   604   609 D RIL-PHS : /dev/stty_lte1 Rev:+EUICC: 2,1,255
07-25 14:31:33.919   604   609 D RIL-PHS : /dev/stty_lte1 Rev:OK
07-25 14:31:33.919   605   621 D use-Rlog/RLOG-AT: [0] Channel1: AT< +EUICC: 2,1,255
07-25 14:31:33.919   605   621 D use-Rlog/RLOG-AT: [0] Channel1: AT< OK
07-25 14:31:33.919   605  1150 D use-Rlog/RLOG-RIL: [0] getSimType: +EUICC: 2,1,255
07-25 14:31:33.919   605  1150 D use-Rlog/RLOG-RIL: [0] app type 0
07-25 14:31:33.919   605  1150 D use-Rlog/RLOG-RILC: [0] [0036]< GET_SIM_STATUS {}
07-25 14:31:33.919   605  1150 D use-Rlog/RLOG-RIL: [0] put Channel ID '1'
07-25 14:31:33.919   605  1150 I use-Rlog/RLOG-RILC: [0] -->CommandThread [1150] free one command
07-25 14:31:33.919   859   859 D UiccController: [0]Notifying IccChangedRegistrants
07-25 14:31:33.919   859   859 D GsmCallTracker: [GsmCallTracker] handle EVENT_POLL_CALL_RESULT: set needsPoll=F
07-25 14:31:33.919   859   859 D GsmCallTracker: [GsmCallTracker] poll: conn[i=0]=null, dc=null
07-25 14:31:33.919   859   859 D GsmCallTracker: [GsmCallTracker] poll: conn[i=1]=null, dc=null
07-25 14:31:33.919   859   859 D GsmCallTracker: [GsmCallTracker] poll: conn[i=2]=null, dc=null
07-25 14:31:33.919   859   859 D GsmCallTracker: [GsmCallTracker] poll: conn[i=3]=null, dc=null
07-25 14:31:33.919   859   859 D GsmCallTracker: [GsmCallTracker] poll: conn[i=4]=null, dc=null
07-25 14:31:33.919   859   859 D GsmCallTracker: [GsmCallTracker] poll: conn[i=5]=null, dc=null
07-25 14:31:33.919   859   859 D GsmCallTracker: [GsmCallTracker] poll: conn[i=6]=null, dc=null
07-25 14:31:33.929   859   859 D RIL_ImsSms: IMS is NOT registered!
07-25 14:31:33.929   859   859 E RIL_ImsSms: IMS format was unknown!
07-25 14:31:33.929   859   859 D PhoneProxy: [PhoneProxy] EVENT_REQUEST_VOICE_RADIO_TECH_DONE: newVoiceTech=3
07-25 14:31:33.929   859   859 D PhoneProxy: [PhoneProxy] phoneObjectUpdater: newVoiceRadioTech=3
07-25 14:31:33.929   859   859 D PhoneProxy: [PhoneProxy] phoneObjectUpdater: No change ignore, newVoiceRadioTech=3 mActivePhone=TD
07-25 14:31:33.929   859   859 D CdmaSSM : CDMA_SUBSCRIPTION_SOURCE event = 2
07-25 14:31:33.929   859   932 D RILJ    : after responseOperatorString():response[0]000000response[1]=000000response[2]=000000
07-25 14:31:33.929   859   932 D RILJ    : [0][3671]< OPERATOR {000000, 000000, 000000}
07-25 14:31:33.929   859   932 D RILJ    : [0]SprdRIL:processSolicited: [3671]< send result: 6
07-25 14:31:33.929   859   932 D RILJ    : [0][3672]< DATA_REGISTRATION_STATE {10, 0, 0, 1, null, 3}
07-25 14:31:33.929   859   859 W CdmaSSM : Unable to get CDMA Subscription Source, Exception: com.android.internal.telephony.CommandException: GENERIC_FAILURE, result: null
07-25 14:31:33.929   859   859 D UiccController: [0]Received EVENT_GET_ICC_STATUS_DONE
07-25 14:31:33.929   859   932 D RILJ    : [0][3673]< VOICE_REGISTRATION_STATE {10, fffe, 0, 1, null, null, null, 0, null, null, null, null, null, null, null}
07-25 14:31:33.929   859   859 D UiccCard: update : phoneId = 0 mCardState = CARDSTATE_ABSENT oldState = CARDSTATE_ABSENT
07-25 14:31:33.929   859   932 D RILJ    : [0][3674]< QUERY_NETWORK_SELECTION_MODE {0}
07-25 14:31:33.929   859   859 D UiccCard: 0 applications
07-25 14:31:33.929   859   932 D RILJ    : sprdRil before responseOperatorString():response[0]= null response[1]= null response[2]= 000000
07-25 14:31:33.929   859   859 E UiccCard: App index 8 is invalid since there are no applications
07-25 14:31:33.949   859   859 E UiccCard: App index 8 is invalid since there are no applications
07-25 14:31:33.949   859   859 E UiccCard: App index 8 is invalid since there are no applications
07-25 14:31:33.949   859   859 D UiccCard: update: radioState=RADIO_ON mLastRadioState=RADIO_ON
07-25 14:31:33.949   859   859 D UiccController: [0]Notifying IccChangedRegistrants
07-25 14:31:33.949   859   859 D DCT     : [DcT(0)] handleMessage msg={ when=-24ms what=270369 obj=android.os.AsyncResult@418d3908 target=com.android.internal.telephony.dataconnection.MsmsDcTracker }
07-25 14:31:33.949   859   859 D DCT     : [DcT(0)] handleMessage msg={ when=-25ms what=270369 obj=android.os.AsyncResult@418d3908 target=com.android.internal.telephony.dataconnection.MsmsDcTracker }
07-25 14:31:33.949   859   859 D IccCardProxy: [0]updateExternalState : mRadioOn = true
07-25 14:31:33.949   859   859 D IccCardProxy: [0] phoneid 0 misFirstStarttrue
07-25 14:31:33.949   859   859 D DCT     : [DcT(0)] handleMessage msg={ when=-1ms what=270369 obj=android.os.AsyncResult@41874728 target=com.android.internal.telephony.dataconnection.MsmsDcTracker }
07-25 14:31:33.949   859   859 D DCT     : [DcT(0)] handleMessage msg={ when=-2ms what=270369 obj=android.os.AsyncResult@41874728 target=com.android.internal.telephony.dataconnection.MsmsDcTracker }
07-25 14:31:33.949   859   859 D IccCardProxy: [0]updateExternalState : mRadioOn = true
07-25 14:31:33.949   859   859 D IccCardProxy: [0] phoneid 0 misFirstStarttrue
07-25 14:31:33.949   859   932 D RILJ    : after responseOperatorString():response[0]000000response[1]=000000response[2]=000000
07-25 14:31:33.949   859   932 D RILJ    : [0][3675]< OPERATOR {000000, 000000, 000000}
07-25 14:31:33.949   859   932 D RILJ    : [0]SprdRIL:processSolicited: [3675]< send result: 6
07-25 14:31:33.959   859   932 D RILJ    : [0][3676]< DATA_REGISTRATION_STATE {10, 0, 0, 1, null, 3}
07-25 14:31:33.959   859   932 D RILJ    : [0][3677]< VOICE_REGISTRATION_STATE {10, fffe, 0, 1, null, null, null, 0, null, null, null, null, null, null, null}
07-25 14:31:33.959   859   932 D RILJ    : [0][3678]< QUERY_NETWORK_SELECTION_MODE {0}
07-25 14:31:33.959   859   932 D RILJ    : sprdRil before responseOperatorString():response[0]= null response[1]= null response[2]= 000000
07-25 14:31:33.979   859   873 D RILJ    : [0][3685]> RIL_REQUEST_SET_IMS_VOICE_CALL_AVAILABILITY
07-25 14:31:33.979   605   617 I use-Rlog/RLOG-RILC: [0] enter processCommandsCallback, socket type = 0
07-25 14:31:33.979   605   617 I use-Rlog/RLOG-RILC: [0] enter processCommandsCallback, socket type = 0
07-25 14:31:33.979   605   617 I use-Rlog/RLOG-RILC: [0] PCC  alloc one command p_record
07-25 14:31:33.979   605   938 D use-Rlog/RLOG-RILC: [0] PCB request code 5004 token 37
07-25 14:31:33.979   605   938 D use-Rlog/RLOG-RILC: [0] [0037]> RIL_REQUEST_SET_IMS_VOICE_CALL_AVAILABILITY (0)
07-25 14:31:33.979   605   938 D use-Rlog/RLOG-RIL: [0] onRequest: RIL_REQUEST_SET_IMS_VOICE_CALL_AVAILABILITY sState=3
07-25 14:31:33.979   605   938 D use-Rlog/RLOG-RIL: [0] channel1 state: '0' 
07-25 14:31:33.979   605   938 D use-Rlog/RLOG-RIL: [0] get Channel ID '1'
07-25 14:31:33.979   605   938 D use-Rlog/RLOG-AT: [0] Channel1: AT> AT+CAVIMS?
07-25 14:31:33.979   859   932 D RILJ    : after responseOperatorString():response[0]000000response[1]=000000response[2]=000000
07-25 14:31:33.979   859   932 D RILJ    : [0][3679]< OPERATOR {000000, 000000, 000000}
07-25 14:31:33.979   859   932 D RILJ    : [0]SprdRIL:processSolicited: [3679]< send result: 6
07-25 14:31:33.979   604   609 D RIL-PHS : /dev/stty_lte1 Rev:+CAVIMS:0
07-25 14:31:33.979   604   609 D RIL-PHS : /dev/stty_lte1 Rev:OK
07-25 14:31:33.979   605   621 D use-Rlog/RLOG-AT: [0] Channel1: AT< +CAVIMS:0
07-25 14:31:33.979   605   621 D use-Rlog/RLOG-AT: [0] Channel1: AT< OK
07-25 14:31:33.979   605   938 D use-Rlog/RLOG-RIL: [0] GET_IMS_VOICE_CALL_AVAILABILITY:0
07-25 14:31:33.979   859   932 D RILJ    : [0][3680]< DATA_REGISTRATION_STATE {10, 0, 0, 1, null, 3}
07-25 14:31:33.979   605   938 D use-Rlog/RLOG-RILC: [0] [0037]< RIL_REQUEST_SET_IMS_VOICE_CALL_AVAILABILITY
07-25 14:31:33.979   605   938 D use-Rlog/RLOG-RIL: [0] put Channel ID '1'
07-25 14:31:33.979   605   938 I use-Rlog/RLOG-RILC: [0] -->CommandThread [938] free one command
07-25 14:31:33.979   859   859 D VolteSST: [VolteSST-0] updateOperatorNameByNitzAndXML
07-25 14:31:33.979   859   932 D RILJ    : [0][3681]< VOICE_REGISTRATION_STATE {10, fffe, 0, 1, null, null, null, 0, null, null, null, null, null, null, null}
07-25 14:31:33.979   859   932 D RILJ    : [0][3682]< QUERY_NETWORK_SELECTION_MODE {0}
07-25 14:31:33.989   859   932 D RILJ    : [0][3683]< GET_SIM_STATUS IccCardState {CARDSTATE_ABSENT,PINSTATE_UNKNOWN,num_apps=0,gsm_id=8,cdma_id=8,ims_id=8}
07-25 14:31:33.989   859   932 D RILJ    : [0][3684]< GET_SIM_STATUS IccCardState {CARDSTATE_ABSENT,PINSTATE_UNKNOWN,num_apps=0,gsm_id=8,cdma_id=8,ims_id=8}
07-25 14:31:33.989   859   932 D RILJ    : [0][3685]< RIL_REQUEST_SET_IMS_VOICE_CALL_AVAILABILITY 
07-25 14:31:33.989   859   932 D RILJ    : [0]SprdRIL:processSolicited: [3685]< send result: 1
07-25 14:31:34.009   859   859 D VolteSST: [VolteSST-0] updateOperatorNameByNitzAndXML
07-25 14:31:34.029   859   859 D PHONE   : [ServiceState] setDataRegState=1
07-25 14:31:34.029   859   859 D PHONE   : [ServiceState] setDataRadioTechnology=1
07-25 14:31:34.029   859   859 D VolteSST: [VolteSST-0] handlPollStateResultMessage: GsmSST setDataRegState=1 regState=10 dataRadioTechnology=1
07-25 14:31:34.029   859   859 D PHONE   : [ServiceState] setVoiceRegState=1
07-25 14:31:34.029   859   859 E PHONE   : [ServiceState] setState deprecated use setVoiceRegState()
07-25 14:31:34.029   859   859 D VolteSST: [VolteSST-0] Poll ServiceState done:  oldSS=[3 3 home null null null  Unknown Unknown CSS not supported -1 -1 RoamInd=-1 DefRoamInd=-1 EmergOnly=false mImsRegistration = false mSrvccState = -1] newSS=[1 1 home 000000 000000 000000  GPRS GPRS CSS not supported -1 -1 RoamInd=-1 DefRoamInd=-1 EmergOnly=true mImsRegistration = false mSrvccState = -1] oldMaxDataCalls=1 mNewMaxDataCalls=3 oldReasonDataDenied=-1 mNewReasonDataDenied=-1
07-25 14:31:34.029   859   859 D VolteSST: [VolteSST-0] RAT switched Unknown -> GPRS at cell 0
07-25 14:31:34.029   859   859 D PHONE   : [ServiceState] setNullState=1
07-25 14:31:34.029   859   859 D PhoneProxy: [PhoneProxy] updatePhoneObject: radioTechnology=1
07-25 14:31:34.029   859   859 D PhoneFactory: setSystemProperty >>>>>>  value = GPRS
07-25 14:31:34.029   859   859 D PhoneFactory: setSystemProperty >>>>>>  value = 000000
07-25 14:31:34.029   859   859 D PhoneFactory: setSystemProperty >>>>>>  value = 000000
07-25 14:31:34.049   859   859 D VolteSST: [VolteSST-0] Poll ServiceState done: iso=, mcc = 000
07-25 14:31:34.049   859   859 D VolteSST: [VolteSST-0] isNeedSwitchRadioCap new iso: 
07-25 14:31:34.049   859   859 D PhoneFactory: setSystemProperty >>>>>>  value = 
07-25 14:31:34.049   859   859 D VolteSST: [VolteSST-0] shouldFixTimeZoneNow: retVal=false iccCardExist=false operatorNumeric=000000 mcc=0 prevOperatorNumeric= prevMcc=1 needToFixTimeZone=false ltod=07-25 14:31:34.060
07-25 14:31:34.049   859   859 D PhoneFactory: setSystemProperty >>>>>>  value = false
07-25 14:31:34.059   798   798 E PHONE   : ServiceState.getNetworkType() DEPRECATED will be removed *******
07-25 14:31:34.059   859   859 D VolteSST: [VolteSST-0] updateSpnDisplay: radio is on but out of service, set plmn=''
07-25 14:31:34.059   859   859 D VolteSST: [VolteSST-0] updateSpnDisplay: changed sending intent rule=0 showPlmn='true' plmn='' showSpn='false' spn=''
07-25 14:31:34.059   798   798 W SignalStrength: getLTELevel - rsrp:2147483647 snr:2147483647 rsrpIconLevel:-1 snrIconLevel:-1
07-25 14:31:34.059   798   798 W SignalStrength: getLTELevel - rssi:99 rssiIconLevel:0
07-25 14:31:34.059   798   798 W SignalStrength: getGsmLevel=0
07-25 14:31:34.059   798   798 W SignalStrength: getLevel=0
07-25 14:31:34.069   859   859 D VolteSST: [VolteSST-0] notifyDataRegStateRilRadioTechnologyChanged: drs=1 rat=1
07-25 14:31:34.069   859   859 D PhoneFactory: setSystemProperty >>>>>>  value = GPRS
07-25 14:31:34.069   859   859 D DCT     : [DcT(0)] get all active apn types
07-25 14:31:34.069   859   859 D VolteSST: [VolteSST-0] getCellLocation(): X good mCellLoc=[65534,0,-1]
07-25 14:31:34.069   859   859 D VolteSST: [VolteSST-0] updateSpnDisplay: radio is on but out of service, set plmn=''
07-25 14:31:34.069   798   798 W SignalStrength: getLTELevel - rsrp:2147483647 snr:2147483647 rsrpIconLevel:-1 snrIconLevel:-1
07-25 14:31:34.069   798   798 W SignalStrength: getLTELevel - rssi:99 rssiIconLevel:0
07-25 14:31:34.069   798   798 W SignalStrength: getGsmLevel=0
07-25 14:31:34.069   798   798 W SignalStrength: getLevel=0
07-25 14:31:34.069   859   859 D UiccController: [0]Received EVENT_GET_ICC_STATUS_DONE
07-25 14:31:34.069   859   859 D UiccCard: update : phoneId = 0 mCardState = CARDSTATE_ABSENT oldState = CARDSTATE_ABSENT
07-25 14:31:34.069   859   859 D UiccCard: 0 applications
07-25 14:31:34.069   859   859 E UiccCard: App index 8 is invalid since there are no applications
07-25 14:31:34.069   859   859 E UiccCard: App index 8 is invalid since there are no applications
07-25 14:31:34.069   859   859 E UiccCard: App index 8 is invalid since there are no applications
07-25 14:31:34.069   859   859 D UiccCard: update: radioState=RADIO_ON mLastRadioState=RADIO_ON
07-25 14:31:34.079   859   859 D UiccController: [0]Notifying IccChangedRegistrants
07-25 14:31:34.079   859   859 D UiccController: [0]Received EVENT_GET_ICC_STATUS_DONE
07-25 14:31:34.079   859   859 D UiccCard: update : phoneId = 0 mCardState = CARDSTATE_ABSENT oldState = CARDSTATE_ABSENT
07-25 14:31:34.079   859   859 D UiccCard: 0 applications
07-25 14:31:34.079   859   859 E UiccCard: App index 8 is invalid since there are no applications
07-25 14:31:34.079   859   859 E UiccCard: App index 8 is invalid since there are no applications
07-25 14:31:34.079   859   859 E UiccCard: App index 8 is invalid since there are no applications
07-25 14:31:34.079   859   859 D UiccCard: update: radioState=RADIO_ON mLastRadioState=RADIO_ON
07-25 14:31:34.079   859   859 D UiccController: [0]Notifying IccChangedRegistrants
07-25 14:31:34.079   859   859 D RILJ    : [0][3686]> RIL_REQUEST_GET_IMS_VOICE_CALL_AVAILABILITY
07-25 14:31:34.079   798   798 W SignalStrength: getLTELevel - rsrp:2147483647 snr:2147483647 rsrpIconLevel:-1 snrIconLevel:-1
07-25 14:31:34.079   605   617 I use-Rlog/RLOG-RILC: [0] enter processCommandsCallback, socket type = 0
07-25 14:31:34.079   605   617 I use-Rlog/RLOG-RILC: [0] enter processCommandsCallback, socket type = 0
07-25 14:31:34.079   605   617 I use-Rlog/RLOG-RILC: [0] PCC  alloc one command p_record
07-25 14:31:34.079   605   941 D use-Rlog/RLOG-RILC: [0] PCB request code 5005 token 38
07-25 14:31:34.079   605   941 D use-Rlog/RLOG-RILC: [0] [0038]> RIL_REQUEST_GET_IMS_VOICE_CALL_AVAILABILITY 
07-25 14:31:34.079   605   941 D use-Rlog/RLOG-RIL: [0] onRequest: RIL_REQUEST_GET_IMS_VOICE_CALL_AVAILABILITY sState=3
07-25 14:31:34.079   605   941 D use-Rlog/RLOG-RIL: [0] channel1 state: '0' 
07-25 14:31:34.079   605   941 D use-Rlog/RLOG-RIL: [0] get Channel ID '1'
07-25 14:31:34.079   605   941 D use-Rlog/RLOG-AT: [0] Channel1: AT> AT+CAVIMS?
07-25 14:31:34.079   798   798 W SignalStrength: getLTELevel - rssi:99 rssiIconLevel:0
07-25 14:31:34.079   859   859 D PhoneProxy: [PhoneProxy] phoneObjectUpdater: newVoiceRadioTech=1
07-25 14:31:34.079   798   798 W SignalStrength: getGsmLevel=0
07-25 14:31:34.079   798   798 W SignalStrength: getLevel=0
07-25 14:31:34.079   604   609 D RIL-PHS : /dev/stty_lte1 Rev:+CAVIMS:0
07-25 14:31:34.079   604   609 D RIL-PHS : /dev/stty_lte1 Rev:OK
