07-25 14:31:46.529   798   798 W SignalStrength: getLTELevel - rssi:99 rssiIconLevel:0
07-25 14:31:46.529   798   798 W SignalStrength: getLTELevel - rsrp:2147483647 snr:2147483647 rsrpIconLevel:-1 snrIconLevel:-1
07-25 14:31:46.529   798   798 W SignalStrength: getLTELevel - rssi:99 rssiIconLevel:0
07-25 14:31:46.529   798   798 W SignalStrength: getGsmLevel=4
07-25 14:31:46.529   798   798 W SignalStrength: getLevel=4
07-25 14:31:47.169   859   859 D DCT     : [DcT(0)] onReceive: action=android.net.wifi.STATE_CHANGE
07-25 14:31:47.169   859   859 D DCT     : [DcT(0)] NETWORK_STATE_CHANGED_ACTION: mIsWifiConnected=false
07-25 14:31:47.179   798   798 W SignalStrength: getLTELevel - rsrp:2147483647 snr:2147483647 rsrpIconLevel:-1 snrIconLevel:-1
07-25 14:31:47.179   798   798 W SignalStrength: getLTELevel - rssi:99 rssiIconLevel:0
07-25 14:31:47.179   798   798 W SignalStrength: getGsmLevel=4
07-25 14:31:47.179   798   798 W SignalStrength: getLevel=4
07-25 14:31:47.529   604   616 D use-Rlog/RLOG-RIL-PHS: rsrp[0]=-255,rscp[0]=12,rxlev[0]=99 ind_str= 
07-25 14:31:47.529   604   616 D use-Rlog/RLOG-RIL-PHS: +CESQ: 99,99,12,255,255,-255
07-25 14:31:47.529   605   621 D use-Rlog/RLOG-AT: [0] Unsol: AT< +CESQ: 99,99,12,255,255,-255
07-25 14:31:47.529   605   621 D use-Rlog/RLOG-RIL: [0] [unsl] +CESQ enter
07-25 14:31:47.529   605   621 D use-Rlog/RLOG-RILC: [0] [UNSL]< UNSOL_SIGNAL_STRENGTH {[signalStrength=12,bitErrorRate=-1,                CDMA_SS.dbm=-1,CDMA_SSecio=-1,                EVDO_SS.dbm=-1,EVDO_SS.ecio=-1,                EVDO_SS.signalNoiseRatio=-1,                LTE_SS.signalStrength=99,LTE_SS.rsrp=2147483647,LTE_SS.rsrq=2147483647,                LTE_SS.rssnr=2147483647,LTE_SS.cqi=2147483647,TDSCDMA_SS.rscp=0]}
07-25 14:31:47.529   859   932 W SignalStrength: Size of signalstrength parcel:60
07-25 14:31:47.529   859   932 V RILJ    : [0][UNSL]< [0]UNSOL_SIGNAL_STRENGTH SignalStrength: 12 -1 -1 -1 -1 -1 -1 99 2147483647 2147483647 2147483647 2147483647 gsm|lte
07-25 14:31:47.529   859   859 W SignalStrength: Signal before validate=SignalStrength: 12 -1 -1 -1 -1 -1 -1 99 2147483647 2147483647 2147483647 2147483647 gsm|lte
07-25 14:31:47.529   859   859 W SignalStrength: Signal after validate=SignalStrength: 12 -1 -120 -160 -120 -1 -1 99 2147483647 2147483647 2147483647 2147483647 gsm|lte
07-25 14:31:47.529   648   660 W SignalStrength: Size of signalstrength parcel:164
07-25 14:31:47.529   648   660 W SignalStrength: getLTELevel - rsrp:2147483647 snr:2147483647 rsrpIconLevel:-1 snrIconLevel:-1
07-25 14:31:47.529   798   814 W SignalStrength: Size of signalstrength parcel:168
07-25 14:31:47.529   648   660 W SignalStrength: getLTELevel - rssi:99 rssiIconLevel:0
07-25 14:31:47.529   648   660 W SignalStrength: getGsmLevel=4
07-25 14:31:47.529   798   798 W SignalStrength: getLTELevel - rsrp:2147483647 snr:2147483647 rsrpIconLevel:-1 snrIconLevel:-1
07-25 14:31:47.529   798   798 W SignalStrength: getLTELevel - rssi:99 rssiIconLevel:0
07-25 14:31:47.529   798   798 W SignalStrength: getGsmLevel=4
07-25 14:31:47.529   798   798 W SignalStrength: getLevel=4
07-25 14:31:47.529   798   798 W SignalStrength: getLTELevel - rsrp:2147483647 snr:2147483647 rsrpIconLevel:-1 snrIconLevel:-1
07-25 14:31:47.529   798   798 W SignalStrength: getLTELevel - rssi:99 rssiIconLevel:0
07-25 14:31:47.529   648   660 W SignalStrength: getLevel=4
07-25 14:31:47.529   798   798 W SignalStrength: getLTELevel - rsrp:2147483647 snr:2147483647 rsrpIconLevel:-1 snrIconLevel:-1
07-25 14:31:47.529   798   798 W SignalStrength: getLTELevel - rssi:99 rssiIconLevel:0
07-25 14:31:47.529   798   798 W SignalStrength: getGsmLevel=4
07-25 14:31:47.529   798   798 W SignalStrength: getLevel=4
07-25 14:31:48.529   604   616 D use-Rlog/RLOG-RIL-PHS: rsrp[0]=-255,rscp[0]=12,rxlev[0]=99 ind_str= 
07-25 14:31:48.529   604   616 D use-Rlog/RLOG-RIL-PHS: +CESQ: 99,99,12,255,255,-255
07-25 14:31:48.529   605   621 D use-Rlog/RLOG-AT: [0] Unsol: AT< +CESQ: 99,99,12,255,255,-255
07-25 14:31:48.529   605   621 D use-Rlog/RLOG-RIL: [0] [unsl] +CESQ enter
07-25 14:31:48.529   605   621 D use-Rlog/RLOG-RILC: [0] [UNSL]< UNSOL_SIGNAL_STRENGTH {[signalStrength=12,bitErrorRate=-1,                CDMA_SS.dbm=-1,CDMA_SSecio=-1,                EVDO_SS.dbm=-1,EVDO_SS.ecio=-1,                EVDO_SS.signalNoiseRatio=-1,                LTE_SS.signalStrength=99,LTE_SS.rsrp=2147483647,LTE_SS.rsrq=2147483647,                LTE_SS.rssnr=2147483647,LTE_SS.cqi=2147483647,TDSCDMA_SS.rscp=0]}
07-25 14:31:48.529   859   932 W SignalStrength: Size of signalstrength parcel:60
07-25 14:31:48.529   859   932 V RILJ    : [0][UNSL]< [0]UNSOL_SIGNAL_STRENGTH SignalStrength: 12 -1 -1 -1 -1 -1 -1 99 2147483647 2147483647 2147483647 2147483647 gsm|lte
07-25 14:31:48.529   859   859 W SignalStrength: Signal before validate=SignalStrength: 12 -1 -1 -1 -1 -1 -1 99 2147483647 2147483647 2147483647 2147483647 gsm|lte
07-25 14:31:48.529   859   859 W SignalStrength: Signal after validate=SignalStrength: 12 -1 -120 -160 -120 -1 -1 99 2147483647 2147483647 2147483647 2147483647 gsm|lte
07-25 14:31:48.529   648   660 W SignalStrength: Size of signalstrength parcel:164
07-25 14:31:48.529   798   814 W SignalStrength: Size of signalstrength parcel:168
07-25 14:31:48.529   798   798 W SignalStrength: getLTELevel - rsrp:2147483647 snr:2147483647 rsrpIconLevel:-1 snrIconLevel:-1
07-25 14:31:48.529   798   798 W SignalStrength: getLTELevel - rssi:99 rssiIconLevel:0
07-25 14:31:48.529   798   798 W SignalStrength: getGsmLevel=4
07-25 14:31:48.529   798   798 W SignalStrength: getLevel=4
07-25 14:31:48.529   798   798 W SignalStrength: getLTELevel - rsrp:2147483647 snr:2147483647 rsrpIconLevel:-1 snrIconLevel:-1
07-25 14:31:48.529   798   798 W SignalStrength: getLTELevel - rssi:99 rssiIconLevel:0
07-25 14:31:48.529   648   660 W SignalStrength: getLTELevel - rsrp:2147483647 snr:2147483647 rsrpIconLevel:-1 snrIconLevel:-1
07-25 14:31:48.529   648   660 W SignalStrength: getLTELevel - rssi:99 rssiIconLevel:0
07-25 14:31:48.529   648   660 W SignalStrength: getGsmLevel=4
07-25 14:31:48.529   648   660 W SignalStrength: getLevel=4
07-25 14:31:48.529   798   798 W SignalStrength: getLTELevel - rsrp:2147483647 snr:2147483647 rsrpIconLevel:-1 snrIconLevel:-1
07-25 14:31:48.529   798   798 W SignalStrength: getLTELevel - rssi:99 rssiIconLevel:0
07-25 14:31:48.529   798   798 W SignalStrength: getGsmLevel=4
07-25 14:31:48.529   798   798 W SignalStrength: getLevel=4
07-25 14:31:49.529   604   616 D use-Rlog/RLOG-RIL-PHS: rsrp[0]=-255,rscp[0]=12,rxlev[0]=99 ind_str= 
07-25 14:31:49.529   604   616 D use-Rlog/RLOG-RIL-PHS: +CESQ: 99,99,12,255,255,-255
07-25 14:31:49.529   605   621 D use-Rlog/RLOG-AT: [0] Unsol: AT< +CESQ: 99,99,12,255,255,-255
07-25 14:31:49.529   605   621 D use-Rlog/RLOG-RIL: [0] [unsl] +CESQ enter
07-25 14:31:49.529   605   621 D use-Rlog/RLOG-RILC: [0] [UNSL]< UNSOL_SIGNAL_STRENGTH {[signalStrength=12,bitErrorRate=-1,                CDMA_SS.dbm=-1,CDMA_SSecio=-1,                EVDO_SS.dbm=-1,EVDO_SS.ecio=-1,                EVDO_SS.signalNoiseRatio=-1,                LTE_SS.signalStrength=99,LTE_SS.rsrp=2147483647,LTE_SS.rsrq=2147483647,                LTE_SS.rssnr=2147483647,LTE_SS.cqi=2147483647,TDSCDMA_SS.rscp=0]}
07-25 14:31:49.529   859   932 W SignalStrength: Size of signalstrength parcel:60
07-25 14:31:49.529   859   932 V RILJ    : [0][UNSL]< [0]UNSOL_SIGNAL_STRENGTH SignalStrength: 12 -1 -1 -1 -1 -1 -1 99 2147483647 2147483647 2147483647 2147483647 gsm|lte
07-25 14:31:49.529   859   859 W SignalStrength: Signal before validate=SignalStrength: 12 -1 -1 -1 -1 -1 -1 99 2147483647 2147483647 2147483647 2147483647 gsm|lte
07-25 14:31:49.529   859   859 W SignalStrength: Signal after validate=SignalStrength: 12 -1 -120 -160 -120 -1 -1 99 2147483647 2147483647 2147483647 2147483647 gsm|lte
07-25 14:31:49.529   648  1001 W SignalStrength: Size of signalstrength parcel:164
07-25 14:31:49.529   798   814 W SignalStrength: Size of signalstrength parcel:168
07-25 14:31:49.529   648  1001 W SignalStrength: getLTELevel - rsrp:2147483647 snr:2147483647 rsrpIconLevel:-1 snrIconLevel:-1
07-25 14:31:49.529   648  1001 W SignalStrength: getLTELevel - rssi:99 rssiIconLevel:0
07-25 14:31:49.529   648  1001 W SignalStrength: getGsmLevel=4
07-25 14:31:49.529   648  1001 W SignalStrength: getLevel=4
07-25 14:31:49.529   798   798 W SignalStrength: getLTELevel - rsrp:2147483647 snr:2147483647 rsrpIconLevel:-1 snrIconLevel:-1
07-25 14:31:49.529   798   798 W SignalStrength: getLTELevel - rssi:99 rssiIconLevel:0
07-25 14:31:49.529   798   798 W SignalStrength: getGsmLevel=4
07-25 14:31:49.529   798   798 W SignalStrength: getLevel=4
07-25 14:31:49.529   798   798 W SignalStrength: getLTELevel - rsrp:2147483647 snr:2147483647 rsrpIconLevel:-1 snrIconLevel:-1
07-25 14:31:49.529   798   798 W SignalStrength: getLTELevel - rssi:99 rssiIconLevel:0
07-25 14:31:49.539   798   798 W SignalStrength: getLTELevel - rsrp:2147483647 snr:2147483647 rsrpIconLevel:-1 snrIconLevel:-1
07-25 14:31:49.539   798   798 W SignalStrength: getLTELevel - rssi:99 rssiIconLevel:0
07-25 14:31:49.539   798   798 W SignalStrength: getGsmLevel=4
07-25 14:31:49.539   798   798 W SignalStrength: getLevel=4
07-25 14:31:50.109   604   608 D RIL-PHS : /dev/stty_lte0 Rev:+CSQ: 13,99
07-25 14:31:50.109   604   608 D RIL-PHS : /dev/stty_lte0 Rev:+CESQ: 99,99,128,255,255,255
07-25 14:31:50.529   604   616 D use-Rlog/RLOG-RIL-PHS: rsrp[0]=-255,rscp[0]=13,rxlev[0]=99 ind_str= 
07-25 14:31:50.529   604   616 D use-Rlog/RLOG-RIL-PHS: +CESQ: 99,99,13,255,255,-255
07-25 14:31:50.529   605   621 D use-Rlog/RLOG-AT: [0] Unsol: AT< +CESQ: 99,99,13,255,255,-255
07-25 14:31:50.529   605   621 D use-Rlog/RLOG-RIL: [0] [unsl] +CESQ enter
07-25 14:31:50.529   605   621 D use-Rlog/RLOG-RILC: [0] [UNSL]< UNSOL_SIGNAL_STRENGTH {[signalStrength=13,bitErrorRate=-1,                CDMA_SS.dbm=-1,CDMA_SSecio=-1,                EVDO_SS.dbm=-1,EVDO_SS.ecio=-1,                EVDO_SS.signalNoiseRatio=-1,                LTE_SS.signalStrength=99,LTE_SS.rsrp=2147483647,LTE_SS.rsrq=2147483647,                LTE_SS.rssnr=2147483647,LTE_SS.cqi=2147483647,TDSCDMA_SS.rscp=0]}
07-25 14:31:50.529   859   932 W SignalStrength: Size of signalstrength parcel:60
07-25 14:31:50.529   859   932 V RILJ    : [0][UNSL]< [0]UNSOL_SIGNAL_STRENGTH SignalStrength: 13 -1 -1 -1 -1 -1 -1 99 2147483647 2147483647 2147483647 2147483647 gsm|lte
07-25 14:31:50.529   859   859 W SignalStrength: Signal before validate=SignalStrength: 13 -1 -1 -1 -1 -1 -1 99 2147483647 2147483647 2147483647 2147483647 gsm|lte
07-25 14:31:50.529   859   859 W SignalStrength: Signal after validate=SignalStrength: 13 -1 -120 -160 -120 -1 -1 99 2147483647 2147483647 2147483647 2147483647 gsm|lte
07-25 14:31:50.529   648  1001 W SignalStrength: Size of signalstrength parcel:164
07-25 14:31:50.529   648  1001 W SignalStrength: getLTELevel - rsrp:2147483647 snr:2147483647 rsrpIconLevel:-1 snrIconLevel:-1
07-25 14:31:50.529   798   814 W SignalStrength: Size of signalstrength parcel:168
07-25 14:31:50.529   798   798 W SignalStrength: getLTELevel - rsrp:2147483647 snr:2147483647 rsrpIconLevel:-1 snrIconLevel:-1
07-25 14:31:50.529   798   798 W SignalStrength: getLTELevel - rssi:99 rssiIconLevel:0
07-25 14:31:50.529   798   798 W SignalStrength: getGsmLevel=4
07-25 14:31:50.529   798   798 W SignalStrength: getLevel=4
07-25 14:31:50.529   798   798 W SignalStrength: getLTELevel - rsrp:2147483647 snr:2147483647 rsrpIconLevel:-1 snrIconLevel:-1
07-25 14:31:50.529   648  1001 W SignalStrength: getLTELevel - rssi:99 rssiIconLevel:0
07-25 14:31:50.529   648  1001 W SignalStrength: getGsmLevel=4
07-25 14:31:50.529   798   798 W SignalStrength: getLTELevel - rssi:99 rssiIconLevel:0
07-25 14:31:50.529   648  1001 W SignalStrength: getLevel=4
07-25 14:31:50.529   798   798 W SignalStrength: getLTELevel - rsrp:2147483647 snr:2147483647 rsrpIconLevel:-1 snrIconLevel:-1
07-25 14:31:50.529   798   798 W SignalStrength: getLTELevel - rssi:99 rssiIconLevel:0
07-25 14:31:50.529   798   798 W SignalStrength: getGsmLevel=4
07-25 14:31:50.529   798   798 W SignalStrength: getLevel=4
07-25 14:31:51.209   859   871 D TD      : switchBT in TDPhone.java
07-25 14:31:51.209   859   871 D RILJ    : [0]switchBT in RILJ!
07-25 14:31:51.209   859   871 D RILJ    : [0][3716]> RIL_REQUEST_SWITCH_BT
07-25 14:31:51.209   605   617 I use-Rlog/RLOG-RILC: [0] enter processCommandsCallback, socket type = 0
07-25 14:31:51.209   605   617 I use-Rlog/RLOG-RILC: [0] enter processCommandsCallback, socket type = 0
07-25 14:31:51.209   605   617 I use-Rlog/RLOG-RILC: [0] PCC  alloc one command p_record
07-25 14:31:51.209   605   941 D use-Rlog/RLOG-RILC: [0] PCB request code 5061 token 68
07-25 14:31:51.209   605   941 D use-Rlog/RLOG-RILC: [0] [0068]> SWITCH_BT (0)
07-25 14:31:51.209   605   941 D use-Rlog/RLOG-RIL: [0] onRequest: SWITCH_BT sState=3
07-25 14:31:51.209   605   941 D use-Rlog/RLOG-RIL: [0] channel1 state: '0' 
07-25 14:31:51.209   605   941 D use-Rlog/RLOG-RIL: [0] get Channel ID '1'
07-25 14:31:51.209   605   941 D use-Rlog/RLOG-RIL: [0] enter to handle event: RIL_REQUEST_SWITCH_BT
07-25 14:31:51.209   605   941 D use-Rlog/RLOG-RIL: [0] RIL_REQUEST_SWITCH_BT to data value: 6
07-25 14:31:51.209   605   941 D use-Rlog/RLOG-AT: [0] Channel1: AT> AT+SPCLB=6
07-25 14:31:51.209   604   609 D RIL-PHS : /dev/stty_lte1 Rev:OK
07-25 14:31:51.209   605   621 D use-Rlog/RLOG-AT: [0] Channel1: AT< OK
07-25 14:31:51.209   605   941 D use-Rlog/RLOG-RIL: [0] response of RIL_REQUEST_SWITCH_BT: success!
07-25 14:31:51.209   605   941 D use-Rlog/RLOG-RILC: [0] [0068]< SWITCH_BT
07-25 14:31:51.209   605   941 D use-Rlog/RLOG-RIL: [0] put Channel ID '1'
07-25 14:31:51.209   605   941 I use-Rlog/RLOG-RILC: [0] -->CommandThread [941] free one command
07-25 14:31:51.209   859   932 D RILJ    : [0][3716]< RIL_REQUEST_SWITCH_BT 
07-25 14:31:51.219  1337  1337 D TelephonyManager: No /proc/cmdline exception=java.io.FileNotFoundException: /proc/cmdline: open failed: EACCES (Permission denied)
07-25 14:31:51.219  1337  1337 D TelephonyManager: /proc/cmdline=
07-25 14:31:51.529   604   616 D use-Rlog/RLOG-RIL-PHS: rsrp[0]=-255,rscp[0]=13,rxlev[0]=99 ind_str= 
07-25 14:31:51.529   604   616 D use-Rlog/RLOG-RIL-PHS: +CESQ: 99,99,13,255,255,-255
07-25 14:31:51.529   605   621 D use-Rlog/RLOG-AT: [0] Unsol: AT< +CESQ: 99,99,13,255,255,-255
07-25 14:31:51.529   605   621 D use-Rlog/RLOG-RIL: [0] [unsl] +CESQ enter
07-25 14:31:51.529   605   621 D use-Rlog/RLOG-RILC: [0] [UNSL]< UNSOL_SIGNAL_STRENGTH {[signalStrength=13,bitErrorRate=-1,                CDMA_SS.dbm=-1,CDMA_SSecio=-1,                EVDO_SS.dbm=-1,EVDO_SS.ecio=-1,                EVDO_SS.signalNoiseRatio=-1,                LTE_SS.signalStrength=99,LTE_SS.rsrp=2147483647,LTE_SS.rsrq=2147483647,                LTE_SS.rssnr=2147483647,LTE_SS.cqi=2147483647,TDSCDMA_SS.rscp=0]}
07-25 14:31:51.529   859   932 W SignalStrength: Size of signalstrength parcel:60
07-25 14:31:51.529   859   932 V RILJ    : [0][UNSL]< [0]UNSOL_SIGNAL_STRENGTH SignalStrength: 13 -1 -1 -1 -1 -1 -1 99 2147483647 2147483647 2147483647 2147483647 gsm|lte
07-25 14:31:51.529   859   859 W SignalStrength: Signal before validate=SignalStrength: 13 -1 -1 -1 -1 -1 -1 99 2147483647 2147483647 2147483647 2147483647 gsm|lte
07-25 14:31:51.529   859   859 W SignalStrength: Signal after validate=SignalStrength: 13 -1 -120 -160 -120 -1 -1 99 2147483647 2147483647 2147483647 2147483647 gsm|lte
07-25 14:31:51.529   648   660 W SignalStrength: Size of signalstrength parcel:164
07-25 14:31:51.529   798   814 W SignalStrength: Size of signalstrength parcel:168
07-25 14:31:51.529   648   660 W SignalStrength: getLTELevel - rsrp:2147483647 snr:2147483647 rsrpIconLevel:-1 snrIconLevel:-1
07-25 14:31:51.529   798   798 W SignalStrength: getLTELevel - rsrp:2147483647 snr:2147483647 rsrpIconLevel:-1 snrIconLevel:-1
07-25 14:31:51.529   648   660 W SignalStrength: getLTELevel - rssi:99 rssiIconLevel:0
07-25 14:31:51.529   648   660 W SignalStrength: getGsmLevel=4
07-25 14:31:51.529   648   660 W SignalStrength: getLevel=4
07-25 14:31:51.529   798   798 W SignalStrength: getLTELevel - rssi:99 rssiIconLevel:0
07-25 14:31:51.539   798   798 W SignalStrength: getGsmLevel=4
07-25 14:31:51.539   798   798 W SignalStrength: getLevel=4
07-25 14:31:51.539   798   798 W SignalStrength: getLTELevel - rsrp:2147483647 snr:2147483647 rsrpIconLevel:-1 snrIconLevel:-1
07-25 14:31:51.539   798   798 W SignalStrength: getLTELevel - rssi:99 rssiIconLevel:0
07-25 14:31:51.549   798   798 W SignalStrength: getLTELevel - rsrp:2147483647 snr:2147483647 rsrpIconLevel:-1 snrIconLevel:-1
07-25 14:31:51.549   798   798 W SignalStrength: getLTELevel - rssi:99 rssiIconLevel:0
07-25 14:31:51.549   798   798 W SignalStrength: getGsmLevel=4
07-25 14:31:51.549   798   798 W SignalStrength: getLevel=4
07-25 14:31:51.709  1367  1367 D TelephonyManager: No /proc/cmdline exception=java.io.FileNotFoundException: /proc/cmdline: open failed: EACCES (Permission denied)
07-25 14:31:51.709  1367  1367 D TelephonyManager: /proc/cmdline=
07-25 14:31:51.909   859   871 D GSMPhone: Get global config vm number[0]: 
07-25 14:31:51.979  1389  1389 D TelephonyManager: No /proc/cmdline exception=java.io.FileNotFoundException: /proc/cmdline: open failed: EACCES (Permission denied)
07-25 14:31:51.979  1389  1389 D TelephonyManager: /proc/cmdline=
07-25 14:31:52.079  1414  1414 D TelephonyManager: No /proc/cmdline exception=java.io.FileNotFoundException: /proc/cmdline: open failed: EACCES (Permission denied)
07-25 14:31:52.079  1414  1414 D TelephonyManager: /proc/cmdline=
07-25 14:31:52.529   604   616 D use-Rlog/RLOG-RIL-PHS: rsrp[0]=-255,rscp[0]=13,rxlev[0]=99 ind_str= 
07-25 14:31:52.529   604   616 D use-Rlog/RLOG-RIL-PHS: +CESQ: 99,99,13,255,255,-255
07-25 14:31:52.529   605   621 D use-Rlog/RLOG-AT: [0] Unsol: AT< +CESQ: 99,99,13,255,255,-255
07-25 14:31:52.529   605   621 D use-Rlog/RLOG-RIL: [0] [unsl] +CESQ enter
07-25 14:31:52.529   605   621 D use-Rlog/RLOG-RILC: [0] [UNSL]< UNSOL_SIGNAL_STRENGTH {[signalStrength=13,bitErrorRate=-1,                CDMA_SS.dbm=-1,CDMA_SSecio=-1,                EVDO_SS.dbm=-1,EVDO_SS.ecio=-1,                EVDO_SS.signalNoiseRatio=-1,                LTE_SS.signalStrength=99,LTE_SS.rsrp=2147483647,LTE_SS.rsrq=2147483647,                LTE_SS.rssnr=2147483647,LTE_SS.cqi=2147483647,TDSCDMA_SS.rscp=0]}
07-25 14:31:52.529   859   932 W SignalStrength: Size of signalstrength parcel:60
07-25 14:31:52.529   859   932 V RILJ    : [0][UNSL]< [0]UNSOL_SIGNAL_STRENGTH SignalStrength: 13 -1 -1 -1 -1 -1 -1 99 2147483647 2147483647 2147483647 2147483647 gsm|lte
07-25 14:31:52.529   859   859 W SignalStrength: Signal before validate=SignalStrength: 13 -1 -1 -1 -1 -1 -1 99 2147483647 2147483647 2147483647 2147483647 gsm|lte
07-25 14:31:52.529   859   859 W SignalStrength: Signal after validate=SignalStrength: 13 -1 -120 -160 -120 -1 -1 99 2147483647 2147483647 2147483647 2147483647 gsm|lte
07-25 14:31:52.529   648  1006 W SignalStrength: Size of signalstrength parcel:164
07-25 14:31:52.529   798   814 W SignalStrength: Size of signalstrength parcel:168
07-25 14:31:52.529   648  1006 W SignalStrength: getLTELevel - rsrp:2147483647 snr:2147483647 rsrpIconLevel:-1 snrIconLevel:-1
07-25 14:31:52.529   648  1006 W SignalStrength: getLTELevel - rssi:99 rssiIconLevel:0
07-25 14:31:52.529   648  1006 W SignalStrength: getGsmLevel=4
07-25 14:31:52.529   798   798 W SignalStrength: getLTELevel - rsrp:2147483647 snr:2147483647 rsrpIconLevel:-1 snrIconLevel:-1
07-25 14:31:52.529   798   798 W SignalStrength: getLTELevel - rssi:99 rssiIconLevel:0
07-25 14:31:52.529   798   798 W SignalStrength: getGsmLevel=4
07-25 14:31:52.529   798   798 W SignalStrength: getLevel=4
07-25 14:31:52.529   798   798 W SignalStrength: getLTELevel - rsrp:2147483647 snr:2147483647 rsrpIconLevel:-1 snrIconLevel:-1
07-25 14:31:52.529   798   798 W SignalStrength: getLTELevel - rssi:99 rssiIconLevel:0
07-25 14:31:52.529   648  1006 W SignalStrength: getLevel=4
07-25 14:31:52.529   798   798 W SignalStrength: getLTELevel - rsrp:2147483647 snr:2147483647 rsrpIconLevel:-1 snrIconLevel:-1
07-25 14:31:52.529   798   798 W SignalStrength: getLTELevel - rssi:99 rssiIconLevel:0
07-25 14:31:52.529   798   798 W SignalStrength: getGsmLevel=4
07-25 14:31:52.529   798   798 W SignalStrength: getLevel=4
07-25 14:31:53.529   604   616 D use-Rlog/RLOG-RIL-PHS: rsrp[0]=-255,rscp[0]=13,rxlev[0]=99 ind_str= 
07-25 14:31:53.529   604   616 D use-Rlog/RLOG-RIL-PHS: +CESQ: 99,99,13,255,255,-255
07-25 14:31:53.529   605   621 D use-Rlog/RLOG-AT: [0] Unsol: AT< +CESQ: 99,99,13,255,255,-255
07-25 14:31:53.529   605   621 D use-Rlog/RLOG-RIL: [0] [unsl] +CESQ enter
07-25 14:31:53.529   605   621 D use-Rlog/RLOG-RILC: [0] [UNSL]< UNSOL_SIGNAL_STRENGTH {[signalStrength=13,bitErrorRate=-1,                CDMA_SS.dbm=-1,CDMA_SSecio=-1,                EVDO_SS.dbm=-1,EVDO_SS.ecio=-1,                EVDO_SS.signalNoiseRatio=-1,                LTE_SS.signalStrength=99,LTE_SS.rsrp=2147483647,LTE_SS.rsrq=2147483647,                LTE_SS.rssnr=2147483647,LTE_SS.cqi=2147483647,TDSCDMA_SS.rscp=0]}
07-25 14:31:53.529   859   932 W SignalStrength: Size of signalstrength parcel:60
07-25 14:31:53.529   859   932 V RILJ    : [0][UNSL]< [0]UNSOL_SIGNAL_STRENGTH SignalStrength: 13 -1 -1 -1 -1 -1 -1 99 2147483647 2147483647 2147483647 2147483647 gsm|lte
07-25 14:31:53.529   859   859 W SignalStrength: Signal before validate=SignalStrength: 13 -1 -1 -1 -1 -1 -1 99 2147483647 2147483647 2147483647 2147483647 gsm|lte
07-25 14:31:53.529   859   859 W SignalStrength: Signal after validate=SignalStrength: 13 -1 -120 -160 -120 -1 -1 99 2147483647 2147483647 2147483647 2147483647 gsm|lte
07-25 14:31:53.529   648   659 W SignalStrength: Size of signalstrength parcel:164
07-25 14:31:53.529   648   659 W SignalStrength: getLTELevel - rsrp:2147483647 snr:2147483647 rsrpIconLevel:-1 snrIconLevel:-1
07-25 14:31:53.529   798   814 W SignalStrength: Size of signalstrength parcel:168
07-25 14:31:53.529   648   659 W SignalStrength: getLTELevel - rssi:99 rssiIconLevel:0
07-25 14:31:53.529   648   659 W SignalStrength: getGsmLevel=4
07-25 14:31:53.529   648   659 W SignalStrength: getLevel=4
07-25 14:31:53.529   798   798 W SignalStrength: getLTELevel - rsrp:2147483647 snr:2147483647 rsrpIconLevel:-1 snrIconLevel:-1
07-25 14:31:53.529   798   798 W SignalStrength: getLTELevel - rssi:99 rssiIconLevel:0
07-25 14:31:53.529   798   798 W SignalStrength: getGsmLevel=4
07-25 14:31:53.529   798   798 W SignalStrength: getLevel=4
07-25 14:31:53.529   798   798 W SignalStrength: getLTELevel - rsrp:2147483647 snr:2147483647 rsrpIconLevel:-1 snrIconLevel:-1
07-25 14:31:53.529   798   798 W SignalStrength: getLTELevel - rssi:99 rssiIconLevel:0
07-25 14:31:53.529   798   798 W SignalStrength: getLTELevel - rsrp:2147483647 snr:2147483647 rsrpIconLevel:-1 snrIconLevel:-1
07-25 14:31:53.529   798   798 W SignalStrength: getLTELevel - rssi:99 rssiIconLevel:0
07-25 14:31:53.529   798   798 W SignalStrength: getGsmLevel=4
07-25 14:31:53.529   798   798 W SignalStrength: getLevel=4
07-25 14:31:54.529   604   616 D use-Rlog/RLOG-RIL-PHS: rsrp[0]=-255,rscp[0]=13,rxlev[0]=99 ind_str= 
07-25 14:31:54.529   604   616 D use-Rlog/RLOG-RIL-PHS: +CESQ: 99,99,13,255,255,-255
07-25 14:31:54.529   605   621 D use-Rlog/RLOG-AT: [0] Unsol: AT< +CESQ: 99,99,13,255,255,-255
07-25 14:31:54.529   605   621 D use-Rlog/RLOG-RIL: [0] [unsl] +CESQ enter
07-25 14:31:54.529   605   621 D use-Rlog/RLOG-RILC: [0] [UNSL]< UNSOL_SIGNAL_STRENGTH {[signalStrength=13,bitErrorRate=-1,                CDMA_SS.dbm=-1,CDMA_SSecio=-1,                EVDO_SS.dbm=-1,EVDO_SS.ecio=-1,                EVDO_SS.signalNoiseRatio=-1,                LTE_SS.signalStrength=99,LTE_SS.rsrp=2147483647,LTE_SS.rsrq=2147483647,                LTE_SS.rssnr=2147483647,LTE_SS.cqi=2147483647,TDSCDMA_SS.rscp=0]}
07-25 14:31:54.529   859   932 W SignalStrength: Size of signalstrength parcel:60
07-25 14:31:54.529   859   932 V RILJ    : [0][UNSL]< [0]UNSOL_SIGNAL_STRENGTH SignalStrength: 13 -1 -1 -1 -1 -1 -1 99 2147483647 2147483647 2147483647 2147483647 gsm|lte
07-25 14:31:54.529   859   859 W SignalStrength: Signal before validate=SignalStrength: 13 -1 -1 -1 -1 -1 -1 99 2147483647 2147483647 2147483647 2147483647 gsm|lte
07-25 14:31:54.529   859   859 W SignalStrength: Signal after validate=SignalStrength: 13 -1 -120 -160 -120 -1 -1 99 2147483647 2147483647 2147483647 2147483647 gsm|lte
07-25 14:31:54.529   648  1006 W SignalStrength: Size of signalstrength parcel:164
07-25 14:31:54.529   798   814 W SignalStrength: Size of signalstrength parcel:168
07-25 14:31:54.529   648  1006 W SignalStrength: getLTELevel - rsrp:2147483647 snr:2147483647 rsrpIconLevel:-1 snrIconLevel:-1
07-25 14:31:54.529   798   798 W SignalStrength: getLTELevel - rsrp:2147483647 snr:2147483647 rsrpIconLevel:-1 snrIconLevel:-1
07-25 14:31:54.529   798   798 W SignalStrength: getLTELevel - rssi:99 rssiIconLevel:0
07-25 14:31:54.529   798   798 W SignalStrength: getGsmLevel=4
07-25 14:31:54.529   798   798 W SignalStrength: getLevel=4
07-25 14:31:54.529   798   798 W SignalStrength: getLTELevel - rsrp:2147483647 snr:2147483647 rsrpIconLevel:-1 snrIconLevel:-1
07-25 14:31:54.529   798   798 W SignalStrength: getLTELevel - rssi:99 rssiIconLevel:0
07-25 14:31:54.529   648  1006 W SignalStrength: getLTELevel - rssi:99 rssiIconLevel:0
07-25 14:31:54.529   648  1006 W SignalStrength: getGsmLevel=4
07-25 14:31:54.529   648  1006 W SignalStrength: getLevel=4
07-25 14:31:54.529   798   798 W SignalStrength: getLTELevel - rsrp:2147483647 snr:2147483647 rsrpIconLevel:-1 snrIconLevel:-1
07-25 14:31:54.529   798   798 W SignalStrength: getLTELevel - rssi:99 rssiIconLevel:0
07-25 14:31:54.529   798   798 W SignalStrength: getGsmLevel=4
07-25 14:31:54.529   798   798 W SignalStrength: getLevel=4
07-25 14:31:55.239   604   608 D RIL-PHS : /dev/stty_lte0 Rev:+CSQ: 13,99
07-25 14:31:55.239   604   608 D RIL-PHS : /dev/stty_lte0 Rev:+CESQ: 99,99,129,255,255,255
07-25 14:31:55.529   604   616 D use-Rlog/RLOG-RIL-PHS: rsrp[0]=-255,rscp[0]=13,rxlev[0]=99 ind_str= 
07-25 14:31:55.529   604   616 D use-Rlog/RLOG-RIL-PHS: +CESQ: 99,99,13,255,255,-255
07-25 14:31:55.529   605   621 D use-Rlog/RLOG-AT: [0] Unsol: AT< +CESQ: 99,99,13,255,255,-255
07-25 14:31:55.529   605   621 D use-Rlog/RLOG-RIL: [0] [unsl] +CESQ enter
07-25 14:31:55.529   605   621 D use-Rlog/RLOG-RILC: [0] [UNSL]< UNSOL_SIGNAL_STRENGTH {[signalStrength=13,bitErrorRate=-1,                CDMA_SS.dbm=-1,CDMA_SSecio=-1,                EVDO_SS.dbm=-1,EVDO_SS.ecio=-1,                EVDO_SS.signalNoiseRatio=-1,                LTE_SS.signalStrength=99,LTE_SS.rsrp=2147483647,LTE_SS.rsrq=2147483647,                LTE_SS.rssnr=2147483647,LTE_SS.cqi=2147483647,TDSCDMA_SS.rscp=0]}
07-25 14:31:55.529   859   932 W SignalStrength: Size of signalstrength parcel:60
07-25 14:31:55.529   859   932 V RILJ    : [0][UNSL]< [0]UNSOL_SIGNAL_STRENGTH SignalStrength: 13 -1 -1 -1 -1 -1 -1 99 2147483647 2147483647 2147483647 2147483647 gsm|lte
07-25 14:31:55.529   859   859 W SignalStrength: Signal before validate=SignalStrength: 13 -1 -1 -1 -1 -1 -1 99 2147483647 2147483647 2147483647 2147483647 gsm|lte
07-25 14:31:55.529   859   859 W SignalStrength: Signal after validate=SignalStrength: 13 -1 -120 -160 -120 -1 -1 99 2147483647 2147483647 2147483647 2147483647 gsm|lte
07-25 14:31:55.529   648  1006 W SignalStrength: Size of signalstrength parcel:164
07-25 14:31:55.529   648  1006 W SignalStrength: getLTELevel - rsrp:2147483647 snr:2147483647 rsrpIconLevel:-1 snrIconLevel:-1
07-25 14:31:55.529   648  1006 W SignalStrength: getLTELevel - rssi:99 rssiIconLevel:0
07-25 14:31:55.529   648  1006 W SignalStrength: getGsmLevel=4
07-25 14:31:55.529   648  1006 W SignalStrength: getLevel=4
07-25 14:31:55.529   798   814 W SignalStrength: Size of signalstrength parcel:168
07-25 14:31:55.529   798   798 W SignalStrength: getLTELevel - rsrp:2147483647 snr:2147483647 rsrpIconLevel:-1 snrIconLevel:-1
07-25 14:31:55.529   798   798 W SignalStrength: getLTELevel - rssi:99 rssiIconLevel:0
07-25 14:31:55.529   798   798 W SignalStrength: getGsmLevel=4
07-25 14:31:55.529   798   798 W SignalStrength: getLevel=4
07-25 14:31:55.529   798   798 W SignalStrength: getLTELevel - rsrp:2147483647 snr:2147483647 rsrpIconLevel:-1 snrIconLevel:-1
07-25 14:31:55.529   798   798 W SignalStrength: getLTELevel - rssi:99 rssiIconLevel:0
07-25 14:31:55.529   798   798 W SignalStrength: getLTELevel - rsrp:2147483647 snr:2147483647 rsrpIconLevel:-1 snrIconLevel:-1
07-25 14:31:55.529   798   798 W SignalStrength: getLTELevel - rssi:99 rssiIconLevel:0
07-25 14:31:55.529   798   798 W SignalStrength: getGsmLevel=4
07-25 14:31:55.529   798   798 W SignalStrength: getLevel=4
07-25 14:31:55.749   859   859 D DCT     : [DcT(0)] onReceive: action=android.intent.action.BATTERY_CHANGED
07-25 14:31:56.089  1475  1475 D TelephonyManager: No /proc/cmdline exception=java.io.FileNotFoundException: /proc/cmdline: open failed: EACCES (Permission denied)
07-25 14:31:56.089  1475  1475 D TelephonyManager: /proc/cmdline=
07-25 14:31:56.529   604   616 D use-Rlog/RLOG-RIL-PHS: rsrp[0]=-255,rscp[0]=13,rxlev[0]=99 ind_str= 
07-25 14:31:56.529   604   616 D use-Rlog/RLOG-RIL-PHS: +CESQ: 99,99,13,255,255,-255
07-25 14:31:56.529   605   621 D use-Rlog/RLOG-AT: [0] Unsol: AT< +CESQ: 99,99,13,255,255,-255
07-25 14:31:56.529   605   621 D use-Rlog/RLOG-RIL: [0] [unsl] +CESQ enter
07-25 14:31:56.529   605   621 D use-Rlog/RLOG-RILC: [0] [UNSL]< UNSOL_SIGNAL_STRENGTH {[signalStrength=13,bitErrorRate=-1,                CDMA_SS.dbm=-1,CDMA_SSecio=-1,                EVDO_SS.dbm=-1,EVDO_SS.ecio=-1,                EVDO_SS.signalNoiseRatio=-1,                LTE_SS.signalStrength=99,LTE_SS.rsrp=2147483647,LTE_SS.rsrq=2147483647,                LTE_SS.rssnr=2147483647,LTE_SS.cqi=2147483647,TDSCDMA_SS.rscp=0]}
07-25 14:31:56.529   859   932 W SignalStrength: Size of signalstrength parcel:60
07-25 14:31:56.529   859   932 V RILJ    : [0][UNSL]< [0]UNSOL_SIGNAL_STRENGTH SignalStrength: 13 -1 -1 -1 -1 -1 -1 99 2147483647 2147483647 2147483647 2147483647 gsm|lte
07-25 14:31:56.529   859   859 W SignalStrength: Signal before validate=SignalStrength: 13 -1 -1 -1 -1 -1 -1 99 2147483647 2147483647 2147483647 2147483647 gsm|lte
07-25 14:31:56.529   859   859 W SignalStrength: Signal after validate=SignalStrength: 13 -1 -120 -160 -120 -1 -1 99 2147483647 2147483647 2147483647 2147483647 gsm|lte
07-25 14:31:56.529   648   659 W SignalStrength: Size of signalstrength parcel:164
07-25 14:31:56.529   648   659 W SignalStrength: getLTELevel - rsrp:2147483647 snr:2147483647 rsrpIconLevel:-1 snrIconLevel:-1
07-25 14:31:56.529   798  1294 W SignalStrength: Size of signalstrength parcel:168
07-25 14:31:56.529   648   659 W SignalStrength: getLTELevel - rssi:99 rssiIconLevel:0
07-25 14:31:56.529   648   659 W SignalStrength: getGsmLevel=4
07-25 14:31:56.529   648   659 W SignalStrength: getLevel=4
07-25 14:31:56.529   798   798 W SignalStrength: getLTELevel - rsrp:2147483647 snr:2147483647 rsrpIconLevel:-1 snrIconLevel:-1
07-25 14:31:56.529   798   798 W SignalStrength: getLTELevel - rssi:99 rssiIconLevel:0
07-25 14:31:56.529   798   798 W SignalStrength: getGsmLevel=4
07-25 14:31:56.529   798   798 W SignalStrength: getLevel=4
07-25 14:31:56.529   798   798 W SignalStrength: getLTELevel - rsrp:2147483647 snr:2147483647 rsrpIconLevel:-1 snrIconLevel:-1
07-25 14:31:56.529   798   798 W SignalStrength: getLTELevel - rssi:99 rssiIconLevel:0
07-25 14:31:56.529   798   798 W SignalStrength: getLTELevel - rsrp:2147483647 snr:2147483647 rsrpIconLevel:-1 snrIconLevel:-1
07-25 14:31:56.529   798   798 W SignalStrength: getLTELevel - rssi:99 rssiIconLevel:0
07-25 14:31:56.529   798   798 W SignalStrength: getGsmLevel=4
07-25 14:31:56.529   798   798 W SignalStrength: getLevel=4
07-25 14:31:57.529   604   616 D use-Rlog/RLOG-RIL-PHS: rsrp[0]=-255,rscp[0]=13,rxlev[0]=99 ind_str= 
07-25 14:31:57.529   604   616 D use-Rlog/RLOG-RIL-PHS: +CESQ: 99,99,13,255,255,-255
07-25 14:31:57.529   605   621 D use-Rlog/RLOG-AT: [0] Unsol: AT< +CESQ: 99,99,13,255,255,-255
07-25 14:31:57.529   605   621 D use-Rlog/RLOG-RIL: [0] [unsl] +CESQ enter
07-25 14:31:57.529   605   621 D use-Rlog/RLOG-RILC: [0] [UNSL]< UNSOL_SIGNAL_STRENGTH {[signalStrength=13,bitErrorRate=-1,                CDMA_SS.dbm=-1,CDMA_SSecio=-1,                EVDO_SS.dbm=-1,EVDO_SS.ecio=-1,                EVDO_SS.signalNoiseRatio=-1,                LTE_SS.signalStrength=99,LTE_SS.rsrp=2147483647,LTE_SS.rsrq=2147483647,                LTE_SS.rssnr=2147483647,LTE_SS.cqi=2147483647,TDSCDMA_SS.rscp=0]}
07-25 14:31:57.529   859   932 W SignalStrength: Size of signalstrength parcel:60
07-25 14:31:57.529   859   932 V RILJ    : [0][UNSL]< [0]UNSOL_SIGNAL_STRENGTH SignalStrength: 13 -1 -1 -1 -1 -1 -1 99 2147483647 2147483647 2147483647 2147483647 gsm|lte
07-25 14:31:57.529   859   859 W SignalStrength: Signal before validate=SignalStrength: 13 -1 -1 -1 -1 -1 -1 99 2147483647 2147483647 2147483647 2147483647 gsm|lte
07-25 14:31:57.529   859   859 W SignalStrength: Signal after validate=SignalStrength: 13 -1 -120 -160 -120 -1 -1 99 2147483647 2147483647 2147483647 2147483647 gsm|lte
07-25 14:31:57.529   648   659 W SignalStrength: Size of signalstrength parcel:164
07-25 14:31:57.529   648   659 W SignalStrength: getLTELevel - rsrp:2147483647 snr:2147483647 rsrpIconLevel:-1 snrIconLevel:-1
07-25 14:31:57.529   798  1294 W SignalStrength: Size of signalstrength parcel:168
07-25 14:31:57.529   648   659 W SignalStrength: getLTELevel - rssi:99 rssiIconLevel:0
07-25 14:31:57.529   648   659 W SignalStrength: getGsmLevel=4
07-25 14:31:57.529   648   659 W SignalStrength: getLevel=4
07-25 14:31:57.529   798   798 W SignalStrength: getLTELevel - rsrp:2147483647 snr:2147483647 rsrpIconLevel:-1 snrIconLevel:-1
07-25 14:31:57.529   798   798 W SignalStrength: getLTELevel - rssi:99 rssiIconLevel:0
07-25 14:31:57.529   798   798 W SignalStrength: getGsmLevel=4
07-25 14:31:57.529   798   798 W SignalStrength: getLevel=4
07-25 14:31:57.529   798   798 W SignalStrength: getLTELevel - rsrp:2147483647 snr:2147483647 rsrpIconLevel:-1 snrIconLevel:-1
07-25 14:31:57.539   798   798 W SignalStrength: getLTELevel - rssi:99 rssiIconLevel:0
07-25 14:31:57.539   798   798 W SignalStrength: getLTELevel - rsrp:2147483647 snr:2147483647 rsrpIconLevel:-1 snrIconLevel:-1
07-25 14:31:57.539   798   798 W SignalStrength: getLTELevel - rssi:99 rssiIconLevel:0
07-25 14:31:57.539   798   798 W SignalStrength: getGsmLevel=4
07-25 14:31:57.539   798   798 W SignalStrength: getLevel=4
07-25 14:31:58.529   604   616 D use-Rlog/RLOG-RIL-PHS: rsrp[0]=-255,rscp[0]=13,rxlev[0]=99 ind_str= 
07-25 14:31:58.529   604   616 D use-Rlog/RLOG-RIL-PHS: +CESQ: 99,99,13,255,255,-255
07-25 14:31:58.529   605   621 D use-Rlog/RLOG-AT: [0] Unsol: AT< +CESQ: 99,99,13,255,255,-255
07-25 14:31:58.529   605   621 D use-Rlog/RLOG-RIL: [0] [unsl] +CESQ enter
07-25 14:31:58.529   605   621 D use-Rlog/RLOG-RILC: [0] [UNSL]< UNSOL_SIGNAL_STRENGTH {[signalStrength=13,bitErrorRate=-1,                CDMA_SS.dbm=-1,CDMA_SSecio=-1,                EVDO_SS.dbm=-1,EVDO_SS.ecio=-1,                EVDO_SS.signalNoiseRatio=-1,                LTE_SS.signalStrength=99,LTE_SS.rsrp=2147483647,LTE_SS.rsrq=2147483647,                LTE_SS.rssnr=2147483647,LTE_SS.cqi=2147483647,TDSCDMA_SS.rscp=0]}
07-25 14:31:58.529   859   932 W SignalStrength: Size of signalstrength parcel:60
07-25 14:31:58.529   859   932 V RILJ    : [0][UNSL]< [0]UNSOL_SIGNAL_STRENGTH SignalStrength: 13 -1 -1 -1 -1 -1 -1 99 2147483647 2147483647 2147483647 2147483647 gsm|lte
07-25 14:31:58.529   859   859 W SignalStrength: Signal before validate=SignalStrength: 13 -1 -1 -1 -1 -1 -1 99 2147483647 2147483647 2147483647 2147483647 gsm|lte
07-25 14:31:58.529   859   859 W SignalStrength: Signal after validate=SignalStrength: 13 -1 -120 -160 -120 -1 -1 99 2147483647 2147483647 2147483647 2147483647 gsm|lte
07-25 14:31:58.529   648   659 W SignalStrength: Size of signalstrength parcel:164
07-25 14:31:58.529   648   659 W SignalStrength: getLTELevel - rsrp:2147483647 snr:2147483647 rsrpIconLevel:-1 snrIconLevel:-1
07-25 14:31:58.529   798  1294 W SignalStrength: Size of signalstrength parcel:168
07-25 14:31:58.529   648   659 W SignalStrength: getLTELevel - rssi:99 rssiIconLevel:0
07-25 14:31:58.529   648   659 W SignalStrength: getGsmLevel=4
07-25 14:31:58.529   798   798 W SignalStrength: getLTELevel - rsrp:2147483647 snr:2147483647 rsrpIconLevel:-1 snrIconLevel:-1
07-25 14:31:58.529   648   659 W SignalStrength: getLevel=4
07-25 14:31:58.529   798   798 W SignalStrength: getLTELevel - rssi:99 rssiIconLevel:0
07-25 14:31:58.529   798   798 W SignalStrength: getGsmLevel=4
07-25 14:31:58.529   798   798 W SignalStrength: getLevel=4
07-25 14:31:58.529   798   798 W SignalStrength: getLTELevel - rsrp:2147483647 snr:2147483647 rsrpIconLevel:-1 snrIconLevel:-1
07-25 14:31:58.529   798   798 W SignalStrength: getLTELevel - rssi:99 rssiIconLevel:0
07-25 14:31:58.529   798   798 W SignalStrength: getLTELevel - rsrp:2147483647 snr:2147483647 rsrpIconLevel:-1 snrIconLevel:-1
07-25 14:31:58.529   798   798 W SignalStrength: getLTELevel - rssi:99 rssiIconLevel:0
07-25 14:31:58.529   798   798 W SignalStrength: getGsmLevel=4
07-25 14:31:58.529   798   798 W SignalStrength: getLevel=4
07-25 14:31:59.529   604   616 D use-Rlog/RLOG-RIL-PHS: rsrp[0]=-255,rscp[0]=13,rxlev[0]=99 ind_str= 
07-25 14:31:59.529   604   616 D use-Rlog/RLOG-RIL-PHS: +CESQ: 99,99,13,255,255,-255
07-25 14:31:59.529   605   621 D use-Rlog/RLOG-AT: [0] Unsol: AT< +CESQ: 99,99,13,255,255,-255
07-25 14:31:59.529   605   621 D use-Rlog/RLOG-RIL: [0] [unsl] +CESQ enter
07-25 14:31:59.529   605   621 D use-Rlog/RLOG-RILC: [0] [UNSL]< UNSOL_SIGNAL_STRENGTH {[signalStrength=13,bitErrorRate=-1,                CDMA_SS.dbm=-1,CDMA_SSecio=-1,                EVDO_SS.dbm=-1,EVDO_SS.ecio=-1,                EVDO_SS.signalNoiseRatio=-1,                LTE_SS.signalStrength=99,LTE_SS.rsrp=2147483647,LTE_SS.rsrq=2147483647,                LTE_SS.rssnr=2147483647,LTE_SS.cqi=2147483647,TDSCDMA_SS.rscp=0]}
07-25 14:31:59.529   859   932 W SignalStrength: Size of signalstrength parcel:60
07-25 14:31:59.529   859   932 V RILJ    : [0][UNSL]< [0]UNSOL_SIGNAL_STRENGTH SignalStrength: 13 -1 -1 -1 -1 -1 -1 99 2147483647 2147483647 2147483647 2147483647 gsm|lte
07-25 14:31:59.529   859   859 W SignalStrength: Signal before validate=SignalStrength: 13 -1 -1 -1 -1 -1 -1 99 2147483647 2147483647 2147483647 2147483647 gsm|lte
07-25 14:31:59.529   859   859 W SignalStrength: Signal after validate=SignalStrength: 13 -1 -120 -160 -120 -1 -1 99 2147483647 2147483647 2147483647 2147483647 gsm|lte
07-25 14:31:59.529   648   659 W SignalStrength: Size of signalstrength parcel:164
07-25 14:31:59.529   648   659 W SignalStrength: getLTELevel - rsrp:2147483647 snr:2147483647 rsrpIconLevel:-1 snrIconLevel:-1
07-25 14:31:59.529   798  1294 W SignalStrength: Size of signalstrength parcel:168
07-25 14:31:59.529   648   659 W SignalStrength: getLTELevel - rssi:99 rssiIconLevel:0
07-25 14:31:59.529   648   659 W SignalStrength: getGsmLevel=4
07-25 14:31:59.529   648   659 W SignalStrength: getLevel=4
07-25 14:31:59.529   798   798 W SignalStrength: getLTELevel - rsrp:2147483647 snr:2147483647 rsrpIconLevel:-1 snrIconLevel:-1
07-25 14:31:59.529   798   798 W SignalStrength: getLTELevel - rssi:99 rssiIconLevel:0
07-25 14:31:59.529   798   798 W SignalStrength: getGsmLevel=4
07-25 14:31:59.529   798   798 W SignalStrength: getLevel=4
07-25 14:31:59.529   798   798 W SignalStrength: getLTELevel - rsrp:2147483647 snr:2147483647 rsrpIconLevel:-1 snrIconLevel:-1
07-25 14:31:59.529   798   798 W SignalStrength: getLTELevel - rssi:99 rssiIconLevel:0
07-25 14:31:59.529   798   798 W SignalStrength: getLTELevel - rsrp:2147483647 snr:2147483647 rsrpIconLevel:-1 snrIconLevel:-1
07-25 14:31:59.529   798   798 W SignalStrength: getLTELevel - rssi:99 rssiIconLevel:0
07-25 14:31:59.529   798   798 W SignalStrength: getGsmLevel=4
07-25 14:31:59.529   798   798 W SignalStrength: getLevel=4
07-25 14:32:00.359   604   608 D RIL-PHS : /dev/stty_lte0 Rev:+CSQ: 13,99
07-25 14:32:00.359   604   608 D RIL-PHS : /dev/stty_lte0 Rev:+CESQ: 99,99,129,255,255,255
07-25 14:32:02.179   859   859 D DCT     : [DcT(0)] onReceive: action=android.net.wifi.STATE_CHANGE
07-25 14:32:02.179   859   859 D DCT     : [DcT(0)] NETWORK_STATE_CHANGED_ACTION: mIsWifiConnected=false
07-25 14:32:02.179   798   798 W SignalStrength: getLTELevel - rsrp:2147483647 snr:2147483647 rsrpIconLevel:-1 snrIconLevel:-1
07-25 14:32:02.179   798   798 W SignalStrength: getLTELevel - rssi:99 rssiIconLevel:0
07-25 14:32:02.179   798   798 W SignalStrength: getGsmLevel=4
07-25 14:32:02.179   798   798 W SignalStrength: getLevel=4
07-25 14:32:05.479   604   608 D RIL-PHS : /dev/stty_lte0 Rev:+CSQ: 13,99
07-25 14:32:05.489   604   608 D RIL-PHS : /dev/stty_lte0 Rev:+CESQ: 99,99,129,255,255,255
07-25 14:32:07.209   859   986 D RILJ    : [0][3717]> OEM_HOOK_STRINGS
07-25 14:32:07.209   859   986 D use-Rlog/RLOG-PHONE: wait for done
07-25 14:32:07.209   605   617 I use-Rlog/RLOG-RILC: [0] enter processCommandsCallback, socket type = 0
07-25 14:32:07.209   605   617 I use-Rlog/RLOG-RILC: [0] enter processCommandsCallback, socket type = 0
07-25 14:32:07.209   605   617 I use-Rlog/RLOG-RILC: [0] PCC  alloc one command p_record
07-25 14:32:07.209   605   938 D use-Rlog/RLOG-RILC: [0] PCB request code 60 token 69
07-25 14:32:07.209   605   938 D use-Rlog/RLOG-RILC: [0] [0069]> OEM_HOOK_STRINGS (AT+SPAUTO=0)
07-25 14:32:07.209   605   938 D use-Rlog/RLOG-RIL: [0] onRequest: OEM_HOOK_STRINGS sState=3
07-25 14:32:07.209   605   938 D use-Rlog/RLOG-RIL: [0] channel1 state: '0' 
07-25 14:32:07.209   605   938 D use-Rlog/RLOG-RIL: [0] get Channel ID '1'
07-25 14:32:07.209   605   938 D use-Rlog/RLOG-RIL: [0] got OEM_HOOK_STRINGS: 0x0xb67e6ce0 4
07-25 14:32:07.209   605   938 D use-Rlog/RLOG-RIL: [0] > 'AT+SPAUTO=0'
07-25 14:32:07.209   605   938 D use-Rlog/RLOG-RIL: [0] >>> 'AT+SPAUTO=0'
07-25 14:32:07.209   605   938 D use-Rlog/RLOG-AT: [0] Channel1: AT> AT+SPAUTO=0
07-25 14:32:07.209   604   609 D RIL-PHS : /dev/stty_lte1 Rev:OK
07-25 14:32:07.209   605   621 D use-Rlog/RLOG-AT: [0] Channel1: AT< OK
07-25 14:32:07.209   605   938 D use-Rlog/RLOG-RILC: [0] [0069]< OEM_HOOK_STRINGS {OK
07-25 14:32:07.209   605   938 D use-Rlog/RLOG-RILC: }
07-25 14:32:07.209   605   938 D use-Rlog/RLOG-RIL: [0] put Channel ID '1'
07-25 14:32:07.209   605   938 I use-Rlog/RLOG-RILC: [0] -->CommandThread [938] free one command
07-25 14:32:07.209   859   932 D RILJ    : [0][3717]< OEM_HOOK_STRINGS {OK
07-25 14:32:07.209   859   932 D RILJ    : }
07-25 14:32:07.209   859  1499 D use-Rlog/RLOG-PHONE: SEND_AT_COMPLETE
07-25 14:32:07.209   859   986 D use-Rlog/RLOG-PHONE: done
07-25 14:32:07.229   859   986 D RILJ    : [0][3718]> OEM_HOOK_STRINGS
07-25 14:32:07.229   859   986 D use-Rlog/RLOG-PHONE: wait for done
07-25 14:32:07.229   605   617 I use-Rlog/RLOG-RILC: [0] enter processCommandsCallback, socket type = 0
07-25 14:32:07.229   605   617 I use-Rlog/RLOG-RILC: [0] enter processCommandsCallback, socket type = 0
07-25 14:32:07.229   605   617 I use-Rlog/RLOG-RILC: [0] PCC  alloc one command p_record
07-25 14:32:07.229   605  1150 D use-Rlog/RLOG-RILC: [0] PCB request code 60 token 70
07-25 14:32:07.229   605  1150 D use-Rlog/RLOG-RILC: [0] [0070]> OEM_HOOK_STRINGS (AT+ARMLOG=1)
07-25 14:32:07.229   605  1150 D use-Rlog/RLOG-RIL: [0] onRequest: OEM_HOOK_STRINGS sState=3
07-25 14:32:07.229   605  1150 D use-Rlog/RLOG-RIL: [0] channel1 state: '0' 
07-25 14:32:07.229   605  1150 D use-Rlog/RLOG-RIL: [0] get Channel ID '1'
07-25 14:32:07.229   605  1150 D use-Rlog/RLOG-RIL: [0] got OEM_HOOK_STRINGS: 0x0xb65e6ce0 4
07-25 14:32:07.229   605  1150 D use-Rlog/RLOG-RIL: [0] > 'AT+ARMLOG=1'
07-25 14:32:07.229   605  1150 D use-Rlog/RLOG-RIL: [0] >>> 'AT+ARMLOG=1'
07-25 14:32:07.229   605  1150 D use-Rlog/RLOG-AT: [0] Channel1: AT> AT+ARMLOG=1
07-25 14:32:07.239   859   871 D RILJ    : [0][3719]> OEM_HOOK_STRINGS
07-25 14:32:07.239   859   871 D use-Rlog/RLOG-PHONE: wait for done
07-25 14:32:07.239   605   617 I use-Rlog/RLOG-RILC: [0] enter processCommandsCallback, socket type = 0
07-25 14:32:07.239   605   617 I use-Rlog/RLOG-RILC: [0] enter processCommandsCallback, socket type = 0
07-25 14:32:07.239   605   617 I use-Rlog/RLOG-RILC: [0] PCC  alloc one command p_record
07-25 14:32:07.239   605   941 D use-Rlog/RLOG-RILC: [0] PCB request code 60 token 71
07-25 14:32:07.239   605   941 D use-Rlog/RLOG-RILC: [0] [0071]> OEM_HOOK_STRINGS (AT+ARMLOG?)
07-25 14:32:07.239   605   941 D use-Rlog/RLOG-RIL: [0] onRequest: OEM_HOOK_STRINGS sState=3
07-25 14:32:07.239   605   941 D use-Rlog/RLOG-RIL: [0] channel2 state: '0' 
07-25 14:32:07.239   605   941 D use-Rlog/RLOG-RIL: [0] get Channel ID '2'
07-25 14:32:07.239   605   941 D use-Rlog/RLOG-RIL: [0] got OEM_HOOK_STRINGS: 0x0xb66e8ce0 4
07-25 14:32:07.239   605   941 D use-Rlog/RLOG-RIL: [0] > 'AT+ARMLOG?'
07-25 14:32:07.239   605   941 D use-Rlog/RLOG-RIL: [0] >>> 'AT+ARMLOG?'
07-25 14:32:07.239   605   941 D use-Rlog/RLOG-AT: [0] Channel2: AT> AT+ARMLOG?
07-25 14:32:07.549  1520  1520 D TelephonyManager: No /proc/cmdline exception=java.io.FileNotFoundException: /proc/cmdline: open failed: EACCES (Permission denied)
07-25 14:32:07.549  1520  1520 D TelephonyManager: /proc/cmdline=
07-25 14:32:07.729  1536  1536 D TelephonyManager: No /proc/cmdline exception=java.io.FileNotFoundException: /proc/cmdline: open failed: EACCES (Permission denied)
07-25 14:32:07.729  1536  1536 D TelephonyManager: /proc/cmdline=
07-25 14:32:07.839  1554  1554 D TelephonyManager: No /proc/cmdline exception=java.io.FileNotFoundException: /proc/cmdline: open failed: EACCES (Permission denied)
07-25 14:32:07.839  1554  1554 D TelephonyManager: /proc/cmdline=
07-25 14:32:07.999   604   609 D RIL-PHS : /dev/stty_lte1 Rev:OK
07-25 14:32:07.999   605   621 D use-Rlog/RLOG-AT: [0] Channel1: AT< OK
07-25 14:32:07.999   604   610 D RIL-PHS : /dev/stty_lte2 Rev:+ARMLOG: 1;com debug:14
07-25 14:32:07.999   604   610 D RIL-PHS : /dev/stty_lte2 Rev:OK
07-25 14:32:07.999   605  1150 D use-Rlog/RLOG-RILC: [0] [0070]< OEM_HOOK_STRINGS {OK
07-25 14:32:07.999   605  1150 D use-Rlog/RLOG-RILC: }
07-25 14:32:07.999   605  1150 D use-Rlog/RLOG-RIL: [0] put Channel ID '1'
07-25 14:32:07.999   605  1150 I use-Rlog/RLOG-RILC: [0] -->CommandThread [1150] free one command
07-25 14:32:07.999   605   621 D use-Rlog/RLOG-AT: [0] Channel2: AT< +ARMLOG: 1;com debug:14
07-25 14:32:07.999   605   621 D use-Rlog/RLOG-AT: [0] Channel2: AT< OK
07-25 14:32:07.999   605   941 D use-Rlog/RLOG-RILC: [0] [0071]< OEM_HOOK_STRINGS {+ARMLOG: 1;com debug:14
07-25 14:32:07.999   605   941 D use-Rlog/RLOG-RILC: OK
07-25 14:32:07.999   605   941 D use-Rlog/RLOG-RILC: }
07-25 14:32:07.999   605   941 D use-Rlog/RLOG-RIL: [0] put Channel ID '2'
07-25 14:32:07.999   605   941 I use-Rlog/RLOG-RILC: [0] -->CommandThread [941] free one command
07-25 14:32:07.999   859   932 D RILJ    : [0][3718]< OEM_HOOK_STRINGS {OK
07-25 14:32:07.999   859   932 D RILJ    : }
07-25 14:32:08.009   859   932 D RILJ    : [0][3719]< OEM_HOOK_STRINGS {+ARMLOG: 1;com debug:14
07-25 14:32:08.009   859   932 D RILJ    : OK
07-25 14:32:08.009   859   932 D RILJ    : }
07-25 14:32:08.009   859  1505 D use-Rlog/RLOG-PHONE: SEND_AT_COMPLETE
07-25 14:32:08.009   859   986 D use-Rlog/RLOG-PHONE: done
07-25 14:32:08.009   859  1506 D use-Rlog/RLOG-PHONE: SEND_AT_COMPLETE
07-25 14:32:08.009   859   871 D use-Rlog/RLOG-PHONE: done
07-25 14:32:08.009   859   986 D RILJ    : [0][3720]> OEM_HOOK_STRINGS
07-25 14:32:08.009   859   986 D use-Rlog/RLOG-PHONE: wait for done
07-25 14:32:08.009   605   617 I use-Rlog/RLOG-RILC: [0] enter processCommandsCallback, socket type = 0
07-25 14:32:08.009   605   617 I use-Rlog/RLOG-RILC: [0] enter processCommandsCallback, socket type = 0
07-25 14:32:08.009   605   617 I use-Rlog/RLOG-RILC: [0] PCC  alloc one command p_record
07-25 14:32:08.009   605   938 D use-Rlog/RLOG-RILC: [0] PCB request code 60 token 72
07-25 14:32:08.009   605   938 D use-Rlog/RLOG-RILC: [0] [0072]> OEM_HOOK_STRINGS (AT+SPCAPLOG=1)
07-25 14:32:08.009   605   938 D use-Rlog/RLOG-RIL: [0] onRequest: OEM_HOOK_STRINGS sState=3
07-25 14:32:08.009   605   938 D use-Rlog/RLOG-RIL: [0] channel1 state: '0' 
07-25 14:32:08.009   605   938 D use-Rlog/RLOG-RIL: [0] get Channel ID '1'
07-25 14:32:08.009   605   938 D use-Rlog/RLOG-RIL: [0] got OEM_HOOK_STRINGS: 0x0xb67e6ce0 4
07-25 14:32:08.009   605   938 D use-Rlog/RLOG-RIL: [0] > 'AT+SPCAPLOG=1'
07-25 14:32:08.009   605   938 D use-Rlog/RLOG-RIL: [0] >>> 'AT+SPCAPLOG=1'
07-25 14:32:08.009   605   938 D use-Rlog/RLOG-AT: [0] Channel1: AT> AT+SPCAPLOG=1
07-25 14:32:08.009   604   609 D RIL-PHS : /dev/stty_lte1 Rev:OK
07-25 14:32:08.009   605   621 D use-Rlog/RLOG-AT: [0] Channel1: AT< OK
07-25 14:32:08.009   605   938 D use-Rlog/RLOG-RILC: [0] [0072]< OEM_HOOK_STRINGS {OK
07-25 14:32:08.009   605   938 D use-Rlog/RLOG-RILC: }
07-25 14:32:08.009   605   938 D use-Rlog/RLOG-RIL: [0] put Channel ID '1'
07-25 14:32:08.009   605   938 I use-Rlog/RLOG-RILC: [0] -->CommandThread [938] free one command
07-25 14:32:08.009   859   932 D RILJ    : [0][3720]< OEM_HOOK_STRINGS {OK
07-25 14:32:08.009   859   932 D RILJ    : }
07-25 14:32:08.009   859  1568 D use-Rlog/RLOG-PHONE: SEND_AT_COMPLETE
07-25 14:32:08.009   859   986 D use-Rlog/RLOG-PHONE: done
07-25 14:32:08.019   859   986 D RILJ    : [0][3721]> OEM_HOOK_STRINGS
07-25 14:32:08.019   859   986 D use-Rlog/RLOG-PHONE: wait for done
07-25 14:32:08.019   605   617 I use-Rlog/RLOG-RILC: [0] enter processCommandsCallback, socket type = 0
