07-25 14:31:36.789   648   705 D DisplayPowerState: setScreenBrightness: brightness=47
07-25 14:31:36.799   648   705 D DisplayPowerState: setState requesting new screen state: on=true, backlight=47, mChangeInProgress=false mElectronBeamLevel=1.0
07-25 14:31:36.799   648   705 D DisplayPowerState: setState goto execute task
07-25 14:31:36.799   648  1241 D DisplayPowerState: task updating screen state: true, backlight=47
07-25 14:31:36.799   648  1241 D DisplayPowerState: task actual set backlight=47
07-25 14:31:36.799   648  1241 D DisplayPowerState: task no changed and post screenupdate runnable
07-25 14:31:36.799   648   660 D BroadcastQueue: Schedule broadcasts [background]: current=false
07-25 14:31:36.799   648   664 D BroadcastQueue: Received BROADCAST_INTENT_MSG
07-25 14:31:36.799   648   664 D BroadcastQueue: processNextBroadcast(background) called when not idle (state=1)
07-25 14:31:36.809   648   705 D DisplayPowerState: setScreenBrightness: brightness=50
07-25 14:31:36.809   648   705 D DisplayPowerState: setState requesting new screen state: on=true, backlight=50, mChangeInProgress=false mElectronBeamLevel=1.0
07-25 14:31:36.809   648   705 D DisplayPowerState: setState goto execute task
07-25 14:31:36.809   648  1242 D DisplayPowerState: task updating screen state: true, backlight=50
07-25 14:31:36.809   648  1242 D DisplayPowerState: task actual set backlight=50
07-25 14:31:36.809   648  1242 D DisplayPowerState: task no changed and post screenupdate runnable
07-25 14:31:36.829   648   705 D DisplayPowerState: setScreenBrightness: brightness=53
07-25 14:31:36.829   648   705 D DisplayPowerState: setState requesting new screen state: on=true, backlight=53, mChangeInProgress=false mElectronBeamLevel=1.0
07-25 14:31:36.829   648   705 D DisplayPowerState: setState goto execute task
07-25 14:31:36.829   648   812 D DisplayPowerState: task updating screen state: true, backlight=53
07-25 14:31:36.829   648   812 D DisplayPowerState: task actual set backlight=53
07-25 14:31:36.829   648   812 D DisplayPowerState: task no changed and post screenupdate runnable
07-25 14:31:36.829   648   706 D AlarmManager: waitForAlarm result:8
07-25 14:31:36.829   648   706 D AlarmManager: triggerList.add i = 0
07-25 14:31:36.829   648   706 D AlarmManager: break
07-25 14:31:36.829   648   706 D AlarmManager: sending alarm type:3 operation:PendingIntent{41adf9d8: PendingIntentRecord{41a53e10 android broadcastIntent}}
07-25 14:31:36.829   648   706 D BroadcastQueue: enqueueOrderedBroadcastLocked after add: BroadcastRecord{41e115f8 u0 com.android.server.NetworkTimeUpdateService.action.POLL} , the first order broadcast is:BroadcastRecord{41c2c468 u-1 android.intent.action.SIM_STATE_CHANGED} size:9 is: background
07-25 14:31:36.829   648   706 D BroadcastQueue: Schedule broadcasts [background]: current=false
07-25 14:31:36.829   648   706 D PowerManagerService: acquireWakeLockInternal: lock=1102459624, flags=0x1, tag="AlarmManager", ws=WorkSource{1000}, uid=1000, pid=648 pkg name:android
07-25 14:31:36.829   648   664 D BroadcastQueue: Received BROADCAST_INTENT_MSG
07-25 14:31:36.829   648   664 D BroadcastQueue: processNextBroadcast(background) called when not idle (state=1)
07-25 14:31:36.829   648   706 V BatteryStatsImpl: startRunningLocked(): mNesting = 1
07-25 14:31:36.829   648   706 V BatteryStatsImpl: startRunningLocked before mTimerPool.size = 0
07-25 14:31:36.829   648   706 V BatteryStatsImpl: startRunningLocked after mTimerPool.size = 1
07-25 14:31:36.829   648   706 D PowerManagerService: updateSuspendBlockerLocked goto acquire:PowerManagerService.WakeLocks: ref count=0
07-25 14:31:36.829   648   706 D PowerManagerService: Acquiring suspend blocker "PowerManagerService.WakeLocks".
07-25 14:31:36.839   648   705 D DisplayPowerState: setScreenBrightness: brightness=56
07-25 14:31:36.839   648   705 D DisplayPowerState: setState requesting new screen state: on=true, backlight=56, mChangeInProgress=false mElectronBeamLevel=1.0
07-25 14:31:36.839   648   705 D DisplayPowerState: setState goto execute task
07-25 14:31:36.839   648  1241 D DisplayPowerState: task updating screen state: true, backlight=56
07-25 14:31:36.839   648  1241 D DisplayPowerState: task actual set backlight=56
07-25 14:31:36.849   648  1241 D DisplayPowerState: task no changed and post screenupdate runnable
07-25 14:31:36.859   648   705 D DisplayPowerState: setScreenBrightness: brightness=60
07-25 14:31:36.859   648   705 D DisplayPowerState: setState requesting new screen state: on=true, backlight=60, mChangeInProgress=false mElectronBeamLevel=1.0
07-25 14:31:36.859   648   705 D DisplayPowerState: setState goto execute task
07-25 14:31:36.859   648  1242 D DisplayPowerState: task updating screen state: true, backlight=60
07-25 14:31:36.859   648  1242 D DisplayPowerState: task actual set backlight=60
07-25 14:31:36.859   648  1242 D DisplayPowerState: task no changed and post screenupdate runnable
07-25 14:31:36.879   648   705 D DisplayPowerState: setScreenBrightness: brightness=63
07-25 14:31:36.879   648   705 D DisplayPowerState: setState requesting new screen state: on=true, backlight=63, mChangeInProgress=false mElectronBeamLevel=1.0
07-25 14:31:36.879   648   705 D DisplayPowerState: setState goto execute task
07-25 14:31:36.879   648   812 D DisplayPowerState: task updating screen state: true, backlight=63
07-25 14:31:36.879   648   812 D DisplayPowerState: task actual set backlight=63
07-25 14:31:36.879   648   812 D DisplayPowerState: task no changed and post screenupdate runnable
07-25 14:31:36.889   648   660 D BroadcastQueue: Schedule broadcasts [background]: current=false
07-25 14:31:36.889   648   664 D BroadcastQueue: Received BROADCAST_INTENT_MSG
07-25 14:31:36.889   648   664 D BroadcastQueue: processNextBroadcast(background) called when not idle (state=1)
07-25 14:31:36.889   648   705 D DisplayPowerState: setScreenBrightness: brightness=66
07-25 14:31:36.889   648   705 D DisplayPowerState: setState requesting new screen state: on=true, backlight=66, mChangeInProgress=false mElectronBeamLevel=1.0
07-25 14:31:36.889   648   705 D DisplayPowerState: setState goto execute task
07-25 14:31:36.889   648  1241 D DisplayPowerState: task updating screen state: true, backlight=66
07-25 14:31:36.889   648  1241 D DisplayPowerState: task actual set backlight=66
07-25 14:31:36.889   648  1241 D DisplayPowerState: task no changed and post screenupdate runnable
07-25 14:31:36.889  1219  1219 W ActivityThread: Warning, It is so long to handle a broadcast with + ReceiverData{intent=Intent { act=android.intent.action.SIM_STATE_CHANGED flg=0x20000010 cmp=com.toycloud.watch.launcher/com.launcher.taoyunwatch.receiver.SimStateReceive (has extras) } packageName=com.toycloud.watch.launcher resultCode=0 resultData=null resultExtras=null}. It all cost 521ms, with  518ms before onReceive and  3ms really.
07-25 14:31:36.889   648   660 D BroadcastQueue: Cancelling BROADCAST_TIMEOUT_MSG
07-25 14:31:36.889   648   660 D BroadcastQueue: Finished with ordered broadcast BroadcastRecord{41c2c468 u-1 android.intent.action.SIM_STATE_CHANGED}
07-25 14:31:36.889   648   660 D BroadcastQueue: Finished with ordered broadcast and remove index 0:BroadcastRecord{41c2c468 u-1 android.intent.action.SIM_STATE_CHANGED} is: background remine 8
07-25 14:31:36.899   648   660 D BroadcastQueue: Processing ordered broadcast [background] BroadcastRecord{41c97410 u0 android.intent.action.PHONE_START}
07-25 14:31:36.899   648   660 D BroadcastQueue: Submitting BROADCAST_TIMEOUT_MSG [background] for BroadcastRecord{41c97410 u0 android.intent.action.PHONE_START} at 162719
07-25 14:31:36.909   648   660 D BroadcastQueue: Schedule broadcasts [background]: current=false
07-25 14:31:36.909   648   660 D BroadcastQueue: Schedule broadcasts [background]: current=true
07-25 14:31:36.909   648   660 D BroadcastQueue: Schedule broadcasts [background]: current=true
07-25 14:31:36.909   648   664 D BroadcastQueue: Received BROADCAST_INTENT_MSG
07-25 14:31:36.909   648   705 D DisplayPowerState: setScreenBrightness: brightness=69
07-25 14:31:36.909   648   664 D BroadcastQueue: processNextBroadcast(background) called when not idle (state=1)
07-25 14:31:36.909   648   705 D DisplayPowerState: setState requesting new screen state: on=true, backlight=69, mChangeInProgress=false mElectronBeamLevel=1.0
07-25 14:31:36.909   648   705 D DisplayPowerState: setState goto execute task
07-25 14:31:36.909   648  1242 D DisplayPowerState: task updating screen state: true, backlight=69
07-25 14:31:36.909   648  1242 D DisplayPowerState: task actual set backlight=69
07-25 14:31:36.909   648  1242 D DisplayPowerState: task no changed and post screenupdate runnable
07-25 14:31:36.919   648   660 D TelephonyRegistry: listen: E pkg=com.toycloud.watch.launcher events=0x21 myUid=0 callerUid=0
07-25 14:31:36.919   648   660 I TelephonyRegistry: listen: add new record={pkgForDebug=com.toycloud.watch.launcher callerUid=0 events=0}
07-25 14:31:36.919   648   660 D TelephonyRegistry: validateEventsAndUserLocked: valid=false r.callerUid=0 foregroundUser=0 r.events=33 events=16
07-25 14:31:36.919   648   660 D TelephonyRegistry: validateEventsAndUserLocked: valid=false r.callerUid=0 foregroundUser=0 r.events=33 events=1024
07-25 14:31:36.919  1219  1219 W ContextImpl: Calling a method in the system process without a qualified user: android.app.ContextImpl.sendBroadcast:1187 android.content.ContextWrapper.sendBroadcast:365 com.longcos.business.common.utils.ActionHelper.clearSms:238 com.longcos.launcher.presenter.impl.MainPresenterImpl.doSomeSetting:295 com.longcos.launcher.presenter.impl.MainPresenterImpl.onCreate:166 
07-25 14:31:36.919   648   660 D SettingsProvider: call_put(system:w4g_is_lesson=0) for 0
07-25 14:31:36.929   648   705 D DisplayPowerState: setScreenBrightness: brightness=73
07-25 14:31:36.929   648   705 D DisplayPowerState: setState requesting new screen state: on=true, backlight=73, mChangeInProgress=false mElectronBeamLevel=1.0
07-25 14:31:36.929   648   705 D DisplayPowerState: setState goto execute task
07-25 14:31:36.929   648   812 D DisplayPowerState: task updating screen state: true, backlight=73
07-25 14:31:36.929   648   812 D DisplayPowerState: task actual set backlight=73
07-25 14:31:36.929   648   812 D DisplayPowerState: task no changed and post screenupdate runnable
07-25 14:31:36.939   648   705 D DisplayPowerState: setScreenBrightness: brightness=76
07-25 14:31:36.939   648   705 D DisplayPowerState: setState requesting new screen state: on=true, backlight=76, mChangeInProgress=false mElectronBeamLevel=1.0
07-25 14:31:36.939   648   705 D DisplayPowerState: setState goto execute task
07-25 14:31:36.939   648  1241 D DisplayPowerState: task updating screen state: true, backlight=76
07-25 14:31:36.939   648  1241 D DisplayPowerState: task actual set backlight=76
07-25 14:31:36.939   648  1241 D DisplayPowerState: task no changed and post screenupdate runnable
07-25 14:31:36.949   648  1001 I ActivityManager: Delay finish: com.android.providers.contacts/com.sprd.providers.contacts.SyncSimAccountsReceiver
07-25 14:31:36.959   648   705 D DisplayPowerState: setScreenBrightness: brightness=79
07-25 14:31:36.959   648   705 D DisplayPowerState: setState requesting new screen state: on=true, backlight=79, mChangeInProgress=false mElectronBeamLevel=1.0
07-25 14:31:36.959   648   705 D DisplayPowerState: setState goto execute task
07-25 14:31:36.959   648  1242 D DisplayPowerState: task updating screen state: true, backlight=79
07-25 14:31:36.959   648  1242 D DisplayPowerState: task actual set backlight=79
07-25 14:31:36.959   648  1242 D DisplayPowerState: task no changed and post screenupdate runnable
07-25 14:31:36.969   648   660 D TelephonyRegistry: listen: E pkg=com.toycloud.watch.launcher events=0x20 myUid=0 callerUid=0
07-25 14:31:36.969   648   660 I TelephonyRegistry: listen: add new record={pkgForDebug=com.toycloud.watch.launcher callerUid=0 events=0}
07-25 14:31:36.969   648   660 D TelephonyRegistry: validateEventsAndUserLocked: valid=false r.callerUid=0 foregroundUser=0 r.events=32 events=16
07-25 14:31:36.969   648   660 D TelephonyRegistry: validateEventsAndUserLocked: valid=false r.callerUid=0 foregroundUser=0 r.events=32 events=1024
07-25 14:31:36.969   648   705 D DisplayPowerState: setScreenBrightness: brightness=83
07-25 14:31:36.969   648   705 D DisplayPowerState: setState requesting new screen state: on=true, backlight=83, mChangeInProgress=false mElectronBeamLevel=1.0
07-25 14:31:36.979   648   705 D DisplayPowerState: setState goto execute task
07-25 14:31:36.979   648   812 D DisplayPowerState: task updating screen state: true, backlight=83
07-25 14:31:36.979   648   812 D DisplayPowerState: task actual set backlight=83
07-25 14:31:36.979   648   812 D DisplayPowerState: task no changed and post screenupdate runnable
07-25 14:31:36.979   648   780 V BatteryStatsImpl: startRunningLocked(): mNesting = 1
07-25 14:31:36.979   648   780 V BatteryStatsImpl: startRunningLocked before mTimerPool.size = 0
07-25 14:31:36.979   648   780 V BatteryStatsImpl: startRunningLocked after mTimerPool.size = 1
07-25 14:31:36.979   648   780 D BroadcastQueue: Schedule broadcasts [background]: current=false
07-25 14:31:36.979   648   664 D BroadcastQueue: Received BROADCAST_INTENT_MSG
07-25 14:31:36.979   648   780 D BroadcastQueue: enqueueOrderedBroadcastLocked after add: BroadcastRecord{41bbc6a8 u-1 android.net.wifi.supplicant.STATE_CHANGE} , the first order broadcast is:BroadcastRecord{41c97410 u0 android.intent.action.PHONE_START} size:9 is: background
07-25 14:31:36.979   648   780 D BroadcastQueue: Schedule broadcasts [background]: current=true
07-25 14:31:36.979   648   664 D BroadcastQueue: processNextBroadcast(background) called when not idle (state=4)
07-25 14:31:36.989   648   705 D DisplayPowerState: setScreenBrightness: brightness=86
07-25 14:31:36.989   648   705 D DisplayPowerState: setState requesting new screen state: on=true, backlight=86, mChangeInProgress=false mElectronBeamLevel=1.0
07-25 14:31:36.989   648   705 D DisplayPowerState: setState goto execute task
07-25 14:31:36.989   648  1241 D DisplayPowerState: task updating screen state: true, backlight=86
07-25 14:31:36.989   648  1241 D DisplayPowerState: task actual set backlight=86
07-25 14:31:36.989   648  1241 D DisplayPowerState: task no changed and post screenupdate runnable
07-25 14:31:37.009   648   705 D DisplayPowerState: setScreenBrightness: brightness=89
07-25 14:31:37.009   648   705 D DisplayPowerState: setState requesting new screen state: on=true, backlight=89, mChangeInProgress=false mElectronBeamLevel=1.0
07-25 14:31:37.009   648   705 D DisplayPowerState: setState goto execute task
07-25 14:31:37.009   648  1242 D DisplayPowerState: task updating screen state: true, backlight=89
07-25 14:31:37.009   648  1242 D DisplayPowerState: task actual set backlight=89
07-25 14:31:37.009   648  1242 D DisplayPowerState: task no changed and post screenupdate runnable
07-25 14:31:37.019   648   660 D AlarmManager: set(PendingIntent{4199dab8: PendingIntentRecord{41ab1f08 com.toycloud.watch.launcher broadcastIntent}}) : type=0 triggerAtTime=1564036417027 win=0 tElapsed=192843 maxElapsed=192843 interval=0 standalone=false
07-25 14:31:37.019   648   660 D AlarmManager: setImplLocked() Action = package com.longcos.launcher.lyutilsTrafficStatsHelper.receiver_action, Component = null, type = 0, when = 1564036417027, absolute triggerTime = 2019-07-25 14:33:37
07-25 14:31:37.019   648   704 D PowerGuruService: NEW_ALARM
07-25 14:31:37.019   648   704 D PowerGuruService: receive input alarm:
07-25 14:31:37.019   648   704 D PowerGuruService: alarm info: packageName = com.toycloud.watch.launcher, Action = package com.longcos.launcher.lyutilsTrafficStatsHelper.receiver_action, Component = null, type = 0, when = 1564036417027 (2019-07-25 14:33:37), interval = 0, setCount = 1, userSetCount = 0, firstSetTime = 1564036297029 (2019-07-25 14:31:37), isRepeat = false, isFromGMS = false, isAvailable = true, lastSetTime = 2019-07-25 14:31:37, setMinsAlignCount = 0, isAdjustedByBlacklist = false
07-25 14:31:37.019   648   704 D PowerGuruService: Alarm is not from ThirdParty, is not care about!
07-25 14:31:37.019   648   705 D DisplayPowerState: setScreenBrightness: brightness=92
07-25 14:31:37.019   648   705 D DisplayPowerState: setState requesting new screen state: on=true, backlight=92, mChangeInProgress=false mElectronBeamLevel=1.0
07-25 14:31:37.019   648   705 D DisplayPowerState: setState goto execute task
07-25 14:31:37.019   648   812 D DisplayPowerState: task updating screen state: true, backlight=92
07-25 14:31:37.019   648   812 D DisplayPowerState: task actual set backlight=92
07-25 14:31:37.029   648   812 D DisplayPowerState: task no changed and post screenupdate runnable
07-25 14:31:37.039   648   705 D DisplayPowerState: setScreenBrightness: brightness=96
07-25 14:31:37.039   648   705 D DisplayPowerState: setState requesting new screen state: on=true, backlight=96, mChangeInProgress=false mElectronBeamLevel=1.0
07-25 14:31:37.039   648   705 D DisplayPowerState: setState goto execute task
07-25 14:31:37.039   648  1241 D DisplayPowerState: task updating screen state: true, backlight=96
07-25 14:31:37.039   648  1241 D DisplayPowerState: task actual set backlight=96
07-25 14:31:37.039   648  1241 D DisplayPowerState: task no changed and post screenupdate runnable
07-25 14:31:37.049   648   660 D BroadcastQueue: Schedule broadcasts [background]: current=false
07-25 14:31:37.049   648   664 D BroadcastQueue: Received BROADCAST_INTENT_MSG
07-25 14:31:37.049   648   664 D BroadcastQueue: processNextBroadcast(background) called when not idle (state=4)
07-25 14:31:37.049   648  1006 D PowerManagerService: acquireWakeLockInternal: lock=1102425112, flags=0x1, tag="AudioMix", ws=null, uid=1013, pid=223 pkg name:media
07-25 14:31:37.049   648  1006 V BatteryStatsImpl: startRunningLocked(): mNesting = 1
07-25 14:31:37.049   648  1006 V BatteryStatsImpl: startRunningLocked before mTimerPool.size = 1
07-25 14:31:37.049   648  1006 V BatteryStatsImpl: startRunningLocked after mTimerPool.size = 2
07-25 14:31:37.049   648   660 D BroadcastQueue: Schedule broadcasts [background]: current=false
07-25 14:31:37.049   648   664 D BroadcastQueue: Received BROADCAST_INTENT_MSG
07-25 14:31:37.049   648   664 D BroadcastQueue: processNextBroadcast(background) called when not idle (state=4)
07-25 14:31:37.059   648   705 D DisplayPowerState: setScreenBrightness: brightness=99
07-25 14:31:37.059   648   705 D DisplayPowerState: setState requesting new screen state: on=true, backlight=99, mChangeInProgress=false mElectronBeamLevel=1.0
07-25 14:31:37.059   648   705 D DisplayPowerState: setState goto execute task
07-25 14:31:37.059   648  1242 D DisplayPowerState: task updating screen state: true, backlight=99
07-25 14:31:37.059   648  1242 D DisplayPowerState: task actual set backlight=99
07-25 14:31:37.059   648  1242 D DisplayPowerState: task no changed and post screenupdate runnable
07-25 14:31:37.069  1219  1258 W ContextImpl: Calling a method in the system process without a qualified user: android.app.ContextImpl.bindService:1607 android.content.ContextWrapper.bindService:517 com.loc.d.h:-1 com.loc.d.c:-1 com.loc.d$b.onLooperPrepared:-1 
07-25 14:31:37.069   648   705 D DisplayPowerState: setScreenBrightness: brightness=102
07-25 14:31:37.069   648   705 D DisplayPowerState: setState requesting new screen state: on=true, backlight=102, mChangeInProgress=false mElectronBeamLevel=1.0
07-25 14:31:37.069   648   705 D DisplayPowerState: setState goto execute task
07-25 14:31:37.069   648   812 D DisplayPowerState: task updating screen state: true, backlight=102
07-25 14:31:37.069   648   812 D DisplayPowerState: task actual set backlight=102
07-25 14:31:37.069   648   812 D DisplayPowerState: task no changed and post screenupdate runnable
07-25 14:31:37.079   648   660 D TelephonyRegistry: listen: E pkg=com.toycloud.watch.launcher events=0x0 myUid=0 callerUid=0
07-25 14:31:37.089   648   705 D DisplayPowerState: setScreenBrightness: brightness=105
07-25 14:31:37.089   648   705 D DisplayPowerState: setState requesting new screen state: on=true, backlight=105, mChangeInProgress=false mElectronBeamLevel=1.0
07-25 14:31:37.089   648   705 D DisplayPowerState: setState goto execute task
07-25 14:31:37.089   648  1241 D DisplayPowerState: task updating screen state: true, backlight=105
07-25 14:31:37.089   648  1241 D DisplayPowerState: task actual set backlight=105
07-25 14:31:37.089   648  1241 D DisplayPowerState: task no changed and post screenupdate runnable
07-25 14:31:37.109   648   705 D DisplayPowerState: setScreenBrightness: brightness=109
07-25 14:31:37.109   648   705 D DisplayPowerState: setState requesting new screen state: on=true, backlight=109, mChangeInProgress=false mElectronBeamLevel=1.0
07-25 14:31:37.109   648   705 D DisplayPowerState: setState goto execute task
07-25 14:31:37.109   648  1242 D DisplayPowerState: task updating screen state: true, backlight=109
07-25 14:31:37.109   648  1242 D DisplayPowerState: task actual set backlight=109
07-25 14:31:37.109   648  1242 D DisplayPowerState: task no changed and post screenupdate runnable
07-25 14:31:37.119   648   705 D DisplayPowerState: setScreenBrightness: brightness=112
07-25 14:31:37.119   648   705 D DisplayPowerState: setState requesting new screen state: on=true, backlight=112, mChangeInProgress=false mElectronBeamLevel=1.0
07-25 14:31:37.119   648   705 D DisplayPowerState: setState goto execute task
07-25 14:31:37.119   648   812 D DisplayPowerState: task updating screen state: true, backlight=112
07-25 14:31:37.119   648   812 D DisplayPowerState: task actual set backlight=112
07-25 14:31:37.119   648   812 D DisplayPowerState: task no changed and post screenupdate runnable
07-25 14:31:37.139   648   705 D DisplayPowerState: setScreenBrightness: brightness=115
07-25 14:31:37.139   648   705 D DisplayPowerState: setState requesting new screen state: on=true, backlight=115, mChangeInProgress=false mElectronBeamLevel=1.0
07-25 14:31:37.139   648   705 D DisplayPowerState: setState goto execute task
07-25 14:31:37.139   648  1241 D DisplayPowerState: task updating screen state: true, backlight=115
07-25 14:31:37.139   648  1241 D DisplayPowerState: task actual set backlight=115
07-25 14:31:37.139   648  1241 D DisplayPowerState: task no changed and post screenupdate runnable
07-25 14:31:37.149   648   705 D DisplayPowerState: setScreenBrightness: brightness=118
07-25 14:31:37.149   648   705 D DisplayPowerState: setState requesting new screen state: on=true, backlight=118, mChangeInProgress=false mElectronBeamLevel=1.0
07-25 14:31:37.149   648   705 D DisplayPowerState: setState goto execute task
07-25 14:31:37.159   648  1242 D DisplayPowerState: task updating screen state: true, backlight=118
07-25 14:31:37.159   648  1242 D DisplayPowerState: task actual set backlight=118
07-25 14:31:37.159   648  1242 D DisplayPowerState: task no changed and post screenupdate runnable
07-25 14:31:37.159   648   660 D PowerManagerService: acquireWakeLockInternal: lock=1100470752, flags=0x1, tag="RILJ", ws=null, uid=1001, pid=859 pkg name:com.android.phone
07-25 14:31:37.159   648   660 V BatteryStatsImpl: startRunningLocked(): mNesting = 1
07-25 14:31:37.159   648   660 V BatteryStatsImpl: startRunningLocked before mTimerPool.size = 2
07-25 14:31:37.159   648   660 V BatteryStatsImpl: startRunningLocked after mTimerPool.size = 3
07-25 14:31:37.159   648   660 D PowerManagerService: releaseWakeLockInternal: lock=1100470752 [RILJ], flags=0x0 pkg name:com.android.phone
07-25 14:31:37.169   648   705 D DisplayPowerState: setScreenBrightness: brightness=122
07-25 14:31:37.169   648   705 D DisplayPowerState: setState requesting new screen state: on=true, backlight=122, mChangeInProgress=false mElectronBeamLevel=1.0
07-25 14:31:37.169   648   705 D DisplayPowerState: setState goto execute task
07-25 14:31:37.169   648   812 D DisplayPowerState: task updating screen state: true, backlight=122
07-25 14:31:37.169   648   812 D DisplayPowerState: task actual set backlight=122
07-25 14:31:37.169   648   812 D DisplayPowerState: task no changed and post screenupdate runnable
07-25 14:31:37.189   648   705 D DisplayPowerState: setScreenBrightness: brightness=125
07-25 14:31:37.189   648   705 D DisplayPowerState: setState requesting new screen state: on=true, backlight=125, mChangeInProgress=false mElectronBeamLevel=1.0
07-25 14:31:37.189   648   705 D DisplayPowerState: setState goto execute task
07-25 14:31:37.189   648  1241 D DisplayPowerState: task updating screen state: true, backlight=125
07-25 14:31:37.189   648  1241 D DisplayPowerState: task actual set backlight=125
07-25 14:31:37.189   648  1241 D DisplayPowerState: task no changed and post screenupdate runnable
07-25 14:31:37.199   648   705 D DisplayPowerState: setScreenBrightness: brightness=128
07-25 14:31:37.199   648   705 D DisplayPowerState: setState requesting new screen state: on=true, backlight=128, mChangeInProgress=false mElectronBeamLevel=1.0
07-25 14:31:37.199   648   705 D DisplayPowerState: setState goto execute task
07-25 14:31:37.199   648  1242 D DisplayPowerState: task updating screen state: true, backlight=128
07-25 14:31:37.199   648  1242 D DisplayPowerState: task actual set backlight=128
07-25 14:31:37.199   648  1242 D DisplayPowerState: task no changed and post screenupdate runnable
07-25 14:31:37.219   648   705 D DisplayPowerState: setScreenBrightness: brightness=132
07-25 14:31:37.219   648   705 D DisplayPowerState: setState requesting new screen state: on=true, backlight=132, mChangeInProgress=false mElectronBeamLevel=1.0
07-25 14:31:37.219   648   705 D DisplayPowerState: setState goto execute task
07-25 14:31:37.219   648   812 D DisplayPowerState: task updating screen state: true, backlight=132
07-25 14:31:37.219   648   812 D DisplayPowerState: task actual set backlight=132
07-25 14:31:37.219   648   812 D DisplayPowerState: task no changed and post screenupdate runnable
07-25 14:31:37.239   648   705 D DisplayPowerState: setScreenBrightness: brightness=135
07-25 14:31:37.239   648   705 D DisplayPowerState: setState requesting new screen state: on=true, backlight=135, mChangeInProgress=false mElectronBeamLevel=1.0
07-25 14:31:37.239   648   705 D DisplayPowerState: setState goto execute task
07-25 14:31:37.239   648  1241 D DisplayPowerState: task updating screen state: true, backlight=135
07-25 14:31:37.239   648  1241 D DisplayPowerState: task actual set backlight=135
07-25 14:31:37.239   648  1241 D DisplayPowerState: task no changed and post screenupdate runnable
07-25 14:31:37.249   648   705 D DisplayPowerState: setScreenBrightness: brightness=138
07-25 14:31:37.249   648   705 D DisplayPowerState: setState requesting new screen state: on=true, backlight=138, mChangeInProgress=false mElectronBeamLevel=1.0
07-25 14:31:37.249   648   705 D DisplayPowerState: setState goto execute task
07-25 14:31:37.249   648  1242 D DisplayPowerState: task updating screen state: true, backlight=138
07-25 14:31:37.249   648  1242 D DisplayPowerState: task actual set backlight=138
07-25 14:31:37.249   648  1242 D DisplayPowerState: task no changed and post screenupdate runnable
07-25 14:31:37.269   648   705 D DisplayPowerState: setScreenBrightness: brightness=141
07-25 14:31:37.269   648   705 D DisplayPowerState: setState requesting new screen state: on=true, backlight=141, mChangeInProgress=false mElectronBeamLevel=1.0
07-25 14:31:37.269   648   705 D DisplayPowerState: setState goto execute task
07-25 14:31:37.269   648   812 D DisplayPowerState: task updating screen state: true, backlight=141
07-25 14:31:37.269   648   812 D DisplayPowerState: task actual set backlight=141
07-25 14:31:37.269   648   812 D DisplayPowerState: task no changed and post screenupdate runnable
07-25 14:31:37.289   648   705 D DisplayPowerState: setScreenBrightness: brightness=145
07-25 14:31:37.289   648   705 D DisplayPowerState: setState requesting new screen state: on=true, backlight=145, mChangeInProgress=false mElectronBeamLevel=1.0
07-25 14:31:37.289   648   705 D DisplayPowerState: setState goto execute task
07-25 14:31:37.289   648  1241 D DisplayPowerState: task updating screen state: true, backlight=145
07-25 14:31:37.289   648  1241 D DisplayPowerState: task actual set backlight=145
07-25 14:31:37.289   648  1241 D DisplayPowerState: task no changed and post screenupdate runnable
07-25 14:31:37.299   648   705 D DisplayPowerState: setScreenBrightness: brightness=148
07-25 14:31:37.299   648   705 D DisplayPowerState: setState requesting new screen state: on=true, backlight=148, mChangeInProgress=false mElectronBeamLevel=1.0
07-25 14:31:37.299   648   705 D DisplayPowerState: setState goto execute task
07-25 14:31:37.299   648  1242 D DisplayPowerState: task updating screen state: true, backlight=148
07-25 14:31:37.299   648  1242 D DisplayPowerState: task actual set backlight=148
07-25 14:31:37.299   648  1242 D DisplayPowerState: task no changed and post screenupdate runnable
07-25 14:31:37.319   648   705 D DisplayPowerState: setScreenBrightness: brightness=151
07-25 14:31:37.319   648   705 D DisplayPowerState: setState requesting new screen state: on=true, backlight=151, mChangeInProgress=false mElectronBeamLevel=1.0
07-25 14:31:37.319   648   705 D DisplayPowerState: setState goto execute task
07-25 14:31:37.319   648   812 D DisplayPowerState: task updating screen state: true, backlight=151
07-25 14:31:37.319   648   812 D DisplayPowerState: task actual set backlight=151
07-25 14:31:37.319   648   812 D DisplayPowerState: task no changed and post screenupdate runnable
07-25 14:31:37.329   648   705 D DisplayPowerState: setScreenBrightness: brightness=154
07-25 14:31:37.329   648   705 D DisplayPowerState: setState requesting new screen state: on=true, backlight=154, mChangeInProgress=false mElectronBeamLevel=1.0
07-25 14:31:37.329   648   705 D DisplayPowerState: setState goto execute task
07-25 14:31:37.329   648  1241 D DisplayPowerState: task updating screen state: true, backlight=154
07-25 14:31:37.339   648  1241 D DisplayPowerState: task actual set backlight=154
07-25 14:31:37.339   648  1241 D DisplayPowerState: task no changed and post screenupdate runnable
07-25 14:31:37.349   648   705 D DisplayPowerState: setScreenBrightness: brightness=158
07-25 14:31:37.349   648   705 D DisplayPowerState: setState requesting new screen state: on=true, backlight=158, mChangeInProgress=false mElectronBeamLevel=1.0
07-25 14:31:37.349   648   705 D DisplayPowerState: setState goto execute task
07-25 14:31:37.349   648  1242 D DisplayPowerState: task updating screen state: true, backlight=158
07-25 14:31:37.349   648  1242 D DisplayPowerState: task actual set backlight=158
07-25 14:31:37.349   648  1242 D DisplayPowerState: task no changed and post screenupdate runnable
07-25 14:31:37.369   648   705 D DisplayPowerState: setScreenBrightness: brightness=161
07-25 14:31:37.369   648   705 D DisplayPowerState: setState requesting new screen state: on=true, backlight=161, mChangeInProgress=false mElectronBeamLevel=1.0
07-25 14:31:37.369   648   705 D DisplayPowerState: setState goto execute task
07-25 14:31:37.369   648   812 D DisplayPowerState: task updating screen state: true, backlight=161
07-25 14:31:37.369   648   812 D DisplayPowerState: task actual set backlight=161
07-25 14:31:37.369   648   812 D DisplayPowerState: task no changed and post screenupdate runnable
07-25 14:31:37.379  1219  1277 W ActivityThread: ClassLoader.loadClass: The class loader returned by Thread.getContextClassLoader() may fail for processes that host multiple applications. You should explicitly specify a context class loader. For example: Thread.setContextClassLoader(getClass().getClassLoader());
07-25 14:31:37.379   648   705 D DisplayPowerState: setScreenBrightness: brightness=164
07-25 14:31:37.379   648   705 D DisplayPowerState: setState requesting new screen state: on=true, backlight=164, mChangeInProgress=false mElectronBeamLevel=1.0
07-25 14:31:37.379   648   705 D DisplayPowerState: setState goto execute task
07-25 14:31:37.379   648  1241 D DisplayPowerState: task updating screen state: true, backlight=164
07-25 14:31:37.379   648  1241 D DisplayPowerState: task actual set backlight=164
07-25 14:31:37.379   648  1241 D DisplayPowerState: task no changed and post screenupdate runnable
07-25 14:31:37.399   648   705 D DisplayPowerState: setScreenBrightness: brightness=168
07-25 14:31:37.399   648   705 D DisplayPowerState: setState requesting new screen state: on=true, backlight=168, mChangeInProgress=false mElectronBeamLevel=1.0
07-25 14:31:37.399   648   705 D DisplayPowerState: setState goto execute task
07-25 14:31:37.399   648  1242 D DisplayPowerState: task updating screen state: true, backlight=168
07-25 14:31:37.399   648  1242 D DisplayPowerState: task actual set backlight=168
07-25 14:31:37.399   648  1242 D DisplayPowerState: task no changed and post screenupdate runnable
07-25 14:31:37.419   648   705 D DisplayPowerState: setScreenBrightness: brightness=170
07-25 14:31:37.419   648   705 D DisplayPowerState: setState requesting new screen state: on=true, backlight=170, mChangeInProgress=false mElectronBeamLevel=1.0
07-25 14:31:37.419   648   705 D DisplayPowerState: setState goto execute task
07-25 14:31:37.419   648   812 D DisplayPowerState: task updating screen state: true, backlight=170
07-25 14:31:37.419   648   812 D DisplayPowerState: task actual set backlight=170
07-25 14:31:37.419   648   812 D DisplayPowerState: task no changed and post screenupdate runnable
07-25 14:31:37.539   648   780 D BroadcastQueue: Schedule broadcasts [background]: current=false
07-25 14:31:37.539   648   664 D BroadcastQueue: Received BROADCAST_INTENT_MSG
07-25 14:31:37.539   648   780 D BroadcastQueue: enqueueOrderedBroadcastLocked after add: BroadcastRecord{41a351d0 u-1 android.net.wifi.SCAN_RESULTS} , the first order broadcast is:BroadcastRecord{41c97410 u0 android.intent.action.PHONE_START} size:10 is: background
07-25 14:31:37.539   648   780 D BroadcastQueue: Schedule broadcasts [background]: current=true
07-25 14:31:37.539   648   664 D BroadcastQueue: processNextBroadcast(background) called when not idle (state=4)
07-25 14:31:37.539   648   780 D BroadcastQueue: Schedule broadcasts [background]: current=false
07-25 14:31:37.539   648   664 D BroadcastQueue: Received BROADCAST_INTENT_MSG
07-25 14:31:37.539   648   664 D BroadcastQueue: processNextBroadcast(background) called when not idle (state=4)
07-25 14:31:37.539   648  1282 D BroadcastQueue: Schedule broadcasts [background]: current=false
07-25 14:31:37.539   648   664 D BroadcastQueue: Received BROADCAST_INTENT_MSG
07-25 14:31:37.539   648  1282 D BroadcastQueue: enqueueOrderedBroadcastLocked after add: BroadcastRecord{41b4a298 u-1 android.net.wifi.STATE_CHANGE} , the first order broadcast is:BroadcastRecord{41c97410 u0 android.intent.action.PHONE_START} size:11 is: background
07-25 14:31:37.539   648  1282 D BroadcastQueue: Schedule broadcasts [background]: current=true
07-25 14:31:37.539   648   664 D BroadcastQueue: processNextBroadcast(background) called when not idle (state=4)
07-25 14:31:37.549   648   783 D ConnectivityService: ConnectivityChange for WIFI: DISCONNECTED/IDLE
07-25 14:31:37.549   648   783 D ConnectivityService: Attempting to switch to BLUETOOTH_TETHER
07-25 14:31:37.549   648   789 D SettingsProvider: call_put(system:volume_alarm_speaker=5) for 0
07-25 14:31:37.549   648   783 D ConnectivityService: Attempting to switch to mobile
07-25 14:31:37.549   648   783 D ConnectivityService: oldsize: 0, newsize: 1
07-25 14:31:37.549   648   783 D ConnectivityService: handleConnectivityChange: netType=1 doReset=true resetMask=3
07-25 14:31:37.549   648   783 D ConnectivityService: handleConnectivityChange: changed linkProperty[1]: doReset=true resetMask=3
07-25 14:31:37.549   648   783 D ConnectivityService:   curLp=null
07-25 14:31:37.549   648   783 D ConnectivityService:   newLp= null
07-25 14:31:37.549   648   783 D ConnectivityService: handleConnectivityChange: resetting
07-25 14:31:37.549   648   783 D Nat464Xlat: requiresClat: netType=1, hasIPv4Address=false
07-25 14:31:37.549   648   783 D ConnectivityService: sendStickyBroadcast: action=android.net.conn.CONNECTIVITY_CHANGE_IMMEDIATE
07-25 14:31:37.549   648   783 D BroadcastQueue: Schedule broadcasts [background]: current=false
07-25 14:31:37.549   648   664 D BroadcastQueue: Received BROADCAST_INTENT_MSG
07-25 14:31:37.549   648   783 D ConnectivityService: sendStickyBroadcastDelayed: delayMs=3000, action=android.net.conn.CONNECTIVITY_CHANGE
07-25 14:31:37.549   648   664 D BroadcastQueue: processNextBroadcast(background) called when not idle (state=4)
07-25 14:31:37.549   648   776 D PowerManagerService: acquireWakeLockInternal: lock=1102762824, flags=0x1, tag="NetworkStats", ws=null, uid=1000, pid=648 pkg name:android
07-25 14:31:37.549   648   776 V BatteryStatsImpl: startRunningLocked(): mNesting = 1
07-25 14:31:37.549   648   776 V BatteryStatsImpl: startRunningLocked before mTimerPool.size = 2
07-25 14:31:37.549   648   776 V BatteryStatsImpl: startRunningLocked after mTimerPool.size = 3
07-25 14:31:37.559   648   660 D ConnectivityService: getRealNetworkType: networkType = 1
07-25 14:31:37.569   648   789 D SettingsProvider: call_put(system:volume_music_speaker=10) for 0
07-25 14:31:37.599   648   778 D ConnectivityService: getAllNetworkState: length of mNetTrackers is 136
07-25 14:31:37.599   648   778 D ConnectivityService: getAllNetworkState: TelephonyManager.getPhoneCount() = 1
07-25 14:31:37.599   648   778 D ConnectivityService: getAllNetworkState: defaultDataPhoneId = 0
07-25 14:31:37.599   648   778 D ConnectivityService: getAllNetworkState: tracker is Mobile data state: DISCONNECTED
07-25 14:31:37.599   648   778 D ConnectivityService: Data enabled: user=true, policy=true
07-25 14:31:37.599   648   778 D ConnectivityService: getRealNetworkTracker: info.getPhoneId() = 1
07-25 14:31:37.599   648   778 D ConnectivityService: getRealNetworkType: networkType = 0
07-25 14:31:37.599   648   778 D ConnectivityService: getNetworkTypeByPhoneId = 100
07-25 14:31:37.599   648   778 D ConnectivityService: getRealNetworkTracker: Mobile data state: DISCONNECTED
07-25 14:31:37.599   648   778 D ConnectivityService: Data enabled: user=true, policy=true
07-25 14:31:37.599   648   778 D ConnectivityService: getAllNetworkState:getRealNetworkTracker is Mobile data state: DISCONNECTED
07-25 14:31:37.599   648   778 D ConnectivityService: Data enabled: user=true, policy=true
07-25 14:31:37.599   648   776 D BroadcastQueue: Schedule broadcasts [background]: current=false
07-25 14:31:37.599   648   664 D BroadcastQueue: Received BROADCAST_INTENT_MSG
07-25 14:31:37.599   648   664 D BroadcastQueue: processNextBroadcast(background) called when not idle (state=4)
07-25 14:31:37.599   648   778 D ConnectivityService: getAllNetworkState: tracker is android.net.wifi.WifiStateTracker@418fa818
07-25 14:31:37.599   648   778 D ConnectivityService: getRealNetworkTracker: info.getPhoneId() = 0
07-25 14:31:37.599   648   778 D ConnectivityService: getAllNetworkState:getRealNetworkTracker is android.net.wifi.WifiStateTracker@418fa818
07-25 14:31:37.599   648   776 D ConnectivityService: getAllNetworkState: length of mNetTrackers is 136
07-25 14:31:37.599   648   776 D ConnectivityService: getAllNetworkState: TelephonyManager.getPhoneCount() = 1
07-25 14:31:37.599   648   776 D ConnectivityService: getAllNetworkState: defaultDataPhoneId = 0
07-25 14:31:37.599   648   778 D ConnectivityService: getAllNetworkState: tracker is Mobile data state: DISCONNECTED
07-25 14:31:37.599   648   778 D ConnectivityService: Data enabled: user=true, policy=true
07-25 14:31:37.599   648   778 D ConnectivityService: getRealNetworkTracker: info.getPhoneId() = 1
07-25 14:31:37.599   648   778 D ConnectivityService: getRealNetworkType: networkType = 2
07-25 14:31:37.599   648   778 D ConnectivityService: getNetworkTypeByPhoneId = 102
07-25 14:31:37.599   648   778 D ConnectivityService: getRealNetworkTracker: Mobile data state: DISCONNECTED
07-25 14:31:37.599   648   778 D ConnectivityService: Data enabled: user=true, policy=true
07-25 14:31:37.609   648   778 D ConnectivityService: getAllNetworkState:getRealNetworkTracker is Mobile data state: DISCONNECTED
07-25 14:31:37.609   648   778 D ConnectivityService: Data enabled: user=true, policy=true
07-25 14:31:37.609   648   778 D ConnectivityService: getAllNetworkState: tracker is Mobile data state: DISCONNECTED
07-25 14:31:37.609   648   778 D ConnectivityService: Data enabled: user=true, policy=true
07-25 14:31:37.609   648   778 D ConnectivityService: getRealNetworkTracker: info.getPhoneId() = 1
07-25 14:31:37.609   648   778 D ConnectivityService: getRealNetworkType: networkType = 3
07-25 14:31:37.609   648   778 D ConnectivityService: getNetworkTypeByPhoneId = 103
07-25 14:31:37.609   648   778 D ConnectivityService: getRealNetworkTracker: Mobile data state: DISCONNECTED
07-25 14:31:37.609   648   778 D ConnectivityService: Data enabled: user=true, policy=true
07-25 14:31:37.609   648   778 D ConnectivityService: getAllNetworkState:getRealNetworkTracker is Mobile data state: DISCONNECTED
07-25 14:31:37.609   648   778 D ConnectivityService: Data enabled: user=true, policy=true
07-25 14:31:37.609   648   778 D ConnectivityService: getAllNetworkState: tracker is Mobile data state: DISCONNECTED
07-25 14:31:37.609   648   778 D ConnectivityService: Data enabled: user=true, policy=true
07-25 14:31:37.609   648   778 D ConnectivityService: getRealNetworkTracker: info.getPhoneId() = 1
07-25 14:31:37.609   648   778 D ConnectivityService: getRealNetworkType: networkType = 5
07-25 14:31:37.609   648   778 D ConnectivityService: getNetworkTypeByPhoneId = 105
07-25 14:31:37.609   648   778 D ConnectivityService: getRealNetworkTracker: Mobile data state: DISCONNECTED
07-25 14:31:37.609   648   778 D ConnectivityService: Data enabled: user=true, policy=true
07-25 14:31:37.609   648   778 D ConnectivityService: getAllNetworkState:getRealNetworkTracker is Mobile data state: DISCONNECTED
07-25 14:31:37.609   648   778 D ConnectivityService: Data enabled: user=true, policy=true
07-25 14:31:37.609   648   778 D ConnectivityService: getAllNetworkState: tracker is android.bluetooth.BluetoothTetheringDataTracker@41c9c1e0
07-25 14:31:37.609   648   778 D ConnectivityService: getRealNetworkTracker: info.getPhoneId() = 0
07-25 14:31:37.609   648   778 D ConnectivityService: getAllNetworkState:getRealNetworkTracker is android.bluetooth.BluetoothTetheringDataTracker@41c9c1e0
07-25 14:31:37.609   648   778 D ConnectivityService: getAllNetworkState: tracker is Mobile data state: DISCONNECTED
07-25 14:31:37.609   648   778 D ConnectivityService: Data enabled: user=true, policy=true
07-25 14:31:37.609   648   778 D ConnectivityService: getRealNetworkTracker: info.getPhoneId() = 1
07-25 14:31:37.609   648   778 D ConnectivityService: getRealNetworkType: networkType = 10
07-25 14:31:37.609   648   778 D ConnectivityService: getNetworkTypeByPhoneId = 110
07-25 14:31:37.609   648   778 D ConnectivityService: getRealNetworkTracker: Mobile data state: DISCONNECTED
07-25 14:31:37.609   648   778 D ConnectivityService: Data enabled: user=true, policy=true
07-25 14:31:37.609   648   778 D ConnectivityService: getAllNetworkState:getRealNetworkTracker is Mobile data state: DISCONNECTED
07-25 14:31:37.609   648   778 D ConnectivityService: Data enabled: user=true, policy=true
07-25 14:31:37.609   648   778 D ConnectivityService: getAllNetworkState: tracker is Mobile data state: DISCONNECTED
07-25 14:31:37.609   648   778 D ConnectivityService: Data enabled: user=true, policy=true
07-25 14:31:37.609   648   778 D ConnectivityService: getRealNetworkTracker: info.getPhoneId() = 1
07-25 14:31:37.609   648   778 D ConnectivityService: getRealNetworkType: networkType = 11
07-25 14:31:37.609   648   778 D ConnectivityService: getNetworkTypeByPhoneId = 111
07-25 14:31:37.609   648   778 D ConnectivityService: getRealNetworkTracker: Mobile data state: DISCONNECTED
07-25 14:31:37.609   648   778 D ConnectivityService: Data enabled: user=true, policy=true
07-25 14:31:37.609   648   778 D ConnectivityService: getAllNetworkState:getRealNetworkTracker is Mobile data state: DISCONNECTED
07-25 14:31:37.609   648   778 D ConnectivityService: Data enabled: user=true, policy=true
07-25 14:31:37.609   648   778 D ConnectivityService: getAllNetworkState: tracker is Mobile data state: DISCONNECTED
07-25 14:31:37.609   648   778 D ConnectivityService: Data enabled: user=true, policy=true
07-25 14:31:37.609   648   778 D ConnectivityService: getRealNetworkTracker: info.getPhoneId() = 1
07-25 14:31:37.609   648   778 D ConnectivityService: getRealNetworkType: networkType = 12
07-25 14:31:37.609   648   778 D ConnectivityService: getNetworkTypeByPhoneId = 112
07-25 14:31:37.609   648   778 D ConnectivityService: getRealNetworkTracker: Mobile data state: DISCONNECTED
07-25 14:31:37.609   648   778 D ConnectivityService: Data enabled: user=true, policy=true
07-25 14:31:37.609   648   778 D ConnectivityService: getAllNetworkState:getRealNetworkTracker is Mobile data state: DISCONNECTED
07-25 14:31:37.609   648   778 D ConnectivityService: Data enabled: user=true, policy=true
07-25 14:31:37.619   648   778 D ConnectivityService: getAllNetworkState: tracker is Mobile data state: DISCONNECTED
07-25 14:31:37.619   648   778 D ConnectivityService: Data enabled: user=true, policy=true
07-25 14:31:37.619   648   778 D ConnectivityService: getRealNetworkTracker: info.getPhoneId() = 1
07-25 14:31:37.619   648   778 D ConnectivityService: getRealNetworkType: networkType = 15
07-25 14:31:37.619   648   778 D ConnectivityService: getNetworkTypeByPhoneId = 115
07-25 14:31:37.619   648   778 D ConnectivityService: getRealNetworkTracker: Mobile data state: DISCONNECTED
07-25 14:31:37.619   648   778 D ConnectivityService: Data enabled: user=true, policy=true
07-25 14:31:37.619   648   778 D ConnectivityService: getAllNetworkState:getRealNetworkTracker is Mobile data state: DISCONNECTED
07-25 14:31:37.619   648   778 D ConnectivityService: Data enabled: user=true, policy=true
07-25 14:31:37.619   648   778 D ConnectivityService: getAllNetworkState: tracker is Mobile data state: DISCONNECTED
07-25 14:31:37.619   648   778 D ConnectivityService: Data enabled: user=true, policy=true
07-25 14:31:37.619   648   778 D ConnectivityService: getRealNetworkTracker: info.getPhoneId() = 1
07-25 14:31:37.619   648   778 D ConnectivityService: getRealNetworkType: networkType = 17
07-25 14:31:37.619   648   778 D ConnectivityService: getNetworkTypeByPhoneId = 117
07-25 14:31:37.619   648   778 D ConnectivityService: getRealNetworkTracker: Mobile data state: DISCONNECTED
07-25 14:31:37.619   648   778 D ConnectivityService: Data enabled: user=true, policy=true
07-25 14:31:37.619   648   778 D ConnectivityService: getAllNetworkState:getRealNetworkTracker is Mobile data state: DISCONNECTED
07-25 14:31:37.619   648   778 D ConnectivityService: Data enabled: user=true, policy=true
07-25 14:31:37.619   648   778 D ConnectivityService: getAllNetworkState: tracker is Mobile data state: DISCONNECTED
07-25 14:31:37.619   648   778 D ConnectivityService: Data enabled: user=true, policy=true
07-25 14:31:37.619   648   778 D ConnectivityService: getRealNetworkTracker: info.getPhoneId() = 1
07-25 14:31:37.619   648   778 D ConnectivityService: getRealNetworkType: networkType = 18
07-25 14:31:37.619   648   778 D ConnectivityService: getNetworkTypeByPhoneId = 118
07-25 14:31:37.619   648   778 D ConnectivityService: getRealNetworkTracker: Mobile data state: DISCONNECTED
07-25 14:31:37.619   648   778 D ConnectivityService: Data enabled: user=true, policy=true
07-25 14:31:37.619   648   778 D ConnectivityService: getAllNetworkState:getRealNetworkTracker is Mobile data state: DISCONNECTED
07-25 14:31:37.619   648   778 D ConnectivityService: Data enabled: user=true, policy=true
07-25 14:31:37.619   648   778 D ConnectivityService: getAllNetworkState: tracker is Mobile data state: DISCONNECTED
07-25 14:31:37.619   648   778 D ConnectivityService: Data enabled: user=true, policy=true
07-25 14:31:37.619   648   778 D ConnectivityService: getRealNetworkTracker: info.getPhoneId() = 1
07-25 14:31:37.619   648   778 D ConnectivityService: getRealNetworkType: networkType = 35
07-25 14:31:37.619   648   778 D ConnectivityService: getNetworkTypeByPhoneId = 135
07-25 14:31:37.619   648   778 D ConnectivityService: getRealNetworkTracker: Mobile data state: DISCONNECTED
07-25 14:31:37.619   648   778 D ConnectivityService: Data enabled: user=true, policy=true
07-25 14:31:37.619   648   778 D ConnectivityService: getAllNetworkState:getRealNetworkTracker is Mobile data state: DISCONNECTED
07-25 14:31:37.619   648   778 D ConnectivityService: Data enabled: user=true, policy=true
07-25 14:31:37.619   648   778 D ConnectivityService: getAllNetworkState: tracker is Mobile data state: DISCONNECTED
07-25 14:31:37.619   648   778 D ConnectivityService: Data enabled: user=true, policy=true
07-25 14:31:37.619   648   778 D ConnectivityService: getRealNetworkTracker: info.getPhoneId() = 0
07-25 14:31:37.619   648   778 D ConnectivityService: getAllNetworkState:getRealNetworkTracker is Mobile data state: DISCONNECTED
07-25 14:31:37.619   648   778 D ConnectivityService: Data enabled: user=true, policy=true
07-25 14:31:37.619   648   778 D ConnectivityService: getAllNetworkState: tracker is Mobile data state: DISCONNECTED
07-25 14:31:37.619   648   778 D ConnectivityService: Data enabled: user=true, policy=true
