07-25 14:30:26.499   210   266 D NetlinkEvent: NL param 'MAJOR=259'
07-25 14:30:26.499   210   266 D NetlinkEvent: NL param 'MINOR=14'
07-25 14:30:26.499   210   266 D NetlinkEvent: NL param 'DEVNAME=mmcblk0p30'
07-25 14:30:26.499   210   266 D NetlinkEvent: NL param 'DEVTYPE=partition'
07-25 14:30:26.499   210   266 D NetlinkEvent: NL param 'PARTN=30'
07-25 14:30:26.499   210   266 D NetlinkEvent: NL param 'PARTNAME=uboot_log'
07-25 14:30:26.499   210   266 I Vold    : Vold.uevent dump:
07-25 14:30:26.499   210   266 D NetlinkEvent: NL seq is '2027'
07-25 14:30:26.499   210   266 D NetlinkEvent: NL path is '/devices/platform/soc/soc:ap-ahb/20600000.sdio/mmc_host/mmc0/mmc0:0001/block/mmcblk0/mmcblk0p31'
07-25 14:30:26.499   210   266 D NetlinkEvent: NL action is '1'
07-25 14:30:26.499   210   266 D NetlinkEvent: NL subsys is 'block'
07-25 14:30:26.499   210   266 D NetlinkEvent: NL param 'DEVPATH=/devices/platform/soc/soc:ap-ahb/20600000.sdio/mmc_host/mmc0/mmc0:0001/block/mmcblk0/mmcblk0p31'
07-25 14:30:26.499   210   266 D NetlinkEvent: NL param 'MAJOR=259'
07-25 14:30:26.499   210   266 D NetlinkEvent: NL param 'MINOR=15'
07-25 14:30:26.499   210   266 D NetlinkEvent: NL param 'DEVNAME=mmcblk0p31'
07-25 14:30:26.499   210   266 D NetlinkEvent: NL param 'DEVTYPE=partition'
07-25 14:30:26.499   210   266 D NetlinkEvent: NL param 'PARTN=31'
07-25 14:30:26.499   210   266 D NetlinkEvent: NL param 'PARTNAME=userdata'
07-25 14:30:41.599   648   648 I SystemServer: Entered the Android system server!
07-25 14:30:41.979   648   648 I SystemServer: Waiting for installd to be ready.
07-25 14:30:41.979   648   648 I Installer: connecting...
07-25 14:30:41.979   648   648 I SystemServer: Power Manager
07-25 14:30:41.979   648   648 D PowerManagerService: Acquiring suspend blocker "PowerManagerService.Display".
07-25 14:30:41.979   648   648 I SystemServer: Activity Manager
07-25 14:30:41.989   648   664 I ActivityManager: Memory class: 48
07-25 14:30:41.989   648   664 I ActivityManager: engModeFlag: false ,mode:unknown
07-25 14:30:41.989   648   664 W ActivityManager: trimming_processes is empty, trimming process will NOT take effects
07-25 14:30:41.999   648   664 D ProcessStats: resetCommon clear and add size to:1
07-25 14:30:42.019   648   664 I AppOps  : No existing app ops /data/system/appops.xml; starting empty
07-25 14:30:42.099   648   648 I IntentFirewall: Read new rules (A:0 B:0 S:0)
07-25 14:30:42.099   648   648 I SystemServer: Display Manager
07-25 14:30:42.099   648   648 I SystemServer: Telephony Registry
07-25 14:30:42.099   648   648 D TelephonyRegistry: fuhangyu contructor(), phoneid: 0
07-25 14:30:42.099   648   648 I SystemServer: Scheduling Policy
07-25 14:30:42.099   648   663 I DisplayManagerService: Display device added: DisplayDeviceInfo{"": 320 x 360, 60.0024 fps, density 320, 119.529 x 75.57 dpi, touch INTERNAL, rotation 0, type BUILT_IN, FLAG_DEFAULT_DISPLAY, FLAG_ROTATES_WITH_CONTENT, FLAG_SECURE, FLAG_SUPPORTS_PROTECTED_BUFFERS}
07-25 14:30:42.109   648   648 I SystemServer: Package Manager
07-25 14:30:42.109   648   648 I PackageManager: engModeEnable: false ,mode:unknown
07-25 14:30:42.109   648   648 W FileUtils: Failed to chmod(/data/system/packages.list): libcore.io.ErrnoException: chmod failed: ENOENT (No such file or directory)
07-25 14:30:42.169   648   648 D SELinuxMMAC: Couldn't find install policy /data/security/mac_permissions.xml
07-25 14:30:42.169   648   648 D SELinuxMMAC: Using install policy file /system/etc/security/mac_permissions.xml
07-25 14:30:42.179   648   648 I PackageManager: No settings file; creating initial state
07-25 14:30:42.179   648   648 W PackageManager: dexopt lib = /system/framework/android.test.runner.jar
07-25 14:30:42.309   648   648 W PackageManager: dexopt lib = /system/framework/com.broadcom.bt.jar
07-25 14:30:42.359   648   648 W PackageManager: dexopt lib = /system/framework/javax.obex.jar
07-25 14:30:42.419   648   648 W PackageManager: dexopt lib = /system/framework/com.android.future.usb.accessory.jar
07-25 14:30:42.419   648   648 W PackageManager: Library not found: /system/framework/com.android.future.usb.accessory.jar
07-25 14:30:42.419   648   648 W PackageManager: dexopt lib = /system/framework/com.android.location.provider.jar
07-25 14:30:42.469   648   648 W PackageManager: dexopt lib = /system/framework/com.android.media.remotedisplay.jar
07-25 14:30:42.509   648   648 W PackageManager: dexopt path = /system/framework/am.jar
07-25 14:30:42.569   648   648 W PackageManager: dexopt path = /system/framework/bmgr.jar
07-25 14:30:42.619   648   648 W PackageManager: dexopt path = /system/framework/bu.jar
07-25 14:30:42.659   648   648 W PackageManager: dexopt path = /system/framework/content.jar
07-25 14:30:42.699   648   648 W PackageManager: dexopt path = /system/framework/ime.jar
07-25 14:30:42.739   648   648 W PackageManager: dexopt path = /system/framework/input.jar
07-25 14:30:42.929   648   648 W PackageManager: dexopt path = /system/framework/media_cmd.jar
07-25 14:30:42.969   648   648 W PackageManager: dexopt path = /system/framework/monkey.jar
07-25 14:30:43.059   648   648 W PackageManager: dexopt path = /system/framework/pm.jar
07-25 14:30:43.119   648   648 W PackageManager: dexopt path = /system/framework/requestsync.jar
07-25 14:30:43.159   648   648 W PackageManager: dexopt path = /system/framework/settings.jar
07-25 14:30:43.209   648   648 W PackageManager: dexopt path = /system/framework/svc.jar
07-25 14:30:43.249   648   648 W PackageManager: dexopt path = /system/framework/uiautomator.jar
07-25 14:30:43.389   648   648 W PackageManager: dexopt path = /system/framework/wm.jar
07-25 14:30:43.419   648   648 D PackageManager: Parsing: /system/framework/framework-res.apk
07-25 14:30:43.479   648   648 W PackageParser: No actions in intent filter at /system/framework/framework-res.apk Binary XML file line #2664
07-25 14:30:44.299   648   648 E PackageParser: mIsasync1 = true mIsasync2 = true
07-25 14:30:44.299   648   648 W PackageManager: $scanPath = /system/framework/framework-res.apkscanMode = 110101011
07-25 14:30:44.299   648   648 I PackageManager: mInnerScanMode=100100001   scanMode=110100001
07-25 14:30:44.309   648   696 W PackageManager: scanvendorAppDir done,cost 0.0 seconds
07-25 14:30:44.309   648   693 D PackageManager: Parsing: /system/priv-app/BackupRestoreConfirmation.apk
07-25 14:30:44.309   648   694 D PackageManager: Parsing: /system/app/AudioProfile.apk
07-25 14:30:44.309   648   695 D PackageManager: Parsing: /system/app/VoiceCycle.apk
07-25 14:30:44.349   648   695 E PackageParser: mIsasync1 = true mIsasync2 = true
07-25 14:30:44.349   648   695 W PackageManager: $scanPath = /system/app/VoiceCycle.apkscanMode = 110101001
07-25 14:30:44.349   648   693 E PackageParser: mIsasync1 = true mIsasync2 = true
07-25 14:30:44.349   648   693 W PackageManager: $scanPath = /system/priv-app/BackupRestoreConfirmation.apkscanMode = 110101001
07-25 14:30:44.359   648   695 D PackageManager: Parsing: /system/app/WAPPushManager.apk
07-25 14:30:44.359   648   693 D PackageManager: Parsing: /system/priv-app/CarrierConfig.apk
07-25 14:30:44.369   648   695 E PackageParser: mIsasync1 = true mIsasync2 = true
07-25 14:30:44.369   648   695 W PackageManager: $scanPath = /system/app/WAPPushManager.apkscanMode = 110101001
07-25 14:30:44.369   648   695 D PackageManager: Parsing: /system/app/ims.apk
07-25 14:30:44.369   648   694 E PackageParser: mIsasync1 = true mIsasync2 = true
07-25 14:30:44.379   648   694 W PackageManager: $scanPath = /system/app/AudioProfile.apkscanMode = 110101001
07-25 14:30:44.379   648   694 D PackageManager: Parsing: /system/app/Bluetooth.apk
07-25 14:30:44.389   648   695 E PackageParser: mIsasync1 = true mIsasync2 = true
07-25 14:30:44.389   648   695 W PackageManager: $scanPath = /system/app/ims.apkscanMode = 110101001
07-25 14:30:44.389   648   695 D PackageManager: Parsing: /system/app/modemassert.apk
07-25 14:30:44.399   648   694 W PackageParser: No actions in intent filter at /system/app/Bluetooth.apk Binary XML file line #244
07-25 14:30:44.399   648   695 E PackageParser: mIsasync1 = true mIsasync2 = true
07-25 14:30:44.399   648   695 W PackageManager: $scanPath = /system/app/modemassert.apkscanMode = 110101001
07-25 14:30:44.399   648   695 D PackageManager: Parsing: /system/app/tcw_alipay_tyw6.apk
07-25 14:30:44.409   648   695 W PackageParser: Unknown element under <manifest>: meta-data at /system/app/tcw_alipay_tyw6.apk Binary XML file line #16
07-25 14:30:44.419   648   694 E PackageParser: mIsasync1 = true mIsasync2 = true
07-25 14:30:44.419   648   694 W PackageManager: $scanPath = /system/app/Bluetooth.apkscanMode = 110101001
07-25 14:30:44.429   648   694 D PackageManager: Parsing: /system/app/CallFireWall.apk
07-25 14:30:44.499   648   695 E PackageParser: mIsasync1 = true mIsasync2 = true
07-25 14:30:44.499   648   695 W PackageManager: $scanPath = /system/app/tcw_alipay_tyw6.apkscanMode = 110101001
07-25 14:30:44.499   648   694 E PackageParser: mIsasync1 = true mIsasync2 = true
07-25 14:30:44.499   648   694 W PackageManager: $scanPath = /system/app/CallFireWall.apkscanMode = 110101001
07-25 14:30:44.499   648   695 D PackageManager: Parsing: /system/app/tcw_app_manager_tyw6.apk
07-25 14:30:44.499   648   694 D PackageManager: Parsing: /system/app/Carddav-Sync.apk
07-25 14:30:44.529   648   693 E PackageParser: mIsasync1 = true mIsasync2 = true
07-25 14:30:44.529   648   693 W PackageManager: $scanPath = /system/priv-app/CarrierConfig.apkscanMode = 110101001
07-25 14:30:44.529   648   693 D PackageManager: Parsing: /system/priv-app/Contacts.apk
07-25 14:30:44.539   648   694 E PackageParser: mIsasync1 = true mIsasync2 = true
07-25 14:30:44.539   648   694 W PackageManager: $scanPath = /system/app/Carddav-Sync.apkscanMode = 110101001
07-25 14:30:44.539   648   694 D PackageManager: Parsing: /system/app/CellBroadcastReceiver.apk
07-25 14:30:44.549   648   693 W PackageParser: No actions in intent filter at /system/priv-app/Contacts.apk Binary XML file line #427
07-25 14:30:44.589   648   694 E PackageParser: mIsasync1 = true mIsasync2 = true
07-25 14:30:44.589   648   694 W PackageManager: $scanPath = /system/app/CellBroadcastReceiver.apkscanMode = 110101001
07-25 14:30:44.599   648   694 D PackageManager: Parsing: /system/app/CertInstaller.apk
07-25 14:30:44.609   648   694 E PackageParser: mIsasync1 = true mIsasync2 = true
07-25 14:30:44.609   648   694 W PackageManager: $scanPath = /system/app/CertInstaller.apkscanMode = 110101001
07-25 14:30:44.609   648   694 D PackageManager: Parsing: /system/app/DrmProvider.apk
07-25 14:30:44.619   648   694 E PackageParser: mIsasync1 = true mIsasync2 = true
07-25 14:30:44.619   648   694 W PackageManager: $scanPath = /system/app/DrmProvider.apkscanMode = 110101001
07-25 14:30:44.629   648   694 D PackageManager: Parsing: /system/app/EngineerMode.apk
07-25 14:30:44.669   648   694 W PackageParser: Unknown element under <application>: eat-comment at /system/app/EngineerMode.apk Binary XML file line #1206
07-25 14:30:44.679   648   694 W PackageParser: Unknown element under <application>: eat-comment at /system/app/EngineerMode.apk Binary XML file line #1416
07-25 14:30:44.809   648   693 E PackageParser: mIsasync1 = true mIsasync2 = true
07-25 14:30:44.809   648   693 W PackageManager: $scanPath = /system/priv-app/Contacts.apkscanMode = 110101001
07-25 14:30:44.819   648   695 E PackageParser: mIsasync1 = true mIsasync2 = true
07-25 14:30:44.819   648   693 D PackageManager: Parsing: /system/priv-app/ContactsProvider.apk
07-25 14:30:44.819   648   695 W PackageManager: $scanPath = /system/app/tcw_app_manager_tyw6.apkscanMode = 110101001
07-25 14:30:44.819   648   695 D PackageManager: Parsing: /system/app/tcw_assistant_tyw6.apk
07-25 14:30:44.829   648   694 E PackageParser: mIsasync1 = true mIsasync2 = true
07-25 14:30:44.829   648   694 W PackageManager: $scanPath = /system/app/EngineerMode.apkscanMode = 110101001
07-25 14:30:44.839   648   694 D PackageManager: Parsing: /system/app/FileExplorer.apk
07-25 14:30:44.839   648   693 E PackageParser: mIsasync1 = true mIsasync2 = true
07-25 14:30:44.839   648   693 W PackageManager: $scanPath = /system/priv-app/ContactsProvider.apkscanMode = 110101001
07-25 14:30:44.849   648   693 D PackageManager: Parsing: /system/priv-app/DefaultContainerService.apk
07-25 14:30:44.869   648   693 E PackageParser: mIsasync1 = true mIsasync2 = true
07-25 14:30:44.869   648   693 W PackageManager: $scanPath = /system/priv-app/DefaultContainerService.apkscanMode = 110101001
07-25 14:30:44.879   648   693 D PackageManager: Parsing: /system/priv-app/Dialer.apk
07-25 14:30:44.889   648   693 W PackageParser: No actions in intent filter at /system/priv-app/Dialer.apk Binary XML file line #187
07-25 14:30:45.069   648   694 E PackageParser: mIsasync1 = true mIsasync2 = true
07-25 14:30:45.069   648   694 W PackageManager: $scanPath = /system/app/FileExplorer.apkscanMode = 110101001
07-25 14:30:45.079   648   694 D PackageManager: Parsing: /system/app/Gallery2.apk
07-25 14:30:45.119   648   694 W PackageParser: Unknown element under <application>: permission at /system/app/Gallery2.apk Binary XML file line #286
07-25 14:30:45.119   648   694 W PackageParser: Unknown element under <application>: permission at /system/app/Gallery2.apk Binary XML file line #289
07-25 14:30:45.319   648   693 E PackageParser: mIsasync1 = true mIsasync2 = true
07-25 14:30:45.319   648   693 W PackageManager: $scanPath = /system/priv-app/Dialer.apkscanMode = 110101001
07-25 14:30:45.319   648   693 D PackageManager: Parsing: /system/priv-app/DownloadProvider.apk
07-25 14:30:45.339   648   693 E PackageParser: mIsasync1 = true mIsasync2 = true
07-25 14:30:45.339   648   693 W PackageManager: $scanPath = /system/priv-app/DownloadProvider.apkscanMode = 110101001
07-25 14:30:45.339   648   693 D PackageManager: Parsing: /system/priv-app/ExternalStorageProvider.apk
07-25 14:30:45.349   648   693 E PackageParser: mIsasync1 = true mIsasync2 = true
07-25 14:30:45.349   648   693 W PackageManager: $scanPath = /system/priv-app/ExternalStorageProvider.apkscanMode = 110101001
07-25 14:30:45.349   648   693 D PackageManager: Parsing: /system/priv-app/FusedLocation.apk
07-25 14:30:45.399   648   693 E PackageParser: mIsasync1 = true mIsasync2 = true
07-25 14:30:45.399   648   693 W PackageManager: $scanPath = /system/priv-app/FusedLocation.apkscanMode = 110101001
07-25 14:30:45.399   648   693 D PackageManager: Parsing: /system/priv-app/GridHome.apk
07-25 14:30:45.459   648   693 E PackageParser: mIsasync1 = true mIsasync2 = true
07-25 14:30:45.459   648   693 W PackageManager: $scanPath = /system/priv-app/GridHome.apkscanMode = 110101001
07-25 14:30:45.469   648   693 D PackageManager: Parsing: /system/priv-app/ImsCM.apk
07-25 14:30:45.489   648   694 E PackageParser: mIsasync1 = true mIsasync2 = true
07-25 14:30:45.489   648   694 W PackageManager: $scanPath = /system/app/Gallery2.apkscanMode = 110101001
07-25 14:30:45.489   648   693 E PackageParser: mIsasync1 = true mIsasync2 = true
07-25 14:30:45.489   648   693 W PackageManager: $scanPath = /system/priv-app/ImsCM.apkscanMode = 110101001
07-25 14:30:45.489   648   694 D PackageManager: Parsing: /system/app/HTMLViewer.apk
07-25 14:30:45.489   648   693 D PackageManager: Parsing: /system/priv-app/InputDevices.apk
07-25 14:30:45.499   648   694 E PackageParser: mIsasync1 = true mIsasync2 = true
07-25 14:30:45.499   648   694 W PackageManager: $scanPath = /system/app/HTMLViewer.apkscanMode = 110101001
07-25 14:30:45.509   648   694 D PackageManager: Parsing: /system/app/LatinIME.apk
07-25 14:30:45.529   648   693 E PackageParser: mIsasync1 = true mIsasync2 = true
07-25 14:30:45.529   648   693 W PackageManager: $scanPath = /system/priv-app/InputDevices.apkscanMode = 110101001
07-25 14:30:45.529   648   693 D PackageManager: Parsing: /system/priv-app/Keyguard.apk
07-25 14:30:45.599   648   695 E PackageParser: mIsasync1 = true mIsasync2 = true
07-25 14:30:45.599   648   695 W PackageManager: $scanPath = /system/app/tcw_assistant_tyw6.apkscanMode = 110101001
07-25 14:30:45.609   648   695 D PackageManager: Parsing: /system/app/tcw_camera_tyw6.apk
07-25 14:30:45.639   648   693 E PackageParser: mIsasync1 = true mIsasync2 = true
07-25 14:30:45.639   648   693 W PackageManager: $scanPath = /system/priv-app/Keyguard.apkscanMode = 110101001
07-25 14:30:45.649   648   693 D PackageManager: Parsing: /system/priv-app/MediaProvider.apk
07-25 14:30:45.729   648   693 E PackageParser: mIsasync1 = true mIsasync2 = true
07-25 14:30:45.729   648   693 W PackageManager: $scanPath = /system/priv-app/MediaProvider.apkscanMode = 110101001
07-25 14:30:45.739   648   693 D PackageManager: Parsing: /system/priv-app/ProxyHandler.apk
07-25 14:30:45.799   648   693 E PackageParser: mIsasync1 = true mIsasync2 = true
07-25 14:30:45.799   648   693 W PackageManager: $scanPath = /system/priv-app/ProxyHandler.apkscanMode = 110101001
07-25 14:30:45.799   648   693 D PackageManager: Parsing: /system/priv-app/Settings.apk
07-25 14:30:45.909   648   695 E PackageParser: mIsasync1 = true mIsasync2 = true
07-25 14:30:45.909   648   695 W PackageManager: $scanPath = /system/app/tcw_camera_tyw6.apkscanMode = 110101001
07-25 14:30:45.919   648   695 D PackageManager: Parsing: /system/app/tcw_clock_tyw6.apk
07-25 14:30:45.969   648   694 E PackageParser: mIsasync1 = true mIsasync2 = true
07-25 14:30:45.969   648   694 W PackageManager: $scanPath = /system/app/LatinIME.apkscanMode = 110101001
07-25 14:30:45.969   648   694 D PackageManager: Parsing: /system/app/PackageInstaller.apk
07-25 14:30:45.989   648   694 E PackageParser: mIsasync1 = true mIsasync2 = true
07-25 14:30:45.989   648   694 W PackageManager: $scanPath = /system/app/PackageInstaller.apkscanMode = 110101001
07-25 14:30:45.989   648   694 D PackageManager: Parsing: /system/app/Provision.apk
07-25 14:30:46.009   648   694 E PackageParser: mIsasync1 = true mIsasync2 = true
07-25 14:30:46.009   648   694 W PackageManager: $scanPath = /system/app/Provision.apkscanMode = 110101001
07-25 14:30:46.029   648   694 D PackageManager: Parsing: /system/app/SGPS.apk
07-25 14:30:46.079   648   694 E PackageParser: mIsasync1 = true mIsasync2 = true
07-25 14:30:46.079   648   694 W PackageManager: $scanPath = /system/app/SGPS.apkscanMode = 110101001
07-25 14:30:46.079   648   694 D PackageManager: Parsing: /system/app/TelephonyProvider.apk
07-25 14:30:46.099   648   694 E PackageParser: mIsasync1 = true mIsasync2 = true
07-25 14:30:46.099   648   694 W PackageManager: $scanPath = /system/app/TelephonyProvider.apkscanMode = 110101001
07-25 14:30:46.099   648   694 D PackageManager: Parsing: /system/app/UserDictionaryProvider.apk
07-25 14:30:46.109   648   694 E PackageParser: mIsasync1 = true mIsasync2 = true
07-25 14:30:46.119   648   694 W PackageManager: $scanPath = /system/app/UserDictionaryProvider.apkscanMode = 110101001
07-25 14:30:46.119   648   694 D PackageManager: Parsing: /system/app/ValidationTools.apk
07-25 14:30:46.189   648   694 E PackageParser: mIsasync1 = true mIsasync2 = true
07-25 14:30:46.189   648   694 W PackageManager: $scanPath = /system/app/ValidationTools.apkscanMode = 110101001
07-25 14:30:46.189   648   694 D PackageManager: Parsing: /system/app/Validator.apk
07-25 14:30:46.259   648   694 E PackageParser: mIsasync1 = true mIsasync2 = true
07-25 14:30:46.259   648   694 W PackageManager: $scanPath = /system/app/Validator.apkscanMode = 110101001
07-25 14:30:46.259   648   694 W PackageManager: scansystemAppDir done,cost 1.959 seconds
07-25 14:30:46.279   648   693 E PackageParser: mIsasync1 = true mIsasync2 = true
07-25 14:30:46.279   648   693 W PackageManager: $scanPath = /system/priv-app/Settings.apkscanMode = 110101001
07-25 14:30:46.279   648   693 D PackageManager: Parsing: /system/priv-app/SettingsProvider.apk
07-25 14:30:46.299   648   693 E PackageParser: mIsasync1 = true mIsasync2 = true
07-25 14:30:46.299   648   693 W PackageManager: $scanPath = /system/priv-app/SettingsProvider.apkscanMode = 110101001
07-25 14:30:46.299   648   693 D PackageManager: Parsing: /system/priv-app/SharedStorageBackup.apk
07-25 14:30:46.309   648   693 E PackageParser: mIsasync1 = true mIsasync2 = true
07-25 14:30:46.309   648   693 W PackageManager: $scanPath = /system/priv-app/SharedStorageBackup.apkscanMode = 110101001
07-25 14:30:46.319   648   693 D PackageManager: Parsing: /system/priv-app/Shell.apk
07-25 14:30:46.329   648   693 E PackageParser: mIsasync1 = true mIsasync2 = true
07-25 14:30:46.329   648   693 W PackageManager: $scanPath = /system/priv-app/Shell.apkscanMode = 110101001
07-25 14:30:46.329   648   693 D PackageManager: Parsing: /system/priv-app/SprdVoWifiService.apk
07-25 14:30:46.349   648   695 E PackageParser: mIsasync1 = true mIsasync2 = true
07-25 14:30:46.349   648   695 W PackageManager: $scanPath = /system/app/tcw_clock_tyw6.apkscanMode = 110101001
07-25 14:30:46.359   648   693 E PackageParser: mIsasync1 = true mIsasync2 = true
07-25 14:30:46.359   648   693 W PackageManager: $scanPath = /system/priv-app/SprdVoWifiService.apkscanMode = 110101001
07-25 14:30:46.369   648   695 D PackageManager: Parsing: /system/app/tcw_contacts_tyw6.apk
07-25 14:30:46.369   648   693 D PackageManager: Parsing: /system/priv-app/SystemUI.apk
07-25 14:30:46.649   648   695 E PackageParser: mIsasync1 = true mIsasync2 = true
07-25 14:30:46.649   648   695 W PackageManager: $scanPath = /system/app/tcw_contacts_tyw6.apkscanMode = 110101001
07-25 14:30:46.649   648   695 D PackageManager: Parsing: /system/app/tcw_friend_tyw6.apk
07-25 14:30:46.769   648   693 E PackageParser: mIsasync1 = true mIsasync2 = true
07-25 14:30:46.769   648   693 W PackageManager: $scanPath = /system/priv-app/SystemUI.apkscanMode = 110101001
07-25 14:30:46.769   648   693 D PackageManager: Parsing: /system/priv-app/TeleService.apk
07-25 14:30:46.799   648   693 W PackageParser: No actions in intent filter at /system/priv-app/TeleService.apk Binary XML file line #699
07-25 14:30:46.949   648   693 E PackageParser: mIsasync1 = true mIsasync2 = true
07-25 14:30:46.949   648   693 W PackageManager: $scanPath = /system/priv-app/TeleService.apkscanMode = 110101001
07-25 14:30:46.949   648   693 D PackageManager: Parsing: /system/priv-app/radio_interactor_service.apk
07-25 14:30:46.959   648   695 E PackageParser: mIsasync1 = true mIsasync2 = true
07-25 14:30:46.959   648   695 W PackageManager: $scanPath = /system/app/tcw_friend_tyw6.apkscanMode = 110101001
07-25 14:30:46.959   648   695 D PackageManager: Parsing: /system/app/tcw_launcher_tyw6.apk
07-25 14:30:46.969   648   693 E PackageParser: mIsasync1 = true mIsasync2 = true
07-25 14:30:46.969   648   693 W PackageManager: $scanPath = /system/priv-app/radio_interactor_service.apkscanMode = 110101001
07-25 14:30:46.969   648   693 W PackageManager: scanprivilegedAppDir done,cost 2.664 seconds
07-25 14:30:48.289   648   695 E PackageParser: mIsasync1 = true mIsasync2 = true
07-25 14:30:48.289   648   695 W PackageManager: $scanPath = /system/app/tcw_launcher_tyw6.apkscanMode = 110101001
07-25 14:30:48.289   648   695 D PackageManager: Parsing: /system/app/tcw_platform_tyw6.apk
07-25 14:30:48.489   648   695 E PackageParser: mIsasync1 = true mIsasync2 = true
07-25 14:30:48.489   648   695 W PackageManager: $scanPath = /system/app/tcw_platform_tyw6.apkscanMode = 110101001
07-25 14:30:48.489   648   695 D PackageManager: Parsing: /system/app/tcw_settings_tyw6.apk
07-25 14:30:48.839   648   695 E PackageParser: mIsasync1 = true mIsasync2 = true
07-25 14:30:48.839   648   695 W PackageManager: $scanPath = /system/app/tcw_settings_tyw6.apkscanMode = 110101001
07-25 14:30:48.839   648   695 D PackageManager: Parsing: /system/app/tcw_sport_tyw6.apk
07-25 14:30:49.059   648   695 E PackageParser: mIsasync1 = true mIsasync2 = true
07-25 14:30:49.059   648   695 W PackageManager: $scanPath = /system/app/tcw_sport_tyw6.apkscanMode = 110101001
07-25 14:30:49.069   648   695 D PackageManager: Parsing: /system/app/tcw_updateservice_tyw6.apk
07-25 14:30:49.079   648   695 E PackageParser: mIsasync1 = true mIsasync2 = true
07-25 14:30:49.079   648   695 W PackageManager: $scanPath = /system/app/tcw_updateservice_tyw6.apkscanMode = 110101001
07-25 14:30:49.079   648   695 D PackageManager: Parsing: /system/app/tcw_wechat_tyw6.apk
07-25 14:30:49.309   648   648 E PackageManager: Thread main still waiting for Preload class ready...
07-25 14:30:50.079   648   695 E PackageParser: mIsasync1 = true mIsasync2 = true
07-25 14:30:50.079   648   695 W PackageManager: $scanPath = /system/app/tcw_wechat_tyw6.apkscanMode = 110101001
07-25 14:30:50.079   648   695 W PackageManager: scansystemAppDir-part2 done,cost 5.778 seconds
07-25 14:30:50.079   648   648 E PackageManager: waitForLatch done!
07-25 14:30:50.089   648   648 I PackageManager: START scanning vital-app directory
07-25 14:30:50.089   648   648 D PackageManager: Parsing: /system/vital-app/Camera2.apk
07-25 14:30:50.139   648   648 I PackageParser: collectCertificates length = 567
07-25 14:30:50.139   648   697 E PackageParser: asyncNum = 1
07-25 14:30:50.139   648   698 E PackageParser: asyncNum = 2
07-25 14:30:50.539   648   648 E PackageParser: waitForLatch done!
07-25 14:30:50.539   648   648 E PackageParser: mIsasync1 = true mIsasync2 = true
07-25 14:30:50.539   648   648 W PackageManager: $scanPath = /system/vital-app/Camera2.apkscanMode = 110101001
07-25 14:30:50.549   648   648 I PackageManager: Stopping package com.android.camera2
07-25 14:30:50.549   648   648 I PackageManager: java.lang.RuntimeException: here
07-25 14:30:50.549   648   648 I PackageManager: 	at com.android.server.pm.Settings.getPackageLPw(Settings.java:465)
07-25 14:30:50.549   648   648 I PackageManager: 	at com.android.server.pm.Settings.getPackageLPw(Settings.java:218)
07-25 14:30:50.549   648   648 I PackageManager: 	at com.android.server.pm.PackageManagerService.scanPackageLI(PackageManagerService.java:4822)
07-25 14:30:50.549   648   648 I PackageManager: 	at com.android.server.pm.PackageManagerService.scanPackageLI(PackageManagerService.java:4218)
07-25 14:30:50.549   648   648 I PackageManager: 	at com.android.server.pm.PackageManagerService.scanDirLI(PackageManagerService.java:3908)
07-25 14:30:50.549   648   648 I PackageManager: 	at com.android.server.pm.PackageManagerService.<init>(PackageManagerService.java:1657)
07-25 14:30:50.549   648   648 I PackageManager: 	at com.android.server.pm.PackageManagerService.main(PackageManagerService.java:1124)
07-25 14:30:50.549   648   648 I PackageManager: 	at com.android.server.ServerThread.initAndLoop(SystemServer.java:347)
07-25 14:30:50.549   648   648 I PackageManager: 	at com.android.server.SystemServer.main(SystemServer.java:1514)
07-25 14:30:50.549   648   648 I PackageManager: 	at java.lang.reflect.Method.invokeNative(Native Method)
07-25 14:30:50.549   648   648 I PackageManager: 	at java.lang.reflect.Method.invoke(Method.java:515)
07-25 14:30:50.549   648   648 I PackageManager: 	at com.android.internal.os.ZygoteInit$MethodAndArgsCaller.run(ZygoteInit.java:989)
07-25 14:30:50.549   648   648 I PackageManager: 	at com.android.internal.os.ZygoteInit.main(ZygoteInit.java:805)
07-25 14:30:50.549   648   648 I PackageManager: 	at dalvik.system.NativeStart.main(Native Method)
07-25 14:30:50.559   648   648 I PackageManager: Linking native library dir for /system/vital-app/Camera2.apk
07-25 14:30:50.559   648   648 W PackageManager: Package com.android.gallery3d desires unavailable shared library com.google.android.media.effects; ignoring!
07-25 14:30:50.559   648   648 W PackageManager: Package com.android.gallery3d desires unavailable shared library org.apache.http.legacy; ignoring!
07-25 14:30:50.569   648   648 I PackageManager: Time to scan packages: 8.381 seconds
07-25 14:30:50.569   648   648 W PackageManager: Unknown permission android.permission.ACCESS_COARSE_UPDATES in package com.toycloud.watch.sport
07-25 14:30:50.569   648   648 W PackageManager: Unknown permission com.toycloud.permission.SEND_CONTACTS_TO_SECRETORY in package com.toycloud.watch.sport
07-25 14:30:50.579   648   648 W PackageManager: Unknown permission com.android.email.permission.READ_ATTACHMENT in package com.android.contacts
07-25 14:30:50.579   648   648 W PackageManager: Unknown permission com.android.email.permission.ACCESS_PROVIDER in package com.android.contacts
07-25 14:30:50.579   648   648 W PackageManager: Unknown permission android.permission.DISABLE_STATUS_BAR in package com.android.phone
07-25 14:30:50.589   648   648 W PackageManager: Unknown permission android.permission.ACCESS_COARSE_UPDATES in package com.toycloud.watch.settings
07-25 14:30:50.589   648   648 W PackageManager: Unknown permission android.permission.ACCESS_NOTIFICATION_POLICY in package com.toycloud.watch.settings
07-25 14:30:50.589   648   648 W PackageManager: Unknown permission com.toycloud.permission.SEND_CONTACTS_TO_SECRETORY in package com.toycloud.watch.settings
07-25 14:30:50.589   648   648 W PackageManager: Unknown permission android.permission.RECEIVE_SMSCB in package com.sprd.firewall
07-25 14:30:50.619   648   648 W PackageManager: Unknown permission com.google.android.gallery3d.permission.GALLERY_PROVIDER in package com.android.bluetooth
07-25 14:30:50.619   648   648 W PackageManager: Unknown permission android.permission.MMS_SEND_OUTBOX_MSG in package com.android.bluetooth
07-25 14:30:50.619   648   648 W PackageManager: Unknown permission com.android.email.permission.READ_ATTACHMENT in package com.android.bluetooth
07-25 14:30:50.629   648   648 W PackageManager: Unknown permission android.permission.ACCESS_SUPERUSER in package com.toycloud.app.synchronousclassroom
07-25 14:30:50.629   648   648 W PackageManager: Unknown permission android.permission.ACCESS_COARSE_UPDATES in package com.toycloud.watch.launcher
07-25 14:30:50.629   648   648 W PackageManager: Unknown permission com.toycloud.permission.SEND_CONTACTS_TO_SECRETORY in package com.toycloud.watch.launcher
07-25 14:30:50.629   648   648 W PackageManager: Unknown permission android.hardware.sensor.accelerometer in package com.toycloud.ewatch.friend
07-25 14:30:50.629   648   648 W PackageManager: Unknown permission android.permission.ACCESS_COARSE_UPDATES in package com.toycloud.ewatch.friend
07-25 14:30:50.629   648   648 W PackageManager: Unknown permission com.toycloud.permission.SEND_CONTACTS_TO_SECRETORY in package com.toycloud.ewatch.friend
07-25 14:30:50.629   648   648 W PackageManager: Not granting permission android.permission.BIND_WALLPAPER to package com.android.camera2 (protectionLevel=18 flags=0x58bc44)
07-25 14:30:50.639   648   648 W PackageManager: Unknown permission android.permission.RECOVERY in package com.toycloud.updateservice
07-25 14:30:50.639   648   648 W PackageManager: Unknown permission android.permission.ACCESS_COARSE_UPDATES in package com.toycloud.platformservice
07-25 14:30:50.639   648   648 W PackageManager: Unknown permission com.google.android.googleapps.permission.GOOGLE_AUTH in package com.android.settings
07-25 14:30:50.639   648   648 W PackageManager: Unknown permission com.android.launcher.permission.READ_SETTINGS in package com.android.settings
07-25 14:30:50.639   648   648 W PackageManager: Unknown permission com.android.launcher.permission.WRITE_SETTINGS in package com.android.settings
07-25 14:30:50.649   648   648 W PackageManager: Not granting permission android.permission.WRITE_MEDIA_STORAGE to package com.android.gallery3d (protectionLevel=18 flags=0x58bc45)
07-25 14:30:50.649   648   648 W PackageManager: Not granting permission android.permission.MANAGE_DOCUMENTS to package com.android.gallery3d (protectionLevel=2 flags=0x58bc45)
07-25 14:30:50.649   648   648 W PackageManager: Unknown permission com.android.email.permission.ACCESS_PROVIDER in package com.android.gallery3d
07-25 14:30:50.649   648   648 W PackageManager: Unknown permission android.permission.SYSTEM_OVERLAY_WINDOW in package com.android.gallery3d
07-25 14:30:50.669   648   648 W PackageManager: Unknown permission android.permission.ACCESS_COARSE_UPDATES in package com.toycloud.ewatch.chat
07-25 14:30:50.669   648   648 W PackageManager: Unknown permission com.toycloud.permission.SEND_CONTACTS_TO_SECRETORY in package com.toycloud.ewatch.chat
07-25 14:30:50.669   648   648 W PackageManager: Unknown permission android.permission.RECEIVE_SMSCB in package com.android.keyguard
07-25 14:30:50.689   648   648 W PackageManager: Unknown permission android.permission.WRITE_OWNER_DATA in package com.sprd.validationtools
07-25 14:30:50.689   648   648 W PackageManager: Unknown permission android.permission.LOCATION in package com.sprd.validationtools
07-25 14:30:50.689   648   648 W PackageManager: Unknown permission android.permission.SYSTEM_OVERLAY_WINDOW in package com.sprd.validationtools
07-25 14:30:50.769   648   699 D PackageManager: preInstallDir start
07-25 14:30:50.769   648   699 D PackageManager: preInstallDir done
07-25 14:30:50.769   648   699 D PackageManager: DrmAppPrivateInstallDir done
07-25 14:30:50.769   648   699 W PackageManager: Package com.android.gallery3d desires unavailable shared library com.google.android.media.effects; ignoring!
07-25 14:30:50.769   648   699 W PackageManager: Package com.android.gallery3d desires unavailable shared library org.apache.http.legacy; ignoring!
07-25 14:30:50.779   648   699 W PackageManager: Unknown permission android.permission.ACCESS_COARSE_UPDATES in package com.toycloud.watch.sport
07-25 14:30:50.779   648   699 W PackageManager: Unknown permission com.toycloud.permission.SEND_CONTACTS_TO_SECRETORY in package com.toycloud.watch.sport
07-25 14:30:50.799   648   699 W PackageManager: Unknown permission com.android.email.permission.READ_ATTACHMENT in package com.android.contacts
07-25 14:30:50.799   648   699 W PackageManager: Unknown permission com.android.email.permission.ACCESS_PROVIDER in package com.android.contacts
07-25 14:30:50.809   648   699 W PackageManager: Unknown permission android.permission.DISABLE_STATUS_BAR in package com.android.phone
07-25 14:30:50.819   648   699 W PackageManager: Unknown permission android.permission.ACCESS_COARSE_UPDATES in package com.toycloud.watch.settings
07-25 14:30:50.829   648   699 W PackageManager: Unknown permission android.permission.ACCESS_NOTIFICATION_POLICY in package com.toycloud.watch.settings
07-25 14:30:50.829   648   699 W PackageManager: Unknown permission com.toycloud.permission.SEND_CONTACTS_TO_SECRETORY in package com.toycloud.watch.settings
07-25 14:30:50.829   648   699 W PackageManager: Unknown permission android.permission.RECEIVE_SMSCB in package com.sprd.firewall
07-25 14:30:50.839   648   699 W PackageManager: Unknown permission com.google.android.gallery3d.permission.GALLERY_PROVIDER in package com.android.bluetooth
07-25 14:30:50.839   648   699 W PackageManager: Unknown permission android.permission.MMS_SEND_OUTBOX_MSG in package com.android.bluetooth
07-25 14:30:50.839   648   699 W PackageManager: Unknown permission com.android.email.permission.READ_ATTACHMENT in package com.android.bluetooth
07-25 14:30:50.839   648   699 W PackageManager: Unknown permission android.permission.ACCESS_SUPERUSER in package com.toycloud.app.synchronousclassroom
07-25 14:30:50.839   648   699 W PackageManager: Unknown permission android.permission.ACCESS_COARSE_UPDATES in package com.toycloud.watch.launcher
07-25 14:30:50.849   648   699 W PackageManager: Unknown permission com.toycloud.permission.SEND_CONTACTS_TO_SECRETORY in package com.toycloud.watch.launcher
07-25 14:30:50.849   648   699 W PackageManager: Unknown permission android.hardware.sensor.accelerometer in package com.toycloud.ewatch.friend
07-25 14:30:50.849   648   699 W PackageManager: Unknown permission android.permission.ACCESS_COARSE_UPDATES in package com.toycloud.ewatch.friend
07-25 14:30:50.849   648   699 W PackageManager: Unknown permission com.toycloud.permission.SEND_CONTACTS_TO_SECRETORY in package com.toycloud.ewatch.friend
07-25 14:30:50.849   648   699 W PackageManager: Not granting permission android.permission.BIND_WALLPAPER to package com.android.camera2 (protectionLevel=18 flags=0x58bc44)
07-25 14:30:50.849   648   699 W PackageManager: Unknown permission android.permission.RECOVERY in package com.toycloud.updateservice
07-25 14:30:50.849   648   699 W PackageManager: Unknown permission android.permission.ACCESS_COARSE_UPDATES in package com.toycloud.platformservice
07-25 14:30:50.859   648   699 W PackageManager: Unknown permission com.google.android.googleapps.permission.GOOGLE_AUTH in package com.android.settings
07-25 14:30:50.859   648   699 W PackageManager: Unknown permission com.android.launcher.permission.READ_SETTINGS in package com.android.settings
07-25 14:30:50.859   648   699 W PackageManager: Unknown permission com.android.launcher.permission.WRITE_SETTINGS in package com.android.settings
07-25 14:30:50.869   648   699 W PackageManager: Not granting permission android.permission.WRITE_MEDIA_STORAGE to package com.android.gallery3d (protectionLevel=18 flags=0x58bc45)
07-25 14:30:50.869   648   699 W PackageManager: Not granting permission android.permission.MANAGE_DOCUMENTS to package com.android.gallery3d (protectionLevel=2 flags=0x58bc45)
07-25 14:30:50.869   648   699 W PackageManager: Unknown permission com.android.email.permission.ACCESS_PROVIDER in package com.android.gallery3d
07-25 14:30:50.869   648   699 W PackageManager: Unknown permission android.permission.SYSTEM_OVERLAY_WINDOW in package com.android.gallery3d
07-25 14:30:50.879   648   699 W PackageManager: Unknown permission android.permission.ACCESS_COARSE_UPDATES in package com.toycloud.ewatch.chat
07-25 14:30:50.879   648   699 W PackageManager: Unknown permission com.toycloud.permission.SEND_CONTACTS_TO_SECRETORY in package com.toycloud.ewatch.chat
07-25 14:30:50.889   648   699 W PackageManager: Unknown permission android.permission.RECEIVE_SMSCB in package com.android.keyguard
07-25 14:30:50.899   648   699 W PackageManager: Unknown permission android.permission.WRITE_OWNER_DATA in package com.sprd.validationtools
07-25 14:30:50.899   648   699 W PackageManager: Unknown permission android.permission.LOCATION in package com.sprd.validationtools
07-25 14:30:50.899   648   699 W PackageManager: Unknown permission android.permission.SYSTEM_OVERLAY_WINDOW in package com.sprd.validationtools
07-25 14:30:50.979   648   648 I SystemServer: Entropy Mixer
07-25 14:30:50.979   648   648 W EntropyMixer: No existing entropy file -- first boot?
07-25 14:30:50.979   648   648 I EntropyMixer: Writing entropy...
07-25 14:30:50.999   648   648 I SystemServer: User Service
07-25 14:30:50.999   648   648 I SystemServer: Account Manager
07-25 14:30:51.009   648   648 I SystemServer: Sim Manager
07-25 14:30:51.009   648   648 I SystemServer: Theme Manager
07-25 14:30:51.009   648   648 I SystemServer: Content Manager
07-25 14:30:51.009   648   648 I SystemServer: System Content Providers
07-25 14:30:51.309   648   648 D SettingsProvider: Generated and saved new ANDROID_ID [c2eec8fa5261f3e5] for user 0
07-25 14:30:51.309   648   648 I SystemServer: Lights Service
07-25 14:30:51.309   648   648 I SystemServer: Battery Service
07-25 14:30:51.319   648   702 D BatteryService: Processing new values: chargerAcOnline=false, chargerUsbOnline=true, chargerWirelessOnline=false, batteryStatus=2, batteryHealth=2, batteryPresent=true, batteryLevel=92, batteryTechnology=Li-ion, batteryVoltage=4123, batteryCurrentNow=155000, batteryChargeCounter=516120, batteryTemperature=329, mBatteryLevelCritical=false, mPlugType=2
07-25 14:30:51.319   648   648 I SystemServer: Vibrator Service
07-25 14:30:51.319   648   648 I SystemServer: Consumer IR Service
07-25 14:30:51.319   648   648 I SystemServer: PowerGuru Manager
07-25 14:30:51.319   648   648 D PowerGuruService: Level1  alarm repeat interval: 900000, Level2 alarm repeat interval: 600000
07-25 14:30:51.319   648   704 D PowerGuruService: LOAD_DATA
07-25 14:30:51.319   648   704 E PowerGuruService: >>>file not found,java.io.FileNotFoundException: /data/system/pwrGuruPreset.xml: open failed: ENOENT (No such file or directory)
07-25 14:30:51.329   648   704 E PowerGuruService: >>>file not found,java.io.FileNotFoundException: /data/system/pwrGuruStudied.xml: open failed: ENOENT (No such file or directory)
07-25 14:30:51.329   648   704 E PowerGuruService: >>>file not found,java.io.FileNotFoundException: /data/system/whiteAppList.xml: open failed: ENOENT (No such file or directory)
07-25 14:30:51.329   648   704 D PowerGuruService: White APP LIST:
07-25 14:30:51.329   648   704 D PowerGuruService: Candicate White APP LIST:
07-25 14:30:51.329   648   704 E PowerGuruService: >>>file not found,java.io.FileNotFoundException: /system/etc/blackAppList.xml: open failed: ENOENT (No such file or directory)
07-25 14:30:51.329   648   704 D PowerGuruService: Black APP LIST:
07-25 14:30:51.329   648   648 I SystemServer: Alarm Manager
07-25 14:30:51.329   648   648 D AlarmManager: set(PendingIntent{41c3d408: PendingIntentRecord{41b09458 android broadcastIntent}}) : type=3 triggerAtTime=35815 win=0 tElapsed=35815 maxElapsed=35815 interval=0 standalone=true
07-25 14:30:51.329   648   648 D AlarmManager: setImplLocked() Action = android.intent.action.TIME_TICK, Component = null, type = 3, when = 1564036260000, absolute triggerTime = 2019-07-25 14:31:00
07-25 14:30:51.329   648   704 D PowerGuruService: NEW_ALARM
07-25 14:30:51.329   648   704 D PowerGuruService: not a WAKEUP alarm, return!
07-25 14:30:51.329   648   648 D AlarmManager: set(PendingIntent{41c3e948: PendingIntentRecord{41afac00 android broadcastIntent}}) : type=1 triggerAtTime=1564113600000 win=0 tElapsed=77375815 maxElapsed=77375815 interval=0 standalone=true
07-25 14:30:51.329   648   648 D AlarmManager: setImplLocked() Action = android.intent.action.DATE_CHANGED, Component = null, type = 1, when = 1564113600000, absolute triggerTime = 2019-07-26 12:00:00
07-25 14:30:51.329   648   704 D PowerGuruService: NEW_ALARM
07-25 14:30:51.329   648   704 D PowerGuruService: not a WAKEUP alarm, return!
07-25 14:30:51.329   648   648 I SystemServer: Init Watchdog
07-25 14:30:51.329   648   648 I SystemServer: Input Manager
07-25 14:30:51.329   648   648 I InputManager: Initializing input manager, mUseDevInputEventForAudioJack=true
07-25 14:30:51.339   648   648 I SystemServer: Window Manager
07-25 14:30:51.339   648   663 I WindowManager: No existing display settings /data/system/display_settings.xml; starting empty
07-25 14:30:51.349   648   669 V WindowManager: Screen status=false, current orientation=-1, SensorEnabled=false
07-25 14:30:51.359   648   669 V WindowManager: Screen status=true, current orientation=-1, SensorEnabled=false
07-25 14:30:51.359   648   669 D WindowManager: Screen turning on...
07-25 14:30:51.359   648   669 I WindowManager: No keyguard interface!
07-25 14:30:51.359   648   669 D WindowManager: finishScreenTurningOn maybe set event dispatch to true
07-25 14:30:51.359   648   648 I InputManager: Starting input manager
07-25 14:30:51.359   648   648 I SystemServer: Bluetooth Manager Service
07-25 14:30:51.369   648   648 I SystemServer: Input Method Service
07-25 14:30:51.389   648   648 W InputMethodManagerService: Default IME is uninstalled. Choose new default IME.
07-25 14:30:51.389   648   648 W InputMethodManagerService: Unknown input method from prefs: com.coooie.ime.t9ime/.T9IME
07-25 14:30:51.389   648   648 W InputMethodManagerService: java.lang.IllegalArgumentException: Unknown id: com.coooie.ime.t9ime/.T9IME
07-25 14:30:51.389   648   648 W InputMethodManagerService: 	at com.android.server.InputMethodManagerService.setInputMethodLocked(InputMethodManagerService.java:1695)
07-25 14:30:51.389   648   648 W InputMethodManagerService: 	at com.android.server.InputMethodManagerService.updateFromSettingsLocked(InputMethodManagerService.java:1672)
07-25 14:30:51.389   648   648 W InputMethodManagerService: 	at com.android.server.InputMethodManagerService.<init>(InputMethodManagerService.java:723)
07-25 14:30:51.389   648   648 W InputMethodManagerService: 	at com.android.server.ServerThread.initAndLoop(SystemServer.java:538)
07-25 14:30:51.389   648   648 W InputMethodManagerService: 	at com.android.server.SystemServer.main(SystemServer.java:1514)
07-25 14:30:51.389   648   648 W InputMethodManagerService: 	at java.lang.reflect.Method.invokeNative(Native Method)
07-25 14:30:51.389   648   648 W InputMethodManagerService: 	at java.lang.reflect.Method.invoke(Method.java:515)
07-25 14:30:51.389   648   648 W InputMethodManagerService: 	at com.android.internal.os.ZygoteInit$MethodAndArgsCaller.run(ZygoteInit.java:989)
07-25 14:30:51.389   648   648 W InputMethodManagerService: 	at com.android.internal.os.ZygoteInit.main(ZygoteInit.java:805)
07-25 14:30:51.389   648   648 W InputMethodManagerService: 	at dalvik.system.NativeStart.main(Native Method)
07-25 14:30:51.399   648   648 I SystemServer: Accessibility Manager
07-25 14:30:51.399   648   648 I ActivityManager: Config changes=1df8 {1.0 ?mcc?mnc zh_CN ldltr sw160dp w160dp h180dp 320dpi smll port ?uimode ?night -touch -keyb/v/h -nav/h s.2}
07-25 14:30:51.399   648   648 I WindowManager: mDock rect: (0,0 - 320,360)
07-25 14:30:51.419   648   648 I ActivityManager: Config changes=408 {1.0 ?mcc?mnc zh_CN ldltr sw160dp w160dp h172dp 320dpi smll port ?uimode ?night finger -keyb/v/h -nav/h s.3}
07-25 14:30:55.579   648   702 D BatteryService: Processing new values: chargerAcOnline=false, chargerUsbOnline=true, chargerWirelessOnline=false, batteryStatus=2, batteryHealth=2, batteryPresent=true, batteryLevel=93, batteryTechnology=Li-ion, batteryVoltage=4123, batteryCurrentNow=146000, batteryChargeCounter=521730, batteryTemperature=329, mBatteryLevelCritical=false, mPlugType=2
07-25 14:30:59.989   648   706 D AlarmManager: waitForAlarm result:8
07-25 14:30:59.989   648   706 D AlarmManager: triggerList.add i = 0
07-25 14:30:59.989   648   706 D AlarmManager: break
07-25 14:30:59.989   648   706 D AlarmManager: sending alarm type:3 operation:PendingIntent{41c3d408: PendingIntentRecord{41b09458 android broadcastIntent}}
07-25 14:30:59.989   648   706 D BroadcastQueue: enqueueOrderedBroadcastLocked after add: BroadcastRecord{41aa4868 u-1 android.intent.action.TIME_TICK} , the first order broadcast is:BroadcastRecord{41aa4868 u-1 android.intent.action.TIME_TICK} size:1 is: foreground
07-25 14:30:59.989   648   706 D BroadcastQueue: Schedule broadcasts [foreground]: current=false
07-25 14:30:59.989   648   664 D BroadcastQueue: Received BROADCAST_INTENT_MSG
07-25 14:30:59.989   648   664 D BroadcastQueue: Processing ordered broadcast [foreground] BroadcastRecord{41aa4868 u-1 android.intent.action.TIME_TICK}
07-25 14:30:59.989   648   664 D BroadcastQueue: Submitting BROADCAST_TIMEOUT_MSG [foreground] for BroadcastRecord{41aa4868 u-1 android.intent.action.TIME_TICK} at 55816
07-25 14:30:59.989   648   664 D BroadcastQueue: Delivering ordered [foreground] to the last registered filter BroadcastFilter{41ae8c40 u0 ReceiverList{41aefe58 648 system/1000/u0 local:41af3d68}}: BroadcastRecord{41aa4868 u-1 android.intent.action.TIME_TICK}
07-25 14:30:59.999   648   706 D PowerManagerService: acquireWakeLockInternal: lock=1102459624, flags=0x1, tag="AlarmManager", ws=WorkSource{1000}, uid=1000, pid=648 pkg name:android
07-25 14:30:59.999   648   706 D PowerManagerService: updatePowerStateLocked do nothing, dirty state:1
07-25 14:31:10.619   648   702 D BatteryService: Processing new values: chargerAcOnline=false, chargerUsbOnline=true, chargerWirelessOnline=false, batteryStatus=2, batteryHealth=2, batteryPresent=true, batteryLevel=93, batteryTechnology=Li-ion, batteryVoltage=4130, batteryCurrentNow=161000, batteryChargeCounter=521730, batteryTemperature=338, mBatteryLevelCritical=false, mPlugType=2
07-25 14:31:20.079   648   702 D BatteryService: Processing new values: chargerAcOnline=false, chargerUsbOnline=false, chargerWirelessOnline=false, batteryStatus=3, batteryHealth=2, batteryPresent=true, batteryLevel=93, batteryTechnology=Li-ion, batteryVoltage=4126, batteryCurrentNow=149000, batteryChargeCounter=521730, batteryTemperature=338, mBatteryLevelCritical=false, mPlugType=0
07-25 14:31:20.169   648   702 D BatteryService: Processing new values: chargerAcOnline=false, chargerUsbOnline=false, chargerWirelessOnline=false, batteryStatus=3, batteryHealth=2, batteryPresent=true, batteryLevel=93, batteryTechnology=Li-ion, batteryVoltage=4126, batteryCurrentNow=149000, batteryChargeCounter=521730, batteryTemperature=338, mBatteryLevelCritical=false, mPlugType=0
07-25 14:31:20.679   648   702 D BatteryService: Processing new values: chargerAcOnline=false, chargerUsbOnline=true, chargerWirelessOnline=false, batteryStatus=2, batteryHealth=2, batteryPresent=true, batteryLevel=93, batteryTechnology=Li-ion, batteryVoltage=4126, batteryCurrentNow=149000, batteryChargeCounter=521730, batteryTemperature=338, mBatteryLevelCritical=false, mPlugType=2
07-25 14:31:20.689   648   702 D BatteryService: Processing new values: chargerAcOnline=false, chargerUsbOnline=true, chargerWirelessOnline=false, batteryStatus=2, batteryHealth=2, batteryPresent=true, batteryLevel=93, batteryTechnology=Li-ion, batteryVoltage=4126, batteryCurrentNow=149000, batteryChargeCounter=521730, batteryTemperature=338, mBatteryLevelCritical=false, mPlugType=2
