07-25 14:31:32.949   648  1001 I TelephonyRegistry: notifyDataConnection: state=0 isDataConnectivityPossible=false reason='radioTurnedOff' apn='null' apnType=wap networkType=0 mRecords.size()=7 mRecords=[{pkgForDebug=android callerUid=0 events=1c1}, {pkgForDebug=android callerUid=0 events=20}, {pkgForDebug=android callerUid=0 events=1}, {pkgForDebug=com.android.systemui callerUid=0 events=41e1}, {pkgForDebug=com.android.phone callerUid=0 events=c}, {pkgForDebug=com.android.phone callerUid=0 events=1}, {pkgForDebug=com.android.phone callerUid=0 events=9}] linkProperties: null
07-25 14:31:32.959   648   663 I WindowManager: Win Window{41aaea30 u0 StatusBar}: isVisibleOrBehindKeyguardLw=true
07-25 14:31:32.959   648   663 I WindowManager: Win Window{419770e0 u0 com.android.systemui.ImageWallpaper}: isVisibleOrBehindKeyguardLw=false
07-25 14:31:32.959   648   663 I WindowManager: force=false forcefkg=false top=null
07-25 14:31:32.959   648  1001 D BroadcastQueue: Schedule broadcasts [background]: current=false
07-25 14:31:32.959   648   664 D BroadcastQueue: Received BROADCAST_INTENT_MSG
07-25 14:31:32.959   648   664 D BroadcastQueue: processNextBroadcast(background) called when not idle (state=1)
07-25 14:31:32.959   648   648 D MobileDataStateTracker: wap0: receive android.intent.action.ANY_DATA_STATE
07-25 14:31:32.959   648   648 D MobileDataStateTracker: wap0: Broadcast received: ACTION_ANY_DATA_CONNECTION_STATE_CHANGEDmApnType=wap == received apnType=wap
07-25 14:31:32.959   648   648 D MobileDataStateTracker: wap0: Broadcast received: android.intent.action.ANY_DATA_STATE apnType=wap
07-25 14:31:32.959   648  1001 I TelephonyRegistry: notifyDataConnection: state=0 isDataConnectivityPossible=false reason='radioTurnedOff' apn='null' apnType=fota networkType=0 mRecords.size()=7 mRecords=[{pkgForDebug=android callerUid=0 events=1c1}, {pkgForDebug=android callerUid=0 events=20}, {pkgForDebug=android callerUid=0 events=1}, {pkgForDebug=com.android.systemui callerUid=0 events=41e1}, {pkgForDebug=com.android.phone callerUid=0 events=c}, {pkgForDebug=com.android.phone callerUid=0 events=1}, {pkgForDebug=com.android.phone callerUid=0 events=9}] linkProperties: null
07-25 14:31:32.969   648  1001 D BroadcastQueue: Schedule broadcasts [background]: current=false
07-25 14:31:32.969   648   664 D BroadcastQueue: Received BROADCAST_INTENT_MSG
07-25 14:31:32.969   648   664 D BroadcastQueue: processNextBroadcast(background) called when not idle (state=1)
07-25 14:31:32.969   648   648 D MobileDataStateTracker: wap0: wap setting isAvailable to true
07-25 14:31:32.969   648   648 D MobileDataStateTracker: wap0: Received state=DISCONNECTED, old=DISCONNECTED, reason=radioTurnedOff
07-25 14:31:32.969   648   648 D MobileDataStateTracker: null0: receive android.intent.action.ANY_DATA_STATE
07-25 14:31:32.969   648   648 D MobileDataStateTracker: null0: Broadcast received: ACTION_ANY_DATA_CONNECTION_STATE_CHANGEDmApnType=null != received apnType=wap
07-25 14:31:32.969   648   648 D MobileDataStateTracker: xcap0: receive android.intent.action.ANY_DATA_STATE
07-25 14:31:32.969   648   648 D MobileDataStateTracker: xcap0: Broadcast received: ACTION_ANY_DATA_CONNECTION_STATE_CHANGEDmApnType=xcap != received apnType=wap
07-25 14:31:32.969   648   648 D MobileDataStateTracker: dm0: receive android.intent.action.ANY_DATA_STATE
07-25 14:31:32.969   648   648 D MobileDataStateTracker: dm0: Broadcast received: ACTION_ANY_DATA_CONNECTION_STATE_CHANGEDmApnType=dm != received apnType=wap
07-25 14:31:32.969   648   648 D MobileDataStateTracker: hipri0: receive android.intent.action.ANY_DATA_STATE
07-25 14:31:32.969   648   648 D MobileDataStateTracker: hipri0: Broadcast received: ACTION_ANY_DATA_CONNECTION_STATE_CHANGEDmApnType=hipri != received apnType=wap
07-25 14:31:32.969   648   648 D MobileDataStateTracker: cbs0: receive android.intent.action.ANY_DATA_STATE
07-25 14:31:32.969   648   648 D MobileDataStateTracker: cbs0: Broadcast received: ACTION_ANY_DATA_CONNECTION_STATE_CHANGEDmApnType=cbs != received apnType=wap
07-25 14:31:32.969   648   648 D MobileDataStateTracker: ims0: receive android.intent.action.ANY_DATA_STATE
07-25 14:31:32.969   648   648 D MobileDataStateTracker: ims0: Broadcast received: ACTION_ANY_DATA_CONNECTION_STATE_CHANGEDmApnType=ims != received apnType=wap
07-25 14:31:32.969   648   648 D MobileDataStateTracker: fota0: receive android.intent.action.ANY_DATA_STATE
07-25 14:31:32.969   648   648 D MobileDataStateTracker: fota0: Broadcast received: ACTION_ANY_DATA_CONNECTION_STATE_CHANGEDmApnType=fota != received apnType=wap
07-25 14:31:32.969   648   648 D MobileDataStateTracker: supl0: receive android.intent.action.ANY_DATA_STATE
07-25 14:31:32.969   648   648 D MobileDataStateTracker: supl0: Broadcast received: ACTION_ANY_DATA_CONNECTION_STATE_CHANGEDmApnType=supl != received apnType=wap
07-25 14:31:32.969   648   648 D MobileDataStateTracker: mms0: receive android.intent.action.ANY_DATA_STATE
07-25 14:31:32.969   648   648 D MobileDataStateTracker: mms0: Broadcast received: ACTION_ANY_DATA_CONNECTION_STATE_CHANGEDmApnType=mms != received apnType=wap
07-25 14:31:32.969   648   648 D MobileDataStateTracker: default0: receive android.intent.action.ANY_DATA_STATE
07-25 14:31:32.969   648   648 D MobileDataStateTracker: default0: Broadcast received: ACTION_ANY_DATA_CONNECTION_STATE_CHANGEDmApnType=default != received apnType=wap
07-25 14:31:32.969   648   648 D MobileDataStateTracker: wap0: receive android.intent.action.ANY_DATA_STATE
07-25 14:31:32.969   648   648 D MobileDataStateTracker: wap0: Broadcast received: ACTION_ANY_DATA_CONNECTION_STATE_CHANGEDmApnType=wap != received apnType=fota
07-25 14:31:32.969   648   648 D MobileDataStateTracker: null0: receive android.intent.action.ANY_DATA_STATE
07-25 14:31:32.969   648   648 D MobileDataStateTracker: null0: Broadcast received: ACTION_ANY_DATA_CONNECTION_STATE_CHANGEDmApnType=null != received apnType=fota
07-25 14:31:32.969   648   648 D MobileDataStateTracker: xcap0: receive android.intent.action.ANY_DATA_STATE
07-25 14:31:32.969   648   648 D MobileDataStateTracker: xcap0: Broadcast received: ACTION_ANY_DATA_CONNECTION_STATE_CHANGEDmApnType=xcap != received apnType=fota
07-25 14:31:32.969   648   648 D MobileDataStateTracker: dm0: receive android.intent.action.ANY_DATA_STATE
07-25 14:31:32.969   648   648 D MobileDataStateTracker: dm0: Broadcast received: ACTION_ANY_DATA_CONNECTION_STATE_CHANGEDmApnType=dm != received apnType=fota
07-25 14:31:32.969   648   648 D MobileDataStateTracker: hipri0: receive android.intent.action.ANY_DATA_STATE
07-25 14:31:32.969   648   648 D MobileDataStateTracker: hipri0: Broadcast received: ACTION_ANY_DATA_CONNECTION_STATE_CHANGEDmApnType=hipri != received apnType=fota
07-25 14:31:32.969   648   648 D MobileDataStateTracker: cbs0: receive android.intent.action.ANY_DATA_STATE
07-25 14:31:32.969   648   648 D MobileDataStateTracker: cbs0: Broadcast received: ACTION_ANY_DATA_CONNECTION_STATE_CHANGEDmApnType=cbs != received apnType=fota
07-25 14:31:32.969   648   648 D MobileDataStateTracker: ims0: receive android.intent.action.ANY_DATA_STATE
07-25 14:31:32.969   648   648 D MobileDataStateTracker: ims0: Broadcast received: ACTION_ANY_DATA_CONNECTION_STATE_CHANGEDmApnType=ims != received apnType=fota
07-25 14:31:32.969   648   648 D MobileDataStateTracker: fota0: receive android.intent.action.ANY_DATA_STATE
07-25 14:31:32.969   648   648 D MobileDataStateTracker: fota0: Broadcast received: ACTION_ANY_DATA_CONNECTION_STATE_CHANGEDmApnType=fota == received apnType=fota
07-25 14:31:32.969   648   648 D MobileDataStateTracker: fota0: Broadcast received: android.intent.action.ANY_DATA_STATE apnType=fota
07-25 14:31:32.979   648   648 D MobileDataStateTracker: fota0: fota setting isAvailable to true
07-25 14:31:32.979   648   648 D MobileDataStateTracker: fota0: Received state=DISCONNECTED, old=DISCONNECTED, reason=radioTurnedOff
07-25 14:31:32.979   648   648 D MobileDataStateTracker: supl0: receive android.intent.action.ANY_DATA_STATE
07-25 14:31:32.979   648   648 D MobileDataStateTracker: supl0: Broadcast received: ACTION_ANY_DATA_CONNECTION_STATE_CHANGEDmApnType=supl != received apnType=fota
07-25 14:31:32.979   648   648 D MobileDataStateTracker: mms0: receive android.intent.action.ANY_DATA_STATE
07-25 14:31:32.979   648   648 D MobileDataStateTracker: mms0: Broadcast received: ACTION_ANY_DATA_CONNECTION_STATE_CHANGEDmApnType=mms != received apnType=fota
07-25 14:31:32.979   648  1001 I TelephonyRegistry: notifyDataConnection: state=0 isDataConnectivityPossible=false reason='radioTurnedOff' apn='null' apnType=supl networkType=0 mRecords.size()=7 mRecords=[{pkgForDebug=android callerUid=0 events=1c1}, {pkgForDebug=android callerUid=0 events=20}, {pkgForDebug=android callerUid=0 events=1}, {pkgForDebug=com.android.systemui callerUid=0 events=41e1}, {pkgForDebug=com.android.phone callerUid=0 events=c}, {pkgForDebug=com.android.phone callerUid=0 events=1}, {pkgForDebug=com.android.phone callerUid=0 events=9}] linkProperties: null
07-25 14:31:32.979   648  1001 D BroadcastQueue: Schedule broadcasts [background]: current=false
07-25 14:31:32.979   648   664 D BroadcastQueue: Received BROADCAST_INTENT_MSG
07-25 14:31:32.979   648   664 D BroadcastQueue: processNextBroadcast(background) called when not idle (state=1)
07-25 14:31:32.979   648   648 D MobileDataStateTracker: default0: receive android.intent.action.ANY_DATA_STATE
07-25 14:31:32.979   648   648 D MobileDataStateTracker: default0: Broadcast received: ACTION_ANY_DATA_CONNECTION_STATE_CHANGEDmApnType=default != received apnType=fota
07-25 14:31:32.979   648   648 D MobileDataStateTracker: wap0: receive android.intent.action.ANY_DATA_STATE
07-25 14:31:32.979   648   648 D MobileDataStateTracker: wap0: Broadcast received: ACTION_ANY_DATA_CONNECTION_STATE_CHANGEDmApnType=wap != received apnType=supl
07-25 14:31:32.979   648   648 D MobileDataStateTracker: null0: receive android.intent.action.ANY_DATA_STATE
07-25 14:31:32.979   648   648 D MobileDataStateTracker: null0: Broadcast received: ACTION_ANY_DATA_CONNECTION_STATE_CHANGEDmApnType=null != received apnType=supl
07-25 14:31:32.979   648   648 D MobileDataStateTracker: xcap0: receive android.intent.action.ANY_DATA_STATE
07-25 14:31:32.979   648  1001 I TelephonyRegistry: notifyDataConnection: state=0 isDataConnectivityPossible=false reason='radioTurnedOff' apn='null' apnType=hipri networkType=0 mRecords.size()=7 mRecords=[{pkgForDebug=android callerUid=0 events=1c1}, {pkgForDebug=android callerUid=0 events=20}, {pkgForDebug=android callerUid=0 events=1}, {pkgForDebug=com.android.systemui callerUid=0 events=41e1}, {pkgForDebug=com.android.phone callerUid=0 events=c}, {pkgForDebug=com.android.phone callerUid=0 events=1}, {pkgForDebug=com.android.phone callerUid=0 events=9}] linkProperties: null
07-25 14:31:32.979   648  1001 D BroadcastQueue: Schedule broadcasts [background]: current=false
07-25 14:31:32.979   648   664 D BroadcastQueue: Received BROADCAST_INTENT_MSG
07-25 14:31:32.979   648   664 D BroadcastQueue: processNextBroadcast(background) called when not idle (state=1)
07-25 14:31:32.979   648   648 D MobileDataStateTracker: xcap0: Broadcast received: ACTION_ANY_DATA_CONNECTION_STATE_CHANGEDmApnType=xcap != received apnType=supl
07-25 14:31:32.979   648   648 D MobileDataStateTracker: dm0: receive android.intent.action.ANY_DATA_STATE
07-25 14:31:32.989   648   648 D MobileDataStateTracker: dm0: Broadcast received: ACTION_ANY_DATA_CONNECTION_STATE_CHANGEDmApnType=dm != received apnType=supl
07-25 14:31:32.989   648   648 D MobileDataStateTracker: hipri0: receive android.intent.action.ANY_DATA_STATE
07-25 14:31:32.989   648   648 D MobileDataStateTracker: hipri0: Broadcast received: ACTION_ANY_DATA_CONNECTION_STATE_CHANGEDmApnType=hipri != received apnType=supl
07-25 14:31:32.989   648   648 D MobileDataStateTracker: cbs0: receive android.intent.action.ANY_DATA_STATE
07-25 14:31:32.989   648   648 D MobileDataStateTracker: cbs0: Broadcast received: ACTION_ANY_DATA_CONNECTION_STATE_CHANGEDmApnType=cbs != received apnType=supl
07-25 14:31:32.989   648   648 D MobileDataStateTracker: ims0: receive android.intent.action.ANY_DATA_STATE
07-25 14:31:32.989   648   648 D MobileDataStateTracker: ims0: Broadcast received: ACTION_ANY_DATA_CONNECTION_STATE_CHANGEDmApnType=ims != received apnType=supl
07-25 14:31:32.989   648   648 D MobileDataStateTracker: fota0: receive android.intent.action.ANY_DATA_STATE
07-25 14:31:32.989   648   648 D MobileDataStateTracker: fota0: Broadcast received: ACTION_ANY_DATA_CONNECTION_STATE_CHANGEDmApnType=fota != received apnType=supl
07-25 14:31:32.989   648   648 D MobileDataStateTracker: supl0: receive android.intent.action.ANY_DATA_STATE
07-25 14:31:32.989   648   648 D MobileDataStateTracker: supl0: Broadcast received: ACTION_ANY_DATA_CONNECTION_STATE_CHANGEDmApnType=supl == received apnType=supl
07-25 14:31:32.989   648   648 D MobileDataStateTracker: supl0: Broadcast received: android.intent.action.ANY_DATA_STATE apnType=supl
07-25 14:31:32.999   648  1001 I TelephonyRegistry: notifyDataConnection: state=0 isDataConnectivityPossible=false reason='radioTurnedOff' apn='null' apnType=ims networkType=0 mRecords.size()=7 mRecords=[{pkgForDebug=android callerUid=0 events=1c1}, {pkgForDebug=android callerUid=0 events=20}, {pkgForDebug=android callerUid=0 events=1}, {pkgForDebug=com.android.systemui callerUid=0 events=41e1}, {pkgForDebug=com.android.phone callerUid=0 events=c}, {pkgForDebug=com.android.phone callerUid=0 events=1}, {pkgForDebug=com.android.phone callerUid=0 events=9}] linkProperties: null
07-25 14:31:32.999   648  1001 D BroadcastQueue: Schedule broadcasts [background]: current=false
07-25 14:31:32.999   648   664 D BroadcastQueue: Received BROADCAST_INTENT_MSG
07-25 14:31:32.999   648   664 D BroadcastQueue: processNextBroadcast(background) called when not idle (state=1)
07-25 14:31:32.999   648   648 D MobileDataStateTracker: supl0: supl setting isAvailable to true
07-25 14:31:32.999   648   648 D MobileDataStateTracker: supl0: Received state=DISCONNECTED, old=DISCONNECTED, reason=radioTurnedOff
07-25 14:31:32.999   648   648 D MobileDataStateTracker: mms0: receive android.intent.action.ANY_DATA_STATE
07-25 14:31:32.999   648   648 D MobileDataStateTracker: mms0: Broadcast received: ACTION_ANY_DATA_CONNECTION_STATE_CHANGEDmApnType=mms != received apnType=supl
07-25 14:31:32.999   648   648 D MobileDataStateTracker: default0: receive android.intent.action.ANY_DATA_STATE
07-25 14:31:32.999   648   648 D MobileDataStateTracker: default0: Broadcast received: ACTION_ANY_DATA_CONNECTION_STATE_CHANGEDmApnType=default != received apnType=supl
07-25 14:31:32.999   648   648 D MobileDataStateTracker: wap0: receive android.intent.action.ANY_DATA_STATE
07-25 14:31:32.999   648   648 D MobileDataStateTracker: wap0: Broadcast received: ACTION_ANY_DATA_CONNECTION_STATE_CHANGEDmApnType=wap != received apnType=hipri
07-25 14:31:32.999   648   648 D MobileDataStateTracker: null0: receive android.intent.action.ANY_DATA_STATE
07-25 14:31:32.999   648   648 D MobileDataStateTracker: null0: Broadcast received: ACTION_ANY_DATA_CONNECTION_STATE_CHANGEDmApnType=null != received apnType=hipri
07-25 14:31:32.999   648   648 D MobileDataStateTracker: xcap0: receive android.intent.action.ANY_DATA_STATE
07-25 14:31:32.999   648   648 D MobileDataStateTracker: xcap0: Broadcast received: ACTION_ANY_DATA_CONNECTION_STATE_CHANGEDmApnType=xcap != received apnType=hipri
07-25 14:31:32.999   648   648 D MobileDataStateTracker: dm0: receive android.intent.action.ANY_DATA_STATE
07-25 14:31:32.999   648   648 D MobileDataStateTracker: dm0: Broadcast received: ACTION_ANY_DATA_CONNECTION_STATE_CHANGEDmApnType=dm != received apnType=hipri
07-25 14:31:32.999   648   648 D MobileDataStateTracker: hipri0: receive android.intent.action.ANY_DATA_STATE
07-25 14:31:33.009   648   648 D MobileDataStateTracker: hipri0: Broadcast received: ACTION_ANY_DATA_CONNECTION_STATE_CHANGEDmApnType=hipri == received apnType=hipri
07-25 14:31:33.009   648   648 D MobileDataStateTracker: hipri0: Broadcast received: android.intent.action.ANY_DATA_STATE apnType=hipri
07-25 14:31:33.009   648  1001 I TelephonyRegistry: notifyDataConnection: state=0 isDataConnectivityPossible=false reason='radioTurnedOff' apn='null' apnType=default networkType=0 mRecords.size()=7 mRecords=[{pkgForDebug=android callerUid=0 events=1c1}, {pkgForDebug=android callerUid=0 events=20}, {pkgForDebug=android callerUid=0 events=1}, {pkgForDebug=com.android.systemui callerUid=0 events=41e1}, {pkgForDebug=com.android.phone callerUid=0 events=c}, {pkgForDebug=com.android.phone callerUid=0 events=1}, {pkgForDebug=com.android.phone callerUid=0 events=9}] linkProperties: null
07-25 14:31:33.009   648  1001 D BroadcastQueue: Schedule broadcasts [background]: current=false
07-25 14:31:33.009   648   664 D BroadcastQueue: Received BROADCAST_INTENT_MSG
07-25 14:31:33.009   648   664 D BroadcastQueue: processNextBroadcast(background) called when not idle (state=1)
07-25 14:31:33.009   648   648 D MobileDataStateTracker: hipri0: hipri setting isAvailable to true
07-25 14:31:33.009   648   648 D MobileDataStateTracker: hipri0: Received state=DISCONNECTED, old=DISCONNECTED, reason=radioTurnedOff
07-25 14:31:33.009   648   648 D MobileDataStateTracker: cbs0: receive android.intent.action.ANY_DATA_STATE
07-25 14:31:33.009   648   648 D MobileDataStateTracker: cbs0: Broadcast received: ACTION_ANY_DATA_CONNECTION_STATE_CHANGEDmApnType=cbs != received apnType=hipri
07-25 14:31:33.009   648   648 D MobileDataStateTracker: ims0: receive android.intent.action.ANY_DATA_STATE
07-25 14:31:33.009   648   648 D MobileDataStateTracker: ims0: Broadcast received: ACTION_ANY_DATA_CONNECTION_STATE_CHANGEDmApnType=ims != received apnType=hipri
07-25 14:31:33.009   648   648 D MobileDataStateTracker: fota0: receive android.intent.action.ANY_DATA_STATE
07-25 14:31:33.009   648   648 D MobileDataStateTracker: fota0: Broadcast received: ACTION_ANY_DATA_CONNECTION_STATE_CHANGEDmApnType=fota != received apnType=hipri
07-25 14:31:33.009   648   648 D MobileDataStateTracker: supl0: receive android.intent.action.ANY_DATA_STATE
07-25 14:31:33.009   648   648 D MobileDataStateTracker: supl0: Broadcast received: ACTION_ANY_DATA_CONNECTION_STATE_CHANGEDmApnType=supl != received apnType=hipri
07-25 14:31:33.009   648   648 D MobileDataStateTracker: mms0: receive android.intent.action.ANY_DATA_STATE
07-25 14:31:33.009   648   648 D MobileDataStateTracker: mms0: Broadcast received: ACTION_ANY_DATA_CONNECTION_STATE_CHANGEDmApnType=mms != received apnType=hipri
07-25 14:31:33.009   648   648 D MobileDataStateTracker: default0: receive android.intent.action.ANY_DATA_STATE
07-25 14:31:33.009   648   648 D MobileDataStateTracker: default0: Broadcast received: ACTION_ANY_DATA_CONNECTION_STATE_CHANGEDmApnType=default != received apnType=hipri
07-25 14:31:33.009   648   648 D MobileDataStateTracker: wap0: receive android.intent.action.ANY_DATA_STATE
07-25 14:31:33.009   648   648 D MobileDataStateTracker: wap0: Broadcast received: ACTION_ANY_DATA_CONNECTION_STATE_CHANGEDmApnType=wap != received apnType=ims
07-25 14:31:33.009   648   648 D MobileDataStateTracker: null0: receive android.intent.action.ANY_DATA_STATE
07-25 14:31:33.009   648   648 D MobileDataStateTracker: null0: Broadcast received: ACTION_ANY_DATA_CONNECTION_STATE_CHANGEDmApnType=null != received apnType=ims
07-25 14:31:33.009   648   648 D MobileDataStateTracker: xcap0: receive android.intent.action.ANY_DATA_STATE
07-25 14:31:33.009   648   648 D MobileDataStateTracker: xcap0: Broadcast received: ACTION_ANY_DATA_CONNECTION_STATE_CHANGEDmApnType=xcap != received apnType=ims
07-25 14:31:33.009   648   648 D MobileDataStateTracker: dm0: receive android.intent.action.ANY_DATA_STATE
07-25 14:31:33.009   648   648 D MobileDataStateTracker: dm0: Broadcast received: ACTION_ANY_DATA_CONNECTION_STATE_CHANGEDmApnType=dm != received apnType=ims
07-25 14:31:33.009   648   648 D MobileDataStateTracker: hipri0: receive android.intent.action.ANY_DATA_STATE
07-25 14:31:33.009   648   648 D MobileDataStateTracker: hipri0: Broadcast received: ACTION_ANY_DATA_CONNECTION_STATE_CHANGEDmApnType=hipri != received apnType=ims
07-25 14:31:33.009   648   648 D MobileDataStateTracker: cbs0: receive android.intent.action.ANY_DATA_STATE
07-25 14:31:33.009   648   648 D MobileDataStateTracker: cbs0: Broadcast received: ACTION_ANY_DATA_CONNECTION_STATE_CHANGEDmApnType=cbs != received apnType=ims
07-25 14:31:33.009   648   648 D MobileDataStateTracker: ims0: receive android.intent.action.ANY_DATA_STATE
07-25 14:31:33.009   648   648 D MobileDataStateTracker: ims0: Broadcast received: ACTION_ANY_DATA_CONNECTION_STATE_CHANGEDmApnType=ims == received apnType=ims
07-25 14:31:33.009   648   648 D MobileDataStateTracker: ims0: Broadcast received: android.intent.action.ANY_DATA_STATE apnType=ims
07-25 14:31:33.009   648  1001 I TelephonyRegistry: notifyDataConnection: state=0 isDataConnectivityPossible=false reason='radioTurnedOff' apn='null' apnType=mms networkType=0 mRecords.size()=7 mRecords=[{pkgForDebug=android callerUid=0 events=1c1}, {pkgForDebug=android callerUid=0 events=20}, {pkgForDebug=android callerUid=0 events=1}, {pkgForDebug=com.android.systemui callerUid=0 events=41e1}, {pkgForDebug=com.android.phone callerUid=0 events=c}, {pkgForDebug=com.android.phone callerUid=0 events=1}, {pkgForDebug=com.android.phone callerUid=0 events=9}] linkProperties: null
07-25 14:31:33.009   648  1001 D BroadcastQueue: Schedule broadcasts [background]: current=false
07-25 14:31:33.019   648   664 D BroadcastQueue: Received BROADCAST_INTENT_MSG
07-25 14:31:33.019   648   664 D BroadcastQueue: processNextBroadcast(background) called when not idle (state=1)
07-25 14:31:33.019   648   648 D MobileDataStateTracker: ims0: ims setting isAvailable to true
07-25 14:31:33.019   648   648 D MobileDataStateTracker: ims0: Received state=DISCONNECTED, old=DISCONNECTED, reason=radioTurnedOff
07-25 14:31:33.019   648   648 D MobileDataStateTracker: fota0: receive android.intent.action.ANY_DATA_STATE
07-25 14:31:33.019   648   648 D MobileDataStateTracker: fota0: Broadcast received: ACTION_ANY_DATA_CONNECTION_STATE_CHANGEDmApnType=fota != received apnType=ims
07-25 14:31:33.019   648   648 D MobileDataStateTracker: supl0: receive android.intent.action.ANY_DATA_STATE
07-25 14:31:33.019   648   648 D MobileDataStateTracker: supl0: Broadcast received: ACTION_ANY_DATA_CONNECTION_STATE_CHANGEDmApnType=supl != received apnType=ims
07-25 14:31:33.019   648   648 D MobileDataStateTracker: mms0: receive android.intent.action.ANY_DATA_STATE
07-25 14:31:33.019   648   648 D MobileDataStateTracker: mms0: Broadcast received: ACTION_ANY_DATA_CONNECTION_STATE_CHANGEDmApnType=mms != received apnType=ims
07-25 14:31:33.019   648   648 D MobileDataStateTracker: default0: receive android.intent.action.ANY_DATA_STATE
07-25 14:31:33.019   648   648 D MobileDataStateTracker: default0: Broadcast received: ACTION_ANY_DATA_CONNECTION_STATE_CHANGEDmApnType=default != received apnType=ims
07-25 14:31:33.019   648   648 D MobileDataStateTracker: wap0: receive android.intent.action.ANY_DATA_STATE
07-25 14:31:33.019   648   648 D MobileDataStateTracker: wap0: Broadcast received: ACTION_ANY_DATA_CONNECTION_STATE_CHANGEDmApnType=wap != received apnType=default
07-25 14:31:33.019   648   648 D MobileDataStateTracker: null0: receive android.intent.action.ANY_DATA_STATE
07-25 14:31:33.019   648   648 D MobileDataStateTracker: null0: Broadcast received: ACTION_ANY_DATA_CONNECTION_STATE_CHANGEDmApnType=null != received apnType=default
07-25 14:31:33.019   648   648 D MobileDataStateTracker: xcap0: receive android.intent.action.ANY_DATA_STATE
07-25 14:31:33.019   648   648 D MobileDataStateTracker: xcap0: Broadcast received: ACTION_ANY_DATA_CONNECTION_STATE_CHANGEDmApnType=xcap != received apnType=default
07-25 14:31:33.019   648   648 D MobileDataStateTracker: dm0: receive android.intent.action.ANY_DATA_STATE
07-25 14:31:33.019   648   648 D MobileDataStateTracker: dm0: Broadcast received: ACTION_ANY_DATA_CONNECTION_STATE_CHANGEDmApnType=dm != received apnType=default
07-25 14:31:33.019   648   648 D MobileDataStateTracker: hipri0: receive android.intent.action.ANY_DATA_STATE
07-25 14:31:33.019   648   648 D MobileDataStateTracker: hipri0: Broadcast received: ACTION_ANY_DATA_CONNECTION_STATE_CHANGEDmApnType=hipri != received apnType=default
07-25 14:31:33.019   648   648 D MobileDataStateTracker: cbs0: receive android.intent.action.ANY_DATA_STATE
07-25 14:31:33.019   648   648 D MobileDataStateTracker: cbs0: Broadcast received: ACTION_ANY_DATA_CONNECTION_STATE_CHANGEDmApnType=cbs != received apnType=default
07-25 14:31:33.019   648   648 D MobileDataStateTracker: ims0: receive android.intent.action.ANY_DATA_STATE
07-25 14:31:33.019   648   648 D MobileDataStateTracker: ims0: Broadcast received: ACTION_ANY_DATA_CONNECTION_STATE_CHANGEDmApnType=ims != received apnType=default
07-25 14:31:33.019   648   648 D MobileDataStateTracker: fota0: receive android.intent.action.ANY_DATA_STATE
07-25 14:31:33.019   648   648 D MobileDataStateTracker: fota0: Broadcast received: ACTION_ANY_DATA_CONNECTION_STATE_CHANGEDmApnType=fota != received apnType=default
07-25 14:31:33.019   648   648 D MobileDataStateTracker: supl0: receive android.intent.action.ANY_DATA_STATE
07-25 14:31:33.019   648   648 D MobileDataStateTracker: supl0: Broadcast received: ACTION_ANY_DATA_CONNECTION_STATE_CHANGEDmApnType=supl != received apnType=default
07-25 14:31:33.019   648   648 D MobileDataStateTracker: mms0: receive android.intent.action.ANY_DATA_STATE
07-25 14:31:33.019   648   648 D MobileDataStateTracker: mms0: Broadcast received: ACTION_ANY_DATA_CONNECTION_STATE_CHANGEDmApnType=mms != received apnType=default
07-25 14:31:33.019   648   648 D MobileDataStateTracker: default0: receive android.intent.action.ANY_DATA_STATE
07-25 14:31:33.019   648   648 D MobileDataStateTracker: default0: Broadcast received: ACTION_ANY_DATA_CONNECTION_STATE_CHANGEDmApnType=default == received apnType=default
07-25 14:31:33.019   648   648 D MobileDataStateTracker: default0: Broadcast received: android.intent.action.ANY_DATA_STATE apnType=default
07-25 14:31:33.029   648  1001 I TelephonyRegistry: notifyDataConnection: state=0 isDataConnectivityPossible=false reason='radioTurnedOff' apn='null' apnType=cbs networkType=0 mRecords.size()=7 mRecords=[{pkgForDebug=android callerUid=0 events=1c1}, {pkgForDebug=android callerUid=0 events=20}, {pkgForDebug=android callerUid=0 events=1}, {pkgForDebug=com.android.systemui callerUid=0 events=41e1}, {pkgForDebug=com.android.phone callerUid=0 events=c}, {pkgForDebug=com.android.phone callerUid=0 events=1}, {pkgForDebug=com.android.phone callerUid=0 events=9}] linkProperties: null
07-25 14:31:33.029   648  1001 D BroadcastQueue: Schedule broadcasts [background]: current=false
07-25 14:31:33.029   648   664 D BroadcastQueue: Received BROADCAST_INTENT_MSG
07-25 14:31:33.029   648   664 D BroadcastQueue: processNextBroadcast(background) called when not idle (state=1)
07-25 14:31:33.039   648  1001 I TelephonyRegistry: notifyDataConnection: state=0 isDataConnectivityPossible=false reason='radioTurnedOff' apn='null' apnType=xcap networkType=0 mRecords.size()=7 mRecords=[{pkgForDebug=android callerUid=0 events=1c1}, {pkgForDebug=android callerUid=0 events=20}, {pkgForDebug=android callerUid=0 events=1}, {pkgForDebug=com.android.systemui callerUid=0 events=41e1}, {pkgForDebug=com.android.phone callerUid=0 events=c}, {pkgForDebug=com.android.phone callerUid=0 events=1}, {pkgForDebug=com.android.phone callerUid=0 events=9}] linkProperties: null
07-25 14:31:33.039   648  1001 D BroadcastQueue: Schedule broadcasts [background]: current=false
07-25 14:31:33.039   648   664 D BroadcastQueue: Received BROADCAST_INTENT_MSG
07-25 14:31:33.039   648   664 D BroadcastQueue: processNextBroadcast(background) called when not idle (state=1)
07-25 14:31:33.039   648   660 I TelephonyRegistry: notifyDataConnection: state=0 isDataConnectivityPossible=false reason='radioTurnedOff' apn='null' apnType=dm networkType=0 mRecords.size()=7 mRecords=[{pkgForDebug=android callerUid=0 events=1c1}, {pkgForDebug=android callerUid=0 events=20}, {pkgForDebug=android callerUid=0 events=1}, {pkgForDebug=com.android.systemui callerUid=0 events=41e1}, {pkgForDebug=com.android.phone callerUid=0 events=c}, {pkgForDebug=com.android.phone callerUid=0 events=1}, {pkgForDebug=com.android.phone callerUid=0 events=9}] linkProperties: null
07-25 14:31:33.039   648   660 D BroadcastQueue: Schedule broadcasts [background]: current=false
07-25 14:31:33.039   648   664 D BroadcastQueue: Received BROADCAST_INTENT_MSG
07-25 14:31:33.039   648   664 D BroadcastQueue: processNextBroadcast(background) called when not idle (state=1)
07-25 14:31:33.039   648   660 I TelephonyRegistry: notifyDataConnection: state=0 isDataConnectivityPossible=false reason='radioTurnedOff' apn='null' apnType=wap networkType=0 mRecords.size()=7 mRecords=[{pkgForDebug=android callerUid=0 events=1c1}, {pkgForDebug=android callerUid=0 events=20}, {pkgForDebug=android callerUid=0 events=1}, {pkgForDebug=com.android.systemui callerUid=0 events=41e1}, {pkgForDebug=com.android.phone callerUid=0 events=c}, {pkgForDebug=com.android.phone callerUid=0 events=1}, {pkgForDebug=com.android.phone callerUid=0 events=9}] linkProperties: null
07-25 14:31:33.039   648   660 D BroadcastQueue: Schedule broadcasts [background]: current=false
07-25 14:31:33.039   648   664 D BroadcastQueue: Received BROADCAST_INTENT_MSG
07-25 14:31:33.039   648   664 D BroadcastQueue: processNextBroadcast(background) called when not idle (state=1)
07-25 14:31:33.049   648   660 I TelephonyRegistry: notifyDataConnection: state=0 isDataConnectivityPossible=false reason='radioTurnedOff' apn='null' apnType=fota networkType=0 mRecords.size()=7 mRecords=[{pkgForDebug=android callerUid=0 events=1c1}, {pkgForDebug=android callerUid=0 events=20}, {pkgForDebug=android callerUid=0 events=1}, {pkgForDebug=com.android.systemui callerUid=0 events=41e1}, {pkgForDebug=com.android.phone callerUid=0 events=c}, {pkgForDebug=com.android.phone callerUid=0 events=1}, {pkgForDebug=com.android.phone callerUid=0 events=9}] linkProperties: null
07-25 14:31:33.049   648   708 I PowerManagerService: userActivityFromNative,false
07-25 14:31:33.049   648   660 D BroadcastQueue: Schedule broadcasts [background]: current=false
07-25 14:31:33.049   648   664 D BroadcastQueue: Received BROADCAST_INTENT_MSG
07-25 14:31:33.049   648   664 D BroadcastQueue: processNextBroadcast(background) called when not idle (state=1)
07-25 14:31:33.049   648   660 I TelephonyRegistry: notifyDataConnection: state=0 isDataConnectivityPossible=false reason='radioTurnedOff' apn='null' apnType=supl networkType=0 mRecords.size()=7 mRecords=[{pkgForDebug=android callerUid=0 events=1c1}, {pkgForDebug=android callerUid=0 events=20}, {pkgForDebug=android callerUid=0 events=1}, {pkgForDebug=com.android.systemui callerUid=0 events=41e1}, {pkgForDebug=com.android.phone callerUid=0 events=c}, {pkgForDebug=com.android.phone callerUid=0 events=1}, {pkgForDebug=com.android.phone callerUid=0 events=9}] linkProperties: null
07-25 14:31:33.049   648   660 D BroadcastQueue: Schedule broadcasts [background]: current=false
07-25 14:31:33.049   648   648 D MobileDataStateTracker: default0: default setting isAvailable to true
07-25 14:31:33.049   648   648 D MobileDataStateTracker: default0: Received state=DISCONNECTED, old=DISCONNECTED, reason=radioTurnedOff
07-25 14:31:33.049   648   648 D MobileDataStateTracker: wap0: receive android.intent.action.ANY_DATA_STATE
07-25 14:31:33.049   648   648 D MobileDataStateTracker: wap0: Broadcast received: ACTION_ANY_DATA_CONNECTION_STATE_CHANGEDmApnType=wap != received apnType=mms
07-25 14:31:33.049   648   648 D MobileDataStateTracker: null0: receive android.intent.action.ANY_DATA_STATE
07-25 14:31:33.049   648   648 D MobileDataStateTracker: null0: Broadcast received: ACTION_ANY_DATA_CONNECTION_STATE_CHANGEDmApnType=null != received apnType=mms
07-25 14:31:33.049   648   648 D MobileDataStateTracker: xcap0: receive android.intent.action.ANY_DATA_STATE
07-25 14:31:33.049   648   648 D MobileDataStateTracker: xcap0: Broadcast received: ACTION_ANY_DATA_CONNECTION_STATE_CHANGEDmApnType=xcap != received apnType=mms
07-25 14:31:33.049   648   648 D MobileDataStateTracker: dm0: receive android.intent.action.ANY_DATA_STATE
07-25 14:31:33.049   648   648 D MobileDataStateTracker: dm0: Broadcast received: ACTION_ANY_DATA_CONNECTION_STATE_CHANGEDmApnType=dm != received apnType=mms
07-25 14:31:33.049   648   648 D MobileDataStateTracker: hipri0: receive android.intent.action.ANY_DATA_STATE
07-25 14:31:33.049   648   648 D MobileDataStateTracker: hipri0: Broadcast received: ACTION_ANY_DATA_CONNECTION_STATE_CHANGEDmApnType=hipri != received apnType=mms
07-25 14:31:33.049   648   648 D MobileDataStateTracker: cbs0: receive android.intent.action.ANY_DATA_STATE
07-25 14:31:33.049   648   648 D MobileDataStateTracker: cbs0: Broadcast received: ACTION_ANY_DATA_CONNECTION_STATE_CHANGEDmApnType=cbs != received apnType=mms
07-25 14:31:33.049   648   648 D MobileDataStateTracker: ims0: receive android.intent.action.ANY_DATA_STATE
07-25 14:31:33.049   648   648 D MobileDataStateTracker: ims0: Broadcast received: ACTION_ANY_DATA_CONNECTION_STATE_CHANGEDmApnType=ims != received apnType=mms
07-25 14:31:33.049   648   648 D MobileDataStateTracker: fota0: receive android.intent.action.ANY_DATA_STATE
07-25 14:31:33.049   648   648 D MobileDataStateTracker: fota0: Broadcast received: ACTION_ANY_DATA_CONNECTION_STATE_CHANGEDmApnType=fota != received apnType=mms
07-25 14:31:33.049   648   648 D MobileDataStateTracker: supl0: receive android.intent.action.ANY_DATA_STATE
07-25 14:31:33.049   648   648 D MobileDataStateTracker: supl0: Broadcast received: ACTION_ANY_DATA_CONNECTION_STATE_CHANGEDmApnType=supl != received apnType=mms
07-25 14:31:33.049   648   648 D MobileDataStateTracker: mms0: receive android.intent.action.ANY_DATA_STATE
07-25 14:31:33.049   648   648 D MobileDataStateTracker: mms0: Broadcast received: ACTION_ANY_DATA_CONNECTION_STATE_CHANGEDmApnType=mms == received apnType=mms
07-25 14:31:33.049   648   648 D MobileDataStateTracker: mms0: Broadcast received: android.intent.action.ANY_DATA_STATE apnType=mms
07-25 14:31:33.049   648   664 D BroadcastQueue: Received BROADCAST_INTENT_MSG
07-25 14:31:33.049   648   664 D BroadcastQueue: processNextBroadcast(background) called when not idle (state=1)
07-25 14:31:33.059   648   648 D MobileDataStateTracker: mms0: mms setting isAvailable to true
07-25 14:31:33.059   648   648 D MobileDataStateTracker: mms0: Received state=DISCONNECTED, old=DISCONNECTED, reason=radioTurnedOff
07-25 14:31:33.059   648   648 D MobileDataStateTracker: default0: receive android.intent.action.ANY_DATA_STATE
07-25 14:31:33.059   648   648 D MobileDataStateTracker: default0: Broadcast received: ACTION_ANY_DATA_CONNECTION_STATE_CHANGEDmApnType=default != received apnType=mms
07-25 14:31:33.059   648   660 I TelephonyRegistry: notifyDataConnection: state=0 isDataConnectivityPossible=false reason='radioTurnedOff' apn='null' apnType=hipri networkType=0 mRecords.size()=7 mRecords=[{pkgForDebug=android callerUid=0 events=1c1}, {pkgForDebug=android callerUid=0 events=20}, {pkgForDebug=android callerUid=0 events=1}, {pkgForDebug=com.android.systemui callerUid=0 events=41e1}, {pkgForDebug=com.android.phone callerUid=0 events=c}, {pkgForDebug=com.android.phone callerUid=0 events=1}, {pkgForDebug=com.android.phone callerUid=0 events=9}] linkProperties: null
07-25 14:31:33.059   648   648 D MobileDataStateTracker: wap0: receive android.intent.action.ANY_DATA_STATE
07-25 14:31:33.059   648   648 D MobileDataStateTracker: wap0: Broadcast received: ACTION_ANY_DATA_CONNECTION_STATE_CHANGEDmApnType=wap != received apnType=cbs
07-25 14:31:33.059   648   648 D MobileDataStateTracker: null0: receive android.intent.action.ANY_DATA_STATE
07-25 14:31:33.059   648   648 D MobileDataStateTracker: null0: Broadcast received: ACTION_ANY_DATA_CONNECTION_STATE_CHANGEDmApnType=null != received apnType=cbs
07-25 14:31:33.059   648   648 D MobileDataStateTracker: xcap0: receive android.intent.action.ANY_DATA_STATE
07-25 14:31:33.059   648   648 D MobileDataStateTracker: xcap0: Broadcast received: ACTION_ANY_DATA_CONNECTION_STATE_CHANGEDmApnType=xcap != received apnType=cbs
07-25 14:31:33.059   648   648 D MobileDataStateTracker: dm0: receive android.intent.action.ANY_DATA_STATE
07-25 14:31:33.059   648   648 D MobileDataStateTracker: dm0: Broadcast received: ACTION_ANY_DATA_CONNECTION_STATE_CHANGEDmApnType=dm != received apnType=cbs
07-25 14:31:33.059   648   648 D MobileDataStateTracker: hipri0: receive android.intent.action.ANY_DATA_STATE
07-25 14:31:33.059   648   648 D MobileDataStateTracker: hipri0: Broadcast received: ACTION_ANY_DATA_CONNECTION_STATE_CHANGEDmApnType=hipri != received apnType=cbs
07-25 14:31:33.059   648   648 D MobileDataStateTracker: cbs0: receive android.intent.action.ANY_DATA_STATE
07-25 14:31:33.059   648   648 D MobileDataStateTracker: cbs0: Broadcast received: ACTION_ANY_DATA_CONNECTION_STATE_CHANGEDmApnType=cbs == received apnType=cbs
07-25 14:31:33.059   648   648 D MobileDataStateTracker: cbs0: Broadcast received: android.intent.action.ANY_DATA_STATE apnType=cbs
07-25 14:31:33.059   648   660 D BroadcastQueue: Schedule broadcasts [background]: current=false
07-25 14:31:33.059   648   664 D BroadcastQueue: Received BROADCAST_INTENT_MSG
07-25 14:31:33.069   648   664 D BroadcastQueue: processNextBroadcast(background) called when not idle (state=1)
07-25 14:31:33.069   648   648 D MobileDataStateTracker: cbs0: cbs setting isAvailable to true
07-25 14:31:33.069   648   648 D MobileDataStateTracker: cbs0: Received state=DISCONNECTED, old=DISCONNECTED, reason=radioTurnedOff
07-25 14:31:33.069   648   648 D MobileDataStateTracker: ims0: receive android.intent.action.ANY_DATA_STATE
07-25 14:31:33.069   648   648 D MobileDataStateTracker: ims0: Broadcast received: ACTION_ANY_DATA_CONNECTION_STATE_CHANGEDmApnType=ims != received apnType=cbs
07-25 14:31:33.069   648   648 D MobileDataStateTracker: fota0: receive android.intent.action.ANY_DATA_STATE
07-25 14:31:33.069   648   648 D MobileDataStateTracker: fota0: Broadcast received: ACTION_ANY_DATA_CONNECTION_STATE_CHANGEDmApnType=fota != received apnType=cbs
07-25 14:31:33.069   648   648 D MobileDataStateTracker: supl0: receive android.intent.action.ANY_DATA_STATE
07-25 14:31:33.069   648   648 D MobileDataStateTracker: supl0: Broadcast received: ACTION_ANY_DATA_CONNECTION_STATE_CHANGEDmApnType=supl != received apnType=cbs
07-25 14:31:33.069   648   648 D MobileDataStateTracker: mms0: receive android.intent.action.ANY_DATA_STATE
07-25 14:31:33.069   648   648 D MobileDataStateTracker: mms0: Broadcast received: ACTION_ANY_DATA_CONNECTION_STATE_CHANGEDmApnType=mms != received apnType=cbs
07-25 14:31:33.069   648   648 D MobileDataStateTracker: default0: receive android.intent.action.ANY_DATA_STATE
07-25 14:31:33.069   648   648 D MobileDataStateTracker: default0: Broadcast received: ACTION_ANY_DATA_CONNECTION_STATE_CHANGEDmApnType=default != received apnType=cbs
07-25 14:31:33.079   648   648 D MobileDataStateTracker: wap0: receive android.intent.action.ANY_DATA_STATE
07-25 14:31:33.079   648   648 D MobileDataStateTracker: wap0: Broadcast received: ACTION_ANY_DATA_CONNECTION_STATE_CHANGEDmApnType=wap != received apnType=xcap
07-25 14:31:33.079   648   648 D MobileDataStateTracker: null0: receive android.intent.action.ANY_DATA_STATE
07-25 14:31:33.079   648   648 D MobileDataStateTracker: null0: Broadcast received: ACTION_ANY_DATA_CONNECTION_STATE_CHANGEDmApnType=null != received apnType=xcap
07-25 14:31:33.079   648   648 D MobileDataStateTracker: xcap0: receive android.intent.action.ANY_DATA_STATE
07-25 14:31:33.079   648   648 D MobileDataStateTracker: xcap0: Broadcast received: ACTION_ANY_DATA_CONNECTION_STATE_CHANGEDmApnType=xcap == received apnType=xcap
07-25 14:31:33.079   648   648 D MobileDataStateTracker: xcap0: Broadcast received: android.intent.action.ANY_DATA_STATE apnType=xcap
07-25 14:31:33.079   648   648 D MobileDataStateTracker: xcap0: xcap setting isAvailable to true
07-25 14:31:33.079   648   648 D MobileDataStateTracker: xcap0: Received state=DISCONNECTED, old=DISCONNECTED, reason=radioTurnedOff
07-25 14:31:33.079   648   648 D MobileDataStateTracker: dm0: receive android.intent.action.ANY_DATA_STATE
07-25 14:31:33.079   648   648 D MobileDataStateTracker: dm0: Broadcast received: ACTION_ANY_DATA_CONNECTION_STATE_CHANGEDmApnType=dm != received apnType=xcap
07-25 14:31:33.079   648   648 D MobileDataStateTracker: hipri0: receive android.intent.action.ANY_DATA_STATE
07-25 14:31:33.079   648   648 D MobileDataStateTracker: hipri0: Broadcast received: ACTION_ANY_DATA_CONNECTION_STATE_CHANGEDmApnType=hipri != received apnType=xcap
07-25 14:31:33.079   648   648 D MobileDataStateTracker: cbs0: receive android.intent.action.ANY_DATA_STATE
07-25 14:31:33.079   648   648 D MobileDataStateTracker: cbs0: Broadcast received: ACTION_ANY_DATA_CONNECTION_STATE_CHANGEDmApnType=cbs != received apnType=xcap
07-25 14:31:33.079   648   648 D MobileDataStateTracker: ims0: receive android.intent.action.ANY_DATA_STATE
07-25 14:31:33.079   648   648 D MobileDataStateTracker: ims0: Broadcast received: ACTION_ANY_DATA_CONNECTION_STATE_CHANGEDmApnType=ims != received apnType=xcap
07-25 14:31:33.079   648   648 D MobileDataStateTracker: fota0: receive android.intent.action.ANY_DATA_STATE
07-25 14:31:33.079   648   648 D MobileDataStateTracker: fota0: Broadcast received: ACTION_ANY_DATA_CONNECTION_STATE_CHANGEDmApnType=fota != received apnType=xcap
07-25 14:31:33.079   648   648 D MobileDataStateTracker: supl0: receive android.intent.action.ANY_DATA_STATE
07-25 14:31:33.079   648   648 D MobileDataStateTracker: supl0: Broadcast received: ACTION_ANY_DATA_CONNECTION_STATE_CHANGEDmApnType=supl != received apnType=xcap
07-25 14:31:33.079   648   648 D MobileDataStateTracker: mms0: receive android.intent.action.ANY_DATA_STATE
07-25 14:31:33.079   648   648 D MobileDataStateTracker: mms0: Broadcast received: ACTION_ANY_DATA_CONNECTION_STATE_CHANGEDmApnType=mms != received apnType=xcap
07-25 14:31:33.079   648   648 D MobileDataStateTracker: default0: receive android.intent.action.ANY_DATA_STATE
07-25 14:31:33.079   648   648 D MobileDataStateTracker: default0: Broadcast received: ACTION_ANY_DATA_CONNECTION_STATE_CHANGEDmApnType=default != received apnType=xcap
07-25 14:31:33.079   648   648 D MobileDataStateTracker: wap0: receive android.intent.action.ANY_DATA_STATE
07-25 14:31:33.079   648   648 D MobileDataStateTracker: wap0: Broadcast received: ACTION_ANY_DATA_CONNECTION_STATE_CHANGEDmApnType=wap != received apnType=dm
07-25 14:31:33.079   648   648 D MobileDataStateTracker: null0: receive android.intent.action.ANY_DATA_STATE
07-25 14:31:33.079   648   648 D MobileDataStateTracker: null0: Broadcast received: ACTION_ANY_DATA_CONNECTION_STATE_CHANGEDmApnType=null != received apnType=dm
07-25 14:31:33.079   648   648 D MobileDataStateTracker: xcap0: receive android.intent.action.ANY_DATA_STATE
07-25 14:31:33.079   648   648 D MobileDataStateTracker: xcap0: Broadcast received: ACTION_ANY_DATA_CONNECTION_STATE_CHANGEDmApnType=xcap != received apnType=dm
07-25 14:31:33.079   648   648 D MobileDataStateTracker: dm0: receive android.intent.action.ANY_DATA_STATE
07-25 14:31:33.079   648   648 D MobileDataStateTracker: dm0: Broadcast received: ACTION_ANY_DATA_CONNECTION_STATE_CHANGEDmApnType=dm == received apnType=dm
07-25 14:31:33.079   648   648 D MobileDataStateTracker: dm0: Broadcast received: android.intent.action.ANY_DATA_STATE apnType=dm
07-25 14:31:33.079   648   648 D MobileDataStateTracker: dm0: dm setting isAvailable to true
07-25 14:31:33.079   648   648 D MobileDataStateTracker: dm0: Received state=DISCONNECTED, old=DISCONNECTED, reason=radioTurnedOff
07-25 14:31:33.079   648   648 D MobileDataStateTracker: hipri0: receive android.intent.action.ANY_DATA_STATE
07-25 14:31:33.079   648   648 D MobileDataStateTracker: hipri0: Broadcast received: ACTION_ANY_DATA_CONNECTION_STATE_CHANGEDmApnType=hipri != received apnType=dm
07-25 14:31:33.079   648   648 D MobileDataStateTracker: cbs0: receive android.intent.action.ANY_DATA_STATE
07-25 14:31:33.079   648   648 D MobileDataStateTracker: cbs0: Broadcast received: ACTION_ANY_DATA_CONNECTION_STATE_CHANGEDmApnType=cbs != received apnType=dm
07-25 14:31:33.079   648   648 D MobileDataStateTracker: ims0: receive android.intent.action.ANY_DATA_STATE
07-25 14:31:33.079   648   648 D MobileDataStateTracker: ims0: Broadcast received: ACTION_ANY_DATA_CONNECTION_STATE_CHANGEDmApnType=ims != received apnType=dm
07-25 14:31:33.079   648   648 D MobileDataStateTracker: fota0: receive android.intent.action.ANY_DATA_STATE
07-25 14:31:33.079   648   648 D MobileDataStateTracker: fota0: Broadcast received: ACTION_ANY_DATA_CONNECTION_STATE_CHANGEDmApnType=fota != received apnType=dm
07-25 14:31:33.079   648   648 D MobileDataStateTracker: supl0: receive android.intent.action.ANY_DATA_STATE
07-25 14:31:33.079   648   648 D MobileDataStateTracker: supl0: Broadcast received: ACTION_ANY_DATA_CONNECTION_STATE_CHANGEDmApnType=supl != received apnType=dm
07-25 14:31:33.079   648   648 D MobileDataStateTracker: mms0: receive android.intent.action.ANY_DATA_STATE
07-25 14:31:33.079   648   648 D MobileDataStateTracker: mms0: Broadcast received: ACTION_ANY_DATA_CONNECTION_STATE_CHANGEDmApnType=mms != received apnType=dm
07-25 14:31:33.079   648   648 D MobileDataStateTracker: default0: receive android.intent.action.ANY_DATA_STATE
07-25 14:31:33.079   648   648 D MobileDataStateTracker: default0: Broadcast received: ACTION_ANY_DATA_CONNECTION_STATE_CHANGEDmApnType=default != received apnType=dm
07-25 14:31:33.079   648   648 D MobileDataStateTracker: wap0: receive android.intent.action.ANY_DATA_STATE
07-25 14:31:33.079   648   648 D MobileDataStateTracker: wap0: Broadcast received: ACTION_ANY_DATA_CONNECTION_STATE_CHANGEDmApnType=wap == received apnType=wap
07-25 14:31:33.079   648   648 D MobileDataStateTracker: wap0: Broadcast received: android.intent.action.ANY_DATA_STATE apnType=wap
07-25 14:31:33.079   648  1001 I TelephonyRegistry: notifyDataConnection: state=0 isDataConnectivityPossible=false reason='radioTurnedOff' apn='null' apnType=ims networkType=0 mRecords.size()=7 mRecords=[{pkgForDebug=android callerUid=0 events=1c1}, {pkgForDebug=android callerUid=0 events=20}, {pkgForDebug=android callerUid=0 events=1}, {pkgForDebug=com.android.systemui callerUid=0 events=41e1}, {pkgForDebug=com.android.phone callerUid=0 events=c}, {pkgForDebug=com.android.phone callerUid=0 events=1}, {pkgForDebug=com.android.phone callerUid=0 events=9}] linkProperties: null
07-25 14:31:33.089   648   648 D MobileDataStateTracker: wap0: wap setting isAvailable to true
07-25 14:31:33.089   648   648 D MobileDataStateTracker: wap0: Received state=DISCONNECTED, old=DISCONNECTED, reason=radioTurnedOff
07-25 14:31:33.089   648   648 D MobileDataStateTracker: null0: receive android.intent.action.ANY_DATA_STATE
07-25 14:31:33.089   648  1001 D BroadcastQueue: Schedule broadcasts [background]: current=false
07-25 14:31:33.089   648   648 D MobileDataStateTracker: null0: Broadcast received: ACTION_ANY_DATA_CONNECTION_STATE_CHANGEDmApnType=null != received apnType=wap
07-25 14:31:33.089   648   648 D MobileDataStateTracker: xcap0: receive android.intent.action.ANY_DATA_STATE
07-25 14:31:33.089   648   664 D BroadcastQueue: Received BROADCAST_INTENT_MSG
07-25 14:31:33.089   648   664 D BroadcastQueue: processNextBroadcast(background) called when not idle (state=1)
07-25 14:31:33.089   648   648 D MobileDataStateTracker: xcap0: Broadcast received: ACTION_ANY_DATA_CONNECTION_STATE_CHANGEDmApnType=xcap != received apnType=wap
07-25 14:31:33.089   648   648 D MobileDataStateTracker: dm0: receive android.intent.action.ANY_DATA_STATE
07-25 14:31:33.089   648   648 D MobileDataStateTracker: dm0: Broadcast received: ACTION_ANY_DATA_CONNECTION_STATE_CHANGEDmApnType=dm != received apnType=wap
07-25 14:31:33.089   648   648 D MobileDataStateTracker: hipri0: receive android.intent.action.ANY_DATA_STATE
07-25 14:31:33.089   648   648 D MobileDataStateTracker: hipri0: Broadcast received: ACTION_ANY_DATA_CONNECTION_STATE_CHANGEDmApnType=hipri != received apnType=wap
07-25 14:31:33.089   648   648 D MobileDataStateTracker: cbs0: receive android.intent.action.ANY_DATA_STATE
07-25 14:31:33.089   648   648 D MobileDataStateTracker: cbs0: Broadcast received: ACTION_ANY_DATA_CONNECTION_STATE_CHANGEDmApnType=cbs != received apnType=wap
07-25 14:31:33.089   648   648 D MobileDataStateTracker: ims0: receive android.intent.action.ANY_DATA_STATE
07-25 14:31:33.089   648   648 D MobileDataStateTracker: ims0: Broadcast received: ACTION_ANY_DATA_CONNECTION_STATE_CHANGEDmApnType=ims != received apnType=wap
07-25 14:31:33.089   648   648 D MobileDataStateTracker: fota0: receive android.intent.action.ANY_DATA_STATE
07-25 14:31:33.089   648   648 D MobileDataStateTracker: fota0: Broadcast received: ACTION_ANY_DATA_CONNECTION_STATE_CHANGEDmApnType=fota != received apnType=wap
07-25 14:31:33.089   648   648 D MobileDataStateTracker: supl0: receive android.intent.action.ANY_DATA_STATE
07-25 14:31:33.089   648   648 D MobileDataStateTracker: supl0: Broadcast received: ACTION_ANY_DATA_CONNECTION_STATE_CHANGEDmApnType=supl != received apnType=wap
07-25 14:31:33.089   648   648 D MobileDataStateTracker: mms0: receive android.intent.action.ANY_DATA_STATE
