07-25 14:31:33.459   648   648 D MobileDataStateTracker: ims0: receive android.intent.action.ANY_DATA_STATE
07-25 14:31:33.459   648   663 V WindowManager: Compute frame android/com.android.internal.app.ResolverActivity: sim=#20 attach=null type=1 flags=0x04820002 pf=[0,0][320,360] df=[0,0][320,360] of=[0,0][320,360] cf=[0,15][320,360] vf=[0,15][320,360] dcf=[0,15][320,360]
07-25 14:31:33.459   648   663 I WindowManager: Win Window{41aaea30 u0 StatusBar}: isVisibleOrBehindKeyguardLw=true
07-25 14:31:33.459   648   663 I WindowManager: Win Window{41994220 u0 android/com.android.internal.app.ResolverActivity}: isVisibleOrBehindKeyguardLw=true
07-25 14:31:33.459   648   663 I WindowManager: Win Window{419770e0 u0 com.android.systemui.ImageWallpaper}: isVisibleOrBehindKeyguardLw=false
07-25 14:31:33.459   648   663 I WindowManager: force=false forcefkg=false top=null
07-25 14:31:33.459   648   648 D MobileDataStateTracker: ims0: Broadcast received: ACTION_ANY_DATA_CONNECTION_STATE_CHANGEDmApnType=ims != received apnType=wap
07-25 14:31:33.459   648   648 D MobileDataStateTracker: fota0: receive android.intent.action.ANY_DATA_STATE
07-25 14:31:33.469   648   648 D MobileDataStateTracker: fota0: Broadcast received: ACTION_ANY_DATA_CONNECTION_STATE_CHANGEDmApnType=fota != received apnType=wap
07-25 14:31:33.469   648   648 D MobileDataStateTracker: supl0: receive android.intent.action.ANY_DATA_STATE
07-25 14:31:33.469   648   648 D MobileDataStateTracker: supl0: Broadcast received: ACTION_ANY_DATA_CONNECTION_STATE_CHANGEDmApnType=supl != received apnType=wap
07-25 14:31:33.469   648   648 D MobileDataStateTracker: mms0: receive android.intent.action.ANY_DATA_STATE
07-25 14:31:33.469   648   648 D MobileDataStateTracker: mms0: Broadcast received: ACTION_ANY_DATA_CONNECTION_STATE_CHANGEDmApnType=mms != received apnType=wap
07-25 14:31:33.469   648   648 D MobileDataStateTracker: default0: receive android.intent.action.ANY_DATA_STATE
07-25 14:31:33.469   648   648 D MobileDataStateTracker: default0: Broadcast received: ACTION_ANY_DATA_CONNECTION_STATE_CHANGEDmApnType=default != received apnType=wap
07-25 14:31:33.469   648   648 D MobileDataStateTracker: wap0: receive android.intent.action.ANY_DATA_STATE
07-25 14:31:33.469   648   648 D MobileDataStateTracker: wap0: Broadcast received: ACTION_ANY_DATA_CONNECTION_STATE_CHANGEDmApnType=wap != received apnType=fota
07-25 14:31:33.469   648   648 D MobileDataStateTracker: null0: receive android.intent.action.ANY_DATA_STATE
07-25 14:31:33.469   648   648 D MobileDataStateTracker: null0: Broadcast received: ACTION_ANY_DATA_CONNECTION_STATE_CHANGEDmApnType=null != received apnType=fota
07-25 14:31:33.469   648   648 D MobileDataStateTracker: xcap0: receive android.intent.action.ANY_DATA_STATE
07-25 14:31:33.469   648   648 D MobileDataStateTracker: xcap0: Broadcast received: ACTION_ANY_DATA_CONNECTION_STATE_CHANGEDmApnType=xcap != received apnType=fota
07-25 14:31:33.469   648   648 D MobileDataStateTracker: dm0: receive android.intent.action.ANY_DATA_STATE
07-25 14:31:33.469   648   648 D MobileDataStateTracker: dm0: Broadcast received: ACTION_ANY_DATA_CONNECTION_STATE_CHANGEDmApnType=dm != received apnType=fota
07-25 14:31:33.469   648   648 D MobileDataStateTracker: hipri0: receive android.intent.action.ANY_DATA_STATE
07-25 14:31:33.469   648   648 D MobileDataStateTracker: hipri0: Broadcast received: ACTION_ANY_DATA_CONNECTION_STATE_CHANGEDmApnType=hipri != received apnType=fota
07-25 14:31:33.469   648   648 D MobileDataStateTracker: cbs0: receive android.intent.action.ANY_DATA_STATE
07-25 14:31:33.469   648   648 D MobileDataStateTracker: cbs0: Broadcast received: ACTION_ANY_DATA_CONNECTION_STATE_CHANGEDmApnType=cbs != received apnType=fota
07-25 14:31:33.469   648   648 D MobileDataStateTracker: ims0: receive android.intent.action.ANY_DATA_STATE
07-25 14:31:33.469   648   648 D MobileDataStateTracker: ims0: Broadcast received: ACTION_ANY_DATA_CONNECTION_STATE_CHANGEDmApnType=ims != received apnType=fota
07-25 14:31:33.469   648   648 D MobileDataStateTracker: fota0: receive android.intent.action.ANY_DATA_STATE
07-25 14:31:33.469   648   648 D MobileDataStateTracker: fota0: Broadcast received: ACTION_ANY_DATA_CONNECTION_STATE_CHANGEDmApnType=fota == received apnType=fota
07-25 14:31:33.469   648   648 D MobileDataStateTracker: fota0: Broadcast received: android.intent.action.ANY_DATA_STATE apnType=fota
07-25 14:31:33.479   648   648 D MobileDataStateTracker: fota0: fota setting isAvailable to true
07-25 14:31:33.479   648   648 D MobileDataStateTracker: fota0: Received state=DISCONNECTED, old=DISCONNECTED, reason=roamingOff
07-25 14:31:33.479   648   648 D MobileDataStateTracker: supl0: receive android.intent.action.ANY_DATA_STATE
07-25 14:31:33.479   648   648 D MobileDataStateTracker: supl0: Broadcast received: ACTION_ANY_DATA_CONNECTION_STATE_CHANGEDmApnType=supl != received apnType=fota
07-25 14:31:33.479   648   648 D MobileDataStateTracker: mms0: receive android.intent.action.ANY_DATA_STATE
07-25 14:31:33.479   648   648 D MobileDataStateTracker: mms0: Broadcast received: ACTION_ANY_DATA_CONNECTION_STATE_CHANGEDmApnType=mms != received apnType=fota
07-25 14:31:33.479   648   663 I WindowManager: Win Window{41aaea30 u0 StatusBar}: isVisibleOrBehindKeyguardLw=true
07-25 14:31:33.479   648   663 I WindowManager: Win Window{41994220 u0 android/com.android.internal.app.ResolverActivity}: isVisibleOrBehindKeyguardLw=true
07-25 14:31:33.479   648   663 I WindowManager: Win Window{419770e0 u0 com.android.systemui.ImageWallpaper}: isVisibleOrBehindKeyguardLw=false
07-25 14:31:33.479   648   663 I WindowManager: force=false forcefkg=false top=null
07-25 14:31:33.479   648   648 D MobileDataStateTracker: default0: receive android.intent.action.ANY_DATA_STATE
07-25 14:31:33.479   648   648 D MobileDataStateTracker: default0: Broadcast received: ACTION_ANY_DATA_CONNECTION_STATE_CHANGEDmApnType=default != received apnType=fota
07-25 14:31:33.489   648   648 D MobileDataStateTracker: wap0: receive android.intent.action.ANY_DATA_STATE
07-25 14:31:33.489   648   648 D MobileDataStateTracker: wap0: Broadcast received: ACTION_ANY_DATA_CONNECTION_STATE_CHANGEDmApnType=wap != received apnType=supl
07-25 14:31:33.489   648   648 D MobileDataStateTracker: null0: receive android.intent.action.ANY_DATA_STATE
07-25 14:31:33.489   648   648 D MobileDataStateTracker: null0: Broadcast received: ACTION_ANY_DATA_CONNECTION_STATE_CHANGEDmApnType=null != received apnType=supl
07-25 14:31:33.489   648   648 D MobileDataStateTracker: xcap0: receive android.intent.action.ANY_DATA_STATE
07-25 14:31:33.489   648   648 D MobileDataStateTracker: xcap0: Broadcast received: ACTION_ANY_DATA_CONNECTION_STATE_CHANGEDmApnType=xcap != received apnType=supl
07-25 14:31:33.489   648   648 D MobileDataStateTracker: dm0: receive android.intent.action.ANY_DATA_STATE
07-25 14:31:33.489   648   648 D MobileDataStateTracker: dm0: Broadcast received: ACTION_ANY_DATA_CONNECTION_STATE_CHANGEDmApnType=dm != received apnType=supl
07-25 14:31:33.489   648   648 D MobileDataStateTracker: hipri0: receive android.intent.action.ANY_DATA_STATE
07-25 14:31:33.489   648   648 D MobileDataStateTracker: hipri0: Broadcast received: ACTION_ANY_DATA_CONNECTION_STATE_CHANGEDmApnType=hipri != received apnType=supl
07-25 14:31:33.499   648   648 D MobileDataStateTracker: cbs0: receive android.intent.action.ANY_DATA_STATE
07-25 14:31:33.499   648   648 D MobileDataStateTracker: cbs0: Broadcast received: ACTION_ANY_DATA_CONNECTION_STATE_CHANGEDmApnType=cbs != received apnType=supl
07-25 14:31:33.499   648   648 D MobileDataStateTracker: ims0: receive android.intent.action.ANY_DATA_STATE
07-25 14:31:33.499   648   648 D MobileDataStateTracker: ims0: Broadcast received: ACTION_ANY_DATA_CONNECTION_STATE_CHANGEDmApnType=ims != received apnType=supl
07-25 14:31:33.499   648   648 D MobileDataStateTracker: fota0: receive android.intent.action.ANY_DATA_STATE
07-25 14:31:33.499   648   648 D MobileDataStateTracker: fota0: Broadcast received: ACTION_ANY_DATA_CONNECTION_STATE_CHANGEDmApnType=fota != received apnType=supl
07-25 14:31:33.499   648   648 D MobileDataStateTracker: supl0: receive android.intent.action.ANY_DATA_STATE
07-25 14:31:33.499   648   648 D MobileDataStateTracker: supl0: Broadcast received: ACTION_ANY_DATA_CONNECTION_STATE_CHANGEDmApnType=supl == received apnType=supl
07-25 14:31:33.499   648   648 D MobileDataStateTracker: supl0: Broadcast received: android.intent.action.ANY_DATA_STATE apnType=supl
07-25 14:31:33.509   648   648 D MobileDataStateTracker: supl0: supl setting isAvailable to true
07-25 14:31:33.509   648   648 D MobileDataStateTracker: supl0: Received state=DISCONNECTED, old=DISCONNECTED, reason=roamingOff
07-25 14:31:33.509   648   648 D MobileDataStateTracker: mms0: receive android.intent.action.ANY_DATA_STATE
07-25 14:31:33.509   648   648 D MobileDataStateTracker: mms0: Broadcast received: ACTION_ANY_DATA_CONNECTION_STATE_CHANGEDmApnType=mms != received apnType=supl
07-25 14:31:33.509   648   648 D MobileDataStateTracker: default0: receive android.intent.action.ANY_DATA_STATE
07-25 14:31:33.509   648   648 D MobileDataStateTracker: default0: Broadcast received: ACTION_ANY_DATA_CONNECTION_STATE_CHANGEDmApnType=default != received apnType=supl
07-25 14:31:33.509   648   648 D MobileDataStateTracker: wap0: receive android.intent.action.ANY_DATA_STATE
07-25 14:31:33.509   648   648 D MobileDataStateTracker: wap0: Broadcast received: ACTION_ANY_DATA_CONNECTION_STATE_CHANGEDmApnType=wap != received apnType=hipri
07-25 14:31:33.509   648   648 D MobileDataStateTracker: null0: receive android.intent.action.ANY_DATA_STATE
07-25 14:31:33.509   648   648 D MobileDataStateTracker: null0: Broadcast received: ACTION_ANY_DATA_CONNECTION_STATE_CHANGEDmApnType=null != received apnType=hipri
07-25 14:31:33.509   648   648 D MobileDataStateTracker: xcap0: receive android.intent.action.ANY_DATA_STATE
07-25 14:31:33.519   648   648 D MobileDataStateTracker: xcap0: Broadcast received: ACTION_ANY_DATA_CONNECTION_STATE_CHANGEDmApnType=xcap != received apnType=hipri
07-25 14:31:33.519   648   648 D MobileDataStateTracker: dm0: receive android.intent.action.ANY_DATA_STATE
07-25 14:31:33.519   648   648 D MobileDataStateTracker: dm0: Broadcast received: ACTION_ANY_DATA_CONNECTION_STATE_CHANGEDmApnType=dm != received apnType=hipri
07-25 14:31:33.519   648   648 D MobileDataStateTracker: hipri0: receive android.intent.action.ANY_DATA_STATE
07-25 14:31:33.519   648   648 D MobileDataStateTracker: hipri0: Broadcast received: ACTION_ANY_DATA_CONNECTION_STATE_CHANGEDmApnType=hipri == received apnType=hipri
07-25 14:31:33.519   648   648 D MobileDataStateTracker: hipri0: Broadcast received: android.intent.action.ANY_DATA_STATE apnType=hipri
07-25 14:31:33.519   648   648 D MobileDataStateTracker: hipri0: hipri setting isAvailable to true
07-25 14:31:33.519   648   648 D MobileDataStateTracker: hipri0: Received state=DISCONNECTED, old=DISCONNECTED, reason=roamingOff
07-25 14:31:33.519   648   648 D MobileDataStateTracker: cbs0: receive android.intent.action.ANY_DATA_STATE
07-25 14:31:33.519   648   648 D MobileDataStateTracker: cbs0: Broadcast received: ACTION_ANY_DATA_CONNECTION_STATE_CHANGEDmApnType=cbs != received apnType=hipri
07-25 14:31:33.519   648   648 D MobileDataStateTracker: ims0: receive android.intent.action.ANY_DATA_STATE
07-25 14:31:33.519   648   648 D MobileDataStateTracker: ims0: Broadcast received: ACTION_ANY_DATA_CONNECTION_STATE_CHANGEDmApnType=ims != received apnType=hipri
07-25 14:31:33.519   648   648 D MobileDataStateTracker: fota0: receive android.intent.action.ANY_DATA_STATE
07-25 14:31:33.519   648   648 D MobileDataStateTracker: fota0: Broadcast received: ACTION_ANY_DATA_CONNECTION_STATE_CHANGEDmApnType=fota != received apnType=hipri
07-25 14:31:33.519   648   648 D MobileDataStateTracker: supl0: receive android.intent.action.ANY_DATA_STATE
07-25 14:31:33.519   648   648 D MobileDataStateTracker: supl0: Broadcast received: ACTION_ANY_DATA_CONNECTION_STATE_CHANGEDmApnType=supl != received apnType=hipri
07-25 14:31:33.519   648  1001 D PowerManagerService: releaseWakeLockInternal: lock=1099387712 [ActivityManager-Launch], flags=0x0 pkg name:android
07-25 14:31:33.529   648   648 D MobileDataStateTracker: mms0: receive android.intent.action.ANY_DATA_STATE
07-25 14:31:33.529   648   648 D MobileDataStateTracker: mms0: Broadcast received: ACTION_ANY_DATA_CONNECTION_STATE_CHANGEDmApnType=mms != received apnType=hipri
07-25 14:31:33.529   648   648 D MobileDataStateTracker: default0: receive android.intent.action.ANY_DATA_STATE
07-25 14:31:33.529   648   648 D MobileDataStateTracker: default0: Broadcast received: ACTION_ANY_DATA_CONNECTION_STATE_CHANGEDmApnType=default != received apnType=hipri
07-25 14:31:33.529   648   648 D MobileDataStateTracker: wap0: receive android.intent.action.ANY_DATA_STATE
07-25 14:31:33.529   648   648 D MobileDataStateTracker: wap0: Broadcast received: ACTION_ANY_DATA_CONNECTION_STATE_CHANGEDmApnType=wap != received apnType=ims
07-25 14:31:33.529   648   648 D MobileDataStateTracker: null0: receive android.intent.action.ANY_DATA_STATE
07-25 14:31:33.529   648   648 D MobileDataStateTracker: null0: Broadcast received: ACTION_ANY_DATA_CONNECTION_STATE_CHANGEDmApnType=null != received apnType=ims
07-25 14:31:33.529   648   648 D MobileDataStateTracker: xcap0: receive android.intent.action.ANY_DATA_STATE
07-25 14:31:33.529   648   648 D MobileDataStateTracker: xcap0: Broadcast received: ACTION_ANY_DATA_CONNECTION_STATE_CHANGEDmApnType=xcap != received apnType=ims
07-25 14:31:33.529   648   648 D MobileDataStateTracker: dm0: receive android.intent.action.ANY_DATA_STATE
07-25 14:31:33.529   648   648 D MobileDataStateTracker: dm0: Broadcast received: ACTION_ANY_DATA_CONNECTION_STATE_CHANGEDmApnType=dm != received apnType=ims
07-25 14:31:33.529   648   648 D MobileDataStateTracker: hipri0: receive android.intent.action.ANY_DATA_STATE
07-25 14:31:33.529   648   648 D MobileDataStateTracker: hipri0: Broadcast received: ACTION_ANY_DATA_CONNECTION_STATE_CHANGEDmApnType=hipri != received apnType=ims
07-25 14:31:33.529   648   648 D MobileDataStateTracker: cbs0: receive android.intent.action.ANY_DATA_STATE
07-25 14:31:33.529   648   648 D MobileDataStateTracker: cbs0: Broadcast received: ACTION_ANY_DATA_CONNECTION_STATE_CHANGEDmApnType=cbs != received apnType=ims
07-25 14:31:33.529   648   648 D MobileDataStateTracker: ims0: receive android.intent.action.ANY_DATA_STATE
07-25 14:31:33.529   648   648 D MobileDataStateTracker: ims0: Broadcast received: ACTION_ANY_DATA_CONNECTION_STATE_CHANGEDmApnType=ims == received apnType=ims
07-25 14:31:33.529   648   648 D MobileDataStateTracker: ims0: Broadcast received: android.intent.action.ANY_DATA_STATE apnType=ims
07-25 14:31:33.539   648   648 D MobileDataStateTracker: ims0: ims setting isAvailable to true
07-25 14:31:33.539   648   648 D MobileDataStateTracker: ims0: Received state=DISCONNECTED, old=DISCONNECTED, reason=roamingOff
07-25 14:31:33.539   648   648 D MobileDataStateTracker: fota0: receive android.intent.action.ANY_DATA_STATE
07-25 14:31:33.539   648   648 D MobileDataStateTracker: fota0: Broadcast received: ACTION_ANY_DATA_CONNECTION_STATE_CHANGEDmApnType=fota != received apnType=ims
07-25 14:31:33.539   648   648 D MobileDataStateTracker: supl0: receive android.intent.action.ANY_DATA_STATE
07-25 14:31:33.539   648   648 D MobileDataStateTracker: supl0: Broadcast received: ACTION_ANY_DATA_CONNECTION_STATE_CHANGEDmApnType=supl != received apnType=ims
07-25 14:31:33.539   648   648 D MobileDataStateTracker: mms0: receive android.intent.action.ANY_DATA_STATE
07-25 14:31:33.539   648   648 D MobileDataStateTracker: mms0: Broadcast received: ACTION_ANY_DATA_CONNECTION_STATE_CHANGEDmApnType=mms != received apnType=ims
07-25 14:31:33.539   648   648 D MobileDataStateTracker: default0: receive android.intent.action.ANY_DATA_STATE
07-25 14:31:33.539   648   648 D MobileDataStateTracker: default0: Broadcast received: ACTION_ANY_DATA_CONNECTION_STATE_CHANGEDmApnType=default != received apnType=ims
07-25 14:31:33.539   648   648 D MobileDataStateTracker: wap0: receive android.intent.action.ANY_DATA_STATE
07-25 14:31:33.539   648   648 D MobileDataStateTracker: wap0: Broadcast received: ACTION_ANY_DATA_CONNECTION_STATE_CHANGEDmApnType=wap != received apnType=default
07-25 14:31:33.539   648   648 D MobileDataStateTracker: null0: receive android.intent.action.ANY_DATA_STATE
07-25 14:31:33.539   648   648 D MobileDataStateTracker: null0: Broadcast received: ACTION_ANY_DATA_CONNECTION_STATE_CHANGEDmApnType=null != received apnType=default
07-25 14:31:33.539   648  1001 D BroadcastQueue: enqueueOrderedBroadcastLocked after add: BroadcastRecord{41e17398 u0 android.intent.action.BOOT_COMPLETED} , the first order broadcast is:BroadcastRecord{41db1578 u-1 android.hardware.usb.action.USB_STATE} size:10 is: background
07-25 14:31:33.539   648   648 D MobileDataStateTracker: xcap0: receive android.intent.action.ANY_DATA_STATE
07-25 14:31:33.539   648   648 D MobileDataStateTracker: xcap0: Broadcast received: ACTION_ANY_DATA_CONNECTION_STATE_CHANGEDmApnType=xcap != received apnType=default
07-25 14:31:33.539   648   648 D MobileDataStateTracker: dm0: receive android.intent.action.ANY_DATA_STATE
07-25 14:31:33.539   648   648 D MobileDataStateTracker: dm0: Broadcast received: ACTION_ANY_DATA_CONNECTION_STATE_CHANGEDmApnType=dm != received apnType=default
07-25 14:31:33.539   648   648 D MobileDataStateTracker: hipri0: receive android.intent.action.ANY_DATA_STATE
07-25 14:31:33.539   648  1001 D BroadcastQueue: Schedule broadcasts [background]: current=false
07-25 14:31:33.539   648   648 D MobileDataStateTracker: hipri0: Broadcast received: ACTION_ANY_DATA_CONNECTION_STATE_CHANGEDmApnType=hipri != received apnType=default
07-25 14:31:33.539   648   648 D MobileDataStateTracker: cbs0: receive android.intent.action.ANY_DATA_STATE
07-25 14:31:33.539   648   648 D MobileDataStateTracker: cbs0: Broadcast received: ACTION_ANY_DATA_CONNECTION_STATE_CHANGEDmApnType=cbs != received apnType=default
07-25 14:31:33.539   648   648 D MobileDataStateTracker: ims0: receive android.intent.action.ANY_DATA_STATE
07-25 14:31:33.539   648   648 D MobileDataStateTracker: ims0: Broadcast received: ACTION_ANY_DATA_CONNECTION_STATE_CHANGEDmApnType=ims != received apnType=default
07-25 14:31:33.539   648   648 D MobileDataStateTracker: fota0: receive android.intent.action.ANY_DATA_STATE
07-25 14:31:33.539   648   648 D MobileDataStateTracker: fota0: Broadcast received: ACTION_ANY_DATA_CONNECTION_STATE_CHANGEDmApnType=fota != received apnType=default
07-25 14:31:33.539   648   648 D MobileDataStateTracker: supl0: receive android.intent.action.ANY_DATA_STATE
07-25 14:31:33.539   648   648 D MobileDataStateTracker: supl0: Broadcast received: ACTION_ANY_DATA_CONNECTION_STATE_CHANGEDmApnType=supl != received apnType=default
07-25 14:31:33.539   648   648 D MobileDataStateTracker: mms0: receive android.intent.action.ANY_DATA_STATE
07-25 14:31:33.539   648   648 D MobileDataStateTracker: mms0: Broadcast received: ACTION_ANY_DATA_CONNECTION_STATE_CHANGEDmApnType=mms != received apnType=default
07-25 14:31:33.539   648   648 D MobileDataStateTracker: default0: receive android.intent.action.ANY_DATA_STATE
07-25 14:31:33.539   648   648 D MobileDataStateTracker: default0: Broadcast received: ACTION_ANY_DATA_CONNECTION_STATE_CHANGEDmApnType=default == received apnType=default
07-25 14:31:33.539   648   648 D MobileDataStateTracker: default0: Broadcast received: android.intent.action.ANY_DATA_STATE apnType=default
07-25 14:31:33.549   648   648 D MobileDataStateTracker: default0: default setting isAvailable to true
07-25 14:31:33.549   648   648 D MobileDataStateTracker: default0: Received state=DISCONNECTED, old=DISCONNECTED, reason=roamingOff
07-25 14:31:33.549   648  1001 D WindowManager: performEnableScreen: mDisplayEnabled=false mForceDisplayEnabled=false mShowingBootMessages=false mSystemBooted=true mOnlyCore=false
07-25 14:31:33.549   648   648 D MobileDataStateTracker: wap0: receive android.intent.action.ANY_DATA_STATE
07-25 14:31:33.549   648  1001 D WindowManager: performEnableScreen booted=true msg=false haveBoot=false haveApp=false haveWall=true wallEnabled=true haveKeyguard=true
07-25 14:31:33.549   648   648 D MobileDataStateTracker: wap0: Broadcast received: ACTION_ANY_DATA_CONNECTION_STATE_CHANGEDmApnType=wap != received apnType=mms
07-25 14:31:33.549   648   648 D MobileDataStateTracker: null0: receive android.intent.action.ANY_DATA_STATE
07-25 14:31:33.549   648   648 D MobileDataStateTracker: null0: Broadcast received: ACTION_ANY_DATA_CONNECTION_STATE_CHANGEDmApnType=null != received apnType=mms
07-25 14:31:33.549   648  1001 D WindowManager: Setting event dispatching to true
07-25 14:31:33.549   648   648 D MobileDataStateTracker: xcap0: receive android.intent.action.ANY_DATA_STATE
07-25 14:31:33.549   648  1001 I WindowManager: mDock rect: (0,0 - 320,360)
07-25 14:31:33.549   648   648 D MobileDataStateTracker: xcap0: Broadcast received: ACTION_ANY_DATA_CONNECTION_STATE_CHANGEDmApnType=xcap != received apnType=mms
07-25 14:31:33.549   648   648 D MobileDataStateTracker: dm0: receive android.intent.action.ANY_DATA_STATE
07-25 14:31:33.549   648  1001 V WindowManager: Status bar: dock=[0,15][320,360] content=[0,15][320,360] cur=[0,15][320,360]
07-25 14:31:33.549   648   648 D MobileDataStateTracker: dm0: Broadcast received: ACTION_ANY_DATA_CONNECTION_STATE_CHANGEDmApnType=dm != received apnType=mms
07-25 14:31:33.549   648   648 D MobileDataStateTracker: hipri0: receive android.intent.action.ANY_DATA_STATE
07-25 14:31:33.549   648   648 D MobileDataStateTracker: hipri0: Broadcast received: ACTION_ANY_DATA_CONNECTION_STATE_CHANGEDmApnType=hipri != received apnType=mms
07-25 14:31:33.549   648   648 D MobileDataStateTracker: cbs0: receive android.intent.action.ANY_DATA_STATE
07-25 14:31:33.549   648  1001 V WindowManager: layoutWindowLw(android/com.android.internal.app.ResolverActivity): IN_SCREEN
07-25 14:31:33.549   648   648 D MobileDataStateTracker: cbs0: Broadcast received: ACTION_ANY_DATA_CONNECTION_STATE_CHANGEDmApnType=cbs != received apnType=mms
07-25 14:31:33.549   648  1001 V WindowManager: Compute frame android/com.android.internal.app.ResolverActivity: sim=#20 attach=null type=1 flags=0x04820002 pf=[0,0][320,360] df=[0,0][320,360] of=[0,0][320,360] cf=[0,15][320,360] vf=[0,15][320,360] dcf=[0,15][320,360]
07-25 14:31:33.549   648   648 D MobileDataStateTracker: ims0: receive android.intent.action.ANY_DATA_STATE
07-25 14:31:33.549   648   648 D MobileDataStateTracker: ims0: Broadcast received: ACTION_ANY_DATA_CONNECTION_STATE_CHANGEDmApnType=ims != received apnType=mms
07-25 14:31:33.549   648   648 D MobileDataStateTracker: fota0: receive android.intent.action.ANY_DATA_STATE
07-25 14:31:33.549   648   648 D MobileDataStateTracker: fota0: Broadcast received: ACTION_ANY_DATA_CONNECTION_STATE_CHANGEDmApnType=fota != received apnType=mms
07-25 14:31:33.549   648  1001 I WindowManager: Win Window{41aaea30 u0 StatusBar}: isVisibleOrBehindKeyguardLw=true
07-25 14:31:33.549   648   648 D MobileDataStateTracker: supl0: receive android.intent.action.ANY_DATA_STATE
07-25 14:31:33.549   648   648 D MobileDataStateTracker: supl0: Broadcast received: ACTION_ANY_DATA_CONNECTION_STATE_CHANGEDmApnType=supl != received apnType=mms
07-25 14:31:33.549   648  1001 I WindowManager: Win Window{41994220 u0 android/com.android.internal.app.ResolverActivity}: isVisibleOrBehindKeyguardLw=true
07-25 14:31:33.549   648   648 D MobileDataStateTracker: mms0: receive android.intent.action.ANY_DATA_STATE
07-25 14:31:33.549   648  1001 I WindowManager: Win Window{419770e0 u0 com.android.systemui.ImageWallpaper}: isVisibleOrBehindKeyguardLw=false
07-25 14:31:33.549   648   648 D MobileDataStateTracker: mms0: Broadcast received: ACTION_ANY_DATA_CONNECTION_STATE_CHANGEDmApnType=mms == received apnType=mms
07-25 14:31:33.549   648  1001 I WindowManager: force=false forcefkg=false top=null
07-25 14:31:33.549   648   648 D MobileDataStateTracker: mms0: Broadcast received: android.intent.action.ANY_DATA_STATE apnType=mms
07-25 14:31:33.559   648   648 D MobileDataStateTracker: mms0: mms setting isAvailable to true
07-25 14:31:33.559   648   648 D MobileDataStateTracker: mms0: Received state=DISCONNECTED, old=DISCONNECTED, reason=roamingOff
07-25 14:31:33.559   648   648 D MobileDataStateTracker: default0: receive android.intent.action.ANY_DATA_STATE
07-25 14:31:33.559   648   648 D MobileDataStateTracker: default0: Broadcast received: ACTION_ANY_DATA_CONNECTION_STATE_CHANGEDmApnType=default != received apnType=mms
07-25 14:31:33.559   648   648 D MobileDataStateTracker: wap0: receive android.intent.action.ANY_DATA_STATE
07-25 14:31:33.559   648   648 D MobileDataStateTracker: wap0: Broadcast received: ACTION_ANY_DATA_CONNECTION_STATE_CHANGEDmApnType=wap != received apnType=cbs
07-25 14:31:33.559   648   648 D MobileDataStateTracker: null0: receive android.intent.action.ANY_DATA_STATE
07-25 14:31:33.559   648   648 D MobileDataStateTracker: null0: Broadcast received: ACTION_ANY_DATA_CONNECTION_STATE_CHANGEDmApnType=null != received apnType=cbs
07-25 14:31:33.559   648   648 D MobileDataStateTracker: xcap0: receive android.intent.action.ANY_DATA_STATE
07-25 14:31:33.559   648  1001 I WindowManager: Win Window{41aaea30 u0 StatusBar}: isVisibleOrBehindKeyguardLw=true
07-25 14:31:33.559   648   648 D MobileDataStateTracker: xcap0: Broadcast received: ACTION_ANY_DATA_CONNECTION_STATE_CHANGEDmApnType=xcap != received apnType=cbs
07-25 14:31:33.559   648  1001 I WindowManager: Win Window{41994220 u0 android/com.android.internal.app.ResolverActivity}: isVisibleOrBehindKeyguardLw=true
07-25 14:31:33.559   648   648 D MobileDataStateTracker: dm0: receive android.intent.action.ANY_DATA_STATE
07-25 14:31:33.559   648  1001 I WindowManager: Win Window{419770e0 u0 com.android.systemui.ImageWallpaper}: isVisibleOrBehindKeyguardLw=false
07-25 14:31:33.559   648   648 D MobileDataStateTracker: dm0: Broadcast received: ACTION_ANY_DATA_CONNECTION_STATE_CHANGEDmApnType=dm != received apnType=cbs
07-25 14:31:33.559   648  1001 I WindowManager: force=false forcefkg=false top=null
07-25 14:31:33.559   648   648 D MobileDataStateTracker: hipri0: receive android.intent.action.ANY_DATA_STATE
07-25 14:31:33.559   648   648 D MobileDataStateTracker: hipri0: Broadcast received: ACTION_ANY_DATA_CONNECTION_STATE_CHANGEDmApnType=hipri != received apnType=cbs
07-25 14:31:33.559   648   648 D MobileDataStateTracker: cbs0: receive android.intent.action.ANY_DATA_STATE
07-25 14:31:33.559   648   648 D MobileDataStateTracker: cbs0: Broadcast received: ACTION_ANY_DATA_CONNECTION_STATE_CHANGEDmApnType=cbs == received apnType=cbs
07-25 14:31:33.559   648   648 D MobileDataStateTracker: cbs0: Broadcast received: android.intent.action.ANY_DATA_STATE apnType=cbs
07-25 14:31:33.559   648   648 D MobileDataStateTracker: cbs0: cbs setting isAvailable to true
07-25 14:31:33.559   648   648 D MobileDataStateTracker: cbs0: Received state=DISCONNECTED, old=DISCONNECTED, reason=roamingOff
07-25 14:31:33.559   648   648 D MobileDataStateTracker: ims0: receive android.intent.action.ANY_DATA_STATE
07-25 14:31:33.559   648  1001 I WindowManager: mDock rect: (0,0 - 320,360)
07-25 14:31:33.559   648   648 D MobileDataStateTracker: ims0: Broadcast received: ACTION_ANY_DATA_CONNECTION_STATE_CHANGEDmApnType=ims != received apnType=cbs
07-25 14:31:33.559   648  1001 V WindowManager: Status bar: dock=[0,15][320,360] content=[0,15][320,360] cur=[0,15][320,360]
07-25 14:31:33.559   648   648 D MobileDataStateTracker: fota0: receive android.intent.action.ANY_DATA_STATE
07-25 14:31:33.559   648   648 D MobileDataStateTracker: fota0: Broadcast received: ACTION_ANY_DATA_CONNECTION_STATE_CHANGEDmApnType=fota != received apnType=cbs
07-25 14:31:33.559   648   648 D MobileDataStateTracker: supl0: receive android.intent.action.ANY_DATA_STATE
07-25 14:31:33.559   648   648 D MobileDataStateTracker: supl0: Broadcast received: ACTION_ANY_DATA_CONNECTION_STATE_CHANGEDmApnType=supl != received apnType=cbs
07-25 14:31:33.559   648  1001 V WindowManager: layoutWindowLw(android/com.android.internal.app.ResolverActivity): IN_SCREEN
07-25 14:31:33.569   648   648 D MobileDataStateTracker: mms0: receive android.intent.action.ANY_DATA_STATE
07-25 14:31:33.569   648   648 D MobileDataStateTracker: mms0: Broadcast received: ACTION_ANY_DATA_CONNECTION_STATE_CHANGEDmApnType=mms != received apnType=cbs
07-25 14:31:33.569   648  1001 V WindowManager: Compute frame android/com.android.internal.app.ResolverActivity: sim=#20 attach=null type=1 flags=0x04820002 pf=[0,0][320,360] df=[0,0][320,360] of=[0,0][320,360] cf=[0,15][320,360] vf=[0,15][320,360] dcf=[0,15][320,360]
07-25 14:31:33.569   648   648 D MobileDataStateTracker: default0: receive android.intent.action.ANY_DATA_STATE
07-25 14:31:33.569   648   648 D MobileDataStateTracker: default0: Broadcast received: ACTION_ANY_DATA_CONNECTION_STATE_CHANGEDmApnType=default != received apnType=cbs
07-25 14:31:33.569   648  1001 I WindowManager: Win Window{41aaea30 u0 StatusBar}: isVisibleOrBehindKeyguardLw=true
07-25 14:31:33.569   648   648 D MobileDataStateTracker: wap0: receive android.intent.action.ANY_DATA_STATE
07-25 14:31:33.569   648   648 D MobileDataStateTracker: wap0: Broadcast received: ACTION_ANY_DATA_CONNECTION_STATE_CHANGEDmApnType=wap != received apnType=xcap
07-25 14:31:33.569   648   648 D MobileDataStateTracker: null0: receive android.intent.action.ANY_DATA_STATE
07-25 14:31:33.569   648  1001 I WindowManager: Win Window{41994220 u0 android/com.android.internal.app.ResolverActivity}: isVisibleOrBehindKeyguardLw=true
07-25 14:31:33.569   648  1001 I WindowManager: Win Window{419770e0 u0 com.android.systemui.ImageWallpaper}: isVisibleOrBehindKeyguardLw=false
07-25 14:31:33.569   648   648 D MobileDataStateTracker: null0: Broadcast received: ACTION_ANY_DATA_CONNECTION_STATE_CHANGEDmApnType=null != received apnType=xcap
07-25 14:31:33.569   648  1001 I WindowManager: force=false forcefkg=false top=null
07-25 14:31:33.569   648   648 D MobileDataStateTracker: xcap0: receive android.intent.action.ANY_DATA_STATE
07-25 14:31:33.569   648   648 D MobileDataStateTracker: xcap0: Broadcast received: ACTION_ANY_DATA_CONNECTION_STATE_CHANGEDmApnType=xcap == received apnType=xcap
07-25 14:31:33.569   648   648 D MobileDataStateTracker: xcap0: Broadcast received: android.intent.action.ANY_DATA_STATE apnType=xcap
07-25 14:31:33.569   648   648 D MobileDataStateTracker: xcap0: xcap setting isAvailable to true
07-25 14:31:33.569   648   648 D MobileDataStateTracker: xcap0: Received state=DISCONNECTED, old=DISCONNECTED, reason=roamingOff
07-25 14:31:33.569   648   648 D MobileDataStateTracker: dm0: receive android.intent.action.ANY_DATA_STATE
07-25 14:31:33.569   648   664 D BroadcastQueue: Received BROADCAST_INTENT_MSG
07-25 14:31:33.569   648   664 D BroadcastQueue: processNextBroadcast(background) called when not idle (state=1)
07-25 14:31:33.569   648   778 D ConnectivityService: onUidRulesChanged(uid=10021, uidRules=0)
07-25 14:31:33.569   648   648 D MobileDataStateTracker: dm0: Broadcast received: ACTION_ANY_DATA_CONNECTION_STATE_CHANGEDmApnType=dm != received apnType=xcap
07-25 14:31:33.569   648   648 D MobileDataStateTracker: hipri0: receive android.intent.action.ANY_DATA_STATE
07-25 14:31:33.569   648   648 D MobileDataStateTracker: hipri0: Broadcast received: ACTION_ANY_DATA_CONNECTION_STATE_CHANGEDmApnType=hipri != received apnType=xcap
07-25 14:31:33.569   648   648 D MobileDataStateTracker: cbs0: receive android.intent.action.ANY_DATA_STATE
07-25 14:31:33.569   648   648 D MobileDataStateTracker: cbs0: Broadcast received: ACTION_ANY_DATA_CONNECTION_STATE_CHANGEDmApnType=cbs != received apnType=xcap
07-25 14:31:33.569   648   648 D MobileDataStateTracker: ims0: receive android.intent.action.ANY_DATA_STATE
07-25 14:31:33.579   648   648 D MobileDataStateTracker: ims0: Broadcast received: ACTION_ANY_DATA_CONNECTION_STATE_CHANGEDmApnType=ims != received apnType=xcap
07-25 14:31:33.579   648   648 D MobileDataStateTracker: fota0: receive android.intent.action.ANY_DATA_STATE
07-25 14:31:33.579   648   648 D MobileDataStateTracker: fota0: Broadcast received: ACTION_ANY_DATA_CONNECTION_STATE_CHANGEDmApnType=fota != received apnType=xcap
07-25 14:31:33.579   648   648 D MobileDataStateTracker: supl0: receive android.intent.action.ANY_DATA_STATE
07-25 14:31:33.579   648   648 D MobileDataStateTracker: supl0: Broadcast received: ACTION_ANY_DATA_CONNECTION_STATE_CHANGEDmApnType=supl != received apnType=xcap
07-25 14:31:33.579   648   648 D MobileDataStateTracker: mms0: receive android.intent.action.ANY_DATA_STATE
07-25 14:31:33.579   648   648 D MobileDataStateTracker: mms0: Broadcast received: ACTION_ANY_DATA_CONNECTION_STATE_CHANGEDmApnType=mms != received apnType=xcap
07-25 14:31:33.579   648   648 D MobileDataStateTracker: default0: receive android.intent.action.ANY_DATA_STATE
07-25 14:31:33.579   648   648 D MobileDataStateTracker: default0: Broadcast received: ACTION_ANY_DATA_CONNECTION_STATE_CHANGEDmApnType=default != received apnType=xcap
07-25 14:31:33.579   648   648 D MobileDataStateTracker: wap0: receive android.intent.action.ANY_DATA_STATE
07-25 14:31:33.579   648   648 D MobileDataStateTracker: wap0: Broadcast received: ACTION_ANY_DATA_CONNECTION_STATE_CHANGEDmApnType=wap != received apnType=dm
07-25 14:31:33.579   648   648 D MobileDataStateTracker: null0: receive android.intent.action.ANY_DATA_STATE
07-25 14:31:33.579   648   648 D MobileDataStateTracker: null0: Broadcast received: ACTION_ANY_DATA_CONNECTION_STATE_CHANGEDmApnType=null != received apnType=dm
07-25 14:31:33.579   648   648 D MobileDataStateTracker: xcap0: receive android.intent.action.ANY_DATA_STATE
07-25 14:31:33.579   648   648 D MobileDataStateTracker: xcap0: Broadcast received: ACTION_ANY_DATA_CONNECTION_STATE_CHANGEDmApnType=xcap != received apnType=dm
07-25 14:31:33.579   648   648 D MobileDataStateTracker: dm0: receive android.intent.action.ANY_DATA_STATE
07-25 14:31:33.579   648   648 D MobileDataStateTracker: dm0: Broadcast received: ACTION_ANY_DATA_CONNECTION_STATE_CHANGEDmApnType=dm == received apnType=dm
07-25 14:31:33.579   648   648 D MobileDataStateTracker: dm0: Broadcast received: android.intent.action.ANY_DATA_STATE apnType=dm
07-25 14:31:33.579   648   648 D MobileDataStateTracker: dm0: dm setting isAvailable to true
07-25 14:31:33.579   648   648 D MobileDataStateTracker: dm0: Received state=DISCONNECTED, old=DISCONNECTED, reason=roamingOff
07-25 14:31:33.579   648   648 D MobileDataStateTracker: hipri0: receive android.intent.action.ANY_DATA_STATE
07-25 14:31:33.579   648   648 D MobileDataStateTracker: hipri0: Broadcast received: ACTION_ANY_DATA_CONNECTION_STATE_CHANGEDmApnType=hipri != received apnType=dm
07-25 14:31:33.579   648   648 D MobileDataStateTracker: cbs0: receive android.intent.action.ANY_DATA_STATE
07-25 14:31:33.579   648   648 D MobileDataStateTracker: cbs0: Broadcast received: ACTION_ANY_DATA_CONNECTION_STATE_CHANGEDmApnType=cbs != received apnType=dm
07-25 14:31:33.579   648   648 D MobileDataStateTracker: ims0: receive android.intent.action.ANY_DATA_STATE
07-25 14:31:33.579   648   648 D MobileDataStateTracker: ims0: Broadcast received: ACTION_ANY_DATA_CONNECTION_STATE_CHANGEDmApnType=ims != received apnType=dm
07-25 14:31:33.579   648   648 D MobileDataStateTracker: fota0: receive android.intent.action.ANY_DATA_STATE
07-25 14:31:33.579   648   648 D MobileDataStateTracker: fota0: Broadcast received: ACTION_ANY_DATA_CONNECTION_STATE_CHANGEDmApnType=fota != received apnType=dm
07-25 14:31:33.579   648   648 D MobileDataStateTracker: supl0: receive android.intent.action.ANY_DATA_STATE
07-25 14:31:33.579   648   648 D MobileDataStateTracker: supl0: Broadcast received: ACTION_ANY_DATA_CONNECTION_STATE_CHANGEDmApnType=supl != received apnType=dm
07-25 14:31:33.579   648   648 D MobileDataStateTracker: mms0: receive android.intent.action.ANY_DATA_STATE
07-25 14:31:33.579   648   648 D MobileDataStateTracker: mms0: Broadcast received: ACTION_ANY_DATA_CONNECTION_STATE_CHANGEDmApnType=mms != received apnType=dm
07-25 14:31:33.579   648   648 D MobileDataStateTracker: default0: receive android.intent.action.ANY_DATA_STATE
07-25 14:31:33.579   648   648 D MobileDataStateTracker: default0: Broadcast received: ACTION_ANY_DATA_CONNECTION_STATE_CHANGEDmApnType=default != received apnType=dm
07-25 14:31:33.579   648   648 D MobileDataStateTracker: wap0: receive android.intent.action.ANY_DATA_STATE
07-25 14:31:33.579   648   648 D MobileDataStateTracker: wap0: Broadcast received: ACTION_ANY_DATA_CONNECTION_STATE_CHANGEDmApnType=wap == received apnType=wap
07-25 14:31:33.579   648   648 D MobileDataStateTracker: wap0: Broadcast received: android.intent.action.ANY_DATA_STATE apnType=wap
07-25 14:31:33.579   648   648 D MobileDataStateTracker: wap0: wap setting isAvailable to true
07-25 14:31:33.589   648   648 D MobileDataStateTracker: wap0: Received state=DISCONNECTED, old=DISCONNECTED, reason=roamingOff
07-25 14:31:33.589   648   648 D MobileDataStateTracker: null0: receive android.intent.action.ANY_DATA_STATE
07-25 14:31:33.589   648   648 D MobileDataStateTracker: null0: Broadcast received: ACTION_ANY_DATA_CONNECTION_STATE_CHANGEDmApnType=null != received apnType=wap
07-25 14:31:33.589   648   648 D MobileDataStateTracker: xcap0: receive android.intent.action.ANY_DATA_STATE
07-25 14:31:33.589   648   648 D MobileDataStateTracker: xcap0: Broadcast received: ACTION_ANY_DATA_CONNECTION_STATE_CHANGEDmApnType=xcap != received apnType=wap
07-25 14:31:33.589   648   648 D MobileDataStateTracker: dm0: receive android.intent.action.ANY_DATA_STATE
07-25 14:31:33.589   648   648 D MobileDataStateTracker: dm0: Broadcast received: ACTION_ANY_DATA_CONNECTION_STATE_CHANGEDmApnType=dm != received apnType=wap
07-25 14:31:33.589   648   648 D MobileDataStateTracker: hipri0: receive android.intent.action.ANY_DATA_STATE
07-25 14:31:33.589   648   648 D MobileDataStateTracker: hipri0: Broadcast received: ACTION_ANY_DATA_CONNECTION_STATE_CHANGEDmApnType=hipri != received apnType=wap
07-25 14:31:33.589   648   648 D MobileDataStateTracker: cbs0: receive android.intent.action.ANY_DATA_STATE
07-25 14:31:33.589   648   648 D MobileDataStateTracker: cbs0: Broadcast received: ACTION_ANY_DATA_CONNECTION_STATE_CHANGEDmApnType=cbs != received apnType=wap
07-25 14:31:33.589   648   648 D MobileDataStateTracker: ims0: receive android.intent.action.ANY_DATA_STATE
07-25 14:31:33.589   648   648 D MobileDataStateTracker: ims0: Broadcast received: ACTION_ANY_DATA_CONNECTION_STATE_CHANGEDmApnType=ims != received apnType=wap
07-25 14:31:33.589   648   648 D MobileDataStateTracker: fota0: receive android.intent.action.ANY_DATA_STATE
07-25 14:31:33.589   648   648 D MobileDataStateTracker: fota0: Broadcast received: ACTION_ANY_DATA_CONNECTION_STATE_CHANGEDmApnType=fota != received apnType=wap
07-25 14:31:33.589   648   648 D MobileDataStateTracker: supl0: receive android.intent.action.ANY_DATA_STATE
07-25 14:31:33.589   648   648 D MobileDataStateTracker: supl0: Broadcast received: ACTION_ANY_DATA_CONNECTION_STATE_CHANGEDmApnType=supl != received apnType=wap
07-25 14:31:33.589   648   648 D MobileDataStateTracker: mms0: receive android.intent.action.ANY_DATA_STATE
07-25 14:31:33.589   648   648 D MobileDataStateTracker: mms0: Broadcast received: ACTION_ANY_DATA_CONNECTION_STATE_CHANGEDmApnType=mms != received apnType=wap
07-25 14:31:33.589   648   648 D MobileDataStateTracker: default0: receive android.intent.action.ANY_DATA_STATE
07-25 14:31:33.599   648   648 D MobileDataStateTracker: default0: Broadcast received: ACTION_ANY_DATA_CONNECTION_STATE_CHANGEDmApnType=default != received apnType=wap
07-25 14:31:33.599   648   648 D MobileDataStateTracker: wap0: receive android.intent.action.ANY_DATA_STATE
07-25 14:31:33.599   648   648 D MobileDataStateTracker: wap0: Broadcast received: ACTION_ANY_DATA_CONNECTION_STATE_CHANGEDmApnType=wap != received apnType=fota
07-25 14:31:33.599   648   648 D MobileDataStateTracker: null0: receive android.intent.action.ANY_DATA_STATE
07-25 14:31:33.599   648   648 D MobileDataStateTracker: null0: Broadcast received: ACTION_ANY_DATA_CONNECTION_STATE_CHANGEDmApnType=null != received apnType=fota
07-25 14:31:33.599   648   648 D MobileDataStateTracker: xcap0: receive android.intent.action.ANY_DATA_STATE
07-25 14:31:33.599   648   648 D MobileDataStateTracker: xcap0: Broadcast received: ACTION_ANY_DATA_CONNECTION_STATE_CHANGEDmApnType=xcap != received apnType=fota
07-25 14:31:33.599   648   648 D MobileDataStateTracker: dm0: receive android.intent.action.ANY_DATA_STATE
07-25 14:31:33.609   648   648 D MobileDataStateTracker: dm0: Broadcast received: ACTION_ANY_DATA_CONNECTION_STATE_CHANGEDmApnType=dm != received apnType=fota
07-25 14:31:33.609   648   648 D MobileDataStateTracker: hipri0: receive android.intent.action.ANY_DATA_STATE
07-25 14:31:33.609   648   648 D MobileDataStateTracker: hipri0: Broadcast received: ACTION_ANY_DATA_CONNECTION_STATE_CHANGEDmApnType=hipri != received apnType=fota
07-25 14:31:33.609   648   648 D MobileDataStateTracker: cbs0: receive android.intent.action.ANY_DATA_STATE
07-25 14:31:33.609   648   648 D MobileDataStateTracker: cbs0: Broadcast received: ACTION_ANY_DATA_CONNECTION_STATE_CHANGEDmApnType=cbs != received apnType=fota
07-25 14:31:33.609   648   648 D MobileDataStateTracker: ims0: receive android.intent.action.ANY_DATA_STATE
07-25 14:31:33.609   648   648 D MobileDataStateTracker: ims0: Broadcast received: ACTION_ANY_DATA_CONNECTION_STATE_CHANGEDmApnType=ims != received apnType=fota
07-25 14:31:33.609   648   648 D MobileDataStateTracker: fota0: receive android.intent.action.ANY_DATA_STATE
07-25 14:31:33.609   648   648 D MobileDataStateTracker: fota0: Broadcast received: ACTION_ANY_DATA_CONNECTION_STATE_CHANGEDmApnType=fota == received apnType=fota
07-25 14:31:33.609   648   648 D MobileDataStateTracker: fota0: Broadcast received: android.intent.action.ANY_DATA_STATE apnType=fota
07-25 14:31:33.609   648   648 D MobileDataStateTracker: fota0: fota setting isAvailable to true
07-25 14:31:33.609   648   648 D MobileDataStateTracker: fota0: Received state=DISCONNECTED, old=DISCONNECTED, reason=roamingOff
07-25 14:31:33.619   648   660 D SettingsProvider: call_put(system:multi_sim_voice_call=-1) for 0
07-25 14:31:33.619   648   648 D MobileDataStateTracker: supl0: receive android.intent.action.ANY_DATA_STATE
07-25 14:31:33.619   648   660 D SettingsProvider: call_put(system:multi_sim_video_call=0) for 0
07-25 14:31:33.619   648   648 D MobileDataStateTracker: supl0: Broadcast received: ACTION_ANY_DATA_CONNECTION_STATE_CHANGEDmApnType=supl != received apnType=fota
07-25 14:31:33.619   648   648 D MobileDataStateTracker: mms0: receive android.intent.action.ANY_DATA_STATE
07-25 14:31:33.619   648   648 D MobileDataStateTracker: mms0: Broadcast received: ACTION_ANY_DATA_CONNECTION_STATE_CHANGEDmApnType=mms != received apnType=fota
07-25 14:31:33.619   648   648 D MobileDataStateTracker: default0: receive android.intent.action.ANY_DATA_STATE
07-25 14:31:33.619   648   648 D MobileDataStateTracker: default0: Broadcast received: ACTION_ANY_DATA_CONNECTION_STATE_CHANGEDmApnType=default != received apnType=fota
07-25 14:31:33.619   648   648 D MobileDataStateTracker: wap0: receive android.intent.action.ANY_DATA_STATE
07-25 14:31:33.619   648   648 D MobileDataStateTracker: wap0: Broadcast received: ACTION_ANY_DATA_CONNECTION_STATE_CHANGEDmApnType=wap != received apnType=supl
07-25 14:31:33.619   648   648 D MobileDataStateTracker: null0: receive android.intent.action.ANY_DATA_STATE
07-25 14:31:33.619   648   648 D MobileDataStateTracker: null0: Broadcast received: ACTION_ANY_DATA_CONNECTION_STATE_CHANGEDmApnType=null != received apnType=supl
07-25 14:31:33.619   648   648 D MobileDataStateTracker: xcap0: receive android.intent.action.ANY_DATA_STATE
07-25 14:31:33.619   648   648 D MobileDataStateTracker: xcap0: Broadcast received: ACTION_ANY_DATA_CONNECTION_STATE_CHANGEDmApnType=xcap != received apnType=supl
07-25 14:31:33.619   648   648 D MobileDataStateTracker: dm0: receive android.intent.action.ANY_DATA_STATE
07-25 14:31:33.619   648   648 D MobileDataStateTracker: dm0: Broadcast received: ACTION_ANY_DATA_CONNECTION_STATE_CHANGEDmApnType=dm != received apnType=supl
07-25 14:31:33.619   648   648 D MobileDataStateTracker: hipri0: receive android.intent.action.ANY_DATA_STATE
07-25 14:31:33.619   648   648 D MobileDataStateTracker: hipri0: Broadcast received: ACTION_ANY_DATA_CONNECTION_STATE_CHANGEDmApnType=hipri != received apnType=supl
07-25 14:31:33.619   648   648 D MobileDataStateTracker: cbs0: receive android.intent.action.ANY_DATA_STATE
07-25 14:31:33.619   648   648 D MobileDataStateTracker: cbs0: Broadcast received: ACTION_ANY_DATA_CONNECTION_STATE_CHANGEDmApnType=cbs != received apnType=supl
07-25 14:31:33.619   648   648 D MobileDataStateTracker: ims0: receive android.intent.action.ANY_DATA_STATE
07-25 14:31:33.619   648   648 D MobileDataStateTracker: ims0: Broadcast received: ACTION_ANY_DATA_CONNECTION_STATE_CHANGEDmApnType=ims != received apnType=supl
07-25 14:31:33.619   648   648 D MobileDataStateTracker: fota0: receive android.intent.action.ANY_DATA_STATE
07-25 14:31:33.619   648   648 D MobileDataStateTracker: fota0: Broadcast received: ACTION_ANY_DATA_CONNECTION_STATE_CHANGEDmApnType=fota != received apnType=supl
07-25 14:31:33.619   648   648 D MobileDataStateTracker: supl0: receive android.intent.action.ANY_DATA_STATE
07-25 14:31:33.619   648   648 D MobileDataStateTracker: supl0: Broadcast received: ACTION_ANY_DATA_CONNECTION_STATE_CHANGEDmApnType=supl == received apnType=supl
07-25 14:31:33.619   648   648 D MobileDataStateTracker: supl0: Broadcast received: android.intent.action.ANY_DATA_STATE apnType=supl
07-25 14:31:33.619   648   648 D MobileDataStateTracker: supl0: supl setting isAvailable to true
07-25 14:31:33.619   648   648 D MobileDataStateTracker: supl0: Received state=DISCONNECTED, old=DISCONNECTED, reason=roamingOff
07-25 14:31:33.619   648   648 D MobileDataStateTracker: mms0: receive android.intent.action.ANY_DATA_STATE
07-25 14:31:33.619   648   648 D MobileDataStateTracker: mms0: Broadcast received: ACTION_ANY_DATA_CONNECTION_STATE_CHANGEDmApnType=mms != received apnType=supl
07-25 14:31:33.619   648   648 D MobileDataStateTracker: default0: receive android.intent.action.ANY_DATA_STATE
07-25 14:31:33.619   648   648 D MobileDataStateTracker: default0: Broadcast received: ACTION_ANY_DATA_CONNECTION_STATE_CHANGEDmApnType=default != received apnType=supl
07-25 14:31:33.619   648   648 D MobileDataStateTracker: wap0: receive android.intent.action.ANY_DATA_STATE
07-25 14:31:33.619   648   648 D MobileDataStateTracker: wap0: Broadcast received: ACTION_ANY_DATA_CONNECTION_STATE_CHANGEDmApnType=wap != received apnType=hipri
07-25 14:31:33.619   648   648 D MobileDataStateTracker: null0: receive android.intent.action.ANY_DATA_STATE
07-25 14:31:33.619   648   648 D MobileDataStateTracker: null0: Broadcast received: ACTION_ANY_DATA_CONNECTION_STATE_CHANGEDmApnType=null != received apnType=hipri
07-25 14:31:33.619   648   648 D MobileDataStateTracker: xcap0: receive android.intent.action.ANY_DATA_STATE
07-25 14:31:33.619   648   648 D MobileDataStateTracker: xcap0: Broadcast received: ACTION_ANY_DATA_CONNECTION_STATE_CHANGEDmApnType=xcap != received apnType=hipri
07-25 14:31:33.619   648   648 D MobileDataStateTracker: dm0: receive android.intent.action.ANY_DATA_STATE
07-25 14:31:33.619   648   648 D MobileDataStateTracker: dm0: Broadcast received: ACTION_ANY_DATA_CONNECTION_STATE_CHANGEDmApnType=dm != received apnType=hipri
07-25 14:31:33.619   648   648 D MobileDataStateTracker: hipri0: receive android.intent.action.ANY_DATA_STATE
07-25 14:31:33.619   648   648 D MobileDataStateTracker: hipri0: Broadcast received: ACTION_ANY_DATA_CONNECTION_STATE_CHANGEDmApnType=hipri == received apnType=hipri
07-25 14:31:33.629   648   648 D MobileDataStateTracker: hipri0: Broadcast received: android.intent.action.ANY_DATA_STATE apnType=hipri
07-25 14:31:33.629   648   648 D MobileDataStateTracker: hipri0: hipri setting isAvailable to true
07-25 14:31:33.629   648   648 D MobileDataStateTracker: hipri0: Received state=DISCONNECTED, old=DISCONNECTED, reason=roamingOff
07-25 14:31:33.629   648   648 D MobileDataStateTracker: cbs0: receive android.intent.action.ANY_DATA_STATE
07-25 14:31:33.629   648   648 D MobileDataStateTracker: cbs0: Broadcast received: ACTION_ANY_DATA_CONNECTION_STATE_CHANGEDmApnType=cbs != received apnType=hipri
07-25 14:31:33.629   648   648 D MobileDataStateTracker: ims0: receive android.intent.action.ANY_DATA_STATE
07-25 14:31:33.629   648   648 D MobileDataStateTracker: ims0: Broadcast received: ACTION_ANY_DATA_CONNECTION_STATE_CHANGEDmApnType=ims != received apnType=hipri
07-25 14:31:33.629   648   648 D MobileDataStateTracker: fota0: receive android.intent.action.ANY_DATA_STATE
07-25 14:31:33.629   648   648 D MobileDataStateTracker: fota0: Broadcast received: ACTION_ANY_DATA_CONNECTION_STATE_CHANGEDmApnType=fota != received apnType=hipri
07-25 14:31:33.629   648   648 D MobileDataStateTracker: supl0: receive android.intent.action.ANY_DATA_STATE
07-25 14:31:33.629   648   648 D MobileDataStateTracker: supl0: Broadcast received: ACTION_ANY_DATA_CONNECTION_STATE_CHANGEDmApnType=supl != received apnType=hipri
07-25 14:31:33.629   648   648 D MobileDataStateTracker: mms0: receive android.intent.action.ANY_DATA_STATE
07-25 14:31:33.629   648   648 D MobileDataStateTracker: mms0: Broadcast received: ACTION_ANY_DATA_CONNECTION_STATE_CHANGEDmApnType=mms != received apnType=hipri
