07-25 14:40:11.369   624   624 I backup_data_changed: com.android.providers.userdictionary
07-25 14:40:11.389   624   624 I backup_data_changed: com.android.sharedstoragebackup
07-25 14:40:11.389   624   624 I backup_data_changed: android
07-25 14:40:11.399   624   624 I backup_data_changed: com.android.dialer
07-25 14:40:11.399   624   624 I backup_data_changed: com.android.providers.settings
07-25 14:40:11.409   624   624 I am_create_service: [0,1098843536,.LocalTransportService,1000,624]
07-25 14:40:11.409   624   624 I backup_data_changed: com.android.providers.userdictionary
07-25 14:40:11.409   624   624 I backup_data_changed: com.android.sharedstoragebackup
07-25 14:40:11.409   624   624 I backup_data_changed: android
07-25 14:40:11.409   624   624 I backup_data_changed: com.android.dialer
07-25 14:40:11.409   624   624 I backup_data_changed: com.android.providers.settings
07-25 14:40:11.459   624   624 I am_fork_process_time: [0,Fork .keyguard takes: 5ms]
07-25 14:40:11.459   624   624 I am_proc_start: [0,689,10017,com.android.systemui,service,com.android.keyguard/.KeyguardService]
07-25 14:40:11.469   624   682 I am_proc_bound: [0,689,com.android.systemui]
07-25 14:40:11.469   624   682 I am_create_service: [0,1098876656,.KeyguardService,10017,689]
07-25 14:40:11.489   624   624 I am_wtf  : [0,624,system_server,-1,SystemServer,Unable to find app for caller android.app.ActivityThread$ApplicationThread@41a43930 (pid=624) when registering receiver android.app.LoadedApk$ReceiverDispatcher$InnerReceiver@419781a8]
07-25 14:40:11.519   624   624 I am_fork_process_time: [0,Fork .phone takes: 10ms]
07-25 14:40:11.519   624   624 I am_proc_start: [0,704,1001,com.android.phone,added application,com.android.phone]
07-25 14:40:11.519   624   624 I boot_progress_ams_ready: 9349
07-25 14:40:11.529   624   624 I am_create_service: [0,1100084224,.SystemUIService,10017,689]
07-25 14:40:11.529   624   635 I am_proc_bound: [0,704,com.android.phone]
07-25 14:40:11.939   624   640 I am_fork_process_time: [0,Fork .media takes: 10ms]
07-25 14:40:11.939   624   640 I am_proc_start: [0,782,10009,android.process.media,broadcast,com.android.providers.media/.MtpReceiver]
07-25 14:40:11.939   624   624 I configuration_changed: 512
07-25 14:40:11.949   624   682 I am_proc_bound: [0,782,android.process.media]
07-25 14:40:11.969   624   624 I am_create_service: [0,1099952608,.ImageWallpaper,10017,689]
07-25 14:40:12.049   624   682 I am_fork_process_time: [0,Fork .smspush takes: 8ms]
07-25 14:40:12.049   624   682 I am_proc_start: [0,803,10002,com.android.smspush,service,com.android.smspush/.WapPushManager]
07-25 14:40:12.059   624   635 I am_proc_bound: [0,803,com.android.smspush]
07-25 14:40:12.059   624   635 I am_create_service: [0,1101181272,.WapPushManager,10002,803]
07-25 14:40:12.149   624   624 I am_create_service: [0,1101641712,.FusedLocationService,1000,624]
07-25 14:40:12.149   624   624 I am_create_service: [0,1101532240,.GeofenceHardwareService,1000,624]
07-25 14:40:12.179   624   624 I am_fork_process_time: [0,Fork .validator takes: 9ms]
07-25 14:40:12.179   624   624 I am_proc_start: [0,825,1000,com.spreadst.validator,added application,com.spreadst.validator]
07-25 14:40:12.189   624   624 I am_fork_process_time: [0,Fork .modemassert takes: 8ms]
07-25 14:40:12.189   624   624 I am_proc_start: [0,834,10003,com.android.modemassert,added application,com.android.modemassert]
07-25 14:40:12.209   624   624 I wm_stack_created: [1,0,6,100]
07-25 14:40:12.209   624   624 I am_create_task: [0,1]
07-25 14:40:12.209   624   624 I am_create_activity: [0,1102314496,1,android/com.android.internal.app.ResolverActivity,android.intent.action.MAIN,NULL,NULL,276824064]
07-25 14:40:12.209   624   624 I wm_task_created: [1,1]
07-25 14:40:12.209   624   624 I wm_task_moved: [1,1,0]
07-25 14:40:12.209   624   624 I wm_home_stack_moved: 0
07-25 14:40:12.209   624   686 I backup_data_changed: android
07-25 14:40:12.209   624   686 I backup_data_changed: android
07-25 14:40:12.219   624   624 I am_fork_process_time: [0,Fork android takes: 10ms]
07-25 14:40:12.219   624   624 I am_proc_start: [0,852,1000,system:ui,activity,android/com.android.internal.app.ResolverActivity]
07-25 14:40:12.239   624   635 I am_proc_bound: [0,834,com.android.modemassert]
07-25 14:40:12.239   624   682 I am_proc_bound: [0,825,com.spreadst.validator]
07-25 14:40:12.259   624   854 I am_create_service: [0,1101926048,.TelephonyDebugService,1001,704]
07-25 14:40:12.269   624   864 I free_storage_left: [2664894464,77246464,96845824]
07-25 14:40:12.269   624   864 I free_storage_changed: 2664894464
07-25 14:40:12.289   624   635 I am_create_service: [0,1102582600,.BluetoothPhoneService,1001,704]
07-25 14:40:12.299   624   854 I am_proc_bound: [0,852,system:ui]
07-25 14:40:12.309   624   854 I am_restart_activity: [0,1102314496,1,android/com.android.internal.app.ResolverActivity]
07-25 14:40:12.319   624   636 I am_fork_process_time: [0,Fork .contacts takes: 15ms]
07-25 14:40:12.319   624   636 I am_proc_start: [0,870,10010,android.process.acore,content provider,com.android.providers.contacts/.CallLogProvider]
07-25 14:40:12.389   624   869 I am_proc_bound: [0,870,android.process.acore]
07-25 14:40:12.459   624   682 I am_fork_process_time: [0,Fork .dialer takes: 10ms]
07-25 14:40:12.459   624   682 I am_proc_start: [0,894,10013,com.android.incallui,service,com.android.dialer/com.sprd.incallui.VideoCallHandlerService]
07-25 14:40:12.489   624   624 I force_gc: Binder
07-25 14:40:12.499   624   682 I am_proc_bound: [0,894,com.android.incallui]
07-25 14:40:12.509   624   682 I am_create_service: [0,1102885632,.VideoCallHandlerService,10013,894]
07-25 14:40:12.509   624   682 I am_create_service: [0,1102899984,.CallHandlerService,10013,894]
07-25 14:40:12.509   624   854 I am_create_service: [0,1102955152,.RadioInteractorService,1001,704]
07-25 14:40:12.589   624   686 I backup_data_changed: android
07-25 14:40:12.589   624   686 I backup_data_changed: android
07-25 14:40:12.589   624   686 I backup_data_changed: android
07-25 14:40:12.599   624   907 I am_create_service: [0,1099107960,.MediaScannerService,10009,782]
07-25 14:40:12.689   852   852 I am_on_create_time: [0,.ResolverActivity onCreate() takes: 213ms]
07-25 14:40:12.689   852   852 I am_on_resume_called: [0,com.android.internal.app.ResolverActivity]
07-25 14:40:12.689   852   852 I am_on_resume_time: [0,.ResolverActivity onResume() takes: 0ms]
07-25 14:40:12.699   704   704 I gsm_service_state_change: [1,1,3,3]
07-25 14:40:12.739   624   854 I am_create_service: [0,1100864936,.SyncSimAccountsWatchdog,10010,870]
07-25 14:40:12.739   624   907 I am_create_service: [0,1101047728,.DownloadService,10009,782]
07-25 14:40:12.949   624   639 I am_activity_launch_time: [0,1102314496,android/com.android.internal.app.ResolverActivity,743,743]
07-25 14:40:12.989   624   854 I am_fork_process_time: [0,Fork .settings takes: 6ms]
07-25 14:40:12.989   624   854 I am_proc_start: [0,935,1000,com.android.settings,broadcast,com.android.settings/com.sprd.settings.SprdUsbReceiver]
07-25 14:40:12.999   624   636 I boot_progress_enable_screen: 10824
07-25 14:40:13.009   624   636 I am_proc_bound: [0,935,com.android.settings]
07-25 14:40:13.049   624   854 I notification_cancel_all: [com.android.providers.downloads,0,0,64]
07-25 14:40:13.089   216   216 I sf_frame_dur: [BootAnimation,0,74,50,0,0,0,0]
07-25 14:40:13.189   624   869 I am_destroy_service: [0,1101047728,782]
07-25 14:40:13.309   624   624 I notification_cancel: [com.android.phone,5,NULL,0,0,64]
07-25 14:40:13.309   624   624 I notification_cancel: [com.android.phone,6,NULL,0,0,64]
07-25 14:40:13.309   624   624 I notification_cancel: [com.android.phone,6,NULL,0,0,64]
07-25 14:40:13.309   624   624 I notification_cancel: [com.android.phone,16,NULL,0,0,64]
07-25 14:40:13.309   624   624 I notification_cancel: [com.android.phone,16,NULL,0,0,64]
07-25 14:40:13.309   624   624 I notification_cancel: [com.android.phone,6,NULL,0,0,64]
07-25 14:40:13.309   624   624 I notification_cancel: [com.android.phone,16,NULL,0,0,64]
07-25 14:40:13.309   624   624 I notification_cancel: [com.android.phone,6,NULL,0,0,64]
07-25 14:40:13.309   624   624 I notification_cancel: [com.android.phone,7,NULL,0,0,64]
07-25 14:40:13.309   624   624 I notification_cancel: [com.android.phone,7,NULL,0,0,64]
07-25 14:40:13.309   624   624 I notification_cancel: [com.android.phone,7,NULL,0,0,64]
07-25 14:40:13.309   624   624 I notification_cancel: [com.android.phone,7,NULL,0,0,64]
07-25 14:40:13.309   624   624 I notification_cancel: [com.android.phone,7,NULL,0,0,64]
07-25 14:40:13.309   624   624 I notification_cancel: [com.android.phone,7,NULL,0,0,64]
07-25 14:40:13.309   624   624 I notification_cancel: [com.android.phone,7,NULL,0,0,64]
07-25 14:40:13.309   624   624 I notification_cancel: [com.android.phone,7,NULL,0,0,64]
07-25 14:40:13.309   624   624 I notification_cancel: [com.android.phone,7,NULL,0,0,64]
07-25 14:40:13.309   624   624 I notification_cancel: [com.android.phone,7,NULL,0,0,64]
07-25 14:40:13.309   624   624 I notification_cancel: [com.android.phone,7,NULL,0,0,64]
07-25 14:40:13.309   624   624 I notification_cancel: [com.android.phone,7,NULL,0,0,64]
07-25 14:40:13.309   624   624 I notification_cancel: [com.android.phone,7,NULL,0,0,64]
07-25 14:40:13.309   624   624 I notification_cancel: [com.android.phone,7,NULL,0,0,64]
07-25 14:40:13.309   624   624 I notification_cancel: [com.android.phone,7,NULL,0,0,64]
07-25 14:40:13.309   624   624 I notification_cancel: [com.android.phone,7,NULL,0,0,64]
07-25 14:40:13.309   624   624 I notification_cancel: [com.android.dialer,1,NULL,0,0,64]
07-25 14:40:13.309   624   624 I notification_cancel: [com.android.phone,7,NULL,0,0,64]
07-25 14:40:13.309   624   624 I notification_cancel: [com.android.phone,7,NULL,0,0,64]
07-25 14:40:13.309   624   624 I notification_cancel: [com.android.phone,7,NULL,0,0,64]
07-25 14:40:13.309   624   624 I notification_cancel: [com.android.phone,7,NULL,0,0,64]
07-25 14:40:13.309   624   624 I notification_cancel: [com.android.phone,7,NULL,0,0,64]
07-25 14:40:13.309   624   624 I notification_cancel: [com.android.phone,7,NULL,0,0,64]
07-25 14:40:13.309   624   624 I notification_cancel: [com.android.phone,7,NULL,0,0,64]
07-25 14:40:13.309   624   624 I notification_cancel: [com.android.phone,7,NULL,0,0,64]
07-25 14:40:13.309   624   624 I notification_cancel: [com.android.phone,7,NULL,0,0,64]
07-25 14:40:13.309   624   624 I notification_cancel: [com.android.phone,7,NULL,0,0,64]
07-25 14:40:13.309   624   624 I notification_cancel: [com.android.phone,7,NULL,0,0,64]
07-25 14:40:13.309   624   624 I notification_cancel: [com.android.phone,7,NULL,0,0,64]
07-25 14:40:13.309   624   624 I notification_cancel: [com.android.phone,7,NULL,0,0,64]
07-25 14:40:13.309   624   624 I notification_cancel: [com.android.phone,7,NULL,0,0,64]
07-25 14:40:13.309   624   624 I notification_cancel: [com.android.phone,7,NULL,0,0,64]
07-25 14:40:13.309   624   624 I notification_cancel: [com.android.phone,7,NULL,0,0,64]
07-25 14:40:13.309   624   624 I notification_cancel: [com.android.phone,7,NULL,0,0,64]
07-25 14:40:13.309   624   624 I notification_cancel: [com.android.phone,7,NULL,0,0,64]
07-25 14:40:13.309   624   624 I notification_cancel: [com.android.phone,7,NULL,0,0,64]
07-25 14:40:13.309   624   624 I notification_cancel: [com.android.phone,7,NULL,0,0,64]
07-25 14:40:13.309   624   624 I notification_cancel: [com.android.phone,7,NULL,0,0,64]
07-25 14:40:13.309   624   624 I notification_cancel: [com.android.phone,7,NULL,0,0,64]
07-25 14:40:13.309   624   624 I notification_cancel: [com.android.phone,7,NULL,0,0,64]
07-25 14:40:13.309   624   624 I notification_cancel: [com.android.phone,7,NULL,0,0,64]
07-25 14:40:13.399   624   869 I am_create_service: [0,1100279136,.ImsService,1001,704]
07-25 14:40:13.419   624   869 I am_fork_process_time: [0,Fork .dialer takes: 14ms]
07-25 14:40:13.419   624   869 I am_proc_start: [0,969,10013,com.android.dialer,broadcast,com.android.dialer/com.sprd.dialer.calllog.FdnUpdateReceiver]
07-25 14:40:13.429   624   636 I am_fork_process_time: [0,Fork .vowifi takes: 11ms]
07-25 14:40:13.429   624   636 I am_proc_start: [0,982,1000,com.spreadtrum.vowifi,service,com.spreadtrum.vowifi/.service.VoWifiSerService]
07-25 14:40:13.439   624   869 I am_proc_bound: [0,969,com.android.dialer]
07-25 14:40:13.459   624   636 I am_proc_bound: [0,982,com.spreadtrum.vowifi]
07-25 14:40:13.459   624   636 I am_create_service: [0,1101746064,.VoWifiSerService,1000,982]
07-25 14:40:13.459   624   636 I am_create_service: [0,1099945976,.RegisterService,1000,982]
07-25 14:40:13.459   624   636 I am_create_service: [0,1102870712,.SecurityService,1000,982]
07-25 14:40:13.639   624   869 I am_fork_process_time: [0,Fork .launcher takes: 10ms]
07-25 14:40:13.639   624   869 I am_proc_start: [0,1000,1000,com.toycloud.watch.launcher,broadcast,com.toycloud.watch.launcher/com.launcher.taoyunwatch.receiver.SimStateReceive]
07-25 14:40:13.659   624   869 I am_proc_bound: [0,1000,com.toycloud.watch.launcher]
07-25 14:40:13.679   704   704 I gsm_service_state_change: [3,3,1,1]
07-25 14:40:13.679   704   704 I gsm_rat_switched_new: [0,0,1]
07-25 14:40:13.709   624   624 I notification_cancel: [com.android.phone,16,NULL,0,0,64]
07-25 14:40:13.709   624   624 I notification_cancel: [com.android.phone,6,NULL,0,0,64]
07-25 14:40:13.999   704   704 I gsm_rat_switched_new: [23092384,1,11]
07-25 14:40:14.049   624   624 I notification_cancel: [com.android.phone,16,NULL,0,0,64]
07-25 14:40:14.049   624   624 I notification_cancel: [com.android.phone,6,NULL,0,0,64]
07-25 14:40:14.139   624   636 I am_create_service: [0,1098856264,.AppService,1000,1000]
07-25 14:40:14.309   624   869 I am_create_service: [0,1099650232,.SmsService,1000,982]
07-25 14:40:14.639   624   636 I am_create_service: [0,1101359752,.APSService,1000,1000]
07-25 14:40:25.639   624   669 I netstats_mobile_sample: [0,0,0,0,0,0,0,0,0,0,0,0,-1]
07-25 14:40:25.649   624   669 I netstats_wifi_sample: [0,0,0,0,0,0,0,0,0,0,0,0,-1]
07-25 14:40:25.709   624   669 I netstats_mobile_sample: [0,0,0,0,0,0,0,0,0,0,0,0,-1]
07-25 14:40:25.709   624   669 I netstats_wifi_sample: [0,0,0,0,0,0,0,0,0,0,0,0,-1]
07-25 14:40:29.179   624   636 I am_fork_process_time: [0,Fork .cellbroadcastreceiver takes: 10ms]
07-25 14:40:29.179   624   636 I am_proc_start: [0,1099,10007,com.android.cellbroadcastreceiver,broadcast,com.android.cellbroadcastreceiver/.CellBroadcastReceiver]
07-25 14:40:29.179   624   636 I am_proc_bound: [0,1099,com.android.cellbroadcastreceiver]
07-25 14:40:29.229   624   636 I am_create_service: [0,1100490456,.CallLogNotificationsService,10013,969]
07-25 14:40:29.319   624   624 I notification_cancel: [com.android.dialer,1,DefaultVoicemailNotifier,0,0,64]
07-25 14:40:29.319   624   636 I am_destroy_service: [0,1100490456,969]
07-25 14:40:29.369   624   636 I am_fork_process_time: [0,Fork .toycloudassistant takes: 10ms]
07-25 14:40:29.369   624   636 I am_proc_start: [0,1126,1000,com.toycloud.toycloudassistant,broadcast,com.toycloud.toycloudassistant/.ClockBroadcastReceiver]
07-25 14:40:29.429   624   636 I am_proc_bound: [0,1126,com.toycloud.toycloudassistant]
07-25 14:40:29.629   624   636 I am_create_service: [0,1101068184,.DownloadService,10009,782]
07-25 14:40:29.629   624   636 I notification_cancel_all: [com.android.providers.downloads,0,0,64]
07-25 14:40:29.639   624   636 I am_destroy_service: [0,1101068184,782]
07-25 14:40:29.639   624   636 I am_fork_process_time: [0,Fork .engineermode takes: 5ms]
07-25 14:40:29.649   624   636 I am_proc_start: [0,1167,1000,com.sprd.engineermode,broadcast,com.sprd.engineermode/.debuglog.DebugLogFragment$APRReceiver]
07-25 14:40:29.649   624   636 I am_proc_bound: [0,1167,com.sprd.engineermode]
07-25 14:40:29.759   624   907 I am_create_service: [0,1101117184,.APRService,1000,1167]
07-25 14:40:30.299   624   658 I power_sleep_requested: 0
07-25 14:40:30.489   624   624 I power_screen_broadcast_send: 1
07-25 14:40:30.489   624   624 I power_screen_state: [1,0,0,0]
07-25 14:40:30.489   624   624 I screen_toggled: 1
07-25 14:40:30.549   624   624 I power_screen_broadcast_done: [1,61,1]
07-25 14:40:30.549   624   624 I power_screen_broadcast_send: 1
07-25 14:40:30.549   624   624 I power_screen_state: [0,3,0,0]
07-25 14:40:30.559   624   624 I screen_toggled: 0
07-25 14:40:30.559   624   624 I am_pause_activity: [0,1102314496,android/com.android.internal.app.ResolverActivity]
07-25 14:40:30.559   852   852 I am_on_paused_called: [0,com.android.internal.app.ResolverActivity]
07-25 14:40:30.559   852   852 I am_on_pause_time: [0,.ResolverActivity onPause() takes: 0ms]
07-25 14:40:30.559   624   869 I am_finish_activity: [0,1102314496,1,android/com.android.internal.app.ResolverActivity,app-request]
07-25 14:40:30.689   624   624 I power_screen_broadcast_done: [0,143,1]
07-25 14:40:39.389   624   686 I backup_data_changed: android
07-25 14:40:39.389   624   686 I backup_data_changed: android
07-25 14:40:41.409   624   624 I notification_enqueue: [android,17302981,NULL,-1,Notification(pri=0 contentView=android/0x1090066 vibrate=null sound=null defaults=0x0 flags=0x10 kind=[null])]
07-25 14:40:41.409   624   676 I connectivity_state_changed: [1,0,0]
07-25 14:40:41.429   624   669 I netstats_mobile_sample: [0,0,0,0,0,0,0,0,0,0,0,0,-1]
07-25 14:40:41.429   624   669 I netstats_wifi_sample: [0,0,0,0,0,0,0,0,0,0,0,0,-1]
07-25 14:40:44.759   624   640 I am_create_service: [0,1101461992,.MscService,1000,1126]
07-25 14:40:44.959   624   640 I notification_enqueue: [com.toycloud.toycloudassistant,110,NULL,0,Notification(pri=0 contentView=com.toycloud.toycloudassistant/0x1090066 vibrate=null sound=null defaults=0x0 flags=0x40 kind=[null])]
07-25 14:40:45.009   624   636 I am_create_service: [0,1101649792,.SystemStatusService,1000,1126]
07-25 14:41:00.199   624   907 I am_create_service: [0,1099723576,.SlogService,1000,1167]
07-25 14:41:00.219   624   907 I am_destroy_service: [0,1099723576,1167]
07-25 14:41:00.249   624   907 I am_fork_process_time: [0,Fork .deskclock takes: 6ms]
07-25 14:41:00.249   624   907 I am_proc_start: [0,1224,1000,com.toycloud.watch.deskclock,broadcast,com.toycloud.watch.deskclock/com.android.deskclock.AlarmInitReceiver]
07-25 14:41:00.259   624   907 I am_proc_bound: [0,1224,com.toycloud.watch.deskclock]
07-25 14:41:00.489   624   624 I notification_cancel: [com.toycloud.watch.deskclock,1,NULL,0,0,0]
07-25 14:41:00.489   624   907 I notification_enqueue: [com.toycloud.watch.deskclock,1,NULL,0,Notification(pri=1 contentView=com.toycloud.watch.deskclock/0x1090066 vibrate=null sound=null defaults=0x0 flags=0x2 kind=[null] 1 action)]
07-25 14:41:00.519   624   636 I am_create_service: [0,1102030960,.AlarmService,1000,1224]
07-25 14:41:00.519   624   636 I am_destroy_service: [0,1102030960,1224]
07-25 14:41:00.559   624   624 I notification_cancel: [com.toycloud.watch.deskclock,2,NULL,0,0,0]
07-25 14:41:00.559   624   636 I notification_enqueue: [com.toycloud.watch.deskclock,2,NULL,0,Notification(pri=1 contentView=com.toycloud.watch.deskclock/0x1090066 vibrate=null sound=null defaults=0x0 flags=0x0 kind=[null])]
07-25 14:41:00.609   624   682 I am_create_service: [0,1101059440,.PushService,1000,1000]
07-25 14:41:00.639   624   624 I notification_cancel: [com.toycloud.watch.deskclock,2,NULL,0,0,0]
07-25 14:41:00.739   624   624 I notification_cancel: [com.toycloud.watch.deskclock,2,NULL,0,0,0]
07-25 14:41:00.739   624   907 I notification_enqueue: [com.toycloud.watch.deskclock,2,NULL,0,Notification(pri=1 contentView=com.toycloud.watch.deskclock/0x1090066 vibrate=null sound=null defaults=0x0 flags=0x0 kind=[null])]
07-25 14:41:10.309   624   686 I backup_data_changed: android
07-25 14:41:10.309   624   686 I backup_data_changed: android
07-25 14:41:15.619   624   640 I am_create_service: [0,1100928008,.AlarmService,1000,1224]
07-25 14:41:15.619   624   682 I am_destroy_service: [0,1100928008,1224]
07-25 14:41:15.629   624   682 I am_fork_process_time: [0,Fork .launcher takes: 11ms]
07-25 14:41:15.629   624   682 I am_proc_start: [0,1272,1000,com.toycloud.watch.launcher:core,broadcast,com.toycloud.watch.launcher/com.netease.nimlib.service.NimReceiver]
07-25 14:41:15.639   624   907 I am_proc_bound: [0,1272,com.toycloud.watch.launcher:core]
07-25 14:41:15.779   624   907 I am_fork_process_time: [0,Fork .latin takes: 10ms]
07-25 14:41:15.779   624   907 I am_proc_start: [0,1293,10019,com.android.inputmethod.latin,broadcast,com.android.inputmethod.latin/.setup.LauncherIconVisibilityManager]
07-25 14:41:15.779   624   907 I am_proc_bound: [0,1293,com.android.inputmethod.latin]
07-25 14:41:15.889   624   907 I am_proc_died: [0,1293,com.android.inputmethod.latin]
07-25 14:41:15.889   624   907 I am_broadcast_discard_app: [0,1102306272,android.intent.action.BOOT_COMPLETED,31,ResolveInfo{41bbb200 com.android.inputmethod.latin/.setup.LauncherIconVisibilityManager m=0x108000}]
07-25 14:41:15.919   624   682 I am_create_service: [0,1102744744,.ScreenService,10017,689]
07-25 14:41:15.969   624   670 I netstats_mobile_sample: [0,0,0,0,0,0,0,0,0,0,0,0,-1]
07-25 14:41:15.969   624   670 I netstats_wifi_sample: [0,0,0,0,0,0,0,0,0,0,0,0,-1]
07-25 14:42:00.030   624   907 I am_create_service: [0,1106923992,.AlarmService,1000,1224]
07-25 14:42:00.030   624   907 I am_destroy_service: [0,1106923992,1224]
07-25 14:42:00.130   624   624 I notification_cancel: [com.toycloud.watch.deskclock,1,NULL,0,0,0]
07-25 14:42:00.130   624   682 I notification_enqueue: [com.toycloud.watch.deskclock,1,NULL,0,Notification(pri=1 contentView=com.toycloud.watch.deskclock/0x1090066 vibrate=null sound=null defaults=0x0 flags=0x0 kind=[null])]
07-25 14:42:00.160   624   907 I am_create_service: [0,1106998592,.AlarmService,1000,1224]
07-25 14:42:00.160   624   907 I am_destroy_service: [0,1106998592,1224]
07-25 14:42:00.160   624   624 I notification_cancel: [com.toycloud.watch.deskclock,2,NULL,0,0,0]
07-25 14:42:00.230   624   686 I backup_data_changed: com.android.providers.settings
07-25 14:42:00.230   624   907 I am_create_service: [0,1107051312,.AlarmService,1000,1224]
07-25 14:42:00.240   624   907 I am_destroy_service: [0,1107051312,1224]
07-25 14:42:00.250   624   624 I notification_cancel: [com.toycloud.watch.deskclock,2,NULL,0,0,0]
07-25 14:42:00.250   624   682 I notification_enqueue: [com.toycloud.watch.deskclock,2,NULL,0,Notification(pri=1 contentView=com.toycloud.watch.deskclock/0x1090066 vibrate=null sound=null defaults=0x0 flags=0x0 kind=[null])]
07-25 14:42:00.340   624   682 I am_create_service: [0,1107168088,.AlarmService,1000,1224]
07-25 14:42:00.350   624   682 I force_gc: Binder
07-25 14:42:00.360   624   854 I am_create_task: [0,2]
07-25 14:42:00.360   624   854 I am_create_activity: [0,1107184464,2,com.toycloud.watch.deskclock/com.android.deskclock.alarms.AlarmActivity,fullscreen_activity,NULL,content://com.android.deskclock.longcos/instances/1,277086208]
07-25 14:42:00.360   624   854 I wm_task_created: [2,1]
07-25 14:42:00.360   624   854 I wm_task_moved: [2,1,1]
07-25 14:42:00.360   624   854 I wm_home_stack_moved: 0
07-25 14:42:00.360   624   854 I am_restart_activity: [0,1107184464,2,com.toycloud.watch.deskclock/com.android.deskclock.alarms.AlarmActivity]
07-25 14:42:00.360   624   854 I am_pause_activity: [0,1107184464,com.toycloud.watch.deskclock/com.android.deskclock.alarms.AlarmActivity]
07-25 14:42:00.470   624   686 I backup_data_changed: com.android.providers.settings
07-25 14:42:00.870   624   640 I am_destroy_activity: [0,1102314496,1,android/com.android.internal.app.ResolverActivity,finish-idle]
07-25 14:42:00.870   216   216 I sf_frame_dur: [android/com.android.internal.app.ResolverActivity,17,0,3,0,0,1,0]
07-25 14:42:00.880  1224  1224 I am_on_create_time: [0,.AlarmActivity onCreate() takes: 399ms]
07-25 14:42:00.880   624   854 I wm_task_removed: [1,removeTask]
07-25 14:42:00.880   624   854 I wm_task_removed: [1,removeAppToken: last token]
07-25 14:42:00.900  1224  1224 I am_on_resume_called: [0,com.android.deskclock.alarms.AlarmActivity]
07-25 14:42:00.900  1224  1224 I am_on_resume_time: [0,.AlarmActivity onResume() takes: 18ms]
07-25 14:42:00.900   624   686 I backup_data_changed: com.android.providers.settings
07-25 14:42:00.910  1224  1224 I am_on_paused_called: [0,com.android.deskclock.alarms.AlarmActivity]
07-25 14:42:00.910  1224  1224 I am_on_pause_time: [0,.AlarmActivity onPause() takes: 1ms]
07-25 14:42:00.910   624   907 I am_failed_to_pause: [0,1107184464,com.toycloud.watch.deskclock/com.android.deskclock.alarms.AlarmActivity,(none)]
07-25 14:42:01.010   624   639 I am_activity_launch_time: [0,1107184464,com.toycloud.watch.deskclock/com.android.deskclock.alarms.AlarmActivity,642,645]
07-25 14:42:01.010   624   624 I power_screen_broadcast_send: 1
07-25 14:42:01.010   624   624 I power_screen_state: [1,0,0,0]
07-25 14:42:01.020   624   624 I screen_toggled: 1
07-25 14:42:01.230   624   636 I dvm_lock_sample: [system_server,0,Binder_2,197,WindowManagerService.java,7024,WindowAnimator.java,96,39]
07-25 14:42:01.240   624   624 I am_resume_activity: [0,1107184464,2,com.toycloud.watch.deskclock/com.android.deskclock.alarms.AlarmActivity]
07-25 14:42:01.260   624   907 I dvm_lock_sample: [system_server,1,Binder_7,221,ActivityManagerService.java,14479,-,8983,44]
07-25 14:42:01.340   624   624 I power_screen_broadcast_done: [1,330,1]
07-25 14:42:01.430  1224  1224 I am_on_resume_called: [0,com.android.deskclock.alarms.AlarmActivity]
07-25 14:42:01.430  1224  1224 I am_on_resume_time: [0,.AlarmActivity onResume() takes: 1ms]
07-25 14:42:23.670   624   624 I notification_cancel: [com.toycloud.watch.deskclock,1,NULL,0,0,0]
07-25 14:42:23.720   624   907 I am_finish_activity: [0,1107184464,2,com.toycloud.watch.deskclock/com.android.deskclock.alarms.AlarmActivity,app-request]
07-25 14:42:23.720   624   907 I am_pause_activity: [0,1107184464,com.toycloud.watch.deskclock/com.android.deskclock.alarms.AlarmActivity]
07-25 14:42:23.720   624   907 I am_destroy_service: [0,1107168088,1224]
07-25 14:42:23.740  1224  1224 I am_on_paused_called: [0,com.android.deskclock.alarms.AlarmActivity]
07-25 14:42:23.740  1224  1224 I am_on_pause_time: [0,.AlarmActivity onPause() takes: 0ms]
07-25 14:42:23.760   624   686 I backup_data_changed: android
07-25 14:42:23.760   624   686 I backup_data_changed: android
07-25 14:42:23.760   624   907 I am_create_task: [0,3]
07-25 14:42:23.760   624   907 I am_create_activity: [0,1098733136,3,android/com.android.internal.app.ResolverActivity,android.intent.action.MAIN,NULL,NULL,276824064]
07-25 14:42:23.760   624   907 I wm_task_created: [3,1]
07-25 14:42:23.760   624   907 I wm_task_moved: [3,1,1]
07-25 14:42:23.760   624   907 I wm_home_stack_moved: 0
07-25 14:42:23.760   624   907 I am_restart_activity: [0,1098733136,3,android/com.android.internal.app.ResolverActivity]
07-25 14:42:23.770   624   640 I am_destroy_activity: [0,1107184464,2,com.toycloud.watch.deskclock/com.android.deskclock.alarms.AlarmActivity,finish-imm]
07-25 14:42:23.810   624   686 I backup_data_changed: android
07-25 14:42:23.810   624   686 I backup_data_changed: android
07-25 14:42:23.820   624   636 I wm_task_removed: [2,removeTask]
07-25 14:42:23.820   624   636 I wm_task_removed: [2,removeAppToken: last token]
07-25 14:42:23.830   852   852 I am_on_create_time: [0,.ResolverActivity onCreate() takes: 63ms]
07-25 14:42:23.830   852   852 I am_on_resume_called: [0,com.android.internal.app.ResolverActivity]
07-25 14:42:23.830   852   852 I am_on_resume_time: [0,.ResolverActivity onResume() takes: 1ms]
07-25 14:42:23.900   624   639 I am_activity_launch_time: [0,1098733136,android/com.android.internal.app.ResolverActivity,139,139]
07-25 14:42:23.920   216   216 I sf_frame_dur: [com.toycloud.watch.deskclock/com.android.deskclock.alarms.AlarmActivity,1,0,226,0,0,0,0]
07-25 14:42:25.320   624   907 I am_create_task: [0,4]
07-25 14:42:25.320   624   907 I am_create_activity: [0,1098874312,4,com.toycloud.watch.launcher/com.launcher.taoyunwatch.activity.MainActivity,android.intent.action.MAIN,NULL,NULL,318767104]
07-25 14:42:25.320   624   907 I wm_task_created: [4,0]
07-25 14:42:25.320   624   907 I wm_task_moved: [4,1,1]
07-25 14:42:25.320   624   907 I wm_home_stack_moved: 1
07-25 14:42:25.330   624   907 I am_pause_activity: [0,1098733136,android/com.android.internal.app.ResolverActivity]
07-25 14:42:25.330   624   907 I am_finish_activity: [0,1098733136,3,android/com.android.internal.app.ResolverActivity,app-request]
07-25 14:42:25.340   852   852 I am_on_paused_called: [0,com.android.internal.app.ResolverActivity]
07-25 14:42:25.340   852   852 I am_on_pause_time: [0,.ResolverActivity onPause() takes: 0ms]
07-25 14:42:25.340   624   907 I am_restart_activity: [0,1098874312,4,com.toycloud.watch.launcher/com.launcher.taoyunwatch.activity.MainActivity]
07-25 14:42:25.390   624   907 I wm_task_moved: [4,1,1]
07-25 14:42:25.390   624   907 I wm_home_stack_moved: 1
07-25 14:42:25.390   624   907 I am_create_activity: [0,1099301912,4,com.toycloud.watch.launcher/com.launcher.taoyunwatch.activity.guide.ClickScreenToUseActivity,NULL,NULL,NULL,0]
07-25 14:42:25.410   624   907 I am_pause_activity: [0,1098874312,com.toycloud.watch.launcher/com.launcher.taoyunwatch.activity.MainActivity]
07-25 14:42:25.550   624   636 I am_create_service: [0,1100105208,.WakeUpService,1000,1000]
07-25 14:42:25.560  1000  1000 I am_on_create_time: [0,.MainActivity onCreate() takes: 200ms]
07-25 14:42:25.590   624   686 I backup_data_changed: com.android.providers.settings
07-25 14:42:25.600   624   640 I am_destroy_activity: [0,1098733136,3,android/com.android.internal.app.ResolverActivity,finish-imm]
07-25 14:42:25.600   624   624 I notification_cancel_all: [com.toycloud.ewatch.friend,-1,0,0]
07-25 14:42:25.610   624   624 I notification_cancel_all: [com.toycloud.watch.settings,-1,0,0]
07-25 14:42:25.610   624   624 I notification_cancel_all: [com.toycloud.watch.sport,-1,0,0]
07-25 14:42:25.620   624   635 I wm_task_removed: [3,removeTask]
07-25 14:42:25.620   624   635 I wm_stack_removed: 1
07-25 14:42:25.620   624   635 I wm_task_removed: [3,removeAppToken: last token]
07-25 14:42:25.640   624   686 I backup_data_changed: com.android.providers.settings
07-25 14:42:25.660   624   624 I notification_cancel_all: [com.eg.android.AlipayGphone,-1,0,0]
07-25 14:42:25.680   624   636 I am_fork_process_time: [0,Fork .album takes: 6ms]
07-25 14:42:25.680   624   636 I am_proc_start: [0,1373,1000,com.toycloud.album,service,com.toycloud.album/com.aidl.taoyunwatch.GetRecentAlbumListImpl]
07-25 14:42:25.680  1000  1000 I am_on_resume_called: [0,com.launcher.taoyunwatch.activity.MainActivity]
07-25 14:42:25.680  1000  1000 I am_on_resume_time: [0,.MainActivity onResume() takes: 121ms]
07-25 14:42:25.700  1000  1000 I am_on_paused_called: [0,com.launcher.taoyunwatch.activity.MainActivity]
07-25 14:42:25.700  1000  1000 I am_on_pause_time: [0,.MainActivity onPause() takes: 9ms]
07-25 14:42:25.700   624   907 I am_restart_activity: [0,1099301912,4,com.toycloud.watch.launcher/com.launcher.taoyunwatch.activity.guide.ClickScreenToUseActivity]
07-25 14:42:25.710   624   635 I am_proc_bound: [0,1373,com.toycloud.album]
07-25 14:42:25.720   624   635 I am_create_service: [0,1101047728,.GetRecentAlbumListImpl,1000,1373]
07-25 14:42:25.720   216   216 I sf_frame_dur: [android/com.android.internal.app.ResolverActivity,17,0,1,1,0,1,0]
07-25 14:42:27.140   624   686 I backup_data_changed: com.android.providers.settings
07-25 14:42:27.140  1000  1000 I am_on_create_time: [0,.ClickScreenToUseActivity onCreate() takes: 26ms]
07-25 14:42:27.140  1000  1000 I am_on_resume_called: [0,com.launcher.taoyunwatch.activity.guide.ClickScreenToUseActivity]
07-25 14:42:27.140  1000  1000 I am_on_resume_time: [0,.ClickScreenToUseActivity onResume() takes: 1ms]
07-25 14:42:27.390   624   639 I am_activity_launch_time: [0,1099301912,com.toycloud.watch.launcher/com.launcher.taoyunwatch.activity.guide.ClickScreenToUseActivity,1692,2050]
07-25 14:42:27.580   624   635 I wm_home_stack_moved: 1
07-25 14:42:27.580   624   635 I wm_task_moved: [4,1,0]
07-25 14:42:27.580   624   635 I wm_home_stack_moved: 1
07-25 14:42:27.580   624   635 I am_create_activity: [0,1106999392,4,com.toycloud.watch.launcher/com.launcher.taoyunwatch.activity.guide.InsertSimTipActivity,NULL,NULL,NULL,0]
07-25 14:42:27.580   624   635 I am_pause_activity: [0,1099301912,com.toycloud.watch.launcher/com.launcher.taoyunwatch.activity.guide.ClickScreenToUseActivity]
07-25 14:42:27.580   624   635 I am_finish_activity: [0,1099301912,4,com.toycloud.watch.launcher/com.launcher.taoyunwatch.activity.guide.ClickScreenToUseActivity,app-request]
07-25 14:42:27.580  1000  1000 I am_on_paused_called: [0,com.launcher.taoyunwatch.activity.guide.ClickScreenToUseActivity]
07-25 14:42:27.580  1000  1000 I am_on_pause_time: [0,.ClickScreenToUseActivity onPause() takes: 0ms]
07-25 14:42:27.580   624   635 I am_restart_activity: [0,1106999392,4,com.toycloud.watch.launcher/com.launcher.taoyunwatch.activity.guide.InsertSimTipActivity]
07-25 14:42:27.610  1000  1000 I am_on_create_time: [0,.InsertSimTipActivity onCreate() takes: 13ms]
07-25 14:42:27.610  1000  1000 I am_on_resume_called: [0,com.launcher.taoyunwatch.activity.guide.InsertSimTipActivity]
07-25 14:42:27.610  1000  1000 I am_on_resume_time: [0,.InsertSimTipActivity onResume() takes: 1ms]
07-25 14:42:27.680   624   639 I am_activity_launch_time: [0,1106999392,com.toycloud.watch.launcher/com.launcher.taoyunwatch.activity.guide.InsertSimTipActivity,95,95]
07-25 14:42:27.990   624   640 I am_destroy_activity: [0,1099301912,4,com.toycloud.watch.launcher/com.launcher.taoyunwatch.activity.guide.ClickScreenToUseActivity,finish-imm]
07-25 14:42:28.510   624   907 I wm_home_stack_moved: 1
07-25 14:42:28.510   624   907 I wm_task_moved: [4,1,0]
07-25 14:42:28.510   624   907 I wm_home_stack_moved: 1
07-25 14:42:28.510   624   907 I am_create_activity: [0,1101834392,4,com.toycloud.watch.launcher/com.launcher.taoyunwatch.activity.guide.ConnectToLanActivity,NULL,NULL,NULL,0]
07-25 14:42:28.510   624   907 I am_pause_activity: [0,1106999392,com.toycloud.watch.launcher/com.launcher.taoyunwatch.activity.guide.InsertSimTipActivity]
07-25 14:42:28.510   624   907 I am_finish_activity: [0,1106999392,4,com.toycloud.watch.launcher/com.launcher.taoyunwatch.activity.guide.InsertSimTipActivity,app-request]
07-25 14:42:28.510  1000  1000 I am_on_paused_called: [0,com.launcher.taoyunwatch.activity.guide.InsertSimTipActivity]
07-25 14:42:28.510  1000  1000 I am_on_pause_time: [0,.InsertSimTipActivity onPause() takes: 1ms]
07-25 14:42:28.510   624   907 I am_restart_activity: [0,1101834392,4,com.toycloud.watch.launcher/com.launcher.taoyunwatch.activity.guide.ConnectToLanActivity]
07-25 14:42:28.530  1000  1000 I am_on_create_time: [0,.ConnectToLanActivity onCreate() takes: 15ms]
07-25 14:42:28.540  1000  1000 I am_on_resume_called: [0,com.launcher.taoyunwatch.activity.guide.ConnectToLanActivity]
07-25 14:42:28.540  1000  1000 I am_on_resume_time: [0,.ConnectToLanActivity onResume() takes: 2ms]
07-25 14:42:28.630   624   639 I am_activity_launch_time: [0,1101834392,com.toycloud.watch.launcher/com.launcher.taoyunwatch.activity.guide.ConnectToLanActivity,114,114]
07-25 14:42:28.980   624   640 I am_destroy_activity: [0,1106999392,4,com.toycloud.watch.launcher/com.launcher.taoyunwatch.activity.guide.InsertSimTipActivity,finish-imm]
07-25 14:42:29.390   624   907 I wm_home_stack_moved: 1
07-25 14:42:29.390   624   907 I wm_task_moved: [4,1,0]
07-25 14:42:29.390   624   907 I wm_home_stack_moved: 1
07-25 14:42:29.390   624   907 I am_create_activity: [0,1100508824,4,com.toycloud.watch.launcher/com.launcher.taoyunwatch.activity.guide.ConnectToServerFailActivity,NULL,NULL,NULL,0]
07-25 14:42:29.390   624   907 I am_pause_activity: [0,1101834392,com.toycloud.watch.launcher/com.launcher.taoyunwatch.activity.guide.ConnectToLanActivity]
07-25 14:42:29.390  1000  1000 I am_on_paused_called: [0,com.launcher.taoyunwatch.activity.guide.ConnectToLanActivity]
07-25 14:42:29.390  1000  1000 I am_on_pause_time: [0,.ConnectToLanActivity onPause() takes: 1ms]
07-25 14:42:29.390   624   907 I am_restart_activity: [0,1100508824,4,com.toycloud.watch.launcher/com.launcher.taoyunwatch.activity.guide.ConnectToServerFailActivity]
07-25 14:42:29.410  1000  1000 I am_on_create_time: [0,.ConnectToServerFailActivity onCreate() takes: 9ms]
07-25 14:42:29.410  1000  1000 I am_on_resume_called: [0,com.launcher.taoyunwatch.activity.guide.ConnectToServerFailActivity]
07-25 14:42:29.410  1000  1000 I am_on_resume_time: [0,.ConnectToServerFailActivity onResume() takes: 2ms]
07-25 14:42:29.490   624   639 I am_activity_launch_time: [0,1100508824,com.toycloud.watch.launcher/com.launcher.taoyunwatch.activity.guide.ConnectToServerFailActivity,101,101]
07-25 14:42:31.420   624   907 I am_finish_activity: [0,1101834392,4,com.toycloud.watch.launcher/com.launcher.taoyunwatch.activity.guide.ConnectToLanActivity,app-request]
07-25 14:42:31.420   624   907 I am_destroy_activity: [0,1101834392,4,com.toycloud.watch.launcher/com.launcher.taoyunwatch.activity.guide.ConnectToLanActivity,finish-imm]
07-25 14:42:31.420   624   635 I am_finish_activity: [0,1100508824,4,com.toycloud.watch.launcher/com.launcher.taoyunwatch.activity.guide.ConnectToServerFailActivity,app-request]
07-25 14:42:31.420   624   635 I am_pause_activity: [0,1100508824,com.toycloud.watch.launcher/com.launcher.taoyunwatch.activity.guide.ConnectToServerFailActivity]
07-25 14:42:31.440  1000  1000 I am_on_paused_called: [0,com.launcher.taoyunwatch.activity.guide.ConnectToServerFailActivity]
07-25 14:42:31.440  1000  1000 I am_on_pause_time: [0,.ConnectToServerFailActivity onPause() takes: 1ms]
07-25 14:42:31.440   624   636 I am_resume_activity: [0,1098874312,4,com.toycloud.watch.launcher/com.launcher.taoyunwatch.activity.MainActivity]
07-25 14:42:31.470   624   636 I am_fork_process_time: [0,Fork .chat takes: 12ms]
07-25 14:42:31.470   624   636 I am_proc_start: [0,1405,1000,com.toycloud.ewatch.chat,service,com.toycloud.ewatch.chat/com.aidl.taoyunwatch.GetNotificationListImpl]
07-25 14:42:31.480   624   635 I am_proc_bound: [0,1405,com.toycloud.ewatch.chat]
07-25 14:42:31.480   624   635 I am_create_service: [0,1102331192,.GetNotificationListImpl,1000,1405]
07-25 14:42:31.510   624   686 I backup_data_changed: com.android.providers.settings
07-25 14:42:31.510   624   640 I am_destroy_activity: [0,1100508824,4,com.toycloud.watch.launcher/com.launcher.taoyunwatch.activity.guide.ConnectToServerFailActivity,finish-imm]
07-25 14:42:31.520   624   624 I notification_cancel_all: [com.toycloud.ewatch.friend,-1,0,0]
07-25 14:42:31.520   624   624 I notification_cancel_all: [com.toycloud.watch.settings,-1,0,0]
07-25 14:42:31.520   624   624 I notification_cancel_all: [com.toycloud.watch.sport,-1,0,0]
07-25 14:42:31.540   624   624 I notification_cancel_all: [com.eg.android.AlipayGphone,-1,0,0]
07-25 14:42:31.580  1000  1000 I am_on_resume_called: [0,com.launcher.taoyunwatch.activity.MainActivity]
07-25 14:42:31.580  1000  1000 I am_on_resume_time: [0,.MainActivity onResume() takes: 111ms]
07-25 14:42:31.680   624   635 I am_create_service: [0,1102636448,.ChatServerAIDLImpl,1000,1000]
07-25 14:42:35.310   624   686 I backup_data_changed: com.android.providers.settings
07-25 14:42:35.330   624   635 I wm_stack_created: [2,0,6,100]
07-25 14:42:35.330   624   635 I am_create_task: [0,5]
07-25 14:42:35.330   624   635 I am_create_activity: [0,1106876848,5,com.toycloud.watch.settings/.ui.activity.SuedeMainActivity,android.intent.action.MAIN,NULL,NULL,335544320]
07-25 14:42:35.330   624   635 I wm_task_created: [5,2]
07-25 14:42:35.330   624   635 I wm_task_moved: [5,1,1]
07-25 14:42:35.330   624   635 I wm_home_stack_moved: 0
07-25 14:42:35.340   624   635 I am_pause_activity: [0,1098874312,com.toycloud.watch.launcher/com.launcher.taoyunwatch.activity.MainActivity]
07-25 14:42:35.370  1000  1000 I am_on_paused_called: [0,com.launcher.taoyunwatch.activity.MainActivity]
07-25 14:42:35.370  1000  1000 I am_on_pause_time: [0,.MainActivity onPause() takes: 3ms]
07-25 14:42:35.370   624   635 I am_fork_process_time: [0,Fork .settings takes: 7ms]
07-25 14:42:35.370   624   635 I am_proc_start: [0,1440,1000,com.toycloud.watch.settings,activity,com.toycloud.watch.settings/.ui.activity.SuedeMainActivity]
07-25 14:42:35.400   624   907 I am_proc_bound: [0,1440,com.toycloud.watch.settings]
07-25 14:42:35.400   624   907 I am_restart_activity: [0,1106876848,5,com.toycloud.watch.settings/.ui.activity.SuedeMainActivity]
07-25 14:42:35.660   624   686 I backup_data_changed: android
07-25 14:42:35.660   624   686 I backup_data_changed: android
07-25 14:42:35.760   216   216 I sf_frame_dur: [com.toycloud.watch.launcher/com.launcher.taoyunwatch.activity.MainActivity,101,7,3,0,4,3,1]
07-25 14:42:35.780  1440  1440 I am_on_create_time: [0,.SuedeMainActivity onCreate() takes: 224ms]
07-25 14:42:35.790   624   907 I am_create_service: [0,1100091952,.FotaAIDLImpl,1000,1000]
07-25 14:42:35.790  1440  1440 I am_on_resume_called: [0,com.toycloud.watch.settings.ui.activity.SuedeMainActivity]
07-25 14:42:35.790  1440  1440 I am_on_resume_time: [0,.SuedeMainActivity onResume() takes: 9ms]
07-25 14:42:36.020   624   639 I am_activity_launch_time: [0,1106876848,com.toycloud.watch.settings/.ui.activity.SuedeMainActivity,657,657]
07-25 14:42:37.820   624   635 I wm_task_moved: [5,1,1]
07-25 14:42:37.820   624   635 I wm_home_stack_moved: 0
07-25 14:42:37.820   624   635 I am_create_activity: [0,1100512416,5,com.toycloud.watch.settings/.ui.activity.MoreItemActivity,NULL,NULL,NULL,0]
07-25 14:42:37.820   624   635 I am_pause_activity: [0,1106876848,com.toycloud.watch.settings/.ui.activity.SuedeMainActivity]
07-25 14:42:37.840  1440  1440 I am_on_paused_called: [0,com.toycloud.watch.settings.ui.activity.SuedeMainActivity]
07-25 14:42:37.840  1440  1440 I am_on_pause_time: [0,.SuedeMainActivity onPause() takes: 0ms]
07-25 14:42:37.840   624   635 I am_restart_activity: [0,1100512416,5,com.toycloud.watch.settings/.ui.activity.MoreItemActivity]
07-25 14:42:37.900  1440  1440 I am_on_create_time: [0,.MoreItemActivity onCreate() takes: 47ms]
07-25 14:42:37.900  1440  1440 I am_on_resume_called: [0,com.toycloud.watch.settings.ui.activity.MoreItemActivity]
07-25 14:42:37.910  1440  1440 I am_on_resume_time: [0,.MoreItemActivity onResume() takes: 2ms]
07-25 14:42:38.120   624   639 I am_activity_launch_time: [0,1100512416,com.toycloud.watch.settings/.ui.activity.MoreItemActivity,277,277]
07-25 14:42:39.750   624   624 I notification_cancel: [android,17302981,NULL,-1,0,0]
07-25 14:42:44.310   624   636 I wm_task_moved: [5,1,1]
07-25 14:42:44.310   624   636 I wm_home_stack_moved: 0
07-25 14:42:44.310   624   636 I am_create_activity: [0,1106675088,5,com.toycloud.watch.settings/.ui.activity.EngineeringListActivity,NULL,NULL,NULL,268435456]
07-25 14:42:44.310   624   636 I am_pause_activity: [0,1100512416,com.toycloud.watch.settings/.ui.activity.MoreItemActivity]
07-25 14:42:44.310  1440  1440 I am_on_paused_called: [0,com.toycloud.watch.settings.ui.activity.MoreItemActivity]
07-25 14:42:44.310  1440  1440 I am_on_pause_time: [0,.MoreItemActivity onPause() takes: 0ms]
07-25 14:42:44.310   624   636 I am_restart_activity: [0,1106675088,5,com.toycloud.watch.settings/.ui.activity.EngineeringListActivity]
07-25 14:42:44.340  1440  1440 I am_on_create_time: [0,.EngineeringListActivity onCreate() takes: 6ms]
07-25 14:42:44.340  1440  1440 I am_on_resume_called: [0,com.toycloud.watch.settings.ui.activity.EngineeringListActivity]
07-25 14:42:44.340  1440  1440 I am_on_resume_time: [0,.EngineeringListActivity onResume() takes: 1ms]
07-25 14:42:44.420   624   639 I am_activity_launch_time: [0,1106675088,com.toycloud.watch.settings/.ui.activity.EngineeringListActivity,105,105]
07-25 14:42:44.480   624   635 I am_create_task: [0,6]
07-25 14:42:44.480   624   635 I am_create_activity: [0,1102290584,6,com.sprd.engineermode/.EngineerModeActivity,NULL,NULL,NULL,268435456]
07-25 14:42:44.480   624   635 I wm_task_created: [6,2]
07-25 14:42:44.480   624   635 I wm_task_moved: [6,1,2]
07-25 14:42:44.480   624   635 I wm_home_stack_moved: 0
07-25 14:42:44.480   624   635 I am_pause_activity: [0,1106675088,com.toycloud.watch.settings/.ui.activity.EngineeringListActivity]
07-25 14:42:44.480  1440  1440 I am_on_paused_called: [0,com.toycloud.watch.settings.ui.activity.EngineeringListActivity]
07-25 14:42:44.480  1440  1440 I am_on_pause_time: [0,.EngineeringListActivity onPause() takes: 0ms]
07-25 14:42:44.490   624   635 I am_restart_activity: [0,1102290584,6,com.sprd.engineermode/.EngineerModeActivity]
07-25 14:42:44.650  1167  1167 I am_on_create_time: [0,.EngineerModeActivity onCreate() takes: 145ms]
07-25 14:42:44.650  1167  1167 I am_on_resume_called: [0,com.sprd.engineermode.EngineerModeActivity]
07-25 14:42:44.650  1167  1167 I am_on_resume_time: [0,.EngineerModeActivity onResume() takes: 1ms]
07-25 14:42:44.930   216   216 I sf_frame_dur: [com.toycloud.watch.settings/com.toycloud.watch.settings.ui.activity.SuedeMainActivity,75,0,2,0,1,0,0]
07-25 14:42:44.930   216   216 I sf_frame_dur: [com.toycloud.watch.settings/com.toycloud.watch.settings.ui.activity.MoreItemActivity,29,1,0,1,0,1,0]
07-25 14:42:45.030   624   639 I am_activity_launch_time: [0,1102290584,com.sprd.engineermode/.EngineerModeActivity,547,547]
07-25 14:42:48.090   624   636 I wm_task_moved: [6,1,2]
07-25 14:42:48.090   624   636 I wm_home_stack_moved: 0
07-25 14:42:48.090   624   636 I am_create_activity: [0,1100305256,6,com.sprd.engineermode/.debuglog.slogui.SlogUICommonControl,android.intent.action.MAIN,NULL,NULL,0]
07-25 14:42:48.090   624   636 I am_pause_activity: [0,1102290584,com.sprd.engineermode/.EngineerModeActivity]
07-25 14:42:48.120  1167  1167 I am_on_paused_called: [0,com.sprd.engineermode.EngineerModeActivity]
07-25 14:42:48.120  1167  1167 I am_on_pause_time: [0,.EngineerModeActivity onPause() takes: 0ms]
07-25 14:42:48.130   624   636 I am_restart_activity: [0,1100305256,6,com.sprd.engineermode/.debuglog.slogui.SlogUICommonControl]
07-25 14:42:48.140   624   636 I am_create_service: [0,1102033624,.SlogService,1000,1167]
07-25 14:42:48.330   624   636 I am_fork_process_time: [0,Fork .defcontainer takes: 5ms]
07-25 14:42:48.330   624   636 I am_proc_start: [0,1483,10011,com.android.defcontainer,service,com.android.defcontainer/.DefaultContainerService]
07-25 14:42:48.340  1167  1167 I am_on_create_time: [0,.SlogUICommonControl onCreate() takes: 201ms]
07-25 14:42:48.340  1167  1167 I am_on_resume_called: [0,com.sprd.engineermode.debuglog.slogui.SlogUICommonControl]
07-25 14:42:48.340  1167  1167 I am_on_resume_time: [0,.SlogUICommonControl onResume() takes: 5ms]
07-25 14:42:48.360   624   636 I am_proc_bound: [0,1483,com.android.defcontainer]
07-25 14:42:48.360   624   636 I am_create_service: [0,1102374816,.DefaultContainerService,10011,1483]
07-25 14:42:48.390   624   624 I notification_cancel: [com.sprd.engineermode,2131230805,NULL,0,0,0]
07-25 14:42:48.390   624   624 I notification_cancel: [com.sprd.engineermode,2131231239,NULL,0,0,0]
07-25 14:42:48.430   624   639 I am_activity_launch_time: [0,1100305256,com.sprd.engineermode/.debuglog.slogui.SlogUICommonControl,304,304]
07-25 14:42:48.780   216   216 I sf_frame_dur: [com.sprd.engineermode/com.sprd.engineermode.EngineerModeActivity,62,5,2,0,1,1,0]
07-25 14:42:48.780   216   216 I sf_frame_dur: [Log Settings,1,2,0,0,0,1,0]
07-25 14:42:51.010   624   624 I notification_cancel: [com.sprd.engineermode,2131231239,NULL,0,0,0]
07-25 14:42:59.520   624   907 I battery_status: [2,2,1,2,Li-ion]
07-25 14:43:05.430   624   907 I battery_status: [3,2,1,0,Li-ion]
07-25 14:43:06.070   624   907 I battery_status: [2,2,1,2,Li-ion]
07-25 14:43:12.610   624  1540 I free_storage_changed: 2661560320
07-25 14:43:13.650   624   635 I battery_status: [3,2,1,0,Li-ion]
07-25 14:43:13.660   624   635 I power_sleep_requested: 0
07-25 14:43:13.840   624   624 I power_screen_broadcast_send: 1
07-25 14:43:13.840   624   624 I power_screen_state: [0,2,0,0]
07-25 14:43:13.840   624   624 I screen_toggled: 0
07-25 14:43:13.840   624   624 I am_pause_activity: [0,1100305256,com.sprd.engineermode/.debuglog.slogui.SlogUICommonControl]
07-25 14:43:13.840  1167  1167 I am_on_paused_called: [0,com.sprd.engineermode.debuglog.slogui.SlogUICommonControl]
07-25 14:43:13.840  1167  1167 I am_on_pause_time: [0,.SlogUICommonControl onPause() takes: 0ms]
07-25 14:43:13.860   624   624 I notification_cancel: [com.sprd.engineermode,2131231239,NULL,0,0,0]
07-25 14:43:13.860   624   624 I notification_cancel: [com.sprd.engineermode,2131231239,NULL,0,0,0]
07-25 14:43:14.040   624   624 I power_screen_broadcast_done: [0,200,1]
07-25 14:43:14.770   624   907 I battery_status: [2,2,1,2,Li-ion]
07-25 14:43:14.790   624   624 I power_screen_broadcast_send: 1
07-25 14:43:14.790   624   624 I power_screen_state: [1,0,0,0]
07-25 14:43:14.800   624   624 I screen_toggled: 1
07-25 14:43:14.830   624   682 I battery_status: [3,2,1,0,Li-ion]
07-25 14:43:15.000   624   636 I dvm_lock_sample: [system_server,1,Binder_2,208,DisplayManagerService.java,1027,-,374,41]
07-25 14:43:15.000   624   624 I am_resume_activity: [0,1100305256,6,com.sprd.engineermode/.debuglog.slogui.SlogUICommonControl]
07-25 14:43:15.020   624   854 I dvm_lock_sample: [system_server,0,Binder_4,195,WindowManagerService.java,7024,-,2395,39]
07-25 14:43:15.030   624   640 I dvm_lock_sample: [system_server,0,ActivityManager,195,ActivityManagerService.java,2369,-,8983,39]
07-25 14:43:15.050  1167  1167 I am_on_resume_called: [0,com.sprd.engineermode.debuglog.slogui.SlogUICommonControl]
07-25 14:43:15.050  1167  1167 I am_on_resume_time: [0,.SlogUICommonControl onResume() takes: 4ms]
