07-25 14:40:06.099   357   381 I gralloc.midgard: gralloc_register_buffer hnd=0x8077d6c0, share_fd=20, share_attr_fd=21, ion_hnd=0x3, magic=51647890, format=2,         	internal_format=2, byte_stride=1280, flags=4, usage=0xb00, size=460800, width=320, height=360, internalWidth=320,         	internalHeight=360, stride=320, base=0xb56a6000, lockState=1073741824, writeOwner=0, pid=357, attr_base=0xffffffff, yuv_info=1, fd=0, buf_idx=0,        		offset=696f505f00001000, min_pgsz=-2139629888, phyaddr=b6df24eb8077d6c0
07-25 14:40:06.149   216   306 I gralloc.midgard: alloc_device_alloc, type=0, hnd=0x7ffe2058, share_fd=41, share_attr_fd=46, ion_hnd=0x4, magic=51647890, format=2, 		internal_format=2, byte_stride=1280, flags=4, usage=0xb00, size=460800, width=320, height=360, internalWidth=320, 		internalHeight=360, stride=320, ADP_VSTRIDE=0,base=0xb5430000, lockState=1073741824, writeOwner=0, pid=216, attr_base=0xffffffff, yuv_info=1, fd=0, buf_idx=0, 		offset=100000000000, min_pgsz=2004049765, phyaddr=7fee4fb87ffe2058
07-25 14:40:06.149   357   381 I gralloc.midgard: gralloc_register_buffer hnd=0x807b8278, share_fd=27, share_attr_fd=28, ion_hnd=0x4, magic=51647890, format=2,         	internal_format=2, byte_stride=1280, flags=4, usage=0xb00, size=460800, width=320, height=360, internalWidth=320,         	internalHeight=360, stride=320, base=0xb5536000, lockState=1073741824, writeOwner=0, pid=357, attr_base=0xffffffff, yuv_info=1, fd=0, buf_idx=0,        		offset=77735f6500001000, min_pgsz=-2139389320, phyaddr=b6df24eb807b8278
07-25 14:40:06.219   217   217 D AndroidRuntime: CheckJNI is OFF
07-25 14:40:06.229   209   256 E MODEM_CTRL: failed to write /proc/cptl/ldsp [wsize=0, rsize=524288, remain=1572864]
07-25 14:40:06.239   209   256 D MODEM_CTRL: load_sipc_image: (/dev/block/platform/soc/by-name/l_warm(0) ==> /proc/cptl/warm(0) size=0x500000)
07-25 14:40:06.239   209   256 E MODEM_CTRL: failed to open /dev/block/platform/soc/by-name/l_warm, error: No such file or directory
07-25 14:40:06.239   209   256 D MODEM_CTRL: load_cp_cmdline (/proc/cmdline ==> /proc/cptl/cpcmdline)
07-25 14:40:06.239   209   256 D MODEM_CTRL: write cmdline [wsize = 159]
07-25 14:40:06.239   209   256 D MODEM_CTRL: boot_from_table: image[7].size=0
07-25 14:40:06.239   209   256 D MODEM_CTRL: load_sipc_image: (/dev/block/platform/soc/by-name/pm_sys(0) ==> /proc/pmic/pm_sys(0) size=0x100000)
07-25 14:40:06.269   209   256 E MODEM_CTRL: failed to write /proc/pmic/pm_sys [wsize=0, rsize=524288, remain=524288]
07-25 14:40:06.269   209   256 D MODEM_CTRL: load_sipc_image: (/system/vendor/firmware/EXEC_CALIBRATE_MAG_IMAGE(0) ==> /proc/pmic/cali_lib(0) size=0x10000)
07-25 14:40:06.269   209   256 E MODEM_CTRL: failed to open /system/vendor/firmware/EXEC_CALIBRATE_MAG_IMAGE, error: No such file or directory
07-25 14:40:06.269   209   256 D MODEM_CTRL: pmcp cali lib does not exist, need to clear the cali region
07-25 14:40:06.269   209   256 E MODEM_CTRL: failed to open /proc/pmic/cali_lib, error: No such file or directory
07-25 14:40:06.269   209   256 D MODEM_CTRL: pmcp_start= /proc/pmic/start
07-25 14:40:06.269   209   256 D MODEM_CTRL: write_proc_file: file is /proc/pmic/start, string is 1!
07-25 14:40:06.329   209   256 D MODEM_CTRL: cp_start= /proc/cptl/start
07-25 14:40:06.329   209   256 D MODEM_CTRL: write_proc_file: file is /proc/cptl/start, string is 1!
07-25 14:40:06.389   211   250 E VES     : VPAD_ioReadDevice: Open /dev/spipe_lte9 device FAIL.
07-25 14:40:06.389   211   250 E VES     : _VPAD_muxReadDeviceTask: VPMD read fail, retry later.
07-25 14:40:06.399   209   255 E MODEM_CTRL: parm_modem_monitor: open /dev/sctl_pm failed, Permission denied
07-25 14:40:06.399   225   225 E refnotify: RefNotify open /dev/spipe_lte8 failed, error: No such device
07-25 14:40:06.449   209   256 D MODEM_CTRL: load_sipc_modem_img: wake lock bEnable = 0!
07-25 14:40:06.449   209   256 D MODEM_CTRL: wait_for_modem_alive: wake lock bEnable = 1!
07-25 14:40:06.449   209   256 D MODEM_CTRL: wait_for_modem_alive: ro.modem.l.tty = /dev/stty_lte
07-25 14:40:06.449   209   256 D MODEM_CTRL: wait_for_modem_alive: times:60, failed to open tty dev:  /dev/stty_lte0, fd = -1
07-25 14:40:06.449   212   212 D MDnsDS  : MDnsSdListener::Hander starting up
07-25 14:40:06.449   212   574 D MDnsDS  : MDnsSdListener starting to monitor
07-25 14:40:06.449   212   574 D MDnsDS  : Going to poll with pollCount 1
07-25 14:40:06.469   232   232 D imsbr   : ip6tables -w -I INPUT -m mark --mark 0x40000000/0xc0000000 -m limit --limit 15/min -j LOG --log-prefix imsbr-in exit with 256
07-25 14:40:06.469   232   232 D imsbr   : iptables -w -t mangle -I PREROUTING -m mark --mark 0x40000000/0xc0000000 -m limit --limit 15/min -j LOG --log-prefix imsbr-pre exit with 256
07-25 14:40:06.479   232   232 D imsbr   : ip6tables -w -t mangle -I PREROUTING -m mark --mark 0x40000000/0xc0000000 -m limit --limit 15/min -j LOG --log-prefix imsbr-pre exit with 256
07-25 14:40:06.479   232   232 D imsbr   : ip link set dev dummy0 up exit with 0
07-25 14:40:06.479   583   583 D ip_monitor-233: 2: dummy0: <BROADCAST,NOARP,UP,LOWER_UP> mtu 1500 qdisc noqueue state UNKNOWN 
07-25 14:40:06.489   584   584 D ip_monitor-233: link/ether 1e:7e:2b:77:ca:a6 brd ff:ff:ff:ff:ff:ff 
07-25 14:40:06.489   585   585 D ip_monitor-233: ff00::/8 dev dummy0  table local  metric 256 
07-25 14:40:06.499   586   586 D ip_monitor-233: fe80::/64 dev dummy0  proto kernel  metric 256 
07-25 14:40:06.499   587   587 D ip_monitor-233: 2: dummy0: <BROADCAST,NOARP,UP,LOWER_UP> mtu 1500 state UNKNOWN 
07-25 14:40:06.499   217   217 D dalvikvm: Trying to load lib libjavacore.so 0x0
07-25 14:40:06.509   588   588 D ip_monitor-233: link/ether 1e:7e:2b:77:ca:a6 
07-25 14:40:06.509   589   589 D ip_monitor-233: 2: dummy0    inet6 fe80::1c7e:2bff:fe77:caa6/64 scope link 
07-25 14:40:06.509   590   590 D ip_monitor-233: valid_lft forever preferred_lft forever 
07-25 14:40:06.519   591   591 D ip_monitor-233: local fe80::1c7e:2bff:fe77:caa6 dev lo  table local  proto none  metric 0 
07-25 14:40:06.519   217   217 D dalvikvm: Added shared lib libjavacore.so 0x0
07-25 14:40:06.539   217   217 D dalvikvm: Trying to load lib libnativehelper.so 0x0
07-25 14:40:06.539   217   217 D dalvikvm: Added shared lib libnativehelper.so 0x0
07-25 14:40:06.539   217   217 D dalvikvm: No JNI_OnLoad found in libnativehelper.so 0x0, skipping init
07-25 14:40:06.599   208   291 D WCND    : cp2_listen_thread: open watchdog dev: /proc/mdbg/wdtirq, fd = -1
07-25 14:40:06.599   208   291 D WCND    : open /proc/mdbg/wdtirq failed, error: No such file or directory
07-25 14:40:06.809   217   217 D dalvikvm: Note: class Landroid/app/ActivityManagerNative; has 193 unimplemented (abstract) methods
07-25 14:40:06.859   219   483 D audio_hw_primary: voip1:vbpipe_name(/dev/spipe_lte4) vbpipe_fd(19) open successfully.
07-25 14:40:06.859   219   483 W audio_hw_primary: voip1:/dev/spipe_lte4, looping now...cur_timeout 0,timeout 0
07-25 14:40:06.859   219   482 W audio_hw_primary: voice:vbpipe_name(/dev/spipe_lte6) vbpipe_fd(25) open successfully.
07-25 14:40:06.859   219   482 W audio_hw_primary: voice:/dev/spipe_lte6, looping now...cur_timeout 0,timeout 0
07-25 14:40:06.999   217   217 E memtrack: Couldn't load memtrack module (No such file or directory)
07-25 14:40:06.999   217   217 E android.os.Debug: failed to load memtrack module: -2
07-25 14:40:07.279   197   197 E sdcard  : missing packages.list; retrying
07-25 14:40:07.359   217   217 D skia    : ---- system font and fallback font files specify a duplicate font /system/fonts/NotoSansGurmukhi-Bold.ttf, skipping the second occurrence
07-25 14:40:07.359   217   217 D skia    : ---- system font and fallback font files specify a duplicate font /system/fonts/NotoSansGurmukhi-Regular.ttf, skipping the second occurrence
07-25 14:40:07.359   217   217 D skia    : ---- system font and fallback font files specify a duplicate font /system/fonts/NotoSansGurmukhiUI-Bold.ttf, skipping the second occurrence
07-25 14:40:07.359   217   217 D skia    : ---- system font and fallback font files specify a duplicate font /system/fonts/NotoSansOriya-Bold.ttf, skipping the second occurrence
07-25 14:40:07.359   217   217 D skia    : ---- system font and fallback font files specify a duplicate font /system/fonts/NotoSansOriya-Regular.ttf, skipping the second occurrence
07-25 14:40:07.359   217   217 D skia    : ---- system font and fallback font files specify a duplicate font /system/fonts/NotoSansOriyaUI-Regular.ttf, skipping the second occurrence
07-25 14:40:07.359   217   217 D skia    : ---- system font and fallback font files specify a duplicate font /system/fonts/NotoSansOriyaUI-Bold.ttf, skipping the second occurrence
07-25 14:40:07.359   217   217 D skia    : ---- system font and fallback font files specify a duplicate font /system/fonts/NotoSansGujarati-Bold.ttf, skipping the second occurrence
07-25 14:40:07.359   217   217 D skia    : ---- system font and fallback font files specify a duplicate font /system/fonts/NotoSansGujarati-Regular.ttf, skipping the second occurrence
07-25 14:40:07.359   217   217 D skia    : ---- system font and fallback font files specify a duplicate font /system/fonts/NotoSansGujaratiUI-Bold.ttf, skipping the second occurrence
07-25 14:40:07.359   217   217 D skia    : ---- system font and fallback font files specify a duplicate font /system/fonts/NotoSansGujaratiUI-Regular.ttf, skipping the second occurrence
07-25 14:40:07.379   217   217 E KTFmImpl: KTFmImpl search is 100k
07-25 14:40:07.379   217   217 D dalvikvm: No JNI_OnLoad found in /system/lib/libandroid_runtime.so 0x0, skipping init
07-25 14:40:07.379   217   217 I Zygote  : zygote init main
07-25 14:40:07.379   217   217 I SamplingProfilerIntegration: Profiling disabled.
07-25 14:40:07.379   217   595 D APCT_DEBUG: cannot open /data/data/com.sprd.APCT/apct/apct_supportjava.io.FileNotFoundException: /data/data/com.sprd.APCT/apct/apct_support: open failed: ENOENT (No such file or directory)
07-25 14:40:07.389   217   596 I Zygote  : Preloading classes...
07-25 14:40:07.389   217   596 E cutils-trace: Error opening trace file: No such file or directory (2)
07-25 14:40:07.389   217   595 I Zygote  : Preloading classes...
07-25 14:40:07.389   217   596 D dalvikvm: GC_EXPLICIT freed 58K, 10% free 560K/620K, paused 0ms+0ms, total 2ms
07-25 14:40:07.389   217   595 D dalvikvm: WAIT_FOR_CONCURRENT_GC blocked 1ms
07-25 14:40:07.399   217   595 D dalvikvm: GC_EXPLICIT freed 2K, 10% free 563K/620K, paused 0ms+4ms, total 5ms
07-25 14:40:07.399   209   255 E MODEM_CTRL: parm_modem_monitor: open /dev/sctl_pm failed, Permission denied
07-25 14:40:07.399   225   225 D refnotify: RefNotify open /dev/spipe_lte8 success
07-25 14:40:07.399   225   225 D refnotify: RefNotify main: wait for modem notify event ...
07-25 14:40:07.399   225   599 E refnotify: refnotify_recv_wcn_msgs: sock =  9
07-25 14:40:07.449   209   256 D MODEM_CTRL: wait_for_modem_alive: wait for alive info from : 10
07-25 14:40:07.449   209   256 D MODEM_CTRL: wait_for_modem_alive: read response Modem Alive from 10
07-25 14:40:07.449   209   256 D MODEM_CTRL: wait_for_modem_alive: wake lock bEnable = 0!
07-25 14:40:07.449   209   256 D MODEM_CTRL: modem_ctrl_listen_thread: send sem_first_boot
07-25 14:40:07.449   209   256 D MODEM_CTRL: modem_ctrl_listen_thread: start listen modemd...
07-25 14:40:07.449   209   254 D MODEM_CTRL: detect_sipc_modem: open assert dev: /dev/spipe_lte2, fd = 10
07-25 14:40:07.449   209   254 D MODEM_CTRL: detect_sipc_modem: open watchdog dev: /proc/cptl/wdtirq, fd = 11
07-25 14:40:07.449   209   254 D MODEM_CTRL: detect_sipc_modem: write modem alive to modemd!
07-25 14:40:07.449   209   254 D MODEM_CTRL: detect_sipc_modem: write to modemd len = 11
07-25 14:40:07.449   209   254 D MODEM_CTRL: detect_sipc_modem: wait for modem assert/hangup event ...
07-25 14:40:07.449   207   223 D MODEMD  : read 11 from fd 13, erro Connection refused
07-25 14:40:07.449   207   223 D MODEMD  : detect_modem_control: read numRead = 11, buf = Modem Alive
07-25 14:40:07.449   207   223 D MODEMD  : Info modem alive to all clients.
07-25 14:40:07.449   207   223 D MODEMD  : write 11 bytes to s_clientFd[0]: 12
07-25 14:40:07.449   207   223 D MODEMD  : write 11 bytes to s_clientFd[1]: 14
07-25 14:40:07.449   207   223 D MODEMD  : enter start_service (modem = l )!
07-25 14:40:07.449   219   484 D audio_hw_primary: modem_monitor: Modem Alive
07-25 14:40:07.449   207   223 D MODEMD  : open stty dev: /dev/stty_lte0
07-25 14:40:07.449   207   223 D MODEMD  : write AT to /dev/stty_lte0
07-25 14:40:07.449   226   226 E SLOGCP  : virtual int CpStateHandler::process_data(): 11 bytes: Modem Alive
07-25 14:40:07.449   207   223 D MODEMD  : read response 
07-25 14:40:07.449   207   223 D MODEMD  : OK
07-25 14:40:07.449   207   223 D MODEMD  : write AT+CMUX=0 to /dev/stty_lte0
07-25 14:40:07.449   207   223 D MODEMD  : read response 
07-25 14:40:07.449   207   223 D MODEMD  : OK
07-25 14:40:07.449   207   223 D MODEMD  : control phoneserver! isStart: 1
07-25 14:40:07.449   207   223 D MODEMD  : control engservice! disable: 1
07-25 14:40:07.449   207   223 D MODEMD  : parse_cmd fd = 16,error = Connection refused
07-25 14:40:07.449   207   223 D MODEMD  : cmdline: earlycon=sprd_serial,0x70100000,115200n8 console=ttyS1,115200n8 loglevel=1 init=/init root=/dev/ram0 rw androidboot.hardware=sp9820e_1h10 lcd_id=ID1800 lcd_base=8fc1f000 lcd_size=360x320   sysdump_magic=85500000 modem=shutdown ltemode=lcsfb rfboard.id=-1 rfhw.id=1 crystal=3 32k.less=0  androidboot.verifiedbootstate=green androidboot.flash.locked=1  androidboot.serialno=P19006700034
07-25 14:40:07.449   207   223 D MODEMD  : parse_cmdline ret = 0
07-25 14:40:07.449   207   223 D MODEMD  : control rild! isStart 1
07-25 14:40:07.449   207   223 D MODEMD  : control nvitemd! isStart 1
07-25 14:40:07.459   207   223 E MODEMD  : dlopen failed: dlopen failed: library "libDivRIL.so" not found
07-25 14:40:07.459   207   223 D MODEMD  : detect_modem_control: Monioring modem state on socket control_modem...
07-25 14:40:07.469   224   224 D ext_data: New client 4 connected!
07-25 14:40:07.469   602   602 D NVITEM  : : modem_type l
07-25 14:40:07.469   602   602 D NVITEM  : : ro_prop ro.modem.l
07-25 14:40:07.469   602   602 D NVITEM  : : persist_prop persist.modem.l
07-25 14:40:07.469   602   602 D NVITEM  : : channel_char ro.modem.l.nv
07-25 14:40:07.469   602   602 D NVITEM  : : channel_path /dev/spipe_lte1 
07-25 14:40:07.469   602   602 D NVITEM  : : fixnv_property is ro.modem.l.fixnv_size fixnv 0xc8000
07-25 14:40:07.469   602   602 D NVITEM  : : fixnv_size c8000
07-25 14:40:07.469   602   602 D NVITEM  : : runnv_property is ro.modem.l.runnv_size runnv 0xe8000
07-25 14:40:07.469   602   602 D NVITEM  : : runnv_size e8000
07-25 14:40:07.469   602   602 D NVITEM  : : partition_path /dev/block/platform/soc/by-name/
07-25 14:40:07.469   602   602 D NVITEM  : : path_char l_ nvp persist.modem.l.nvp
07-25 14:40:07.469   602   602 D NVITEM  : : fixnv_ori_path /dev/block/platform/soc/by-name/l_fixnv1 fixnv_bak_path /dev/block/platform/soc/by-name/l_fixnv2
07-25 14:40:07.469   602   602 D NVITEM  : : runnv_ori_path /dev/block/platform/soc/by-name/l_runtimenv1 runnv_bak_path /dev/block/platform/soc/by-name/l_runtimenv2
07-25 14:40:07.469   602   602 D NVITEM  : : i = 0	0x1	/dev/block/platform/soc/by-name/l_fixnv1	/dev/block/platform/soc/by-name/l_fixnv2	0x   c8000
07-25 14:40:07.469   602   602 D NVITEM  : : i = 1 	0x2	/dev/block/platform/soc/by-name/l_runtimenv1	/dev/block/platform/soc/by-name/l_runtimenv2	0x   e8000
07-25 14:40:07.469   602   602 D NVITEM  : : ramDisk_Read enter
07-25 14:40:07.469   207   222 D MODEMD  : modemd_listenaccept_thread: accept client n=15
07-25 14:40:07.469   207   222 D MODEMD  : modemd_listenaccept_thread: fill15 to client[2]
07-25 14:40:07.469   207   222 D MODEMD  : modemd_listenaccept_thread: Waiting for new connect ...
07-25 14:40:07.469   207   227 D MODEMD  : modemd_listen_read_thread: after  select n = 1
07-25 14:40:07.469   207   227 D MODEMD  : modemd_listen_read_thread: client cnct to modemd num = 1, buf = 0
07-25 14:40:07.469   207   227 D MODEMD  : modemd_listen_read_thread: begin select
07-25 14:40:07.519   602   602 D NVITEM  : : partId1:/dev/block/platform/soc/by-name/l_fixnv2 read success!
07-25 14:40:07.519   602   602 D NVITEM  : : ramDisk_Read enter
07-25 14:40:07.539   208   290 D WCND    : wcnd got 11 from accept
07-25 14:40:07.539   208   290 D WCND    : listen_fd = 7, max=11
07-25 14:40:07.559   602   602 D NVITEM  : : partId2:/dev/block/platform/soc/by-name/l_runtimenv1 read success!
07-25 14:40:07.559   602   602 D NVITEM  : : channel open
07-25 14:40:07.559   602   602 D NVITEM  : : _getPacket
07-25 14:40:07.669   217   596 D dalvikvm: GC_FOR_ALLOC freed 526K, 29% free 1353K/1880K, paused 9ms, total 9ms
07-25 14:40:07.729   217   596 I LibraryLoader: Loading: webviewchromium
07-25 14:40:07.799   211   250 E VES     : VPMD is ready now.
07-25 14:40:07.799   211   250 E VES     : 
07-25 14:40:07.799   211   250 E VES     : [statistics dump]
07-25 14:40:07.799   211   250 E VES     :                                qname 	 pkt, 	 sz, 	, time sec:1564036807 usec:805080
07-25 14:40:07.799   211   250 E VES     :  /data/local/mcue/vpad-videoCmdEvt-w 	 0 	 0
07-25 14:40:07.799   211   250 E VES     :  /data/local/mcue/vpad-videoStream-w 	 0 	 0
07-25 14:40:07.799   211   250 E VES     :  /data/local/mcue/vpad-videoCmdEvt-r 	 0 	 0
07-25 14:40:07.799   211   250 E VES     :  /data/local/mcue/vpad-videoStream-r 	 0 	 0
07-25 14:40:07.799   211   250 E VES     : 
07-25 14:40:07.809   225   225 D refnotify: RefNotify ready to do cmd 
07-25 14:40:07.809   225   225 D refnotify: RefNotify_DoCmd, 10 
07-25 14:40:07.809   225   225 D refnotify: AP up time sys_cnt 1133
07-25 14:40:07.809   225   225 D refnotify: RefNotify main: wait for modem notify event ...
07-25 14:40:07.809   225   622 D refnotify: Enter timesync_task.
07-25 14:40:07.959   219   489 V audio_hw_primary: do_cmd_dual Switch incall AT command [AT+VGR=6][OK
07-25 14:40:07.959   219   489 V audio_hw_primary: ] 
07-25 14:40:07.959   219   489 E audio_hw_primary: do_voice_command: X
07-25 14:40:07.959   219   489 I audio_hw_primary:  voice_command_thread_entry looping done.
07-25 14:40:07.959   219   489 I audio_hw_primary:  voice_command_thread_entry looping now...
07-25 14:40:08.029   217   596 I LibraryLoader: Time to load native libraries: 301 ms (timestamps 7735-8036)
07-25 14:40:08.029   217   596 I LibraryLoader: Expected native library version number "",actual native library version number ""
07-25 14:40:08.069   217   596 I Zygote  : ...preloaded 1313 classes in 680ms.
07-25 14:40:08.169   217   595 D TextLayoutCache: Using debug level = 0 - Debug Enabled = 0
07-25 14:40:08.239   217   595 I dalvikvm: threadid=5: recursive native library load attempt (/system/lib/libmedia_jni.so)
07-25 14:40:08.239   217   595 D MtpDeviceJNI: register_android_mtp_MtpDevice
07-25 14:40:08.239   217   595 I dalvikvm: threadid=5: recursive native library load attempt (/system/lib/libmedia_jni.so)
07-25 14:40:08.239   217   595 I dalvikvm: threadid=5: recursive native library load attempt (/system/lib/libmedia_jni.so)
07-25 14:40:08.239   217   595 I dalvikvm: threadid=5: recursive native library load attempt (/system/lib/libmedia_jni.so)
07-25 14:40:08.249   217   595 W dalvikvm: Exception Ljava/lang/UnsatisfiedLinkError; thrown while initializing Landroid/media/videoeditor/MediaArtistNativeHelper;
07-25 14:40:08.249   217   595 I dalvikvm: java.lang.ClassNotFoundException: android.media.videoeditor.MediaArtistNativeHelper
07-25 14:40:08.249   217   595 I dalvikvm: 	at dalvik.system.VMRuntime.preloadClasses(Native Method)
07-25 14:40:08.249   217   595 I dalvikvm: 	at com.android.internal.os.ZygoteInit.preloadClasses(ZygoteInit.java:411)
07-25 14:40:08.249   217   595 I dalvikvm: 	at com.android.internal.os.ZygoteInit.access$400(ZygoteInit.java:72)
07-25 14:40:08.249   217   595 I dalvikvm: 	at com.android.internal.os.ZygoteInit$2.run(ZygoteInit.java:357)
07-25 14:40:08.329   217   595 E EmojiFactory_jni: Failed to load libemoji.so: dlopen failed: library "libemoji.so" not found
07-25 14:40:08.399   209   255 E MODEM_CTRL: parm_modem_monitor: open /dev/sctl_pm failed, Permission denied
07-25 14:40:08.599   208   291 D WCND    : cp2_listen_thread: open watchdog dev: /proc/mdbg/wdtirq, fd = -1
07-25 14:40:08.599   208   291 D WCND    : open /proc/mdbg/wdtirq failed, error: No such file or directory
07-25 14:40:08.639   217   595 I Zygote  : ...preloaded 1417 classes in 1246ms.
07-25 14:40:08.639   217   217 D libEGL  : loaded /vendor/lib/egl/libGLES_mali.so
07-25 14:40:08.639   217   217 I Zygote  : ZytoteInit preload finish
07-25 14:40:08.649   217   217 D dalvikvm: GC_EXPLICIT freed 166K, 8% free 2144K/2320K, paused 1ms+0ms, total 9ms
07-25 14:40:08.659   217   217 D dalvikvm: GC_EXPLICIT freed 4K, 8% free 2140K/2320K, paused 2ms+1ms, total 9ms
07-25 14:40:08.669   217   217 D dalvikvm: GC_EXPLICIT freed <1K, 8% free 2139K/2320K, paused 1ms+1ms, total 8ms
07-25 14:40:08.669   217   217 I dalvikvm: System server process 624 has been created
07-25 14:40:08.669   217   217 I Zygote  : Accepting command socket connections
07-25 14:40:08.739   624   624 D SensorService: nuSensorService starting...
07-25 14:40:08.969   219   513 V AudioFlinger: thread 0xb4c36008 type 0 TID 513 going to sleep
07-25 14:40:09.019   624   624 D sensor  : numSensors=1, AccSensor::numSensors=1
07-25 14:40:09.019   624   624 E sensor  : wakeIndex=1, flushIndex=2 
07-25 14:40:09.019   624   624 D sensor  : activate handle=0; drv=0
07-25 14:40:09.019   624   624 D sensor  : AccSensor: mEnabled = 0
07-25 14:40:09.019   624   624 I SensorService: DS 3553 3-axis Accelerometer
07-25 14:40:09.019   624   624 D SensorService: Max socket buffer size 163840
07-25 14:40:09.019   624   637 D SensorService: nuSensorService thread starting...
07-25 14:40:09.019   220   220 I installd: new connection
07-25 14:40:09.039   624   640 I System.out: directory is exit,the errnoException.errno is 17
07-25 14:40:09.059   624   640 I System.out: directory is exit,the errnoException.errno is 17
07-25 14:40:09.069   624   628 D dalvikvm: GC_CONCURRENT freed 75K, 10% free 2456K/2716K, paused 2ms+0ms, total 7ms
07-25 14:40:09.179   624   624 I System.out: directory is exit,the errnoException.errno is 17
07-25 14:40:09.229   624   624 E PackageManager: Check Crc Enter 
07-25 14:40:09.249   624   624 I System.out: directory is exit,the errnoException.errno is 17
07-25 14:40:09.259   624   624 I System.out: directory is exit,the errnoException.errno is 17
07-25 14:40:09.259   624   624 I System.out: directory is exit,the errnoException.errno is 17
07-25 14:40:09.269   624   628 D dalvikvm: GC_CONCURRENT freed 359K, 17% free 2772K/3308K, paused 2ms+1ms, total 9ms
07-25 14:40:09.399   209   255 E MODEM_CTRL: parm_modem_monitor: open /dev/sctl_pm failed, Permission denied
07-25 14:40:09.409   257   257 D SRS     : VER:s301.2
07-25 14:40:09.409   257   257 D SRS     : socket listening...
07-25 14:40:09.469   624   624 I PackageSettings: Reading package restrictions for user=0
07-25 14:40:09.559   624   653 D PackageManager: No files in app dir /vendor/app
07-25 14:40:09.599   624   650 W ResourceType: Failure getting entry for 0x7f0200c7 (t=1 e=199) in package 0 (error -75)
07-25 14:40:09.629   624   650 W ResourceType: Failure getting entry for 0x7f020002 (t=1 e=2) in package 0 (error -75)
07-25 14:40:09.649   624   628 D dalvikvm: GC_CONCURRENT freed 943K, 26% free 3245K/4364K, paused 2ms+3ms, total 31ms
07-25 14:40:09.689   624   650 W ResourceType: Failure getting entry for 0x7f0201c7 (t=1 e=455) in package 0 (error -75)
07-25 14:40:09.689   624   650 W ResourceType: Failure getting entry for 0x7f0201c7 (t=1 e=455) in package 0 (error -75)
07-25 14:40:09.809   225   225 D refnotify: RefNotify ready to do cmd 
07-25 14:40:09.809   225   225 D refnotify: RefNotify_DoCmd, 0 
07-25 14:40:09.809   225   225 D refnotify: RefNotify_DoFreqCmd: clk = 2392, divisor = 15, type = 4
07-25 14:40:09.809   225   225 D refnotify: RefNotify_write: p1 = 1, p2 = 0!
07-25 14:40:09.809   225   225 D refnotify: RefNotify_write: echo 1 > /sys/class/display/dphy0/ssc
07-25 14:40:09.809   225   225 D refnotify: RefNotify main: wait for modem notify event ...
07-25 14:40:09.809   225   225 D refnotify: RefNotify ready to do cmd 
07-25 14:40:09.809   225   225 D refnotify: RefNotify_DoCmd, 4 
07-25 14:40:09.809   225   225 D refnotify: RefNotify main: wait for modem notify event ...
07-25 14:40:09.809   225   225 D refnotify: RefNotify ready to do cmd 
07-25 14:40:09.809   225   225 D refnotify: RefNotify_DoCmd, 3 
07-25 14:40:09.809   225   225 D refnotify: RefNotify main: wait for modem notify event ...
07-25 14:40:09.809   624   651 W ResourceType: Failure getting entry for 0x7f020098 (t=1 e=152) in package 0 (error -75)
07-25 14:40:10.179   624   624 W ResourceType: Failure getting entry for 0x7f02012e (t=1 e=302) in package 0 (error -75)
07-25 14:40:10.179   624   624 W ResourceType: Failure getting entry for 0x7f02012e (t=1 e=302) in package 0 (error -75)
07-25 14:40:10.179   624   624 W ResourceType: Failure getting entry for 0x7f02012e (t=1 e=302) in package 0 (error -75)
07-25 14:40:10.179   624   624 W ResourceType: Failure getting entry for 0x7f04001a (t=3 e=26) in package 0 (error -75)
07-25 14:40:10.179   624   624 W ResourceType: Failure getting entry for 0x7f02012e (t=1 e=302) in package 0 (error -75)
07-25 14:40:10.179   624   624 W ResourceType: Failure getting entry for 0x7f02012e (t=1 e=302) in package 0 (error -75)
07-25 14:40:10.179   624   624 W ResourceType: Failure getting entry for 0x7f04001a (t=3 e=26) in package 0 (error -75)
07-25 14:40:10.179   624   624 V PackageManager: flag = 10110001011110001000100
07-25 14:40:10.189   624   624 I PackageManager: Package com.toycloud.watch.sport checking android.permission.CALL_PHONE: BasePermission{4186f690 android.permission.CALL_PHONE}
07-25 14:40:10.189   624   624 I PackageManager: Package com.toycloud.watch.sport granting android.permission.CALL_PHONE
07-25 14:40:10.189   624   624 I PackageManager: Package com.toycloud.watch.sport checking android.permission.CALL_PRIVILEGED: BasePermission{41865030 android.permission.CALL_PRIVILEGED}
07-25 14:40:10.189   624   624 I PackageManager: Package com.toycloud.watch.sport granting android.permission.CALL_PRIVILEGED
07-25 14:40:10.189   624   624 I PackageManager: Package com.toycloud.watch.sport checking android.permission.CHANGE_NETWORK_STATE: BasePermission{41857008 android.permission.CHANGE_NETWORK_STATE}
07-25 14:40:10.189   624   624 I PackageManager: Package com.toycloud.watch.sport granting android.permission.CHANGE_NETWORK_STATE
07-25 14:40:10.189   624   624 I PackageManager: Package com.toycloud.watch.sport checking android.permission.ACCESS_NETWORK_STATE: BasePermission{41883cf8 android.permission.ACCESS_NETWORK_STATE}
07-25 14:40:10.189   624   624 I PackageManager: Package com.toycloud.watch.sport granting android.permission.ACCESS_NETWORK_STATE
07-25 14:40:10.189   624   624 I PackageManager: Package com.toycloud.watch.sport checking android.permission.ACCESS_WIFI_STATE: BasePermission{41845ce8 android.permission.ACCESS_WIFI_STATE}
07-25 14:40:10.189   624   624 I PackageManager: Package com.toycloud.watch.sport granting android.permission.ACCESS_WIFI_STATE
07-25 14:40:10.189   624   624 I PackageManager: Package com.toycloud.watch.sport checking android.permission.CHANGE_WIFI_STATE: BasePermission{41842b80 android.permission.CHANGE_WIFI_STATE}
07-25 14:40:10.189   624   624 I PackageManager: Package com.toycloud.watch.sport granting android.permission.CHANGE_WIFI_STATE
07-25 14:40:10.189   624   624 I PackageManager: Package com.toycloud.watch.sport checking android.permission.WAKE_LOCK: BasePermission{41861758 android.permission.WAKE_LOCK}
07-25 14:40:10.189   624   624 I PackageManager: Package com.toycloud.watch.sport granting android.permission.WAKE_LOCK
07-25 14:40:10.189   624   624 I PackageManager: Package com.toycloud.watch.sport checking android.permission.BLUETOOTH_ADMIN: BasePermission{41864de8 android.permission.BLUETOOTH_ADMIN}
07-25 14:40:10.189   624   624 I PackageManager: Package com.toycloud.watch.sport granting android.permission.BLUETOOTH_ADMIN
07-25 14:40:10.189   624   624 I PackageManager: Package com.toycloud.watch.sport checking android.permission.BLUETOOTH: BasePermission{418622e0 android.permission.BLUETOOTH}
07-25 14:40:10.189   624   624 I PackageManager: Package com.toycloud.watch.sport granting android.permission.BLUETOOTH
07-25 14:40:10.189   624   624 I PackageManager: Package com.toycloud.watch.sport checking android.permission.INTERNET: BasePermission{4185e358 android.permission.INTERNET}
07-25 14:40:10.189   624   624 I PackageManager: Package com.toycloud.watch.sport granting android.permission.INTERNET
07-25 14:40:10.189   624   624 I PackageManager: Package com.toycloud.watch.sport checking android.permission.ACCESS_COARSE_UPDATES: null
07-25 14:40:10.189   624   624 I PackageManager: Package com.toycloud.watch.sport checking android.permission.ACCESS_COARSE_LOCATION: BasePermission{41845140 android.permission.ACCESS_COARSE_LOCATION}
07-25 14:40:10.189   624   624 I PackageManager: Package com.toycloud.watch.sport granting android.permission.ACCESS_COARSE_LOCATION
07-25 14:40:10.189   624   624 I PackageManager: Package com.toycloud.watch.sport checking android.permission.ACCESS_FINE_LOCATION: BasePermission{4186d838 android.permission.ACCESS_FINE_LOCATION}
07-25 14:40:10.189   624   624 I PackageManager: Package com.toycloud.watch.sport granting android.permission.ACCESS_FINE_LOCATION
07-25 14:40:10.189   624   624 I PackageManager: Package com.toycloud.watch.sport checking android.permission.ACCESS_LOCATION_EXTRA_COMMANDS: BasePermission{41849748 android.permission.ACCESS_LOCATION_EXTRA_COMMANDS}
07-25 14:40:10.189   624   624 I PackageManager: Package com.toycloud.watch.sport granting android.permission.ACCESS_LOCATION_EXTRA_COMMANDS
07-25 14:40:10.189   624   624 I PackageManager: Package com.toycloud.watch.sport checking android.permission.READ_PHONE_STATE: BasePermission{41851098 android.permission.READ_PHONE_STATE}
07-25 14:40:10.189   624   624 I PackageManager: Package com.toycloud.watch.sport granting android.permission.READ_PHONE_STATE
07-25 14:40:10.189   624   624 I PackageManager: Package com.toycloud.watch.sport checking android.permission.PROCESS_OUTGOING_CALLS: BasePermission{41854630 android.permission.PROCESS_OUTGOING_CALLS}
07-25 14:40:10.189   624   624 I PackageManager: Package com.toycloud.watch.sport granting android.permission.PROCESS_OUTGOING_CALLS
07-25 14:40:10.189   624   624 I PackageManager: Package com.toycloud.watch.sport checking android.permission.RECORD_AUDIO: BasePermission{4186bf98 android.permission.RECORD_AUDIO}
07-25 14:40:10.189   624   624 I PackageManager: Package com.toycloud.watch.sport granting android.permission.RECORD_AUDIO
07-25 14:40:10.189   624   624 I PackageManager: Package com.toycloud.watch.sport checking android.permission.RECEIVE_BOOT_COMPLETED: BasePermission{4186e440 android.permission.RECEIVE_BOOT_COMPLETED}
07-25 14:40:10.189   624   624 I PackageManager: Package com.toycloud.watch.sport granting android.permission.RECEIVE_BOOT_COMPLETED
07-25 14:40:10.189   624   624 I PackageManager: Package com.toycloud.watch.sport checking android.permission.WRITE_SETTINGS: BasePermission{41865650 android.permission.WRITE_SETTINGS}
07-25 14:40:10.189   624   624 I PackageManager: Package com.toycloud.watch.sport granting android.permission.WRITE_SETTINGS
07-25 14:40:10.189   624   624 I PackageManager: Package com.toycloud.watch.sport checking android.permission.VIBRATE: BasePermission{4185bab8 android.permission.VIBRATE}
07-25 14:40:10.189   624   624 I PackageManager: Package com.toycloud.watch.sport granting android.permission.VIBRATE
07-25 14:40:10.189   624   624 I PackageManager: Package com.toycloud.watch.sport checking android.permission.WRITE_EXTERNAL_STORAGE: BasePermission{4185b240 android.permission.WRITE_EXTERNAL_STORAGE}
07-25 14:40:10.189   624   624 I PackageManager: Package com.toycloud.watch.sport granting android.permission.WRITE_EXTERNAL_STORAGE
07-25 14:40:10.189   624   624 I PackageManager: Package com.toycloud.watch.sport checking android.permission.READ_EXTERNAL_STORAGE: BasePermission{4185be90 android.permission.READ_EXTERNAL_STORAGE}
07-25 14:40:10.189   624   624 I PackageManager: Package com.toycloud.watch.sport granting android.permission.READ_EXTERNAL_STORAGE
07-25 14:40:10.189   624   624 I PackageManager: Package com.toycloud.watch.sport checking android.permission.ACCESS_DOWNLOAD_MANAGER: BasePermission{4183c060 android.permission.ACCESS_DOWNLOAD_MANAGER}
07-25 14:40:10.189   624   624 I PackageManager: Package com.toycloud.watch.sport granting android.permission.ACCESS_DOWNLOAD_MANAGER
07-25 14:40:10.189   624   624 I PackageManager: Package com.toycloud.watch.sport checking android.permission.DOWNLOAD_WITHOUT_NOTIFICATION: BasePermission{41864a10 android.permission.DOWNLOAD_WITHOUT_NOTIFICATION}
07-25 14:40:10.189   624   624 I PackageManager: Package com.toycloud.watch.sport granting android.permission.DOWNLOAD_WITHOUT_NOTIFICATION
07-25 14:40:10.189   624   624 I PackageManager: Package com.toycloud.watch.sport checking android.permission.DISABLE_KEYGUARD: BasePermission{4187d9f0 android.permission.DISABLE_KEYGUARD}
07-25 14:40:10.189   624   624 I PackageManager: Package com.toycloud.watch.sport granting android.permission.DISABLE_KEYGUARD
07-25 14:40:10.189   624   624 I PackageManager: Package com.toycloud.watch.sport checking android.permission.MODIFY_PHONE_STATE: BasePermission{4185a6a8 android.permission.MODIFY_PHONE_STATE}
07-25 14:40:10.189   624   624 I PackageManager: Package com.toycloud.watch.sport granting android.permission.MODIFY_PHONE_STATE
07-25 14:40:10.189   624   624 I PackageManager: Package com.toycloud.watch.sport checking android.permission.SYSTEM_ALERT_WINDOW: BasePermission{41865c70 android.permission.SYSTEM_ALERT_WINDOW}
07-25 14:40:10.189   624   624 I PackageManager: Package com.toycloud.watch.sport granting android.permission.SYSTEM_ALERT_WINDOW
07-25 14:40:10.189   624   624 I PackageManager: Package com.toycloud.watch.sport checking android.permission.GET_TASKS: BasePermission{41855f08 android.permission.GET_TASKS}
07-25 14:40:10.189   624   624 I PackageManager: Package com.toycloud.watch.sport granting android.permission.GET_TASKS
07-25 14:40:10.189   624   624 I PackageManager: Package com.toycloud.watch.sport checking android.permission.READ_CONTACTS: BasePermission{418654c0 android.permission.READ_CONTACTS}
07-25 14:40:10.189   624   624 I PackageManager: Package com.toycloud.watch.sport granting android.permission.READ_CONTACTS
07-25 14:40:10.189   624   624 I PackageManager: Package com.toycloud.watch.sport checking android.permission.WRITE_CONTACTS: BasePermission{41852770 android.permission.WRITE_CONTACTS}
07-25 14:40:10.189   624   624 I PackageManager: Package com.toycloud.watch.sport granting android.permission.WRITE_CONTACTS
07-25 14:40:10.189   624   624 I PackageManager: Package com.toycloud.watch.sport checking android.permission.DEVICE_POWER: BasePermission{41847f78 android.permission.DEVICE_POWER}
07-25 14:40:10.189   624   624 I PackageManager: Package com.toycloud.watch.sport granting android.permission.DEVICE_POWER
07-25 14:40:10.189   624   624 I PackageManager: Package com.toycloud.watch.sport checking com.toycloud.permission.SEND_CONTACTS_TO_SECRETORY: null
07-25 14:40:10.189   624   624 I PackageManager: Package com.toycloud.watch.sport checking android.permission.READ_SMS: BasePermission{418445f8 android.permission.READ_SMS}
07-25 14:40:10.189   624   624 I PackageManager: Package com.toycloud.watch.sport granting android.permission.READ_SMS
07-25 14:40:10.189   624   624 I PackageManager: Package com.toycloud.watch.sport checking android.permission.WRITE_SMS: BasePermission{41877670 android.permission.WRITE_SMS}
07-25 14:40:10.189   624   624 I PackageManager: Package com.toycloud.watch.sport granting android.permission.WRITE_SMS
07-25 14:40:10.189   624   624 I PackageManager: Package com.toycloud.watch.sport checking android.permission.SEND_SMS: BasePermission{4184c4d8 android.permission.SEND_SMS}
07-25 14:40:10.189   624   624 I PackageManager: Package com.toycloud.watch.sport granting android.permission.SEND_SMS
07-25 14:40:10.189   624   624 I PackageManager: Package com.toycloud.watch.sport checking android.permission.RECEIVE_SMS: BasePermission{4186fcc0 android.permission.RECEIVE_SMS}
07-25 14:40:10.189   624   624 I PackageManager: Package com.toycloud.watch.sport granting android.permission.RECEIVE_SMS
07-25 14:40:10.189   624   624 I PackageManager: Package com.toycloud.watch.sport checking android.permission.RECEIVE_MMS: BasePermission{41866f60 android.permission.RECEIVE_MMS}
07-25 14:40:10.189   624   624 I PackageManager: Package com.toycloud.watch.sport granting android.permission.RECEIVE_MMS
07-25 14:40:10.189   624   624 I PackageManager: Package com.toycloud.watch.sport checking android.permission.SHUTDOWN: BasePermission{41802d50 android.permission.SHUTDOWN}
07-25 14:40:10.189   624   624 I PackageManager: Package com.toycloud.watch.sport granting android.permission.SHUTDOWN
07-25 14:40:10.189   624   624 I PackageManager: Package com.toycloud.watch.sport checking android.permission.SET_TIME: BasePermission{4186de00 android.permission.SET_TIME}
07-25 14:40:10.189   624   624 I PackageManager: Package com.toycloud.watch.sport granting android.permission.SET_TIME
07-25 14:40:10.189   624   624 I PackageManager: Package com.toycloud.watch.sport checking android.permission.WRITE_SECURE_SETTINGS: BasePermission{4185cb98 android.permission.WRITE_SECURE_SETTINGS}
07-25 14:40:10.189   624   624 I PackageManager: Package com.toycloud.watch.sport granting android.permission.WRITE_SECURE_SETTINGS
07-25 14:40:10.189   624   624 I PackageManager: Package com.toycloud.watch.sport checking android.permission.READ_LOGS: BasePermission{4185cae0 android.permission.READ_LOGS}
07-25 14:40:10.189   624   624 I PackageManager: Package com.toycloud.watch.sport granting android.permission.READ_LOGS
07-25 14:40:10.199   624   624 I PackageManager: Package com.sprd.simple.launcher checking android.permission.CALL_PHONE: BasePermission{4186f690 android.permission.CALL_PHONE}
07-25 14:40:10.199   624   624 I PackageManager: Package com.sprd.simple.launcher granting android.permission.CALL_PHONE
07-25 14:40:10.199   624   624 I PackageManager: Package com.sprd.simple.launcher checking android.permission.READ_CALL_LOG: BasePermission{41840f68 android.permission.READ_CALL_LOG}
07-25 14:40:10.199   624   624 I PackageManager: Package com.sprd.simple.launcher granting android.permission.READ_CALL_LOG
07-25 14:40:10.199   624   624 I PackageManager: Package com.sprd.simple.launcher checking android.permission.READ_SMS: BasePermission{418445f8 android.permission.READ_SMS}
07-25 14:40:10.199   624   624 I PackageManager: Package com.sprd.simple.launcher granting android.permission.READ_SMS
07-25 14:40:10.199   624   624 I PackageManager: Package com.sprd.simple.launcher checking android.permission.READ_CONTACTS: BasePermission{418654c0 android.permission.READ_CONTACTS}
07-25 14:40:10.199   624   624 I PackageManager: Package com.sprd.simple.launcher granting android.permission.READ_CONTACTS
07-25 14:40:10.199   624   624 I PackageManager: Package com.sprd.simple.launcher checking android.permission.READ_EXTERNAL_STORAGE: BasePermission{4185be90 android.permission.READ_EXTERNAL_STORAGE}
07-25 14:40:10.199   624   624 I PackageManager: Package com.sprd.simple.launcher granting android.permission.READ_EXTERNAL_STORAGE
07-25 14:40:10.199   624   624 I PackageManager: Package com.sprd.simple.launcher checking android.permission.WRITE_EXTERNAL_STORAGE: BasePermission{4185b240 android.permission.WRITE_EXTERNAL_STORAGE}
07-25 14:40:10.199   624   624 I PackageManager: Package com.sprd.simple.launcher granting android.permission.WRITE_EXTERNAL_STORAGE
07-25 14:40:10.199   624   624 I PackageManager: Package com.sprd.simple.launcher checking android.permission.CAMERA: BasePermission{41863658 android.permission.CAMERA}
07-25 14:40:10.199   624   624 I PackageManager: Package com.sprd.simple.launcher granting android.permission.CAMERA
07-25 14:40:10.199   624   624 I PackageManager: Package com.sprd.simple.launcher checking android.permission.EXPAND_STATUS_BAR: BasePermission{418496b8 android.permission.EXPAND_STATUS_BAR}
07-25 14:40:10.199   624   624 I PackageManager: Package com.sprd.simple.launcher granting android.permission.EXPAND_STATUS_BAR
07-25 14:40:10.199   624   624 I PackageManager: Package com.sprd.simple.launcher checking android.permission.KILL_BACKGROUND_PROCESSES: BasePermission{4184a880 android.permission.KILL_BACKGROUND_PROCESSES}
07-25 14:40:10.199   624   624 I PackageManager: Package com.sprd.simple.launcher granting android.permission.KILL_BACKGROUND_PROCESSES
07-25 14:40:10.199   624   624 I PackageManager: Package com.android.contacts checking android.permission.READ_SMS: BasePermission{418445f8 android.permission.READ_SMS}
07-25 14:40:10.199   624   624 I PackageManager: Package com.android.contacts granting android.permission.READ_SMS
07-25 14:40:10.199   624   624 I PackageManager: Package com.android.contacts checking android.permission.WRITE_SMS: BasePermission{41877670 android.permission.WRITE_SMS}
07-25 14:40:10.199   624   624 I PackageManager: Package com.android.contacts granting android.permission.WRITE_SMS
07-25 14:40:10.199   624   624 I PackageManager: Package com.android.contacts checking android.permission.USE_CREDENTIALS: BasePermission{418687c8 android.permission.USE_CREDENTIALS}
07-25 14:40:10.199   624   624 I PackageManager: Package com.android.contacts granting android.permission.USE_CREDENTIALS
07-25 14:40:10.199   624   624 I PackageManager: Package com.android.contacts checking android.permission.AUTHENTICATE_ACCOUNTS: BasePermission{4183d3c0 android.permission.AUTHENTICATE_ACCOUNTS}
07-25 14:40:10.199   624   624 I PackageManager: Package com.android.contacts granting android.permission.AUTHENTICATE_ACCOUNTS
07-25 14:40:10.199   624   624 I PackageManager: Package com.android.contacts checking android.permission.WRITE_SETTINGS: BasePermission{41865650 android.permission.WRITE_SETTINGS}
07-25 14:40:10.199   624   624 I PackageManager: Package com.android.contacts granting android.permission.WRITE_SETTINGS
07-25 14:40:10.199   624   624 I PackageManager: Package com.android.contacts checking android.permission.WRITE_SECURE_SETTINGS: BasePermission{4185cb98 android.permission.WRITE_SECURE_SETTINGS}
07-25 14:40:10.199   624   624 I PackageManager: Package com.android.contacts granting android.permission.WRITE_SECURE_SETTINGS
07-25 14:40:10.199   624   624 I PackageManager: Package com.android.contacts checking android.permission.READ_SYNC_STATS: BasePermission{4187e050 android.permission.READ_SYNC_STATS}
07-25 14:40:10.199   624   624 I PackageManager: Package com.android.contacts granting android.permission.READ_SYNC_STATS
07-25 14:40:10.199   624   624 I PackageManager: Package com.android.contacts checking android.permission.WRITE_SYNC_SETTINGS: BasePermission{4185b920 android.permission.WRITE_SYNC_SETTINGS}
07-25 14:40:10.199   624   624 I PackageManager: Package com.android.contacts granting android.permission.WRITE_SYNC_SETTINGS
07-25 14:40:10.199   624   624 I PackageManager: Package com.android.contacts checking android.permission.CALL_PRIVILEGED: BasePermission{41865030 android.permission.CALL_PRIVILEGED}
07-25 14:40:10.199   624   624 I PackageManager: Package com.android.contacts granting android.permission.CALL_PRIVILEGED
07-25 14:40:10.199   624   624 I PackageManager: Package com.android.contacts checking android.permission.READ_CONTACTS: BasePermission{418654c0 android.permission.READ_CONTACTS}
07-25 14:40:10.199   624   624 I PackageManager: Package com.android.contacts granting android.permission.READ_CONTACTS
07-25 14:40:10.199   624   624 I PackageManager: Package com.android.contacts checking android.permission.WRITE_CONTACTS: BasePermission{41852770 android.permission.WRITE_CONTACTS}
07-25 14:40:10.199   624   624 I PackageManager: Package com.android.contacts granting android.permission.WRITE_CONTACTS
07-25 14:40:10.199   624   624 I PackageManager: Package com.android.contacts checking android.permission.READ_CALL_LOG: BasePermission{41840f68 android.permission.READ_CALL_LOG}
07-25 14:40:10.199   624   624 I PackageManager: Package com.android.contacts granting android.permission.READ_CALL_LOG
07-25 14:40:10.199   624   624 I PackageManager: Package com.android.contacts checking android.permission.WRITE_CALL_LOG: BasePermission{4183dbd8 android.permission.WRITE_CALL_LOG}
07-25 14:40:10.199   624   624 I PackageManager: Package com.android.contacts granting android.permission.WRITE_CALL_LOG
07-25 14:40:10.199   624   624 I PackageManager: Package com.android.contacts checking android.permission.MANAGE_ACCOUNTS: BasePermission{4184ffa0 android.permission.MANAGE_ACCOUNTS}
07-25 14:40:10.199   624   624 I PackageManager: Package com.android.contacts granting android.permission.MANAGE_ACCOUNTS
07-25 14:40:10.199   624   624 I PackageManager: Package com.android.contacts checking android.permission.GET_ACCOUNTS: BasePermission{41866158 android.permission.GET_ACCOUNTS}
07-25 14:40:10.199   624   624 I PackageManager: Package com.android.contacts granting android.permission.GET_ACCOUNTS
07-25 14:40:10.199   624   624 I PackageManager: Package com.android.contacts checking android.permission.ACCESS_FINE_LOCATION: BasePermission{4186d838 android.permission.ACCESS_FINE_LOCATION}
07-25 14:40:10.199   624   624 I PackageManager: Package com.android.contacts granting android.permission.ACCESS_FINE_LOCATION
07-25 14:40:10.199   624   624 I PackageManager: Package com.android.contacts checking android.permission.ACCESS_COARSE_LOCATION: BasePermission{41845140 android.permission.ACCESS_COARSE_LOCATION}
07-25 14:40:10.199   624   624 I PackageManager: Package com.android.contacts granting android.permission.ACCESS_COARSE_LOCATION
07-25 14:40:10.199   624   624 I PackageManager: Package com.android.contacts checking android.permission.READ_PROFILE: BasePermission{4186cfe8 android.permission.READ_PROFILE}
07-25 14:40:10.199   624   624 I PackageManager: Package com.android.contacts granting android.permission.READ_PROFILE
07-25 14:40:10.199   624   624 I PackageManager: Package com.android.contacts checking android.permission.WRITE_PROFILE: BasePermission{4185d9d8 android.permission.WRITE_PROFILE}
07-25 14:40:10.199   624   624 I PackageManager: Package com.android.contacts granting android.permission.WRITE_PROFILE
07-25 14:40:10.199   624   624 I PackageManager: Package com.android.contacts checking android.permission.READ_SOCIAL_STREAM: BasePermission{418538a0 android.permission.READ_SOCIAL_STREAM}
07-25 14:40:10.199   624   624 I PackageManager: Package com.android.contacts granting android.permission.READ_SOCIAL_STREAM
07-25 14:40:10.199   624   624 I PackageManager: Package com.android.contacts checking android.permission.INTERNET: BasePermission{4185e358 android.permission.INTERNET}
07-25 14:40:10.199   624   624 I PackageManager: Package com.android.contacts granting android.permission.INTERNET
07-25 14:40:10.199   624   624 I PackageManager: Package com.android.contacts checking android.permission.NFC: BasePermission{4184c1c8 android.permission.NFC}
07-25 14:40:10.199   624   624 I PackageManager: Package com.android.contacts granting android.permission.NFC
07-25 14:40:10.199   624   624 I PackageManager: Package com.android.contacts checking android.permission.READ_PHONE_STATE: BasePermission{41851098 android.permission.READ_PHONE_STATE}
07-25 14:40:10.199   624   624 I PackageManager: Package com.android.contacts granting android.permission.READ_PHONE_STATE
07-25 14:40:10.199   624   624 I PackageManager: Package com.android.contacts checking android.permission.MODIFY_AUDIO_SETTINGS: BasePermission{41866290 android.permission.MODIFY_AUDIO_SETTINGS}
07-25 14:40:10.199   624   624 I PackageManager: Package com.android.contacts granting android.permission.MODIFY_AUDIO_SETTINGS
07-25 14:40:10.199   624   624 I PackageManager: Package com.android.contacts checking android.permission.MODIFY_PHONE_STATE: BasePermission{4185a6a8 android.permission.MODIFY_PHONE_STATE}
07-25 14:40:10.199   624   624 I PackageManager: Package com.android.contacts granting android.permission.MODIFY_PHONE_STATE
07-25 14:40:10.199   624   624 I PackageManager: Package com.android.contacts checking android.permission.WAKE_LOCK: BasePermission{41861758 android.permission.WAKE_LOCK}
07-25 14:40:10.199   624   624 I PackageManager: Package com.android.contacts granting android.permission.WAKE_LOCK
07-25 14:40:10.199   624   624 I PackageManager: Package com.android.contacts checking android.permission.WRITE_EXTERNAL_STORAGE: BasePermission{4185b240 android.permission.WRITE_EXTERNAL_STORAGE}
07-25 14:40:10.199   624   624 I PackageManager: Package com.android.contacts granting android.permission.WRITE_EXTERNAL_STORAGE
07-25 14:40:10.199   624   624 I PackageManager: Package com.android.contacts checking android.permission.VIBRATE: BasePermission{4185bab8 android.permission.VIBRATE}
07-25 14:40:10.199   624   624 I PackageManager: Package com.android.contacts granting android.permission.VIBRATE
