07-25 14:40:05.759   219   219 E audio_hw:Alsa_Util: open snd control failed.
07-25 14:40:05.759   219   219 E audio_hw:Alsa_Util: open snd control failed.
07-25 14:40:05.759   219   219 E audio_hw:Alsa_Util: open snd control failed.
07-25 14:40:05.759   219   219 E audio_hw:Alsa_Util: open snd control failed.
07-25 14:40:05.759   219   219 E audio_hw:Alsa_Util: open snd control failed.
07-25 14:40:05.759   219   219 E audio_hw:Alsa_Util: open snd control failed.
07-25 14:40:05.759   219   219 E audio_hw:Alsa_Util: open snd control failed.
07-25 14:40:05.759   219   219 E audio_hw:Alsa_Util: open snd control failed.
07-25 14:40:05.759   219   219 E audio_hw:Alsa_Util: open snd control failed.
07-25 14:40:05.759   219   219 E audio_hw:Alsa_Util: open snd control failed.
07-25 14:40:05.759   219   219 E audio_hw:Alsa_Util: open snd control failed.
07-25 14:40:05.759   219   219 E audio_hw:Alsa_Util: open snd control failed.
07-25 14:40:05.759   219   219 E audio_hw:Alsa_Util: There is no one matched to <saudiovoip>.
07-25 14:40:05.759   219   219 I audio_hw:Alsa_Util: card name is sprdphone, query card=0
07-25 14:40:05.759   219   219 I audio_hw:Alsa_Util: card name is all-i2s, query card=1
07-25 14:40:05.759   219   219 I audio_hw:Alsa_Util: Search Completed, cur_name is all-i2s, card_num=1
07-25 14:40:05.759   219   219 I audio_hw:Alsa_Util: card name is sprdphone, query card=0
07-25 14:40:05.759   219   219 I audio_hw:Alsa_Util: card name is all-i2s, query card=1
07-25 14:40:05.759   219   219 E audio_hw:Alsa_Util: open snd control failed.
07-25 14:40:05.759   219   219 E audio_hw:Alsa_Util: open snd control failed.
07-25 14:40:05.759   219   219 E audio_hw:Alsa_Util: open snd control failed.
07-25 14:40:05.759   219   219 E audio_hw:Alsa_Util: open snd control failed.
07-25 14:40:05.759   219   219 E audio_hw:Alsa_Util: open snd control failed.
07-25 14:40:05.759   219   219 E audio_hw:Alsa_Util: open snd control failed.
07-25 14:40:05.759   219   219 E audio_hw:Alsa_Util: open snd control failed.
07-25 14:40:05.759   219   219 E audio_hw:Alsa_Util: open snd control failed.
07-25 14:40:05.759   219   219 E audio_hw:Alsa_Util: open snd control failed.
07-25 14:40:05.759   219   219 E audio_hw:Alsa_Util: open snd control failed.
07-25 14:40:05.759   219   219 E audio_hw:Alsa_Util: open snd control failed.
07-25 14:40:05.759   219   219 E audio_hw:Alsa_Util: open snd control failed.
07-25 14:40:05.759   219   219 E audio_hw:Alsa_Util: open snd control failed.
07-25 14:40:05.759   219   219 E audio_hw:Alsa_Util: open snd control failed.
07-25 14:40:05.759   219   219 E audio_hw:Alsa_Util: open snd control failed.
07-25 14:40:05.759   219   219 E audio_hw:Alsa_Util: open snd control failed.
07-25 14:40:05.759   219   219 E audio_hw:Alsa_Util: open snd control failed.
07-25 14:40:05.759   219   219 E audio_hw:Alsa_Util: open snd control failed.
07-25 14:40:05.759   219   219 E audio_hw:Alsa_Util: open snd control failed.
07-25 14:40:05.759   219   219 E audio_hw:Alsa_Util: open snd control failed.
07-25 14:40:05.759   219   219 E audio_hw:Alsa_Util: open snd control failed.
07-25 14:40:05.759   219   219 E audio_hw:Alsa_Util: open snd control failed.
07-25 14:40:05.759   219   219 E audio_hw:Alsa_Util: open snd control failed.
07-25 14:40:05.759   219   219 E audio_hw:Alsa_Util: open snd control failed.
07-25 14:40:05.759   219   219 E audio_hw:Alsa_Util: open snd control failed.
07-25 14:40:05.759   219   219 E audio_hw:Alsa_Util: open snd control failed.
07-25 14:40:05.759   219   219 E audio_hw:Alsa_Util: open snd control failed.
07-25 14:40:05.759   219   219 E audio_hw:Alsa_Util: open snd control failed.
07-25 14:40:05.759   219   219 E audio_hw:Alsa_Util: open snd control failed.
07-25 14:40:05.759   219   219 E audio_hw:Alsa_Util: open snd control failed.
07-25 14:40:05.759   219   219 E audio_hw:Alsa_Util: There is no one matched to <VIRTUAL AUDIO W>.
07-25 14:40:05.759   219   219 I audio_hw:Alsa_Util: card name is sprdphone, query card=0
07-25 14:40:05.759   219   219 I audio_hw:Alsa_Util: card name is all-i2s, query card=1
07-25 14:40:05.759   219   219 E audio_hw:Alsa_Util: open snd control failed.
07-25 14:40:05.759   219   219 E audio_hw:Alsa_Util: open snd control failed.
07-25 14:40:05.759   219   219 E audio_hw:Alsa_Util: open snd control failed.
07-25 14:40:05.759   219   219 E audio_hw:Alsa_Util: open snd control failed.
07-25 14:40:05.759   219   219 E audio_hw:Alsa_Util: open snd control failed.
07-25 14:40:05.759   219   219 E audio_hw:Alsa_Util: open snd control failed.
07-25 14:40:05.759   219   219 E audio_hw:Alsa_Util: open snd control failed.
07-25 14:40:05.759   219   219 E audio_hw:Alsa_Util: open snd control failed.
07-25 14:40:05.759   219   219 E audio_hw:Alsa_Util: open snd control failed.
07-25 14:40:05.759   219   219 E audio_hw:Alsa_Util: open snd control failed.
07-25 14:40:05.759   219   219 E audio_hw:Alsa_Util: open snd control failed.
07-25 14:40:05.759   219   219 E audio_hw:Alsa_Util: open snd control failed.
07-25 14:40:05.759   219   219 E audio_hw:Alsa_Util: open snd control failed.
07-25 14:40:05.759   219   219 E audio_hw:Alsa_Util: open snd control failed.
07-25 14:40:05.759   219   219 E audio_hw:Alsa_Util: open snd control failed.
07-25 14:40:05.759   219   219 E audio_hw:Alsa_Util: open snd control failed.
07-25 14:40:05.759   219   219 E audio_hw:Alsa_Util: open snd control failed.
07-25 14:40:05.759   219   219 E audio_hw:Alsa_Util: open snd control failed.
07-25 14:40:05.759   219   219 E audio_hw:Alsa_Util: open snd control failed.
07-25 14:40:05.759   219   219 E audio_hw:Alsa_Util: open snd control failed.
07-25 14:40:05.759   219   219 E audio_hw:Alsa_Util: open snd control failed.
07-25 14:40:05.759   219   219 E audio_hw:Alsa_Util: open snd control failed.
07-25 14:40:05.759   219   219 E audio_hw:Alsa_Util: open snd control failed.
07-25 14:40:05.759   219   219 E audio_hw:Alsa_Util: open snd control failed.
07-25 14:40:05.759   219   219 E audio_hw:Alsa_Util: open snd control failed.
07-25 14:40:05.759   219   219 E audio_hw:Alsa_Util: open snd control failed.
07-25 14:40:05.759   219   219 E audio_hw:Alsa_Util: open snd control failed.
07-25 14:40:05.759   219   219 E audio_hw:Alsa_Util: open snd control failed.
07-25 14:40:05.759   219   219 E audio_hw:Alsa_Util: open snd control failed.
07-25 14:40:05.759   219   219 E audio_hw:Alsa_Util: open snd control failed.
07-25 14:40:05.759   219   219 E audio_hw:Alsa_Util: There is no one matched to <saudiolte>.
07-25 14:40:05.759   219   219 I audio_hw_primary: s_tinycard = 0, s_vaudio = -1,s_voip = -1, s_bt_sco = 1,s_vaudio_w is -1, s_vaudio_lte is -1
07-25 14:40:05.759   219   219 V audio_hw_primary: Reading configuration from /system/etc/tiny_hw.xml
07-25 14:40:05.769   219   219 E audio_hw_primary: unnamed entry tinyalsa-audio, 2
07-25 14:40:05.769   219   219 E audio_hw_primary: unnamed entry path, 0
07-25 14:40:05.769   219   219 V audio_hw_primary: Parsing control HPL Playback Volume => 6
07-25 14:40:05.769   219   219 V audio_hw_primary: s->path_len=1
07-25 14:40:05.769   219   219 V audio_hw_primary: Parsing control HPR Playback Volume => 6
07-25 14:40:05.769   219   219 V audio_hw_primary: s->path_len=2
07-25 14:40:05.769   219   219 V audio_hw_primary: Parsing control DAC Playback Volume => 2
07-25 14:40:05.769   219   219 V audio_hw_primary: s->path_len=3
07-25 14:40:05.769   219   219 V audio_hw_primary: Parsing control SPKL Playback Volume => 2
07-25 14:40:05.769   219   219 V audio_hw_primary: s->path_len=4
07-25 14:40:05.769   219   219 V audio_hw_primary: Parsing control DAC Playback Volume => 2
07-25 14:40:05.769   219   219 V audio_hw_primary: s->path_len=5
07-25 14:40:05.769   219   219 V audio_hw_primary: Parsing control EAR Playback Volume => 6
07-25 14:40:05.769   219   219 V audio_hw_primary: s->path_len=6
07-25 14:40:05.769   219   219 V audio_hw_primary: Parsing control DAC Playback Volume => 2
07-25 14:40:05.769   219   219 V audio_hw_primary: s->path_len=7
07-25 14:40:05.769   219   219 V audio_hw_primary: Parsing control ADCL Capture Volume => 5
07-25 14:40:05.769   219   219 V audio_hw_primary: s->path_len=8
07-25 14:40:05.769   219   219 V audio_hw_primary: Parsing control ADCR Capture Volume => 5
07-25 14:40:05.769   219   219 V audio_hw_primary: s->path_len=9
07-25 14:40:05.769   219   219 V audio_hw_primary: Applying 9 element default route
07-25 14:40:05.769   219   219 V audio_hw_primary: Set 'HPL Playback Volume'.0 to 6
07-25 14:40:05.769   219   219 V audio_hw_primary: Set 'HPR Playback Volume'.0 to 6
07-25 14:40:05.769   219   219 V audio_hw_primary: Set 'DAC Playback Volume'.0 to 2
07-25 14:40:05.769   219   219 V audio_hw_primary: Set 'SPKL Playback Volume'.0 to 2
07-25 14:40:05.769   219   219 V audio_hw_primary: Set 'DAC Playback Volume'.0 to 2
07-25 14:40:05.769   219   219 V audio_hw_primary: Set 'EAR Playback Volume'.0 to 6
07-25 14:40:05.769   219   219 V audio_hw_primary: Set 'DAC Playback Volume'.0 to 2
07-25 14:40:05.769   219   219 V audio_hw_primary: Set 'ADCL Capture Volume'.0 to 5
07-25 14:40:05.769   219   219 V audio_hw_primary: Set 'ADCR Capture Volume'.0 to 5
07-25 14:40:05.769   219   219 V audio_hw_primary: s->adev->private_ctl.vbc_switch is successful
07-25 14:40:05.769   219   219 V audio_hw_primary: s->adev->private_ctl.vbc_eq_update is successful
07-25 14:40:05.769   219   219 V audio_hw_primary: s->adev->private_ctl.vbc_da_eq_switch is successful
07-25 14:40:05.769   219   219 V audio_hw_primary: s->adev->private_ctl.vbc_ad01_eq_switch is successful
07-25 14:40:05.769   219   219 V audio_hw_primary: s->adev->private_ctl.vbc_da_eq_switch is successful
07-25 14:40:05.769   219   219 V audio_hw_primary: s->adev->private_ctl.vbc_ad01_eq_switch is successful
07-25 14:40:05.769   219   219 V audio_hw_primary: s->adev->private_ctl.internal_pa is successful
07-25 14:40:05.769   219   219 V audio_hw_primary: s->adev->private_ctl.speaker_mute is successful
07-25 14:40:05.769   219   219 V audio_hw_primary: s->adev->private_ctl.speaker2_mute is successful
07-25 14:40:05.769   219   219 V audio_hw_primary: s->adev->private_ctl.earpiece_mute is successful
07-25 14:40:05.769   219   219 V audio_hw_primary: s->adev->private_ctl.headphone_mute is successful
07-25 14:40:05.769   219   219 V audio_hw_primary: s->adev->private_ctl.aud_codec_info is successful
07-25 14:40:05.769   219   219 V audio_hw_primary: s->adev->private_ctl.fm_da0_mux is successful
07-25 14:40:05.769   219   219 V audio_hw_primary: Allocating device builtin-mic
07-25 14:40:05.769   219   219 V audio_hw_primary: Parsing control ADC LRCLK Select => invert
07-25 14:40:05.769   219   219 V audio_hw_primary: s->path_len=1
07-25 14:40:05.769   219   219 V audio_hw_primary: Parsing control ADC1 LRCLK Select => invert
07-25 14:40:05.769   219   219 V audio_hw_primary: s->path_len=2
07-25 14:40:05.769   219   219 V audio_hw_primary: Parsing control ADCL Mixer MainMICADCL Switch => 1
07-25 14:40:05.769   219   219 V audio_hw_primary: s->path_len=3
07-25 14:40:05.769   219   219 V audio_hw_primary: Parsing control ADCR Mixer AuxMICADCR Switch => 1
07-25 14:40:05.769   219   219 V audio_hw_primary: s->path_len=4
07-25 14:40:05.769   219   219 V audio_hw_primary: Parsing control Mic Function => 1
07-25 14:40:05.769   219   219 V audio_hw_primary: s->path_len=5
07-25 14:40:05.769   219   219 V audio_hw_primary: Parsing control Aux Mic Function => 1
07-25 14:40:05.769   219   219 V audio_hw_primary: s->path_len=6
07-25 14:40:05.769   219   219 V audio_hw_primary: 6 element on sequence
07-25 14:40:05.769   219   219 V audio_hw_primary: Parsing control Mic Function => 0
07-25 14:40:05.769   219   219 V audio_hw_primary: s->path_len=1
07-25 14:40:05.769   219   219 V audio_hw_primary: Parsing control Aux Mic Function => 0
07-25 14:40:05.769   219   219 V audio_hw_primary: s->path_len=2
07-25 14:40:05.769   219   219 V audio_hw_primary: Parsing control ADCL Mixer MainMICADCL Switch => 0
07-25 14:40:05.769   219   219 V audio_hw_primary: s->path_len=3
07-25 14:40:05.769   219   219 V audio_hw_primary: Parsing control ADCR Mixer AuxMICADCR Switch => 0
07-25 14:40:05.769   219   219 V audio_hw_primary: s->path_len=4
07-25 14:40:05.769   219   219 V audio_hw_primary: Parsing control ADC1 LRCLK Select => normal
07-25 14:40:05.769   219   219 V audio_hw_primary: s->path_len=5
07-25 14:40:05.769   219   219 V audio_hw_primary: Parsing control ADC LRCLK Select => normal
07-25 14:40:05.769   219   219 V audio_hw_primary: s->path_len=6
07-25 14:40:05.769   219   219 V audio_hw_primary: 6 element off sequence
07-25 14:40:05.769   219   219 V audio_hw_primary: Set 'Mic Function'.0 to 0
07-25 14:40:05.769   219   219 V audio_hw_primary: Set 'Aux Mic Function'.0 to 0
07-25 14:40:05.769   219   219 V audio_hw_primary: Set 'ADCL Mixer MainMICADCL Switch'.0 to 0
07-25 14:40:05.769   219   219 V audio_hw_primary: Set 'ADCR Mixer AuxMICADCR Switch'.0 to 0
07-25 14:40:05.779   219   219 I audio_hw_primary: Set 'ADC1 LRCLK Select' to 'normal'
07-25 14:40:05.779   219   219 I audio_hw_primary: Set 'ADC LRCLK Select' to 'normal'
07-25 14:40:05.779   219   219 V audio_hw_primary: Allocating device back-mic
07-25 14:40:05.779   219   219 W audio_hw_primary: Empty path
07-25 14:40:05.779   219   219 V audio_hw_primary: 0 element on sequence
07-25 14:40:05.779   219   219 W audio_hw_primary: Empty path
07-25 14:40:05.779   219   219 V audio_hw_primary: 0 element off sequence
07-25 14:40:05.779   219   219 V audio_hw_primary: Allocating device headset-in
07-25 14:40:05.779   219   219 V audio_hw_primary: Parsing control ADCL Mixer HPMICADCL Switch => 1
07-25 14:40:05.779   219   219 V audio_hw_primary: s->path_len=1
07-25 14:40:05.779   219   219 V audio_hw_primary: Parsing control ADCR Mixer HPMICADCR Switch => 1
07-25 14:40:05.779   219   219 V audio_hw_primary: s->path_len=2
07-25 14:40:05.779   219   219 V audio_hw_primary: Parsing control HP Mic Function => 1
07-25 14:40:05.779   219   219 V audio_hw_primary: s->path_len=3
07-25 14:40:05.779   219   219 V audio_hw_primary: 3 element on sequence
07-25 14:40:05.779   219   219 V audio_hw_primary: Parsing control HP Mic Function => 0
07-25 14:40:05.779   219   219 V audio_hw_primary: s->path_len=1
07-25 14:40:05.779   219   219 V audio_hw_primary: Parsing control ADCL Mixer HPMICADCL Switch => 0
07-25 14:40:05.779   219   219 V audio_hw_primary: s->path_len=2
07-25 14:40:05.779   219   219 V audio_hw_primary: Parsing control ADCR Mixer HPMICADCR Switch => 0
07-25 14:40:05.779   219   219 V audio_hw_primary: s->path_len=3
07-25 14:40:05.779   219   219 V audio_hw_primary: 3 element off sequence
07-25 14:40:05.779   219   219 V audio_hw_primary: Set 'HP Mic Function'.0 to 0
07-25 14:40:05.779   219   219 V audio_hw_primary: Set 'ADCL Mixer HPMICADCL Switch'.0 to 0
07-25 14:40:05.779   219   219 V audio_hw_primary: Set 'ADCR Mixer HPMICADCR Switch'.0 to 0
07-25 14:40:05.779   219   219 V audio_hw_primary: Parsing control SPKL Mixer ADCLSPKL Switch => 1
07-25 14:40:05.779   219   219 V audio_hw_primary: s->path_len=1
07-25 14:40:05.779   219   219 V audio_hw_primary: Parsing control SPKL Mixer ADCRSPKL Switch => 1
07-25 14:40:05.779   219   219 V audio_hw_primary: s->path_len=2
07-25 14:40:05.779   219   219 V audio_hw_primary: Applying 2 element default route
07-25 14:40:05.779   219   219 V audio_hw_primary: Set 'SPKL Mixer ADCLSPKL Switch'.0 to 1
07-25 14:40:05.779   219   219 V audio_hw_primary: Set 'SPKL Mixer ADCRSPKL Switch'.0 to 1
07-25 14:40:05.779   219   219 V audio_hw_primary: Parsing control SPKL Mixer ADCLSPKL Switch => 0
07-25 14:40:05.779   219   219 V audio_hw_primary: s->path_len=1
07-25 14:40:05.779   219   219 V audio_hw_primary: Parsing control SPKL Mixer ADCRSPKL Switch => 0
07-25 14:40:05.779   219   219 V audio_hw_primary: s->path_len=2
07-25 14:40:05.779   219   219 V audio_hw_primary: Applying 2 element default route
07-25 14:40:05.779   219   219 V audio_hw_primary: Set 'SPKL Mixer ADCLSPKL Switch'.0 to 0
07-25 14:40:05.779   219   219 V audio_hw_primary: Set 'SPKL Mixer ADCRSPKL Switch'.0 to 0
07-25 14:40:05.779   219   219 V audio_hw_primary: Parsing control HPL Mixer ADCRHPL Switch => 1
07-25 14:40:05.779   219   219 V audio_hw_primary: s->path_len=1
07-25 14:40:05.779   219   219 V audio_hw_primary: Parsing control HPR Mixer ADCLHPR Switch => 1
07-25 14:40:05.779   219   219 V audio_hw_primary: s->path_len=2
07-25 14:40:05.779   219   219 V audio_hw_primary: Applying 2 element default route
07-25 14:40:05.779   219   219 E audio_hw_primary: Unknown control 'HPL Mixer ADCRHPL Switch'
07-25 14:40:05.779   219   219 E audio_hw_primary: Unknown control 'HPR Mixer ADCLHPR Switch'
07-25 14:40:05.779   219   219 V audio_hw_primary: Parsing control HPL Mixer ADCRHPL Switch => 0
07-25 14:40:05.779   219   219 V audio_hw_primary: s->path_len=1
07-25 14:40:05.779   219   219 V audio_hw_primary: Parsing control HPR Mixer ADCLHPR Switch => 0
07-25 14:40:05.779   219   219 V audio_hw_primary: s->path_len=2
07-25 14:40:05.779   219   219 V audio_hw_primary: Applying 2 element default route
07-25 14:40:05.779   219   219 E audio_hw_primary: Unknown control 'HPL Mixer ADCRHPL Switch'
07-25 14:40:05.779   219   219 E audio_hw_primary: Unknown control 'HPR Mixer ADCLHPR Switch'
07-25 14:40:05.779   219   219 V audio_hw_primary: Parsing control HeadPhone Mute => 1
07-25 14:40:05.779   219   219 V audio_hw_primary: s->path_len=1
07-25 14:40:05.779   219   219 V audio_hw_primary: Parsing control ADCL Mixer AILADCL Switch => 1
07-25 14:40:05.779   219   219 V audio_hw_primary: s->path_len=2
07-25 14:40:05.779   219   219 V audio_hw_primary: Parsing control ADCR Mixer AIRADCR Switch => 1
07-25 14:40:05.779   219   219 V audio_hw_primary: s->path_len=3
07-25 14:40:05.779   219   219 V audio_hw_primary: Parsing control Line Function => 1
07-25 14:40:05.779   219   219 V audio_hw_primary: s->path_len=4
07-25 14:40:05.779   219   219 V audio_hw_primary: Parsing control HeadPhone Mute => 0
07-25 14:40:05.779   219   219 V audio_hw_primary: s->path_len=5
07-25 14:40:05.779   219   219 V audio_hw_primary: Applying 5 element default route
07-25 14:40:05.779   219   219 V audio_hw_primary: Set 'HeadPhone Mute'.0 to 1
07-25 14:40:05.779   219   219 E audio_hw_primary: Unknown control 'ADCL Mixer AILADCL Switch'
07-25 14:40:05.779   219   219 E audio_hw_primary: Unknown control 'ADCR Mixer AIRADCR Switch'
07-25 14:40:05.779   219   219 V audio_hw_primary: Set 'Line Function'.0 to 1
07-25 14:40:05.779   219   219 V audio_hw_primary: Set 'HeadPhone Mute'.0 to 0
07-25 14:40:05.779   219   219 V audio_hw_primary: Parsing control Line Function => 0
07-25 14:40:05.779   219   219 V audio_hw_primary: s->path_len=1
07-25 14:40:05.779   219   219 V audio_hw_primary: Parsing control ADCL Mixer AILADCL Switch => 0
07-25 14:40:05.779   219   219 V audio_hw_primary: s->path_len=2
07-25 14:40:05.779   219   219 V audio_hw_primary: Parsing control ADCR Mixer AIRADCR Switch => 0
07-25 14:40:05.779   219   219 V audio_hw_primary: s->path_len=3
07-25 14:40:05.779   219   219 V audio_hw_primary: Applying 3 element default route
07-25 14:40:05.779   219   219 V audio_hw_primary: Set 'Line Function'.0 to 0
07-25 14:40:05.779   219   219 E audio_hw_primary: Unknown control 'ADCL Mixer AILADCL Switch'
07-25 14:40:05.779   219   219 E audio_hw_primary: Unknown control 'ADCR Mixer AIRADCR Switch'
07-25 14:40:05.779   219   219 V audio_hw_primary: Allocating device digital-fm
07-25 14:40:05.779   219   219 V audio_hw_primary: Parsing control Digital FM Function => 1
07-25 14:40:05.779   219   219 V audio_hw_primary: s->path_len=1
07-25 14:40:05.779   219   219 V audio_hw_primary: Parsing control DA0 ADDFM MUX => 1
07-25 14:40:05.779   219   219 V audio_hw_primary: s->path_len=2
07-25 14:40:05.779   219   219 V audio_hw_primary: Parsing control DA1 ADDFM MUX => 1
07-25 14:40:05.779   219   219 V audio_hw_primary: s->path_len=3
07-25 14:40:05.779   219   219 V audio_hw_primary: Parsing control DA0 ADDST MUX => 0
07-25 14:40:05.779   219   219 V audio_hw_primary: s->path_len=4
07-25 14:40:05.779   219   219 V audio_hw_primary: Parsing control DA1 ADDST MUX => 0
07-25 14:40:05.779   219   219 V audio_hw_primary: s->path_len=5
07-25 14:40:05.779   219   219 V audio_hw_primary: Parsing control AD IISMUX => 1
07-25 14:40:05.779   219   219 V audio_hw_primary: s->path_len=6
07-25 14:40:05.779   219   219 V audio_hw_primary: 6 element on sequence
07-25 14:40:05.779   219   219 V audio_hw_primary: Parsing control Digital FM Function => 0
07-25 14:40:05.779   219   219 V audio_hw_primary: s->path_len=1
07-25 14:40:05.779   219   219 V audio_hw_primary: Parsing control DA0 ADDST MUX => 0
07-25 14:40:05.779   219   219 V audio_hw_primary: s->path_len=2
07-25 14:40:05.779   219   219 V audio_hw_primary: Parsing control DA1 ADDST MUX => 0
07-25 14:40:05.779   219   219 V audio_hw_primary: s->path_len=3
07-25 14:40:05.779   219   219 V audio_hw_primary: Parsing control DA0 ADDFM MUX => 0
07-25 14:40:05.779   219   219 V audio_hw_primary: s->path_len=4
07-25 14:40:05.779   219   219 V audio_hw_primary: Parsing control DA1 ADDFM MUX => 0
07-25 14:40:05.779   219   219 V audio_hw_primary: s->path_len=5
07-25 14:40:05.779   219   219 V audio_hw_primary: Parsing control AD IISMUX => 0
07-25 14:40:05.779   219   219 V audio_hw_primary: s->path_len=6
07-25 14:40:05.779   219   219 V audio_hw_primary: 6 element off sequence
07-25 14:40:05.779   219   219 V audio_hw_primary: Set 'Digital FM Function'.0 to 0
07-25 14:40:05.779   219   219 V audio_hw_primary: Set 'DA0 ADDST MUX'.0 to 0
07-25 14:40:05.779   219   219 V audio_hw_primary: Set 'DA1 ADDST MUX'.0 to 0
07-25 14:40:05.779   219   219 V audio_hw_primary: Set 'DA0 ADDFM MUX'.0 to 0
07-25 14:40:05.779   219   219 V audio_hw_primary: Set 'DA1 ADDFM MUX'.0 to 0
07-25 14:40:05.779   219   219 V audio_hw_primary: Set 'AD IISMUX'.0 to 0
07-25 14:40:05.789   219   219 V audio_hw_primary: Allocating device speaker
07-25 14:40:05.789   219   219 V audio_hw_primary: Parsing control SPKL Mixer DACLSPKL Switch => 1
07-25 14:40:05.789   219   219 V audio_hw_primary: s->path_len=1
07-25 14:40:05.789   219   219 V audio_hw_primary: Parsing control Speaker Function => 1
07-25 14:40:05.789   219   219 V audio_hw_primary: s->path_len=2
07-25 14:40:05.789   219   219 V audio_hw_primary: 2 element on sequence
07-25 14:40:05.789   219   219 V audio_hw_primary: Parsing control Speaker Function => 0
07-25 14:40:05.789   219   219 V audio_hw_primary: s->path_len=1
07-25 14:40:05.789   219   219 V audio_hw_primary: Parsing control SPKL Mixer DACLSPKL Switch => 0
07-25 14:40:05.789   219   219 V audio_hw_primary: s->path_len=2
07-25 14:40:05.789   219   219 V audio_hw_primary: 2 element off sequence
07-25 14:40:05.789   219   219 V audio_hw_primary: Set 'Speaker Function'.0 to 0
07-25 14:40:05.789   219   219 V audio_hw_primary: Set 'SPKL Mixer DACLSPKL Switch'.0 to 0
07-25 14:40:05.789   219   219 V audio_hw_primary: Allocating device headphone
07-25 14:40:05.789   219   219 V audio_hw_primary: Parsing control HPL EAR Sel => HPL
07-25 14:40:05.789   219   219 V audio_hw_primary: s->path_len=1
07-25 14:40:05.789   219   219 V audio_hw_primary: Parsing control HPL Mixer DACLHPL Switch => 1
07-25 14:40:05.789   219   219 V audio_hw_primary: s->path_len=2
07-25 14:40:05.789   219   219 V audio_hw_primary: Parsing control HPR Mixer DACRHPR Switch => 1
07-25 14:40:05.789   219   219 V audio_hw_primary: s->path_len=3
07-25 14:40:05.789   219   219 V audio_hw_primary: Parsing control HeadPhone Function => 1
07-25 14:40:05.789   219   219 V audio_hw_primary: s->path_len=4
07-25 14:40:05.789   219   219 V audio_hw_primary: 4 element on sequence
07-25 14:40:05.789   219   219 V audio_hw_primary: Parsing control HeadPhone Function => 0
07-25 14:40:05.789   219   219 V audio_hw_primary: s->path_len=1
07-25 14:40:05.789   219   219 V audio_hw_primary: Parsing control HPL Mixer DACLHPL Switch => 0
07-25 14:40:05.789   219   219 V audio_hw_primary: s->path_len=2
07-25 14:40:05.789   219   219 V audio_hw_primary: Parsing control HPR Mixer DACRHPR Switch => 0
07-25 14:40:05.789   219   219 V audio_hw_primary: s->path_len=3
07-25 14:40:05.789   219   219 V audio_hw_primary: Parsing control HPL EAR Sel => EAR
07-25 14:40:05.789   219   219 V audio_hw_primary: s->path_len=4
07-25 14:40:05.789   219   219 V audio_hw_primary: 4 element off sequence
07-25 14:40:05.789   219   219 V audio_hw_primary: Set 'HeadPhone Function'.0 to 0
07-25 14:40:05.789   219   219 V audio_hw_primary: Set 'HPL Mixer DACLHPL Switch'.0 to 0
07-25 14:40:05.789   219   219 V audio_hw_primary: Set 'HPR Mixer DACRHPR Switch'.0 to 0
07-25 14:40:05.789   219   219 I audio_hw_primary: Set 'HPL EAR Sel' to 'EAR'
07-25 14:40:05.789   219   219 V audio_hw_primary: Allocating device earpiece
07-25 14:40:05.789   219   219 V audio_hw_primary: Parsing control EAR Mixer DACLEAR Switch => 1
07-25 14:40:05.789   219   219 V audio_hw_primary: s->path_len=1
07-25 14:40:05.789   219   219 V audio_hw_primary: Parsing control Earpiece Function => 1
07-25 14:40:05.789   219   219 V audio_hw_primary: s->path_len=2
07-25 14:40:05.789   219   219 V audio_hw_primary: 2 element on sequence
07-25 14:40:05.789   219   219 V audio_hw_primary: Parsing control Earpiece Function => 0
07-25 14:40:05.789   219   219 V audio_hw_primary: s->path_len=1
07-25 14:40:05.789   219   219 V audio_hw_primary: Parsing control EAR Mixer DACLEAR Switch => 0
07-25 14:40:05.789   219   219 V audio_hw_primary: s->path_len=2
07-25 14:40:05.789   219   219 V audio_hw_primary: 2 element off sequence
07-25 14:40:05.789   219   219 V audio_hw_primary: Set 'Earpiece Function'.0 to 0
07-25 14:40:05.789   219   219 V audio_hw_primary: Set 'EAR Mixer DACLEAR Switch'.0 to 0
07-25 14:40:05.789   219   219 V audio_hw_primary: Allocating device dual-mic-voice
07-25 14:40:05.789   219   219 W audio_hw_primary: Empty path
07-25 14:40:05.789   219   219 V audio_hw_primary: 0 element on sequence
07-25 14:40:05.789   219   219 W audio_hw_primary: Empty path
07-25 14:40:05.789   219   219 V audio_hw_primary: 0 element off sequence
07-25 14:40:05.789   219   219 W audio_hw_primary: ret=0, num_dev_cfgs=8
07-25 14:40:05.789   219   219 W audio_hw_primary: dev_cfgs_on depth=6, dev_cfgs_off depth=6
07-25 14:40:05.789   219   219 D DUMP.DATA: The DUMP PATH is '/data/local/media/'
07-25 14:40:05.789   219   219 D DUMP.DATA: total switch  'ON'
07-25 14:40:05.789   219   219 E DUMP.DATA: dump_open_file ------index =  0   filenanme =  dump_music_before_express.pcm 
07-25 14:40:05.789   219   219 E DUMP.DATA: dump_open_file ------index =  1   filenanme =  dump_music_before_vbc.pcm 
07-25 14:40:05.789   219   219 E DUMP.DATA: dump_open_file ------index =  2   filenanme =  dump_mix_vaudio.pcm 
07-25 14:40:05.789   219   219 E DUMP.DATA: dump_open_file ------index =  3   filenanme =  dump_voip_write.pcm 
07-25 14:40:05.789   219   219 E DUMP.DATA: dump_open_file ------index =  4   filenanme =  dump_bt_sco_write.pcm 
07-25 14:40:05.789   219   219 E DUMP.DATA: dump_open_file ------index =  8   filenanme =  dump_record_after_vbc.pcm 
07-25 14:40:05.789   219   219 E DUMP.DATA: dump_open_file ------index =  9   filenanme =  dump_record_after_express 
07-25 14:40:05.789   219   219 I vb_effect: set_audio_mode_num, current mode num:4
07-25 14:40:05.789   219   219 I vb_effect: create_vb_effect_params...start
07-25 14:40:05.789   219   219 I vb_effect: create_vb_effect_params...start,aud_params_ptr:0x806e6820
07-25 14:40:05.789   219   219 I vb_effect: do_parse...start
07-25 14:40:05.799   219   219 I vb_effect: fd_dest_paras(16), header_len(24), da_profile_len(692),ad_profile_len(388)
07-25 14:40:05.799   219   219 I vb_effect: vbc_da_effect_profile->name is Headset
07-25 14:40:05.799   219   219 I vb_effect: vbc_ad01_effect_profile->name is Headset
07-25 14:40:05.799   219   219 I vb_effect: vbc_ad23_effect_profile->name is Headset
07-25 14:40:05.799   219   219 I vb_effect: vbc_da_effect_profile->name is Headfree
07-25 14:40:05.799   219   219 I vb_effect: vbc_ad01_effect_profile->name is Headfree
07-25 14:40:05.799   219   219 I vb_effect: vbc_ad23_effect_profile->name is Headfree
07-25 14:40:05.799   219   219 I vb_effect: vbc_da_effect_profile->name is Handset
07-25 14:40:05.799   219   219 I vb_effect: vbc_ad01_effect_profile->name is Handset
07-25 14:40:05.799   219   219 I vb_effect: vbc_ad23_effect_profile->name is Handset
07-25 14:40:05.799   219   219 I vb_effect: vbc_da_effect_profile->name is Handsfree
07-25 14:40:05.799   219   219 I vb_effect: vbc_ad01_effect_profile->name is Handsfree
07-25 14:40:05.799   219   219 I vb_effect: vbc_ad23_effect_profile->name is Handsfree
07-25 14:40:05.839   219   219 I vb_effect: do_parse...end
07-25 14:40:05.839   219   219 I vb_effect: create_vb_effect_params...done
07-25 14:40:05.839   219   219 I audio_hw_primary: get_partial_wakeLock ret is 2.
07-25 14:40:05.849   219   219 I audio_hw_primary: eq_load_cnt = 1
07-25 14:40:05.849   219   219 I audio_hw_primary: release_wakeLock ret is 2.
07-25 14:40:05.849   219   219 I audio_hw_primary: eq_loading, ret(0), eq_available(1)
07-25 14:40:05.849   219   219 I audio_pga: The codec name is sprd-codec
07-25 14:40:05.859   219   219 D audio_hw_primary: vb_ctl_modem_monitor_open in
07-25 14:40:05.859   219   219 E audio_hw_primary: vb_ctl_modem_monitor_open,voip pthread_create ok, rc=0
07-25 14:40:05.859   219   219 I ext_contrl: ext_control_open---
07-25 14:40:05.859   219   219 D audio_hw_primary: fm headset volume index 1 vol = 84
07-25 14:40:05.859   219   219 D audio_hw_primary: fm headset volume index 2 vol = 81
07-25 14:40:05.859   219   219 D audio_hw_primary: fm headset volume index 3 vol = 77
07-25 14:40:05.859   219   219 D audio_hw_primary: fm headset volume index 4 vol = 73
07-25 14:40:05.859   219   219 D audio_hw_primary: fm headset volume index 5 vol = 68
07-25 14:40:05.859   219   219 D audio_hw_primary: fm headset volume index 6 vol = 65
07-25 14:40:05.859   219   219 D audio_hw_primary: fm headset volume index 7 vol = 59
07-25 14:40:05.859   219   219 D audio_hw_primary: fm headset volume index 8 vol = 54
07-25 14:40:05.859   219   219 D audio_hw_primary: fm headset volume index 9 vol = 48
07-25 14:40:05.859   219   219 D audio_hw_primary: fm headset volume index 10 vol = 43
07-25 14:40:05.859   219   219 D audio_hw_primary: fm headset volume index 11 vol = 38
07-25 14:40:05.859   219   219 D audio_hw_primary: fm headset volume index 12 vol = 32
07-25 14:40:05.859   219   219 D audio_hw_primary: fm headset volume index 13 vol = 29
07-25 14:40:05.859   219   219 D audio_hw_primary: fm headset volume index 14 vol = 25
07-25 14:40:05.859   219   219 D audio_hw_primary: fm headset volume index 15 vol = 20
07-25 14:40:05.859   219   219 D audio_hw_primary: fm speaker volume index 1 vol = 68
07-25 14:40:05.859   219   219 D audio_hw_primary: fm speaker volume index 2 vol = 64
07-25 14:40:05.859   219   219 D audio_hw_primary: fm speaker volume index 3 vol = 61
07-25 14:40:05.859   219   219 D audio_hw_primary: fm speaker volume index 4 vol = 57
07-25 14:40:05.859   219   219 D audio_hw_primary: fm speaker volume index 5 vol = 54
07-25 14:40:05.859   219   219 D audio_hw_primary: fm speaker volume index 6 vol = 50
07-25 14:40:05.859   219   219 D audio_hw_primary: fm speaker volume index 7 vol = 47
07-25 14:40:05.859   219   219 D audio_hw_primary: fm speaker volume index 8 vol = 43
07-25 14:40:05.859   219   219 D audio_hw_primary: fm speaker volume index 9 vol = 40
07-25 14:40:05.859   219   219 D audio_hw_primary: fm speaker volume index 10 vol = 36
07-25 14:40:05.859   219   219 D audio_hw_primary: fm speaker volume index 11 vol = 33
07-25 14:40:05.859   219   219 D audio_hw_primary: fm speaker volume index 12 vol = 29
07-25 14:40:05.859   219   219 D audio_hw_primary: fm speaker volume index 13 vol = 26
07-25 14:40:05.859   219   219 D audio_hw_primary: fm speaker volume index 14 vol = 22
07-25 14:40:05.859   219   219 D audio_hw_primary: fm speaker volume index 15 vol = 20
07-25 14:40:05.859   219   219 I audio_hw_primary: adev_open:cp_mixer TG:0x0 W:0x0 CSFB:0x0
07-25 14:40:05.859   219   219 I audio_hw_primary: i2s_switch_sel:BT_CALL SYS_IIS0 tgdsp_iis0
07-25 14:40:05.859   219   219 I audio_hw_primary: i2s_switch_sel:INNER_FM SYS_IIS0 vbc_iis1
07-25 14:40:05.859   219   489 I audio_hw_primary:  voice_command_thread_entry looping now...
07-25 14:40:05.859   219   487 I audio_hw_primary: stream_routing_thread looping now...
07-25 14:40:05.859   219   485 I ext_contrl: begin to receive audio control message
07-25 14:40:05.859   219   484 D audio_hw_primary: vbc_ctl_modem_monitor_routine in
07-25 14:40:05.859   207   222 D MODEMD  : modemd_listenaccept_thread: accept client n=14
07-25 14:40:05.859   207   222 D MODEMD  : modemd_listenaccept_thread: fill14 to client[1]
07-25 14:40:05.859   207   222 D MODEMD  : modemd_listenaccept_thread: Waiting for new connect ...
07-25 14:40:05.859   207   227 D MODEMD  : modemd_listen_read_thread: after  select n = 1
07-25 14:40:05.859   207   227 D MODEMD  : modemd_listen_read_thread: client cnct to modemd num = 1, buf = 0
07-25 14:40:05.859   207   227 D MODEMD  : modemd_listen_read_thread: begin select
07-25 14:40:05.859   219   483 I audio_hw_primary: voip1:vbc_ctrl_thread_routine in pipe_name:/dev/spipe_lte4.
07-25 14:40:05.859   219   483 E audio_hw_primary: vbc_ctrl_voip_thread_routine open fail, pipe_name:/dev/spipe_lte4, 19.
07-25 14:40:05.859   219   482 I audio_hw_primary: voice:vbc_ctrl_thread_routine in pipe_name:/dev/spipe_lte6.
07-25 14:40:05.859   219   482 I audio_hw_primary: vbc_ctrl_thread_routine open fail, pipe_name:/dev/spipe_lte6, 19.
07-25 14:40:05.859   219   488 E audio_hw_primary: bt sco : duplicate thread wait for start
07-25 14:40:05.859   219   486 E audio_hw_primary: audiopara_tuning_thread_entry E
07-25 14:40:05.859   209   256 E MODEM_CTRL: failed to write /proc/cptl/gdsp [wsize=0, rsize=524288, remain=3211264]
07-25 14:40:05.869   209   256 D MODEM_CTRL: load_sipc_image: (/dev/block/platform/soc/by-name/l_ldsp(0) ==> /proc/cptl/ldsp(0) size=0xc00000)
07-25 14:40:05.869   219   219 W linker  : libomx_mp3dec_sprd.so has text relocations. This is wasting memory and is a security risk. Please fix.
07-25 14:40:05.869   219   219 E audio_hw_primary: MP3_ARM_DEC_init ret :0
07-25 14:40:05.869   219   219 I audio_hw_primary: mic_default_channel:1 nr_mask:0x0 0
07-25 14:40:05.869   219   219 I audio_hw_primary: vbc_ad01iis_select vbc_ad01iis_to_dfm is null
07-25 14:40:05.869   219   219 I audio_hw_primary: adev_open adev = 0x0x806e2d38
07-25 14:40:05.869   219   492 E audio_hw_mis_ctl::  thread_func in
07-25 14:40:05.869   219   219 I audio_hw_primary: adev_open get sysinfo, uptime:4
07-25 14:40:05.869   219   219 V audio_hw_primary: create_bootup_timer ,in
07-25 14:40:05.869   219   219 V audio_hw_primary: create_bootup_timer ,out
07-25 14:40:05.869   219   219 D audio_hw_primary: Timothy:toycloud audio hal ver:1.0.2
07-25 14:40:05.869   219   219 D audio_hw_primary: Timothy:init toycloud authorized info...
07-25 14:40:05.869   219   219 D audio_hw_primary: Timothy:start_global_pcm() is called
07-25 14:40:05.869   219   219 D audio_hw_primary: Timothy:toycloud_record_server_start() is called
07-25 14:40:05.869   219   219 D audio_hw_primary_vfdtp: vf_start() is called
07-25 14:40:05.869   219   219 W audio_hw_primary: adev_init_check
07-25 14:40:05.869   219   219 W audio_hw_primary: adev_set_master_volume in...devices:0x2 ,volume:1.000000 
07-25 14:40:05.869   219   219 W audio_hw_primary: GetAudio_gain_by_devices, outmode:3 inmode:3,indev:0x0, outdev:0x2
07-25 14:40:05.869   219   219 W audio_hw_primary: vb_control_parameters.c pa_config:0x30a(0x30a, 0), 0x2100002(fm)(0x2, 210),  hpPaConfig:0x0(0x0, 0), 0x0(fm)(0x0, 0)
07-25 14:40:05.869   219   219 W audio_hw_primary: vb_control_parameters.c GetAudio_outpga_nv, dac_pga_gain_l:0x802000c1 fm_pga_gain_l:0xfff1 fm_pga_gain_r:0xfff1 vol_level:0x1 
07-25 14:40:05.869   219   219 W audio_hw_primary: GetAudio_inpga_nv, adc_pga_gain_l:0x8a2f device:0x0 vol_level:0x1
07-25 14:40:05.869   219   219 D audio_pga: 'speaker-l' apply
07-25 14:40:05.869   219   219 D audio_pga: 'speaker-r' apply
07-25 14:40:05.869   219   219 W audio_hw_primary: SetAudio_gain_by_devices out, out_devices:0x2, in_devices:0x0
07-25 14:40:05.869   219   219 I AudioFlinger: loadHwModule() Loaded primary audio interface from Spreadtrum Audio HW HAL (audio) handle 1
07-25 14:40:05.869   219   219 V AudioFlinger: openOutput(), module 1 Device 2, SamplingRate 44100, Format 0x000001, Channels 3, flags 2
07-25 14:40:05.869   219   219 V AudioFlinger: openOutput(), offloadInfo 0x0 version 0xffffffff
07-25 14:40:05.869   219   219 W audio_hw_primary: adev_open_output_stream, devices=2
07-25 14:40:05.869   219   219 I ENDPOINT_TEST: audio_endpoint_test_init 1062 0x806f4620
07-25 14:40:05.869   219   219 W audio_hw_primary: Successful, adev_open_output_stream
07-25 14:40:05.869   219   219 I audio_hw_primary: audio_add_output type:0 out:0x806f4620 0x0
07-25 14:40:05.869   219   219 V AudioFlinger: openOutput() openOutputStream returned output 0x806f4620, SamplingRate 44100, Format 0x000001, Channels 3, status 0
07-25 14:40:05.869   219   219 W audio_hw_primary: [TH] size=960, frame_size=4
07-25 14:40:05.869   219   219 I AudioFlinger: HAL output buffer size 960 frames, normal mix buffer size 960 frames
07-25 14:40:05.869   219   219 V AudioFlinger: MixerThread() id=2 device=0x2 type=0
07-25 14:40:05.869   219   219 V AudioFlinger: mSampleRate=44100, mChannelMask=0x3, mChannelCount=2, mFormat=1, mFrameSize=4, mFrameCount=960, mNormalFrameCount=960
07-25 14:40:05.869   219   494 D audio_hw_primary_vfdtp: sun_path
07-25 14:40:05.869   219   494 D audio_hw_primary_vfdtp: vfdtp server waiting...
07-25 14:40:05.909   212   212 V NatController: runCmd(/system/bin/iptables -w -F natctrl_FORWARD) res=0
07-25 14:40:05.909   212   212 V NatController: runCmd(/system/bin/iptables -w -A natctrl_FORWARD -j DROP) res=0
07-25 14:40:05.909   212   212 V NatController: runCmd(/system/bin/iptables -w -t nat -F natctrl_nat_POSTROUTING) res=0
07-25 14:40:05.909   212   212 V NatController: runCmd(/system/bin/iptables -w -F natctrl_tether_counters) res=1
07-25 14:40:05.919   212   212 V NatController: runCmd(/system/bin/iptables -w -X natctrl_tether_counters) res=1
07-25 14:40:05.919   212   212 V NatController: runCmd(/system/bin/iptables -w -N natctrl_tether_counters) res=0
07-25 14:40:05.959   219   219 I AudioMixer: found effect "Multichannel Downmix To Stereo" from The Android Open Source Project
07-25 14:40:05.959   219   219 W audio_hw_primary: [TH] size=960, frame_size=4
07-25 14:40:05.959   219   219 V AudioFlinger: openOutput() created mixer output: ID 2 thread 0xb4c36008
07-25 14:40:05.959   219   219 V AudioFlinger: PlaybackThread::audioConfigChanged_l, thread 0xb4c36008, event 0, param 0
07-25 14:40:05.959   219   219 I AudioFlinger: Using module 1 has the primary audio interface
07-25 14:40:05.959   219   219 W audio_hw_primary: adev_set_mode, mode=0
07-25 14:40:05.959   219   219 W audio_hw_primary: adev_set_mode,the same mode(0)
07-25 14:40:05.959   219   219 I AudioPolicyManagerBase: setOutputDevice() output 2 device 0002 force 1 delayMs 0
07-25 14:40:05.959   219   219 I AudioPolicyManagerBase: setOutputDevice() prevDevice 0002
07-25 14:40:05.959   219   219 I AudioPolicyManagerBase: getDeviceForStrategy() strategy 0, device 2
07-25 14:40:05.959   219   219 I AudioPolicyManagerBase: getDeviceForStrategy() strategy 1, device 1
07-25 14:40:05.959   219   219 I AudioPolicyManagerBase: getDeviceForStrategy() strategy 2, device 2
07-25 14:40:05.959   219   219 I AudioPolicyManagerBase: getDeviceForStrategy() strategy 0, device 2
07-25 14:40:05.959   219   219 I AudioPolicyManagerBase: getDeviceForStrategy() strategy 3, device 2
07-25 14:40:05.959   219   219 I AudioPolicyManagerBase: getDeviceForStrategy() strategy 0, device 2
07-25 14:40:05.959   219   219 I AudioPolicyManagerBase: getDeviceForStrategy() strategy 4, device 2
07-25 14:40:05.959   219   219 I AudioPolicyManagerBase: getDeviceForStrategy() strategy 5, device 2
07-25 14:40:05.959   219   219 I AudioPolicyManagerBase: getDeviceForStrategy() strategy 6, device 0
07-25 14:40:05.959   219   219 I AudioPolicyManagerBase: setOutputDevice() changing device 0002
07-25 14:40:05.959   219   419 D AudioPolicyService: AudioCommandThread() processing set parameters string routing=2, io 2
07-25 14:40:05.959   219   419 V AudioFlinger: setParameters(): io 2, keyvalue routing=2, calling pid 219
07-25 14:40:05.959   219   419 V AudioFlinger: ThreadBase::setParameters() routing=2
07-25 14:40:05.959   219   513 I AudioFlinger: AudioFlinger's thread 0xb4c36008 ready to run
07-25 14:40:05.959   219   513 W AudioFlinger: Thread AudioOut_2 cannot connect to the power manager service
07-25 14:40:05.959   219   513 W audio_hw_primary: [out_set_parameters], kvpairs=routing=2 devices:0x2 mode:0 
07-25 14:40:05.959   219   513 I audio_hw_primary: get_boot_status false
07-25 14:40:05.959   219   513 V audio_hw_primary: [out_set_parameters],after str_parms_get_str,val(0x2) 
07-25 14:40:05.959   219   513 I audio_hw_primary: get_boot_status false
07-25 14:40:05.959   219   513 I audio_hw_primary: system is not ready, can not set audio devices form audiopolicymanager
07-25 14:40:05.959   219   513 W audio_hw_primary: the same devices(0x2) with val(0x0) val is zero...
07-25 14:40:05.959   219   513 V audio_hw_primary: out_set_parameters out...call_start:0
07-25 14:40:05.959   219   419 D AudioPolicyService: AudioCommandThread() processing set parameters mWaitStatus(1)
07-25 14:40:05.959   219   513 V AudioFlinger: Audio hardware entering standby, mixer 0xb4c36008, suspend count 0
07-25 14:40:05.959   219   513 I audio_hw_primary: get_boot_status false
07-25 14:40:05.959   219   513 V audio_hw_primary: do_output_standby in 0
07-25 14:40:05.959   219   513 V audio_hw_primary: do_output_standby in out
07-25 14:40:05.959   219   513 V AudioFlinger: thread 0xb4c36008 type 0 TID 513 going to sleep
07-25 14:40:05.959   219   219 I AudioPolicyManagerBase: applyStreamVolumes() for output 2 and device 2
07-25 14:40:05.959   219   219 I AudioPolicyManagerBase: checkAndSetVolume() for output 2 stream 0, volume 1.000000, delay 0
07-25 14:40:05.959   219   419 D AudioPolicyService: AudioCommandThread() processing set parameters signal
07-25 14:40:05.959   219   419 V AudioFlinger: setStreamVolume: stream_type 0, value 1.000000
07-25 14:40:05.959   219   513 V AudioFlinger: thread 0xb4c36008 type 0 TID 513 waking up
07-25 14:40:05.959   219   419 D AudioPolicyService: AudioCommandThread() processing set voice volume volume 1.000000
07-25 14:40:05.959   219   419 W audio_hw_primary: adev_set_voice_volume in...volume:1.000000 mode:0 call_start:0 
07-25 14:40:05.959   219   419 I audio_hw_primary: at_cmd_volume mode=0 ,volume=6, android vol:1.000000 
07-25 14:40:05.959   219   419 V audio_hw_primary: push_voice_command: E
07-25 14:40:05.959   219   419 V audio_hw_primary: push_voice_command: at_cmd:AT+VGR=6,bit:1,precmd:,len:32
07-25 14:40:05.959   219   419 E audio_hw_primary: push_voice_command: post:AT+VGR=6,priority:1
07-25 14:40:05.959   219   419 V audio_hw_primary: voice_command_signal: E
07-25 14:40:05.959   219   419 E audio_hw_primary: voice_command_signal: X
07-25 14:40:05.959   219   419 E audio_hw_primary: push_voice_command: X,at_cmd:AT+VGR=6,bit:1,postcmd:AT+VGR=6
07-25 14:40:05.959   219   419 D AudioPolicyService: AudioCommandThread() processing set voice volume mWaitStatus(1)
07-25 14:40:05.959   219   513 W AudioFlinger: Thread AudioOut_2 cannot connect to the power manager service
07-25 14:40:05.959   219   489 V audio_hw_primary: do_voice_command: E,332,32,806f3aa0,dirty:2
07-25 14:40:05.959   219   489 V audio_hw_primary: do_cmd_dual Switch incall AT command dirty_count:[1] : [9] :[2]
07-25 14:40:05.959   219   489 V audio_hw_primary: do_cmd_dual Switch incall AT command dirty Bit :[1] 
07-25 14:40:05.959   219   489 V audio_hw_primary: do_cmd_dual Switch incall AT command [0][0][AT+VGR=6][1] 
07-25 14:40:05.959   219   219 I AudioPolicyManagerBase: checkAndSetVolume() for output 2 stream 1, volume 0.501188, delay 0
07-25 14:40:05.959   219   419 D AudioPolicyService: AudioCommandThread() processing set voice volume signal
07-25 14:40:05.959   219   419 V AudioFlinger: setStreamVolume: stream_type 1, value 0.501188
07-25 14:40:05.959   219   513 W AudioFlinger: Thread AudioOut_2 cannot connect to the power manager service
07-25 14:40:05.959   219   513 E AudioFlinger: no wake lock to update!
07-25 14:40:05.959   219   219 I AudioPolicyManagerBase: checkAndSetVolume() for output 2 stream 2, volume 1.000000, delay 0
07-25 14:40:05.959   219   419 V AudioFlinger: setStreamVolume: stream_type 2, value 1.000000
07-25 14:40:05.959   219   219 I AudioPolicyManagerBase: checkAndSetVolume() for output 2 stream 3, volume 1.000000, delay 0
07-25 14:40:05.959   219   419 V AudioFlinger: setStreamVolume: stream_type 3, value 1.000000
07-25 14:40:05.959   219   219 I AudioPolicyManagerBase: checkAndSetVolume() for output 2 stream 4, volume 1.000000, delay 0
07-25 14:40:05.959   219   419 V AudioFlinger: setStreamVolume: stream_type 4, value 1.000000
07-25 14:40:05.959   219   219 I AudioPolicyManagerBase: checkAndSetVolume() for output 2 stream 5, volume 1.000000, delay 0
07-25 14:40:05.959   219   419 V AudioFlinger: setStreamVolume: stream_type 5, value 1.000000
07-25 14:40:05.959   219   219 I AudioPolicyManagerBase: checkAndSetVolume() cannot set stream 6 volume with force use = 0 for comm
07-25 14:40:05.959   219   219 I AudioPolicyManagerBase: checkAndSetVolume() for output 2 stream 7, volume 0.501188, delay 0
07-25 14:40:05.959   219   419 V AudioFlinger: setStreamVolume: stream_type 7, value 0.501188
07-25 14:40:05.959   219   219 I AudioPolicyManagerBase: checkAndSetVolume() for output 2 stream 8, volume 0.501188, delay 0
07-25 14:40:05.959   219   419 V AudioFlinger: setStreamVolume: stream_type 8, value 0.501188
07-25 14:40:05.959   219   219 I AudioPolicyManagerBase: checkAndSetVolume() for output 2 stream 9, volume 1.000000, delay 0
07-25 14:40:05.959   219   419 V AudioFlinger: setStreamVolume: stream_type 9, value 1.000000
07-25 14:40:05.959   219   219 I AudioPolicyManagerBase: checkAndSetVolume() stream 10
07-25 14:40:05.969   219   219 I audio_a2dp_hw: adev_open:  adev_open in A2dp_hw module
07-25 14:40:05.969   219   219 I AudioFlinger: loadHwModule() Loaded a2dp audio interface from A2DP Audio HW HAL (audio) handle 3
07-25 14:40:05.979   219   219 I r_submix: adev_open(name=audio_hw_if)
07-25 14:40:05.979   219   219 I r_submix: adev_init_check()
07-25 14:40:05.979   219   219 I AudioFlinger: loadHwModule() Loaded r_submix audio interface from Wifi Display audio HAL (audio) handle 4
07-25 14:40:05.979   219   219 I AudioPolicyManagerBase: getDeviceForStrategy() strategy 0, device 2
07-25 14:40:05.979   219   219 I AudioPolicyManagerBase: getDeviceForStrategy() strategy 1, device 1
07-25 14:40:05.979   219   219 I AudioPolicyManagerBase: getDeviceForStrategy() strategy 2, device 2
07-25 14:40:05.979   219   219 I AudioPolicyManagerBase: getDeviceForStrategy() strategy 0, device 2
07-25 14:40:05.979   219   219 I AudioPolicyManagerBase: getDeviceForStrategy() strategy 3, device 2
07-25 14:40:05.979   219   219 I AudioPolicyManagerBase: getDeviceForStrategy() strategy 0, device 2
07-25 14:40:05.979   219   219 I AudioPolicyManagerBase: getDeviceForStrategy() strategy 4, device 2
07-25 14:40:05.979   219   219 I AudioPolicyManagerBase: getDeviceForStrategy() strategy 5, device 2
07-25 14:40:05.979   219   219 I AudioPolicyManagerBase: getDeviceForStrategy() strategy 6, device 0
07-25 14:40:05.979   219   219 I AudioPolicyManagerBase: setSystemProperty() property ro.camera.sound.forced, value 1
07-25 14:40:05.979   219   219 I AudioPolicyManagerBase: ENFORCED_AUDIBLE cannot be muted
07-25 14:40:05.979   219   219 I AudioPolicyService: Loaded audio policy from LEGACY Audio Policy HAL (audio_policy)
07-25 14:40:05.979   219   219 I VideoCallEngineService: Instantiate
07-25 14:40:05.979   219   219 I VideoCallEngineService: VideoCallEngineService create
07-25 14:40:05.979   219   219 I VideoCallEngineService: ret = 0
07-25 14:40:05.999   218   218 E DrmOmaPlugIn: DrmOmaPlugIn::onGetSupportInfo : 0
07-25 14:40:06.029   208   290 E WCND    : send_atcmd: write /proc/mdbg/at_cmd success
07-25 14:40:06.029   208   290 D WCND    : wcnd_runcommand: CP2 POWERON REQ from self
07-25 14:40:06.029   208   290 D WCND    : Current State: 2, receive event: 0x100!!
07-25 14:40:06.029   208   290 D WCND    : Enter WCND_STATE_CP2_STARTING from WCND_STATE_CP2_STOPPED for WCND_EVENT_CP2POWERON_REQ
07-25 14:40:06.029   208   290 D WCND    : listen_fd = 7, max=10
07-25 14:40:06.099   216   306 I gralloc.midgard: alloc_device_alloc, type=0, hnd=0x7ffe2398, share_fd=43, share_attr_fd=45, ion_hnd=0x3, magic=51647890, format=2, 		internal_format=2, byte_stride=1280, flags=4, usage=0xb00, size=460800, width=320, height=360, internalWidth=320, 		internalHeight=360, stride=320, ADP_VSTRIDE=0,base=0xb54a1000, lockState=1073741824, writeOwner=0, pid=216, attr_base=0xffffffff, yuv_info=1, fd=0, buf_idx=0, 		offset=100000000000, min_pgsz=1768902751, phyaddr=7fee4fb87ffe2398
