07-25 14:40:16.339   689   689 W SignalStrength: getLTELevel - rssi:99 rssiIconLevel:0
07-25 14:40:16.339   689   689 W SignalStrength: getGsmLevel=4
07-25 14:40:16.339   689   689 W SignalStrength: getLevel=4
07-25 14:40:16.339   689   689 W SignalStrength: getLTELevel - rsrp:2147483647 snr:2147483647 rsrpIconLevel:-1 snrIconLevel:-1
07-25 14:40:16.339   689   689 W SignalStrength: getLTELevel - rssi:99 rssiIconLevel:0
07-25 14:40:16.339   624   636 W SignalStrength: getLTELevel - rsrp:2147483647 snr:2147483647 rsrpIconLevel:-1 snrIconLevel:-1
07-25 14:40:16.339   624   636 W SignalStrength: getLTELevel - rssi:99 rssiIconLevel:0
07-25 14:40:16.339   624   636 W SignalStrength: getGsmLevel=4
07-25 14:40:16.339   624   636 W SignalStrength: getLevel=4
07-25 14:40:16.339   689   689 W SignalStrength: getLTELevel - rsrp:2147483647 snr:2147483647 rsrpIconLevel:-1 snrIconLevel:-1
07-25 14:40:16.339   689   689 W SignalStrength: getLTELevel - rssi:99 rssiIconLevel:0
07-25 14:40:16.339   689   689 W SignalStrength: getGsmLevel=4
07-25 14:40:16.339   689   689 W SignalStrength: getLevel=4
07-25 14:40:16.469   600   612 D use-Rlog/RLOG-RIL-PHS: rsrp[0]=-255,rscp[0]=14,rxlev[0]=99 ind_str= 
07-25 14:40:16.469   600   612 D use-Rlog/RLOG-RIL-PHS: +CESQ: 99,99,14,255,255,-255
07-25 14:40:16.469   601   618 D use-Rlog/RLOG-AT: [0] Unsol: AT< +CESQ: 99,99,14,255,255,-255
07-25 14:40:16.469   601   618 D use-Rlog/RLOG-RIL: [0] [unsl] +CESQ enter
07-25 14:40:16.469   601   618 D use-Rlog/RLOG-RILC: [0] [UNSL]< UNSOL_SIGNAL_STRENGTH {[signalStrength=14,bitErrorRate=-1,                CDMA_SS.dbm=-1,CDMA_SSecio=-1,                EVDO_SS.dbm=-1,EVDO_SS.ecio=-1,                EVDO_SS.signalNoiseRatio=-1,                LTE_SS.signalStrength=99,LTE_SS.rsrp=2147483647,LTE_SS.rsrq=2147483647,                LTE_SS.rssnr=2147483647,LTE_SS.cqi=2147483647,TDSCDMA_SS.rscp=0]}
07-25 14:40:16.469   704   768 W SignalStrength: Size of signalstrength parcel:60
07-25 14:40:16.469   704   768 V RILJ    : [0][UNSL]< [0]UNSOL_SIGNAL_STRENGTH SignalStrength: 14 -1 -1 -1 -1 -1 -1 99 2147483647 2147483647 2147483647 2147483647 gsm|lte
07-25 14:40:16.469   704   704 W SignalStrength: Signal before validate=SignalStrength: 14 -1 -1 -1 -1 -1 -1 99 2147483647 2147483647 2147483647 2147483647 gsm|lte
07-25 14:40:16.469   704   704 W SignalStrength: Signal after validate=SignalStrength: 14 -1 -120 -160 -120 -1 -1 99 2147483647 2147483647 2147483647 2147483647 gsm|lte
07-25 14:40:16.469   624   636 W SignalStrength: Size of signalstrength parcel:164
07-25 14:40:16.469   624   636 W SignalStrength: getLTELevel - rsrp:2147483647 snr:2147483647 rsrpIconLevel:-1 snrIconLevel:-1
07-25 14:40:16.469   689   701 W SignalStrength: Size of signalstrength parcel:168
07-25 14:40:16.469   624   636 W SignalStrength: getLTELevel - rssi:99 rssiIconLevel:0
07-25 14:40:16.469   624   636 W SignalStrength: getGsmLevel=4
07-25 14:40:16.469   689   689 W SignalStrength: getLTELevel - rsrp:2147483647 snr:2147483647 rsrpIconLevel:-1 snrIconLevel:-1
07-25 14:40:16.469   689   689 W SignalStrength: getLTELevel - rssi:99 rssiIconLevel:0
07-25 14:40:16.469   689   689 W SignalStrength: getGsmLevel=4
07-25 14:40:16.469   689   689 W SignalStrength: getLevel=4
07-25 14:40:16.469   689   689 W SignalStrength: getLTELevel - rsrp:2147483647 snr:2147483647 rsrpIconLevel:-1 snrIconLevel:-1
07-25 14:40:16.469   689   689 W SignalStrength: getLTELevel - rssi:99 rssiIconLevel:0
07-25 14:40:16.469   624   636 W SignalStrength: getLevel=4
07-25 14:40:16.469   689   689 W SignalStrength: getLTELevel - rsrp:2147483647 snr:2147483647 rsrpIconLevel:-1 snrIconLevel:-1
07-25 14:40:16.469   689   689 W SignalStrength: getLTELevel - rssi:99 rssiIconLevel:0
07-25 14:40:16.469   689   689 W SignalStrength: getGsmLevel=4
07-25 14:40:16.469   689   689 W SignalStrength: getLevel=4
07-25 14:40:21.459   600   604 D RIL-PHS : /dev/stty_lte0 Rev:+CSQ: 13,99
07-25 14:40:21.459   600   604 D RIL-PHS : /dev/stty_lte0 Rev:+CESQ: 99,99,129,255,255,255
07-25 14:40:21.469   600   612 D use-Rlog/RLOG-RIL-PHS: rsrp[0]=-255,rscp[0]=13,rxlev[0]=99 ind_str= 
07-25 14:40:21.469   600   612 D use-Rlog/RLOG-RIL-PHS: +CESQ: 99,99,13,255,255,-255
07-25 14:40:21.469   601   618 D use-Rlog/RLOG-AT: [0] Unsol: AT< +CESQ: 99,99,13,255,255,-255
07-25 14:40:21.469   601   618 D use-Rlog/RLOG-RIL: [0] [unsl] +CESQ enter
07-25 14:40:21.469   601   618 D use-Rlog/RLOG-RILC: [0] [UNSL]< UNSOL_SIGNAL_STRENGTH {[signalStrength=13,bitErrorRate=-1,                CDMA_SS.dbm=-1,CDMA_SSecio=-1,                EVDO_SS.dbm=-1,EVDO_SS.ecio=-1,                EVDO_SS.signalNoiseRatio=-1,                LTE_SS.signalStrength=99,LTE_SS.rsrp=2147483647,LTE_SS.rsrq=2147483647,                LTE_SS.rssnr=2147483647,LTE_SS.cqi=2147483647,TDSCDMA_SS.rscp=0]}
07-25 14:40:21.469   704   768 W SignalStrength: Size of signalstrength parcel:60
07-25 14:40:21.469   704   768 V RILJ    : [0][UNSL]< [0]UNSOL_SIGNAL_STRENGTH SignalStrength: 13 -1 -1 -1 -1 -1 -1 99 2147483647 2147483647 2147483647 2147483647 gsm|lte
07-25 14:40:21.469   704   704 W SignalStrength: Signal before validate=SignalStrength: 13 -1 -1 -1 -1 -1 -1 99 2147483647 2147483647 2147483647 2147483647 gsm|lte
07-25 14:40:21.469   704   704 W SignalStrength: Signal after validate=SignalStrength: 13 -1 -120 -160 -120 -1 -1 99 2147483647 2147483647 2147483647 2147483647 gsm|lte
07-25 14:40:21.469   624   636 W SignalStrength: Size of signalstrength parcel:164
07-25 14:40:21.469   624   636 W SignalStrength: getLTELevel - rsrp:2147483647 snr:2147483647 rsrpIconLevel:-1 snrIconLevel:-1
07-25 14:40:21.469   624   636 W SignalStrength: getLTELevel - rssi:99 rssiIconLevel:0
07-25 14:40:21.469   624   636 W SignalStrength: getGsmLevel=4
07-25 14:40:21.469   624   636 W SignalStrength: getLevel=4
07-25 14:40:21.469   689   701 W SignalStrength: Size of signalstrength parcel:168
07-25 14:40:21.469   689   689 W SignalStrength: getLTELevel - rsrp:2147483647 snr:2147483647 rsrpIconLevel:-1 snrIconLevel:-1
07-25 14:40:21.469   689   689 W SignalStrength: getLTELevel - rssi:99 rssiIconLevel:0
07-25 14:40:21.469   689   689 W SignalStrength: getGsmLevel=4
07-25 14:40:21.469   689   689 W SignalStrength: getLevel=4
07-25 14:40:21.469   689   689 W SignalStrength: getLTELevel - rsrp:2147483647 snr:2147483647 rsrpIconLevel:-1 snrIconLevel:-1
07-25 14:40:21.469   689   689 W SignalStrength: getLTELevel - rssi:99 rssiIconLevel:0
07-25 14:40:21.469   689   689 W SignalStrength: getLTELevel - rsrp:2147483647 snr:2147483647 rsrpIconLevel:-1 snrIconLevel:-1
07-25 14:40:21.469   689   689 W SignalStrength: getLTELevel - rssi:99 rssiIconLevel:0
07-25 14:40:21.469   689   689 W SignalStrength: getGsmLevel=4
07-25 14:40:21.469   689   689 W SignalStrength: getLevel=4
07-25 14:40:22.469   600   612 D use-Rlog/RLOG-RIL-PHS: rsrp[0]=-255,rscp[0]=13,rxlev[0]=99 ind_str= 
07-25 14:40:22.469   600   612 D use-Rlog/RLOG-RIL-PHS: +CESQ: 99,99,13,255,255,-255
07-25 14:40:22.469   601   618 D use-Rlog/RLOG-AT: [0] Unsol: AT< +CESQ: 99,99,13,255,255,-255
07-25 14:40:22.469   601   618 D use-Rlog/RLOG-RIL: [0] [unsl] +CESQ enter
07-25 14:40:22.469   601   618 D use-Rlog/RLOG-RILC: [0] [UNSL]< UNSOL_SIGNAL_STRENGTH {[signalStrength=13,bitErrorRate=-1,                CDMA_SS.dbm=-1,CDMA_SSecio=-1,                EVDO_SS.dbm=-1,EVDO_SS.ecio=-1,                EVDO_SS.signalNoiseRatio=-1,                LTE_SS.signalStrength=99,LTE_SS.rsrp=2147483647,LTE_SS.rsrq=2147483647,                LTE_SS.rssnr=2147483647,LTE_SS.cqi=2147483647,TDSCDMA_SS.rscp=0]}
07-25 14:40:22.469   704   768 W SignalStrength: Size of signalstrength parcel:60
07-25 14:40:22.469   704   768 V RILJ    : [0][UNSL]< [0]UNSOL_SIGNAL_STRENGTH SignalStrength: 13 -1 -1 -1 -1 -1 -1 99 2147483647 2147483647 2147483647 2147483647 gsm|lte
07-25 14:40:22.469   704   704 W SignalStrength: Signal before validate=SignalStrength: 13 -1 -1 -1 -1 -1 -1 99 2147483647 2147483647 2147483647 2147483647 gsm|lte
07-25 14:40:22.469   704   704 W SignalStrength: Signal after validate=SignalStrength: 13 -1 -120 -160 -120 -1 -1 99 2147483647 2147483647 2147483647 2147483647 gsm|lte
07-25 14:40:22.469   624   636 W SignalStrength: Size of signalstrength parcel:164
07-25 14:40:22.469   624   636 W SignalStrength: getLTELevel - rsrp:2147483647 snr:2147483647 rsrpIconLevel:-1 snrIconLevel:-1
07-25 14:40:22.469   624   636 W SignalStrength: getLTELevel - rssi:99 rssiIconLevel:0
07-25 14:40:22.469   624   636 W SignalStrength: getGsmLevel=4
07-25 14:40:22.469   624   636 W SignalStrength: getLevel=4
07-25 14:40:22.469   689   701 W SignalStrength: Size of signalstrength parcel:168
07-25 14:40:22.469   689   689 W SignalStrength: getLTELevel - rsrp:2147483647 snr:2147483647 rsrpIconLevel:-1 snrIconLevel:-1
07-25 14:40:22.469   689   689 W SignalStrength: getLTELevel - rssi:99 rssiIconLevel:0
07-25 14:40:22.469   689   689 W SignalStrength: getGsmLevel=4
07-25 14:40:22.469   689   689 W SignalStrength: getLevel=4
07-25 14:40:22.469   689   689 W SignalStrength: getLTELevel - rsrp:2147483647 snr:2147483647 rsrpIconLevel:-1 snrIconLevel:-1
07-25 14:40:22.469   689   689 W SignalStrength: getLTELevel - rssi:99 rssiIconLevel:0
07-25 14:40:22.469   689   689 W SignalStrength: getLTELevel - rsrp:2147483647 snr:2147483647 rsrpIconLevel:-1 snrIconLevel:-1
07-25 14:40:22.479   689   689 W SignalStrength: getLTELevel - rssi:99 rssiIconLevel:0
07-25 14:40:22.479   689   689 W SignalStrength: getGsmLevel=4
07-25 14:40:22.479   689   689 W SignalStrength: getLevel=4
07-25 14:40:23.469   600   612 D use-Rlog/RLOG-RIL-PHS: rsrp[0]=-255,rscp[0]=13,rxlev[0]=99 ind_str= 
07-25 14:40:23.469   600   612 D use-Rlog/RLOG-RIL-PHS: +CESQ: 99,99,13,255,255,-255
07-25 14:40:23.469   601   618 D use-Rlog/RLOG-AT: [0] Unsol: AT< +CESQ: 99,99,13,255,255,-255
07-25 14:40:23.469   601   618 D use-Rlog/RLOG-RIL: [0] [unsl] +CESQ enter
07-25 14:40:23.469   601   618 D use-Rlog/RLOG-RILC: [0] [UNSL]< UNSOL_SIGNAL_STRENGTH {[signalStrength=13,bitErrorRate=-1,                CDMA_SS.dbm=-1,CDMA_SSecio=-1,                EVDO_SS.dbm=-1,EVDO_SS.ecio=-1,                EVDO_SS.signalNoiseRatio=-1,                LTE_SS.signalStrength=99,LTE_SS.rsrp=2147483647,LTE_SS.rsrq=2147483647,                LTE_SS.rssnr=2147483647,LTE_SS.cqi=2147483647,TDSCDMA_SS.rscp=0]}
07-25 14:40:23.469   704   768 W SignalStrength: Size of signalstrength parcel:60
07-25 14:40:23.469   704   768 V RILJ    : [0][UNSL]< [0]UNSOL_SIGNAL_STRENGTH SignalStrength: 13 -1 -1 -1 -1 -1 -1 99 2147483647 2147483647 2147483647 2147483647 gsm|lte
07-25 14:40:23.469   704   704 W SignalStrength: Signal before validate=SignalStrength: 13 -1 -1 -1 -1 -1 -1 99 2147483647 2147483647 2147483647 2147483647 gsm|lte
07-25 14:40:23.469   704   704 W SignalStrength: Signal after validate=SignalStrength: 13 -1 -120 -160 -120 -1 -1 99 2147483647 2147483647 2147483647 2147483647 gsm|lte
07-25 14:40:23.469   624   636 W SignalStrength: Size of signalstrength parcel:164
07-25 14:40:23.469   624   636 W SignalStrength: getLTELevel - rsrp:2147483647 snr:2147483647 rsrpIconLevel:-1 snrIconLevel:-1
07-25 14:40:23.469   624   636 W SignalStrength: getLTELevel - rssi:99 rssiIconLevel:0
07-25 14:40:23.469   624   636 W SignalStrength: getGsmLevel=4
07-25 14:40:23.469   624   636 W SignalStrength: getLevel=4
07-25 14:40:23.469   689   701 W SignalStrength: Size of signalstrength parcel:168
07-25 14:40:23.469   689   689 W SignalStrength: getLTELevel - rsrp:2147483647 snr:2147483647 rsrpIconLevel:-1 snrIconLevel:-1
07-25 14:40:23.469   689   689 W SignalStrength: getLTELevel - rssi:99 rssiIconLevel:0
07-25 14:40:23.469   689   689 W SignalStrength: getGsmLevel=4
07-25 14:40:23.469   689   689 W SignalStrength: getLevel=4
07-25 14:40:23.469   689   689 W SignalStrength: getLTELevel - rsrp:2147483647 snr:2147483647 rsrpIconLevel:-1 snrIconLevel:-1
07-25 14:40:23.469   689   689 W SignalStrength: getLTELevel - rssi:99 rssiIconLevel:0
07-25 14:40:23.469   689   689 W SignalStrength: getLTELevel - rsrp:2147483647 snr:2147483647 rsrpIconLevel:-1 snrIconLevel:-1
07-25 14:40:23.469   689   689 W SignalStrength: getLTELevel - rssi:99 rssiIconLevel:0
07-25 14:40:23.469   689   689 W SignalStrength: getGsmLevel=4
07-25 14:40:23.469   689   689 W SignalStrength: getLevel=4
07-25 14:40:24.469   600   612 D use-Rlog/RLOG-RIL-PHS: rsrp[0]=-255,rscp[0]=13,rxlev[0]=99 ind_str= 
07-25 14:40:24.469   600   612 D use-Rlog/RLOG-RIL-PHS: +CESQ: 99,99,13,255,255,-255
07-25 14:40:24.469   601   618 D use-Rlog/RLOG-AT: [0] Unsol: AT< +CESQ: 99,99,13,255,255,-255
07-25 14:40:24.469   601   618 D use-Rlog/RLOG-RIL: [0] [unsl] +CESQ enter
07-25 14:40:24.469   601   618 D use-Rlog/RLOG-RILC: [0] [UNSL]< UNSOL_SIGNAL_STRENGTH {[signalStrength=13,bitErrorRate=-1,                CDMA_SS.dbm=-1,CDMA_SSecio=-1,                EVDO_SS.dbm=-1,EVDO_SS.ecio=-1,                EVDO_SS.signalNoiseRatio=-1,                LTE_SS.signalStrength=99,LTE_SS.rsrp=2147483647,LTE_SS.rsrq=2147483647,                LTE_SS.rssnr=2147483647,LTE_SS.cqi=2147483647,TDSCDMA_SS.rscp=0]}
07-25 14:40:24.469   704   768 W SignalStrength: Size of signalstrength parcel:60
07-25 14:40:24.469   704   768 V RILJ    : [0][UNSL]< [0]UNSOL_SIGNAL_STRENGTH SignalStrength: 13 -1 -1 -1 -1 -1 -1 99 2147483647 2147483647 2147483647 2147483647 gsm|lte
07-25 14:40:24.469   704   704 W SignalStrength: Signal before validate=SignalStrength: 13 -1 -1 -1 -1 -1 -1 99 2147483647 2147483647 2147483647 2147483647 gsm|lte
07-25 14:40:24.469   704   704 W SignalStrength: Signal after validate=SignalStrength: 13 -1 -120 -160 -120 -1 -1 99 2147483647 2147483647 2147483647 2147483647 gsm|lte
07-25 14:40:24.469   624   636 W SignalStrength: Size of signalstrength parcel:164
07-25 14:40:24.469   624   636 W SignalStrength: getLTELevel - rsrp:2147483647 snr:2147483647 rsrpIconLevel:-1 snrIconLevel:-1
07-25 14:40:24.469   689   701 W SignalStrength: Size of signalstrength parcel:168
07-25 14:40:24.469   624   636 W SignalStrength: getLTELevel - rssi:99 rssiIconLevel:0
07-25 14:40:24.469   624   636 W SignalStrength: getGsmLevel=4
07-25 14:40:24.469   624   636 W SignalStrength: getLevel=4
07-25 14:40:24.469   689   689 W SignalStrength: getLTELevel - rsrp:2147483647 snr:2147483647 rsrpIconLevel:-1 snrIconLevel:-1
07-25 14:40:24.469   689   689 W SignalStrength: getLTELevel - rssi:99 rssiIconLevel:0
07-25 14:40:24.469   689   689 W SignalStrength: getGsmLevel=4
07-25 14:40:24.469   689   689 W SignalStrength: getLevel=4
07-25 14:40:24.469   689   689 W SignalStrength: getLTELevel - rsrp:2147483647 snr:2147483647 rsrpIconLevel:-1 snrIconLevel:-1
07-25 14:40:24.469   689   689 W SignalStrength: getLTELevel - rssi:99 rssiIconLevel:0
07-25 14:40:24.469   689   689 W SignalStrength: getLTELevel - rsrp:2147483647 snr:2147483647 rsrpIconLevel:-1 snrIconLevel:-1
07-25 14:40:24.469   689   689 W SignalStrength: getLTELevel - rssi:99 rssiIconLevel:0
07-25 14:40:24.469   689   689 W SignalStrength: getGsmLevel=4
07-25 14:40:24.469   689   689 W SignalStrength: getLevel=4
07-25 14:40:25.469   600   612 D use-Rlog/RLOG-RIL-PHS: rsrp[0]=-255,rscp[0]=13,rxlev[0]=99 ind_str= 
07-25 14:40:25.469   600   612 D use-Rlog/RLOG-RIL-PHS: +CESQ: 99,99,13,255,255,-255
07-25 14:40:25.469   601   618 D use-Rlog/RLOG-AT: [0] Unsol: AT< +CESQ: 99,99,13,255,255,-255
07-25 14:40:25.469   601   618 D use-Rlog/RLOG-RIL: [0] [unsl] +CESQ enter
07-25 14:40:25.469   601   618 D use-Rlog/RLOG-RILC: [0] [UNSL]< UNSOL_SIGNAL_STRENGTH {[signalStrength=13,bitErrorRate=-1,                CDMA_SS.dbm=-1,CDMA_SSecio=-1,                EVDO_SS.dbm=-1,EVDO_SS.ecio=-1,                EVDO_SS.signalNoiseRatio=-1,                LTE_SS.signalStrength=99,LTE_SS.rsrp=2147483647,LTE_SS.rsrq=2147483647,                LTE_SS.rssnr=2147483647,LTE_SS.cqi=2147483647,TDSCDMA_SS.rscp=0]}
07-25 14:40:25.469   704   768 W SignalStrength: Size of signalstrength parcel:60
07-25 14:40:25.469   704   768 V RILJ    : [0][UNSL]< [0]UNSOL_SIGNAL_STRENGTH SignalStrength: 13 -1 -1 -1 -1 -1 -1 99 2147483647 2147483647 2147483647 2147483647 gsm|lte
07-25 14:40:25.469   704   704 W SignalStrength: Signal before validate=SignalStrength: 13 -1 -1 -1 -1 -1 -1 99 2147483647 2147483647 2147483647 2147483647 gsm|lte
07-25 14:40:25.469   704   704 W SignalStrength: Signal after validate=SignalStrength: 13 -1 -120 -160 -120 -1 -1 99 2147483647 2147483647 2147483647 2147483647 gsm|lte
07-25 14:40:25.469   624   636 W SignalStrength: Size of signalstrength parcel:164
07-25 14:40:25.469   624   636 W SignalStrength: getLTELevel - rsrp:2147483647 snr:2147483647 rsrpIconLevel:-1 snrIconLevel:-1
07-25 14:40:25.469   624   636 W SignalStrength: getLTELevel - rssi:99 rssiIconLevel:0
07-25 14:40:25.469   624   636 W SignalStrength: getGsmLevel=4
07-25 14:40:25.469   624   636 W SignalStrength: getLevel=4
07-25 14:40:25.469   689   701 W SignalStrength: Size of signalstrength parcel:168
07-25 14:40:25.469   689   689 W SignalStrength: getLTELevel - rsrp:2147483647 snr:2147483647 rsrpIconLevel:-1 snrIconLevel:-1
07-25 14:40:25.469   689   689 W SignalStrength: getLTELevel - rssi:99 rssiIconLevel:0
07-25 14:40:25.469   689   689 W SignalStrength: getGsmLevel=4
07-25 14:40:25.469   689   689 W SignalStrength: getLevel=4
07-25 14:40:25.469   689   689 W SignalStrength: getLTELevel - rsrp:2147483647 snr:2147483647 rsrpIconLevel:-1 snrIconLevel:-1
07-25 14:40:25.469   689   689 W SignalStrength: getLTELevel - rssi:99 rssiIconLevel:0
07-25 14:40:25.469   689   689 W SignalStrength: getLTELevel - rsrp:2147483647 snr:2147483647 rsrpIconLevel:-1 snrIconLevel:-1
07-25 14:40:25.469   689   689 W SignalStrength: getLTELevel - rssi:99 rssiIconLevel:0
07-25 14:40:25.469   689   689 W SignalStrength: getGsmLevel=4
07-25 14:40:25.469   689   689 W SignalStrength: getLevel=4
07-25 14:40:25.609   704   704 D DCT     : [DcT(0)] onReceive: action=android.net.conn.TETHER_STATE_CHANGED
07-25 14:40:25.649   704   704 D DCT     : [DcT(0)] onReceive: action=android.net.wifi.WIFI_STATE_CHANGED
07-25 14:40:25.649   704   704 D DCT     : [DcT(0)] WIFI_STATE_CHANGED_ACTION: enabled=false mIsWifiConnected=false
07-25 14:40:25.649   689   689 W SignalStrength: getLTELevel - rsrp:2147483647 snr:2147483647 rsrpIconLevel:-1 snrIconLevel:-1
07-25 14:40:25.649   689   689 W SignalStrength: getLTELevel - rssi:99 rssiIconLevel:0
07-25 14:40:25.649   689   689 W SignalStrength: getGsmLevel=4
07-25 14:40:25.649   689   689 W SignalStrength: getLevel=4
07-25 14:40:25.699   704   704 D DCT     : [DcT(0)] onReceive: action=android.net.conn.TETHER_STATE_CHANGED
07-25 14:40:25.829   704   704 D DCT     : [DcT(0)] onReceive: action=android.net.wifi.WIFI_STATE_CHANGED
07-25 14:40:25.829   704   704 D DCT     : [DcT(0)] WIFI_STATE_CHANGED_ACTION: enabled=true mIsWifiConnected=false
07-25 14:40:25.829   689   689 W SignalStrength: getLTELevel - rsrp:2147483647 snr:2147483647 rsrpIconLevel:-1 snrIconLevel:-1
07-25 14:40:25.829   689   689 W SignalStrength: getLTELevel - rssi:99 rssiIconLevel:0
07-25 14:40:25.829   689   689 W SignalStrength: getGsmLevel=4
07-25 14:40:25.829   689   689 W SignalStrength: getLevel=4
07-25 14:40:26.469   600   612 D use-Rlog/RLOG-RIL-PHS: rsrp[0]=-255,rscp[0]=13,rxlev[0]=99 ind_str= 
07-25 14:40:26.469   600   612 D use-Rlog/RLOG-RIL-PHS: +CESQ: 99,99,13,255,255,-255
07-25 14:40:26.469   601   618 D use-Rlog/RLOG-AT: [0] Unsol: AT< +CESQ: 99,99,13,255,255,-255
07-25 14:40:26.469   601   618 D use-Rlog/RLOG-RIL: [0] [unsl] +CESQ enter
07-25 14:40:26.469   601   618 D use-Rlog/RLOG-RILC: [0] [UNSL]< UNSOL_SIGNAL_STRENGTH {[signalStrength=13,bitErrorRate=-1,                CDMA_SS.dbm=-1,CDMA_SSecio=-1,                EVDO_SS.dbm=-1,EVDO_SS.ecio=-1,                EVDO_SS.signalNoiseRatio=-1,                LTE_SS.signalStrength=99,LTE_SS.rsrp=2147483647,LTE_SS.rsrq=2147483647,                LTE_SS.rssnr=2147483647,LTE_SS.cqi=2147483647,TDSCDMA_SS.rscp=0]}
07-25 14:40:26.469   704   768 W SignalStrength: Size of signalstrength parcel:60
07-25 14:40:26.469   704   768 V RILJ    : [0][UNSL]< [0]UNSOL_SIGNAL_STRENGTH SignalStrength: 13 -1 -1 -1 -1 -1 -1 99 2147483647 2147483647 2147483647 2147483647 gsm|lte
07-25 14:40:26.469   704   704 W SignalStrength: Signal before validate=SignalStrength: 13 -1 -1 -1 -1 -1 -1 99 2147483647 2147483647 2147483647 2147483647 gsm|lte
07-25 14:40:26.469   704   704 W SignalStrength: Signal after validate=SignalStrength: 13 -1 -120 -160 -120 -1 -1 99 2147483647 2147483647 2147483647 2147483647 gsm|lte
07-25 14:40:26.469   624   636 W SignalStrength: Size of signalstrength parcel:164
07-25 14:40:26.469   689   701 W SignalStrength: Size of signalstrength parcel:168
07-25 14:40:26.469   624   636 W SignalStrength: getLTELevel - rsrp:2147483647 snr:2147483647 rsrpIconLevel:-1 snrIconLevel:-1
07-25 14:40:26.469   624   636 W SignalStrength: getLTELevel - rssi:99 rssiIconLevel:0
07-25 14:40:26.469   624   636 W SignalStrength: getGsmLevel=4
07-25 14:40:26.469   624   636 W SignalStrength: getLevel=4
07-25 14:40:26.469   689   689 W SignalStrength: getLTELevel - rsrp:2147483647 snr:2147483647 rsrpIconLevel:-1 snrIconLevel:-1
07-25 14:40:26.469   689   689 W SignalStrength: getLTELevel - rssi:99 rssiIconLevel:0
07-25 14:40:26.469   689   689 W SignalStrength: getGsmLevel=4
07-25 14:40:26.469   689   689 W SignalStrength: getLevel=4
07-25 14:40:26.469   689   689 W SignalStrength: getLTELevel - rsrp:2147483647 snr:2147483647 rsrpIconLevel:-1 snrIconLevel:-1
07-25 14:40:26.469   689   689 W SignalStrength: getLTELevel - rssi:99 rssiIconLevel:0
07-25 14:40:26.479   689   689 W SignalStrength: getLTELevel - rsrp:2147483647 snr:2147483647 rsrpIconLevel:-1 snrIconLevel:-1
07-25 14:40:26.479   689   689 W SignalStrength: getLTELevel - rssi:99 rssiIconLevel:0
07-25 14:40:26.479   689   689 W SignalStrength: getGsmLevel=4
07-25 14:40:26.479   689   689 W SignalStrength: getLevel=4
07-25 14:40:26.579   600   604 D RIL-PHS : /dev/stty_lte0 Rev:+CSQ: 12,99
07-25 14:40:26.579   600   604 D RIL-PHS : /dev/stty_lte0 Rev:+CESQ: 99,99,127,255,255,255
07-25 14:40:27.469   600   612 D use-Rlog/RLOG-RIL-PHS: rsrp[0]=-255,rscp[0]=12,rxlev[0]=99 ind_str= 
07-25 14:40:27.469   600   612 D use-Rlog/RLOG-RIL-PHS: +CESQ: 99,99,12,255,255,-255
07-25 14:40:27.469   601   618 D use-Rlog/RLOG-AT: [0] Unsol: AT< +CESQ: 99,99,12,255,255,-255
07-25 14:40:27.469   601   618 D use-Rlog/RLOG-RIL: [0] [unsl] +CESQ enter
07-25 14:40:27.469   601   618 D use-Rlog/RLOG-RILC: [0] [UNSL]< UNSOL_SIGNAL_STRENGTH {[signalStrength=12,bitErrorRate=-1,                CDMA_SS.dbm=-1,CDMA_SSecio=-1,                EVDO_SS.dbm=-1,EVDO_SS.ecio=-1,                EVDO_SS.signalNoiseRatio=-1,                LTE_SS.signalStrength=99,LTE_SS.rsrp=2147483647,LTE_SS.rsrq=2147483647,                LTE_SS.rssnr=2147483647,LTE_SS.cqi=2147483647,TDSCDMA_SS.rscp=0]}
07-25 14:40:27.469   704   768 W SignalStrength: Size of signalstrength parcel:60
07-25 14:40:27.469   704   768 V RILJ    : [0][UNSL]< [0]UNSOL_SIGNAL_STRENGTH SignalStrength: 12 -1 -1 -1 -1 -1 -1 99 2147483647 2147483647 2147483647 2147483647 gsm|lte
07-25 14:40:27.469   704   704 W SignalStrength: Signal before validate=SignalStrength: 12 -1 -1 -1 -1 -1 -1 99 2147483647 2147483647 2147483647 2147483647 gsm|lte
07-25 14:40:27.469   704   704 W SignalStrength: Signal after validate=SignalStrength: 12 -1 -120 -160 -120 -1 -1 99 2147483647 2147483647 2147483647 2147483647 gsm|lte
07-25 14:40:27.469   624   636 W SignalStrength: Size of signalstrength parcel:164
07-25 14:40:27.469   624   636 W SignalStrength: getLTELevel - rsrp:2147483647 snr:2147483647 rsrpIconLevel:-1 snrIconLevel:-1
07-25 14:40:27.469   624   636 W SignalStrength: getLTELevel - rssi:99 rssiIconLevel:0
07-25 14:40:27.469   624   636 W SignalStrength: getGsmLevel=4
07-25 14:40:27.469   624   636 W SignalStrength: getLevel=4
07-25 14:40:27.469   689   701 W SignalStrength: Size of signalstrength parcel:168
07-25 14:40:27.469   689   689 W SignalStrength: getLTELevel - rsrp:2147483647 snr:2147483647 rsrpIconLevel:-1 snrIconLevel:-1
07-25 14:40:27.469   689   689 W SignalStrength: getLTELevel - rssi:99 rssiIconLevel:0
07-25 14:40:27.469   689   689 W SignalStrength: getGsmLevel=4
07-25 14:40:27.469   689   689 W SignalStrength: getLevel=4
07-25 14:40:27.469   689   689 W SignalStrength: getLTELevel - rsrp:2147483647 snr:2147483647 rsrpIconLevel:-1 snrIconLevel:-1
07-25 14:40:27.469   689   689 W SignalStrength: getLTELevel - rssi:99 rssiIconLevel:0
07-25 14:40:27.479   689   689 W SignalStrength: getLTELevel - rsrp:2147483647 snr:2147483647 rsrpIconLevel:-1 snrIconLevel:-1
07-25 14:40:27.479   689   689 W SignalStrength: getLTELevel - rssi:99 rssiIconLevel:0
07-25 14:40:27.479   689   689 W SignalStrength: getGsmLevel=4
07-25 14:40:27.479   689   689 W SignalStrength: getLevel=4
07-25 14:40:28.469   600   612 D use-Rlog/RLOG-RIL-PHS: rsrp[0]=-255,rscp[0]=12,rxlev[0]=99 ind_str= 
07-25 14:40:28.469   600   612 D use-Rlog/RLOG-RIL-PHS: +CESQ: 99,99,12,255,255,-255
07-25 14:40:28.469   601   618 D use-Rlog/RLOG-AT: [0] Unsol: AT< +CESQ: 99,99,12,255,255,-255
07-25 14:40:28.469   601   618 D use-Rlog/RLOG-RIL: [0] [unsl] +CESQ enter
07-25 14:40:28.469   601   618 D use-Rlog/RLOG-RILC: [0] [UNSL]< UNSOL_SIGNAL_STRENGTH {[signalStrength=12,bitErrorRate=-1,                CDMA_SS.dbm=-1,CDMA_SSecio=-1,                EVDO_SS.dbm=-1,EVDO_SS.ecio=-1,                EVDO_SS.signalNoiseRatio=-1,                LTE_SS.signalStrength=99,LTE_SS.rsrp=2147483647,LTE_SS.rsrq=2147483647,                LTE_SS.rssnr=2147483647,LTE_SS.cqi=2147483647,TDSCDMA_SS.rscp=0]}
07-25 14:40:28.469   704   768 W SignalStrength: Size of signalstrength parcel:60
07-25 14:40:28.469   704   768 V RILJ    : [0][UNSL]< [0]UNSOL_SIGNAL_STRENGTH SignalStrength: 12 -1 -1 -1 -1 -1 -1 99 2147483647 2147483647 2147483647 2147483647 gsm|lte
07-25 14:40:28.469   704   704 W SignalStrength: Signal before validate=SignalStrength: 12 -1 -1 -1 -1 -1 -1 99 2147483647 2147483647 2147483647 2147483647 gsm|lte
07-25 14:40:28.469   704   704 W SignalStrength: Signal after validate=SignalStrength: 12 -1 -120 -160 -120 -1 -1 99 2147483647 2147483647 2147483647 2147483647 gsm|lte
07-25 14:40:28.469   624   636 W SignalStrength: Size of signalstrength parcel:164
07-25 14:40:28.469   689   701 W SignalStrength: Size of signalstrength parcel:168
07-25 14:40:28.469   624   636 W SignalStrength: getLTELevel - rsrp:2147483647 snr:2147483647 rsrpIconLevel:-1 snrIconLevel:-1
07-25 14:40:28.469   624   636 W SignalStrength: getLTELevel - rssi:99 rssiIconLevel:0
07-25 14:40:28.469   624   636 W SignalStrength: getGsmLevel=4
07-25 14:40:28.469   624   636 W SignalStrength: getLevel=4
07-25 14:40:28.469   689   689 W SignalStrength: getLTELevel - rsrp:2147483647 snr:2147483647 rsrpIconLevel:-1 snrIconLevel:-1
07-25 14:40:28.469   689   689 W SignalStrength: getLTELevel - rssi:99 rssiIconLevel:0
07-25 14:40:28.469   689   689 W SignalStrength: getGsmLevel=4
07-25 14:40:28.469   689   689 W SignalStrength: getLevel=4
07-25 14:40:28.469   689   689 W SignalStrength: getLTELevel - rsrp:2147483647 snr:2147483647 rsrpIconLevel:-1 snrIconLevel:-1
07-25 14:40:28.469   689   689 W SignalStrength: getLTELevel - rssi:99 rssiIconLevel:0
07-25 14:40:28.469   689   689 W SignalStrength: getLTELevel - rsrp:2147483647 snr:2147483647 rsrpIconLevel:-1 snrIconLevel:-1
07-25 14:40:28.479   689   689 W SignalStrength: getLTELevel - rssi:99 rssiIconLevel:0
07-25 14:40:28.479   689   689 W SignalStrength: getGsmLevel=4
07-25 14:40:28.479   689   689 W SignalStrength: getLevel=4
07-25 14:40:29.209  1099  1099 D TelephonyManager: No /proc/cmdline exception=java.io.FileNotFoundException: /proc/cmdline: open failed: EACCES (Permission denied)
07-25 14:40:29.209  1099  1099 D TelephonyManager: /proc/cmdline=
07-25 14:40:29.309   704  1098 D GSMPhone: Get global config vm number[0]: 
07-25 14:40:29.459  1126  1126 D TelephonyManager: No /proc/cmdline exception=java.io.FileNotFoundException: /proc/cmdline: open failed: EACCES (Permission denied)
07-25 14:40:29.459  1126  1126 D TelephonyManager: /proc/cmdline=
07-25 14:40:29.469   600   612 D use-Rlog/RLOG-RIL-PHS: rsrp[0]=-255,rscp[0]=12,rxlev[0]=99 ind_str= 
07-25 14:40:29.469   600   612 D use-Rlog/RLOG-RIL-PHS: +CESQ: 99,99,12,255,255,-255
07-25 14:40:29.469   601   618 D use-Rlog/RLOG-AT: [0] Unsol: AT< +CESQ: 99,99,12,255,255,-255
07-25 14:40:29.469   601   618 D use-Rlog/RLOG-RIL: [0] [unsl] +CESQ enter
07-25 14:40:29.469   601   618 D use-Rlog/RLOG-RILC: [0] [UNSL]< UNSOL_SIGNAL_STRENGTH {[signalStrength=12,bitErrorRate=-1,                CDMA_SS.dbm=-1,CDMA_SSecio=-1,                EVDO_SS.dbm=-1,EVDO_SS.ecio=-1,                EVDO_SS.signalNoiseRatio=-1,                LTE_SS.signalStrength=99,LTE_SS.rsrp=2147483647,LTE_SS.rsrq=2147483647,                LTE_SS.rssnr=2147483647,LTE_SS.cqi=2147483647,TDSCDMA_SS.rscp=0]}
07-25 14:40:29.469   704   768 W SignalStrength: Size of signalstrength parcel:60
07-25 14:40:29.469   704   768 V RILJ    : [0][UNSL]< [0]UNSOL_SIGNAL_STRENGTH SignalStrength: 12 -1 -1 -1 -1 -1 -1 99 2147483647 2147483647 2147483647 2147483647 gsm|lte
07-25 14:40:29.469   704   704 W SignalStrength: Signal before validate=SignalStrength: 12 -1 -1 -1 -1 -1 -1 99 2147483647 2147483647 2147483647 2147483647 gsm|lte
07-25 14:40:29.469   704   704 W SignalStrength: Signal after validate=SignalStrength: 12 -1 -120 -160 -120 -1 -1 99 2147483647 2147483647 2147483647 2147483647 gsm|lte
07-25 14:40:29.469   624   869 W SignalStrength: Size of signalstrength parcel:164
07-25 14:40:29.469   689   701 W SignalStrength: Size of signalstrength parcel:168
07-25 14:40:29.469   624   869 W SignalStrength: getLTELevel - rsrp:2147483647 snr:2147483647 rsrpIconLevel:-1 snrIconLevel:-1
07-25 14:40:29.469   624   869 W SignalStrength: getLTELevel - rssi:99 rssiIconLevel:0
07-25 14:40:29.469   624   869 W SignalStrength: getGsmLevel=4
07-25 14:40:29.469   624   869 W SignalStrength: getLevel=4
07-25 14:40:29.469   689   689 W SignalStrength: getLTELevel - rsrp:2147483647 snr:2147483647 rsrpIconLevel:-1 snrIconLevel:-1
07-25 14:40:29.469   689   689 W SignalStrength: getLTELevel - rssi:99 rssiIconLevel:0
07-25 14:40:29.469   689   689 W SignalStrength: getGsmLevel=4
07-25 14:40:29.469   689   689 W SignalStrength: getLevel=4
07-25 14:40:29.469   689   689 W SignalStrength: getLTELevel - rsrp:2147483647 snr:2147483647 rsrpIconLevel:-1 snrIconLevel:-1
07-25 14:40:29.469   689   689 W SignalStrength: getLTELevel - rssi:99 rssiIconLevel:0
07-25 14:40:29.479   689   689 W SignalStrength: getLTELevel - rsrp:2147483647 snr:2147483647 rsrpIconLevel:-1 snrIconLevel:-1
07-25 14:40:29.479   689   689 W SignalStrength: getLTELevel - rssi:99 rssiIconLevel:0
07-25 14:40:29.479   689   689 W SignalStrength: getGsmLevel=4
07-25 14:40:29.479   689   689 W SignalStrength: getLevel=4
07-25 14:40:29.679  1167  1167 D TelephonyManager: No /proc/cmdline exception=java.io.FileNotFoundException: /proc/cmdline: open failed: EACCES (Permission denied)
07-25 14:40:29.679  1167  1167 D TelephonyManager: /proc/cmdline=
07-25 14:40:30.469   600   612 D use-Rlog/RLOG-RIL-PHS: rsrp[0]=-255,rscp[0]=12,rxlev[0]=99 ind_str= 
07-25 14:40:30.469   600   612 D use-Rlog/RLOG-RIL-PHS: +CESQ: 99,99,12,255,255,-255
07-25 14:40:30.469   601   618 D use-Rlog/RLOG-AT: [0] Unsol: AT< +CESQ: 99,99,12,255,255,-255
07-25 14:40:30.469   601   618 D use-Rlog/RLOG-RIL: [0] [unsl] +CESQ enter
07-25 14:40:30.469   601   618 D use-Rlog/RLOG-RILC: [0] [UNSL]< UNSOL_SIGNAL_STRENGTH {[signalStrength=12,bitErrorRate=-1,                CDMA_SS.dbm=-1,CDMA_SSecio=-1,                EVDO_SS.dbm=-1,EVDO_SS.ecio=-1,                EVDO_SS.signalNoiseRatio=-1,                LTE_SS.signalStrength=99,LTE_SS.rsrp=2147483647,LTE_SS.rsrq=2147483647,                LTE_SS.rssnr=2147483647,LTE_SS.cqi=2147483647,TDSCDMA_SS.rscp=0]}
07-25 14:40:30.469   704   768 W SignalStrength: Size of signalstrength parcel:60
07-25 14:40:30.469   704   768 V RILJ    : [0][UNSL]< [0]UNSOL_SIGNAL_STRENGTH SignalStrength: 12 -1 -1 -1 -1 -1 -1 99 2147483647 2147483647 2147483647 2147483647 gsm|lte
07-25 14:40:30.469   704   704 W SignalStrength: Signal before validate=SignalStrength: 12 -1 -1 -1 -1 -1 -1 99 2147483647 2147483647 2147483647 2147483647 gsm|lte
07-25 14:40:30.469   704   704 W SignalStrength: Signal after validate=SignalStrength: 12 -1 -120 -160 -120 -1 -1 99 2147483647 2147483647 2147483647 2147483647 gsm|lte
07-25 14:40:30.469   624   907 W SignalStrength: Size of signalstrength parcel:164
07-25 14:40:30.469   624   907 W SignalStrength: getLTELevel - rsrp:2147483647 snr:2147483647 rsrpIconLevel:-1 snrIconLevel:-1
07-25 14:40:30.469   624   907 W SignalStrength: getLTELevel - rssi:99 rssiIconLevel:0
07-25 14:40:30.469   624   907 W SignalStrength: getGsmLevel=4
07-25 14:40:30.469   624   907 W SignalStrength: getLevel=4
07-25 14:40:30.469   689   701 W SignalStrength: Size of signalstrength parcel:168
07-25 14:40:30.469   689   689 W SignalStrength: getLTELevel - rsrp:2147483647 snr:2147483647 rsrpIconLevel:-1 snrIconLevel:-1
07-25 14:40:30.469   689   689 W SignalStrength: getLTELevel - rssi:99 rssiIconLevel:0
07-25 14:40:30.469   689   689 W SignalStrength: getGsmLevel=4
07-25 14:40:30.469   689   689 W SignalStrength: getLevel=4
07-25 14:40:30.469   689   689 W SignalStrength: getLTELevel - rsrp:2147483647 snr:2147483647 rsrpIconLevel:-1 snrIconLevel:-1
07-25 14:40:30.469   689   689 W SignalStrength: getLTELevel - rssi:99 rssiIconLevel:0
07-25 14:40:30.489   689   689 W SignalStrength: getLTELevel - rsrp:2147483647 snr:2147483647 rsrpIconLevel:-1 snrIconLevel:-1
07-25 14:40:30.489   689   689 W SignalStrength: getLTELevel - rssi:99 rssiIconLevel:0
07-25 14:40:30.489   689   689 W SignalStrength: getGsmLevel=4
07-25 14:40:30.489   689   689 W SignalStrength: getLevel=4
07-25 14:40:30.509   704   704 D RILJ    : [0][3711]> SCREEN_STATE: true
07-25 14:40:30.509   601   613 I use-Rlog/RLOG-RILC: [0] enter processCommandsCallback, socket type = 0
07-25 14:40:30.509   601   613 I use-Rlog/RLOG-RILC: [0] enter processCommandsCallback, socket type = 0
07-25 14:40:30.509   601   613 I use-Rlog/RLOG-RILC: [0] PCC  alloc one command p_record
07-25 14:40:30.509   601   772 D use-Rlog/RLOG-RILC: [0] PCB request code 61 token 63
07-25 14:40:30.509   601   772 D use-Rlog/RLOG-RILC: [0] [0063]> SCREEN_STATE (1)
07-25 14:40:30.509   601   772 D use-Rlog/RLOG-RIL: [0] onRequest: SCREEN_STATE sState=3
07-25 14:40:30.509   601   772 D use-Rlog/RLOG-RIL: [0] channel1 state: '0' 
07-25 14:40:30.509   601   772 D use-Rlog/RLOG-RIL: [0] get Channel ID '1'
07-25 14:40:30.509   601   772 D use-Rlog/RLOG-RIL: [0]  PROP_RADIO_FD_DISABLE = 0
07-25 14:40:30.509   601   772 D use-Rlog/RLOG-AT: [0] Channel1: AT> AT+CCED=1,8
07-25 14:40:30.509   600   605 D RIL-PHS : /dev/stty_lte1 Rev:OK
07-25 14:40:30.509   601   618 D use-Rlog/RLOG-AT: [0] Channel1: AT< OK
07-25 14:40:30.509   601   772 D use-Rlog/RLOG-AT: [0] Channel1: AT> AT+CEREG=2
07-25 14:40:30.509   600   605 D RIL-PHS : /dev/stty_lte1 Rev:OK
07-25 14:40:30.509   601   618 D use-Rlog/RLOG-AT: [0] Channel1: AT< OK
07-25 14:40:30.509   601   772 D use-Rlog/RLOG-AT: [0] Channel1: AT> AT+CREG=2
07-25 14:40:30.509   600   605 D RIL-PHS : /dev/stty_lte1 Rev:OK
07-25 14:40:30.509   601   618 D use-Rlog/RLOG-AT: [0] Channel1: AT< OK
07-25 14:40:30.509   601   772 D use-Rlog/RLOG-AT: [0] Channel1: AT> AT+CGREG=2
07-25 14:40:30.509   600   605 D RIL-PHS : /dev/stty_lte1 Rev:OK
07-25 14:40:30.509   601   618 D use-Rlog/RLOG-AT: [0] Channel1: AT< OK
07-25 14:40:30.509   601   772 E use-Rlog/RLOG-RIL: [0] isVoLteEnable =true
07-25 14:40:30.509   601   772 D use-Rlog/RLOG-AT: [0] Channel1: AT> AT+CIREG=2
07-25 14:40:30.509   600   605 D RIL-PHS : /dev/stty_lte1 Rev:OK
07-25 14:40:30.509   601   618 D use-Rlog/RLOG-AT: [0] Channel1: AT< OK
07-25 14:40:30.509   601   772 D use-Rlog/RLOG-RILC: [0] [UNSL]< UNSOL_RESPONSE_VOICE_NETWORK_STATE_CHANGED 
07-25 14:40:30.509   601   772 D use-Rlog/RLOG-RILC: [0] [0063]< SCREEN_STATE
07-25 14:40:30.509   601   772 D use-Rlog/RLOG-RIL: [0] put Channel ID '1'
07-25 14:40:30.509   601   772 I use-Rlog/RLOG-RILC: [0] -->CommandThread [772] free one command
07-25 14:40:30.509   704   768 D RILJ    : [0][UNSL]< [0]UNSOL_RESPONSE_VOICE_NETWORK_STATE_CHANGED
07-25 14:40:30.509   704   768 D RILJ    : [0][3711]< SCREEN_STATE 
07-25 14:40:30.509   704   704 D RILJ    : SPRDRILOPERATOR
07-25 14:40:30.509   704   704 D RILJ    : [0][3712]> OPERATOR
07-25 14:40:30.509   704   704 D RILJ    : [0][3713]> DATA_REGISTRATION_STATE
07-25 14:40:30.509   601   613 I use-Rlog/RLOG-RILC: [0] enter processCommandsCallback, socket type = 0
07-25 14:40:30.509   704   704 D RILJ    : [0][3714]> VOICE_REGISTRATION_STATE
07-25 14:40:30.509   601   613 I use-Rlog/RLOG-RILC: [0] enter processCommandsCallback, socket type = 0
07-25 14:40:30.509   601   613 I use-Rlog/RLOG-RILC: [0] PCC  alloc one command p_record
07-25 14:40:30.509   601   771 D use-Rlog/RLOG-RILC: [0] PCB request code 22 token 64
07-25 14:40:30.509   601   771 D use-Rlog/RLOG-RILC: [0] [0064]> OPERATOR 
07-25 14:40:30.509   601   771 D use-Rlog/RLOG-RIL: [0] onRequest: OPERATOR sState=3
07-25 14:40:30.509   601   771 D use-Rlog/RLOG-RIL: [0] channel1 state: '0' 
07-25 14:40:30.509   601   771 D use-Rlog/RLOG-RIL: [0] get Channel ID '1'
07-25 14:40:30.509   601   771 D use-Rlog/RLOG-AT: [0] Channel1: AT> AT+COPS=3,0;+COPS?;+COPS=3,1;+COPS?;+COPS=3,2;+COPS?
07-25 14:40:30.509   704   704 D RILJ    : [0][3715]> QUERY_NETWORK_SELECTION_MODE
07-25 14:40:30.509   601   613 I use-Rlog/RLOG-RILC: [0] enter processCommandsCallback, socket type = 0
07-25 14:40:30.509   601   613 I use-Rlog/RLOG-RILC: [0] enter processCommandsCallback, socket type = 0
07-25 14:40:30.509   601   613 I use-Rlog/RLOG-RILC: [0] PCC  alloc one command p_record
07-25 14:40:30.509   601   772 D use-Rlog/RLOG-RILC: [0] PCB request code 21 token 65
07-25 14:40:30.509   601   772 D use-Rlog/RLOG-RILC: [0] [0065]> DATA_REGISTRATION_STATE 
07-25 14:40:30.509   601   772 D use-Rlog/RLOG-RIL: [0] onRequest: DATA_REGISTRATION_STATE sState=3
07-25 14:40:30.509   601   772 D use-Rlog/RLOG-RIL: [0] channel2 state: '0' 
07-25 14:40:30.509   601   772 D use-Rlog/RLOG-RIL: [0] get Channel ID '2'
07-25 14:40:30.509   601   772 D use-Rlog/RLOG-RIL: [0] ssda mode: fdd-csfb
07-25 14:40:30.509   601   772 D use-Rlog/RLOG-AT: [0] Channel2: AT> AT+CEREG?
07-25 14:40:30.509   600   605 D RIL-PHS : /dev/stty_lte1 Rev:+COPS: 0
07-25 14:40:30.509   600   605 D RIL-PHS : /dev/stty_lte1 Rev:+COPS: 0
07-25 14:40:30.509   600   605 D RIL-PHS : /dev/stty_lte1 Rev:+COPS: 0,2,"46001",6
07-25 14:40:30.509   600   605 D RIL-PHS : /dev/stty_lte1 Rev:OK
07-25 14:40:30.509   601   618 D use-Rlog/RLOG-AT: [0] Channel1: AT< +COPS: 0
07-25 14:40:30.509   601   618 D use-Rlog/RLOG-AT: [0] Channel1: AT< +COPS: 0
07-25 14:40:30.509   601   618 D use-Rlog/RLOG-AT: [0] Channel1: AT< +COPS: 0,2,"46001",6
07-25 14:40:30.509   601   618 D use-Rlog/RLOG-AT: [0] Channel1: AT< OK
07-25 14:40:30.509   601   771 D use-Rlog/RLOG-RILC: [0] [0064]< OPERATOR {(null),(null),46001}
07-25 14:40:30.509   601   771 D use-Rlog/RLOG-RIL: [0] put Channel ID '1'
07-25 14:40:30.509   601   771 I use-Rlog/RLOG-RILC: [0] -->CommandThread [771] free one command
07-25 14:40:30.519   704   768 D RILJ    : sprdRil before responseOperatorString():response[0]= null response[1]= null response[2]= 46001
07-25 14:40:30.519   601   613 I use-Rlog/RLOG-RILC: [0] enter processCommandsCallback, socket type = 0
07-25 14:40:30.519   600   605 D RIL-PHS : /dev/stty_lte1 Rev:+CEREG: 2,8,"C24C","01605CA0",6
07-25 14:40:30.519   600   605 D RIL-PHS : /dev/stty_lte1 Rev:OK
07-25 14:40:30.519   601   618 D use-Rlog/RLOG-AT: [0] Channel2: AT< +CEREG: 2,8,"C24C","01605CA0",6
07-25 14:40:30.519   601   618 D use-Rlog/RLOG-AT: [0] Channel2: AT< OK
07-25 14:40:30.519   601   772 D use-Rlog/RLOG-RILC: [0] [0065]< DATA_REGISTRATION_STATE {10,c24c,1605ca0,11,(null),3}
07-25 14:40:30.519   601   772 D use-Rlog/RLOG-RIL: [0] put Channel ID '2'
07-25 14:40:30.519   601   772 I use-Rlog/RLOG-RILC: [0] -->CommandThread [772] free one command
07-25 14:40:30.519   601   613 I use-Rlog/RLOG-RILC: [0] enter processCommandsCallback, socket type = 0
07-25 14:40:30.519   601   613 I use-Rlog/RLOG-RILC: [0] PCC  alloc one command p_record
07-25 14:40:30.519   601   771 D use-Rlog/RLOG-RILC: [0] PCB request code 20 token 66
07-25 14:40:30.519   601   771 D use-Rlog/RLOG-RILC: [0] [0066]> VOICE_REGISTRATION_STATE 
07-25 14:40:30.519   601   771 D use-Rlog/RLOG-RIL: [0] onRequest: VOICE_REGISTRATION_STATE sState=3
07-25 14:40:30.519   601   771 D use-Rlog/RLOG-RIL: [0] channel1 state: '0' 
07-25 14:40:30.519   601   771 D use-Rlog/RLOG-RIL: [0] get Channel ID '1'
07-25 14:40:30.519   601   771 D use-Rlog/RLOG-RIL: [0] ssda mode: fdd-csfb
07-25 14:40:30.519   601   771 D use-Rlog/RLOG-AT: [0] Channel1: AT> AT+CREG?
07-25 14:40:30.519   600   605 D RIL-PHS : /dev/stty_lte1 Rev:+CREG: 2,8,"A52F","01605CA0",6
07-25 14:40:30.519   600   605 D RIL-PHS : /dev/stty_lte1 Rev:OK
07-25 14:40:30.519   601   618 D use-Rlog/RLOG-AT: [0] Channel1: AT< +CREG: 2,8,"A52F","01605CA0",6
07-25 14:40:30.519   601   618 D use-Rlog/RLOG-AT: [0] Channel1: AT< OK
07-25 14:40:30.519   601   771 D use-Rlog/RLOG-RILC: [0] [0066]< VOICE_REGISTRATION_STATE {10,a52f,1605ca0,11,(null),(null),(null),0,(null),(null),(null),(null),(null),(null),(null)}
07-25 14:40:30.519   601   771 D use-Rlog/RLOG-RIL: [0] put Channel ID '1'
07-25 14:40:30.519   601   771 I use-Rlog/RLOG-RILC: [0] -->CommandThread [771] free one command
07-25 14:40:30.519   601   613 I use-Rlog/RLOG-RILC: [0] enter processCommandsCallback, socket type = 0
07-25 14:40:30.519   601   613 I use-Rlog/RLOG-RILC: [0] enter processCommandsCallback, socket type = 0
07-25 14:40:30.519   601   613 I use-Rlog/RLOG-RILC: [0] PCC  alloc one command p_record
07-25 14:40:30.519   601   772 D use-Rlog/RLOG-RILC: [0] PCB request code 45 token 67
07-25 14:40:30.519   601   772 D use-Rlog/RLOG-RILC: [0] [0067]> QUERY_NETWORK_SELECTION_MODE 
07-25 14:40:30.519   601   772 D use-Rlog/RLOG-RIL: [0] onRequest: QUERY_NETWORK_SELECTION_MODE sState=3
07-25 14:40:30.519   601   772 D use-Rlog/RLOG-RIL: [0] channel1 state: '0' 
07-25 14:40:30.519   601   772 D use-Rlog/RLOG-RIL: [0] get Channel ID '1'
07-25 14:40:30.519   601   772 D use-Rlog/RLOG-AT: [0] Channel1: AT> AT+COPS?
07-25 14:40:30.519   600   605 D RIL-PHS : /dev/stty_lte1 Rev:+COPS: 0,2,"46001",6
07-25 14:40:30.519   600   605 D RIL-PHS : /dev/stty_lte1 Rev:OK
07-25 14:40:30.519   601   618 D use-Rlog/RLOG-AT: [0] Channel1: AT< +COPS: 0,2,"46001",6
07-25 14:40:30.519   601   618 D use-Rlog/RLOG-AT: [0] Channel1: AT< OK
07-25 14:40:30.519   601   772 D use-Rlog/RLOG-RILC: [0] [0067]< QUERY_NETWORK_SELECTION_MODE {0}
07-25 14:40:30.519   601   772 D use-Rlog/RLOG-RIL: [0] put Channel ID '1'
07-25 14:40:30.519   601   772 I use-Rlog/RLOG-RILC: [0] -->CommandThread [772] free one command
07-25 14:40:30.519   704   704 D DCT     : [DcT(0)] onReceive: action=android.intent.action.SCREEN_ON
07-25 14:40:30.519   704   704 D DCT     : [DcT(0)] stopNetStatPoll
07-25 14:40:30.519   704   704 D DCT     : [DcT(0)] overall state is IDLE
07-25 14:40:30.529   704   768 D RILJ    : after responseOperatorString():response[0]中国联通response[1]=中国联通response[2]=46001
07-25 14:40:30.529   704   768 D RILJ    : [0][3712]< OPERATOR {中国联通, 中国联通, 46001}
07-25 14:40:30.529   704   768 D RILJ    : [0]SprdRIL:processSolicited: [3712]< send result: 6
07-25 14:40:30.529   704   704 D VolteSST: [VolteSST-0] updateOperatorNameByNitzAndXML
07-25 14:40:30.549   704   704 D VolteSST: [VolteSST-0] updateOperatorNameByNitzAndXML
07-25 14:40:30.549   704   768 D RILJ    : [0][3713]< DATA_REGISTRATION_STATE {10, c24c, 1605ca0, 11, null, 3}
07-25 14:40:30.549   704   768 D RILJ    : [0][3714]< VOICE_REGISTRATION_STATE {10, a52f, 1605ca0, 11, null, null, null, 0, null, null, null, null, null, null, null}
07-25 14:40:30.549   704   768 D RILJ    : [0][3715]< QUERY_NETWORK_SELECTION_MODE {0}
07-25 14:40:30.559   704   704 D PHONE   : [ServiceState] setDataRegState=1
07-25 14:40:30.559   704   704 D PHONE   : [ServiceState] setDataRadioTechnology=11
07-25 14:40:30.559   704   704 D VolteSST: [VolteSST-0] handlPollStateResultMessage: GsmSST setDataRegState=1 regState=10 dataRadioTechnology=11
07-25 14:40:30.559   704   704 D PHONE   : [ServiceState] setVoiceRegState=1
07-25 14:40:30.559   704   704 E PHONE   : [ServiceState] setState deprecated use setVoiceRegState()
07-25 14:40:30.559   704   704 D VolteSST: [VolteSST-0] Poll ServiceState done:  oldSS=[1 1 home China Unicom China Unicom 46001  HSPA HSPA CSS not supported -1 -1 RoamInd=-1 DefRoamInd=-1 EmergOnly=true mImsRegistration = false mSrvccState = -1] newSS=[1 1 home China Unicom China Unicom 46001  HSPA HSPA CSS not supported -1 -1 RoamInd=-1 DefRoamInd=-1 EmergOnly=true mImsRegistration = false mSrvccState = -1] oldMaxDataCalls=3 mNewMaxDataCalls=3 oldReasonDataDenied=-1 mNewReasonDataDenied=-1
07-25 14:40:30.559   704   704 D PHONE   : [ServiceState] setNullState=1
07-25 14:40:30.579   704   704 D RILJ    : [0][3716]> SCREEN_STATE: false
07-25 14:40:30.579   601   613 I use-Rlog/RLOG-RILC: [0] enter processCommandsCallback, socket type = 0
07-25 14:40:30.579   601   613 I use-Rlog/RLOG-RILC: [0] enter processCommandsCallback, socket type = 0
07-25 14:40:30.579   601   613 I use-Rlog/RLOG-RILC: [0] PCC  alloc one command p_record
07-25 14:40:30.579   601   771 D use-Rlog/RLOG-RILC: [0] PCB request code 61 token 68
07-25 14:40:30.579   601   771 D use-Rlog/RLOG-RILC: [0] [0068]> SCREEN_STATE (0)
07-25 14:40:30.579   601   771 D use-Rlog/RLOG-RIL: [0] onRequest: SCREEN_STATE sState=3
07-25 14:40:30.579   601   771 D use-Rlog/RLOG-RIL: [0] channel1 state: '0' 
07-25 14:40:30.579   601   771 D use-Rlog/RLOG-RIL: [0] get Channel ID '1'
07-25 14:40:30.579   601   771 D use-Rlog/RLOG-RIL: [0]  PROP_RADIO_FD_DISABLE = 0
07-25 14:40:30.579   601   771 D use-Rlog/RLOG-AT: [0] Channel1: AT> AT+CCED=2,8
07-25 14:40:30.579   600   605 D RIL-PHS : /dev/stty_lte1 Rev:OK
07-25 14:40:30.589   601   618 D use-Rlog/RLOG-AT: [0] Channel1: AT< OK
07-25 14:40:30.589   601   771 D use-Rlog/RLOG-AT: [0] Channel1: AT> AT+CEREG=1
07-25 14:40:30.589   704   704 D DCT     : [DcT(0)] onReceive: action=android.intent.action.SCREEN_OFF
07-25 14:40:30.589   704   704 D DCT     : [DcT(0)] stopNetStatPoll
07-25 14:40:30.589   600   605 D RIL-PHS : /dev/stty_lte1 Rev:OK
07-25 14:40:30.589   601   618 D use-Rlog/RLOG-AT: [0] Channel1: AT< OK
07-25 14:40:30.589   601   771 D use-Rlog/RLOG-AT: [0] Channel1: AT> AT+CREG=1
07-25 14:40:30.589   704   704 D DCT     : [DcT(0)] overall state is IDLE
07-25 14:40:30.589   600   605 D RIL-PHS : /dev/stty_lte1 Rev:OK
07-25 14:40:30.589   601   618 D use-Rlog/RLOG-AT: [0] Channel1: AT< OK
07-25 14:40:30.589   601   771 D use-Rlog/RLOG-AT: [0] Channel1: AT> AT+CGREG=1
07-25 14:40:30.589   600   605 D RIL-PHS : /dev/stty_lte1 Rev:OK
07-25 14:40:30.589   601   618 D use-Rlog/RLOG-AT: [0] Channel1: AT< OK
07-25 14:40:30.589   601   771 E use-Rlog/RLOG-RIL: [0] isVoLteEnable =true
07-25 14:40:30.589   601   771 D use-Rlog/RLOG-AT: [0] Channel1: AT> AT+CIREG=1
07-25 14:40:30.589   600   605 D RIL-PHS : /dev/stty_lte1 Rev:OK
07-25 14:40:30.589   601   618 D use-Rlog/RLOG-AT: [0] Channel1: AT< OK
07-25 14:40:30.589   601   771 D use-Rlog/RLOG-RILC: [0] [0068]< SCREEN_STATE
07-25 14:40:30.589   601   771 D use-Rlog/RLOG-RIL: [0] put Channel ID '1'
07-25 14:40:30.589   601   771 I use-Rlog/RLOG-RILC: [0] -->CommandThread [771] free one command
07-25 14:40:30.589   704   768 D RILJ    : [0][3716]< SCREEN_STATE 
07-25 14:40:31.469   600   612 D use-Rlog/RLOG-RIL-PHS: rsrp[0]=-255,rscp[0]=12,rxlev[0]=99 ind_str= 
07-25 14:40:31.469   600   612 D use-Rlog/RLOG-RIL-PHS: +CESQ: 99,99,12,255,255,-255
07-25 14:40:31.469   601   618 D use-Rlog/RLOG-AT: [0] Unsol: AT< +CESQ: 99,99,12,255,255,-255
07-25 14:40:31.469   601   618 D use-Rlog/RLOG-RIL: [0] [unsl] +CESQ enter
07-25 14:40:31.469   601   618 D use-Rlog/RLOG-RILC: [0] [UNSL]< UNSOL_SIGNAL_STRENGTH {[signalStrength=12,bitErrorRate=-1,                CDMA_SS.dbm=-1,CDMA_SSecio=-1,                EVDO_SS.dbm=-1,EVDO_SS.ecio=-1,                EVDO_SS.signalNoiseRatio=-1,                LTE_SS.signalStrength=99,LTE_SS.rsrp=2147483647,LTE_SS.rsrq=2147483647,                LTE_SS.rssnr=2147483647,LTE_SS.cqi=2147483647,TDSCDMA_SS.rscp=0]}
07-25 14:40:31.469   704   768 W SignalStrength: Size of signalstrength parcel:60
07-25 14:40:31.469   704   768 V RILJ    : [0][UNSL]< [0]UNSOL_SIGNAL_STRENGTH SignalStrength: 12 -1 -1 -1 -1 -1 -1 99 2147483647 2147483647 2147483647 2147483647 gsm|lte
07-25 14:40:31.469   704   704 W SignalStrength: Signal before validate=SignalStrength: 12 -1 -1 -1 -1 -1 -1 99 2147483647 2147483647 2147483647 2147483647 gsm|lte
07-25 14:40:31.469   704   704 W SignalStrength: Signal after validate=SignalStrength: 12 -1 -120 -160 -120 -1 -1 99 2147483647 2147483647 2147483647 2147483647 gsm|lte
07-25 14:40:31.469   624   636 W SignalStrength: Size of signalstrength parcel:164
07-25 14:40:31.469   624   636 W SignalStrength: getLTELevel - rsrp:2147483647 snr:2147483647 rsrpIconLevel:-1 snrIconLevel:-1
07-25 14:40:31.469   689   701 W SignalStrength: Size of signalstrength parcel:168
07-25 14:40:31.469   689   689 W SignalStrength: getLTELevel - rsrp:2147483647 snr:2147483647 rsrpIconLevel:-1 snrIconLevel:-1
07-25 14:40:31.469   689   689 W SignalStrength: getLTELevel - rssi:99 rssiIconLevel:0
07-25 14:40:31.469   689   689 W SignalStrength: getGsmLevel=4
07-25 14:40:31.469   689   689 W SignalStrength: getLevel=4
07-25 14:40:31.469   689   689 W SignalStrength: getLTELevel - rsrp:2147483647 snr:2147483647 rsrpIconLevel:-1 snrIconLevel:-1
