07-25 14:40:12.719   600   605 D RIL-PHS : 
07-25 14:40:12.719   600   605 D RIL-PHS : /dev/stty_lte1 Rev:Project Version:   sharkle_Feature_Phone
07-25 14:40:12.719   600   605 D RIL-PHS : 
07-25 14:40:12.719   600   605 D RIL-PHS : /dev/stty_lte1 Rev:BASE  Version:    FM_BASE_17B_Release_W18.39.7_P1
07-25 14:40:12.719   600   605 D RIL-PHS : 
07-25 14:40:12.719   600   605 D RIL-PHS : /dev/stty_lte1 Rev:HW Version:        sc9820e_modem
07-25 14:40:12.719   600   605 D RIL-PHS : 
07-25 14:40:12.719   600   605 D RIL-PHS : /dev/stty_lte1 Rev:10-11-2018 14:08:45
07-25 14:40:12.719   600   605 D RIL-PHS : /dev/stty_lte1 Rev:OK
07-25 14:40:12.719   601   618 D use-Rlog/RLOG-AT: [0] Channel1: AT< Platform Version: MOCORTM_17B_Release_W18.39.7_P1_Debug
07-25 14:40:12.719   601   618 D use-Rlog/RLOG-AT: [0] Channel1: AT< Project Version:   sharkle_Feature_Phone
07-25 14:40:12.719   601   618 D use-Rlog/RLOG-AT: [0] Channel1: AT< BASE  Version:    FM_BASE_17B_Release_W18.39.7_P1
07-25 14:40:12.719   601   618 D use-Rlog/RLOG-AT: [0] Channel1: AT< HW Version:        sc9820e_modem
07-25 14:40:12.719   601   618 D use-Rlog/RLOG-AT: [0] Channel1: AT< 10-11-2018 14:08:45
07-25 14:40:12.719   601   618 D use-Rlog/RLOG-AT: [0] Channel1: AT< OK
07-25 14:40:12.719   601   771 D use-Rlog/RLOG-RIL: [0] Modem Type is l
07-25 14:40:12.719   601   771 D use-Rlog/RLOG-RIL: [0] MODEM_TYPE_LTE
07-25 14:40:12.719   601   771 D use-Rlog/RLOG-RILC: [0] [0005]< BASEBAND_VERSION {FM_BASE_17B_Release_W18.39.7_P1|sc9820e_modem|10-11-2018 14:08:45}
07-25 14:40:12.719   601   771 D use-Rlog/RLOG-RIL: [0] put Channel ID '1'
07-25 14:40:12.719   601   771 I use-Rlog/RLOG-RILC: [0] -->CommandThread [771] free one command
07-25 14:40:12.719   704   768 D RILJ    : [0][3653]< BASEBAND_VERSION FM_BASE_17B_Release_W18.39.7_P1|sc9820e_modem|10-11-2018 14:08:45
07-25 14:40:12.719   704   704 D RILJ    : [0][3655]> GET_IMEISV
07-25 14:40:12.719   601   613 I use-Rlog/RLOG-RILC: [0] enter processCommandsCallback, socket type = 0
07-25 14:40:12.719   601   613 I use-Rlog/RLOG-RILC: [0] PCC  alloc one command p_record
07-25 14:40:12.719   601   772 D use-Rlog/RLOG-RILC: [0] PCB request code 38 token 6
07-25 14:40:12.719   601   772 D use-Rlog/RLOG-RILC: [0] [0006]> GET_IMEI 
07-25 14:40:12.719   601   772 D use-Rlog/RLOG-RIL: [0] onRequest: GET_IMEI sState=0
07-25 14:40:12.719   601   772 D use-Rlog/RLOG-RIL: [0] channel1 state: '0' 
07-25 14:40:12.719   601   772 D use-Rlog/RLOG-RIL: [0] get Channel ID '1'
07-25 14:40:12.719   601   772 D use-Rlog/RLOG-AT: [0] Channel1: AT> AT+CGSN
07-25 14:40:12.719   600   605 D RIL-PHS : /dev/stty_lte1 Rev:863502040001472
07-25 14:40:12.719   600   605 D RIL-PHS : /dev/stty_lte1 Rev:OK
07-25 14:40:12.719   601   618 D use-Rlog/RLOG-AT: [0] Channel1: AT< 863502040001472
07-25 14:40:12.719   601   618 D use-Rlog/RLOG-AT: [0] Channel1: AT< OK
07-25 14:40:12.719   601   772 D use-Rlog/RLOG-RILC: [0] [0006]< GET_IMEI {863502040001472}
07-25 14:40:12.719   601   772 D use-Rlog/RLOG-RIL: [0] put Channel ID '1'
07-25 14:40:12.719   601   772 I use-Rlog/RLOG-RILC: [0] -->CommandThread [772] free one command
07-25 14:40:12.729   704   768 D RILJ    : [0][3654]< GET_IMEI 863502040001472
07-25 14:40:12.729   704   704 D DCT     : [DcT(0)] handleMessage msg={ when=-754ms what=270369 obj=android.os.AsyncResult@417fcda0 target=com.android.internal.telephony.dataconnection.MsmsDcTracker }
07-25 14:40:12.729   704   704 D DCT     : [DcT(0)] handleMessage msg={ when=-756ms what=270369 obj=android.os.AsyncResult@417fcda0 target=com.android.internal.telephony.dataconnection.MsmsDcTracker }
07-25 14:40:12.729   704   704 D DCT     : [DcT(0)] handleMessage msg={ when=-730ms what=270337 obj=android.os.AsyncResult@417f9748 target=com.android.internal.telephony.dataconnection.MsmsDcTracker }
07-25 14:40:12.729   704   704 D DCT     : [DcT(0)] handleMessage msg={ when=-730ms what=270337 obj=android.os.AsyncResult@417f9748 target=com.android.internal.telephony.dataconnection.MsmsDcTracker }
07-25 14:40:12.729   704   704 D DCT     : [DcT(0)] onRadioAvailable
07-25 14:40:12.729   704   704 D DCT     : [DcT(0)] overall state is IDLE
07-25 14:40:12.729   704   704 D DCT     : [DcT(0)] handleMessage msg={ when=-730ms what=270342 obj=android.os.AsyncResult@41811910 target=com.android.internal.telephony.dataconnection.MsmsDcTracker }
07-25 14:40:12.729   704   704 D DCT     : [DcT(0)] handleMessage msg={ when=-731ms what=270342 obj=android.os.AsyncResult@41811910 target=com.android.internal.telephony.dataconnection.MsmsDcTracker }
07-25 14:40:12.729   704   704 D DCT     : [DcT(0)] onRadioOffOrNotAvailable: is off and clean up all connections
07-25 14:40:12.729   704   704 D DCT     : [DcT(0)] cleanUpAllConnections: tearDown=false reason=radioTurnedOff
07-25 14:40:12.729   704   704 D DCT     : [ApnContext:dm] set reason as radioTurnedOff,current state IDLE
07-25 14:40:12.729   704   704 D DCT     : [DcT(0)] cleanUpConnection: E tearDown=false reason=radioTurnedOff apnContext={mApnType=dm mState=IDLE mWaitingApns={null} mWaitingApnsPermanentFailureCountDown=0 mApnSetting={null} mReason=radioTurnedOff mDataEnabled=false mDependencyMet=true}
07-25 14:40:12.729   704   704 D DCT     : [ApnContext:dm] setState: IDLE, previous state:IDLE
07-25 14:40:12.729   704   704 D use-Rlog/RLOG-GSM: [MsmsDcTrackerProxy]isAnotherCardVoiceing phoneId: 0 sVoicePhoneId: -1 result: false
07-25 14:40:12.729   704   704 D DCT     : [DcT(0)] isDataAllowed: not allowed due to - Attached= false - SIM not loaded
07-25 14:40:12.729   704   704 D DCT     : [DcT(0)] isDataPossible(dm): possible=false isDataAllowed=false apnTypePossible=true apnContextisEnabled=false apnContextState()=IDLE
07-25 14:40:12.729   704   704 D DCT     : [DcT(0)] get active apn string for type:dm
07-25 14:40:12.729   704   704 D DCT     : [ApnContext:dm] getApnSetting: apnSetting=null
07-25 14:40:12.729   601   613 I use-Rlog/RLOG-RILC: [0] enter processCommandsCallback, socket type = 0
07-25 14:40:12.729   601   613 I use-Rlog/RLOG-RILC: [0] PCC  alloc one command p_record
07-25 14:40:12.729   601   771 D use-Rlog/RLOG-RILC: [0] PCB request code 39 token 7
07-25 14:40:12.729   601   771 D use-Rlog/RLOG-RILC: [0] [0007]> GET_IMEISV 
07-25 14:40:12.729   601   771 D use-Rlog/RLOG-RIL: [0] onRequest: GET_IMEISV sState=0
07-25 14:40:12.729   601   771 D use-Rlog/RLOG-RIL: [0] channel1 state: '0' 
07-25 14:40:12.729   601   771 D use-Rlog/RLOG-RIL: [0] get Channel ID '1'
07-25 14:40:12.729   601   771 D use-Rlog/RLOG-AT: [0] Channel1: AT> AT+SGMR=0,0,2
07-25 14:40:12.729   600   605 D RIL-PHS : /dev/stty_lte1 Rev:+SGMR: 01
07-25 14:40:12.729   600   605 D RIL-PHS : /dev/stty_lte1 Rev:OK
07-25 14:40:12.729   601   618 D use-Rlog/RLOG-AT: [0] Channel1: AT< +SGMR: 01
07-25 14:40:12.729   601   618 D use-Rlog/RLOG-AT: [0] Channel1: AT< OK
07-25 14:40:12.729   601   771 D use-Rlog/RLOG-RILC: [0] [0007]< GET_IMEISV {01}
07-25 14:40:12.729   601   771 D use-Rlog/RLOG-RIL: [0] put Channel ID '1'
07-25 14:40:12.729   601   771 I use-Rlog/RLOG-RILC: [0] -->CommandThread [771] free one command
07-25 14:40:12.729   704   768 D RILJ    : [0][3655]< GET_IMEISV 01
07-25 14:40:12.729   704   704 D DCT     : [ApnContext:dm] setDataConnectionAc: old dcac=null new dcac=null this={mApnType=dm mState=IDLE mWaitingApns={null} mWaitingApnsPermanentFailureCountDown=0 mApnSetting={null} mReason=radioTurnedOff mDataEnabled=false mDependencyMet=true}
07-25 14:40:12.729   704   704 D DCT     : [DcT(0)] cleanUpConnection: X tearDown=false reason=radioTurnedOff apnContext={mApnType=dm mState=IDLE mWaitingApns={null} mWaitingApnsPermanentFailureCountDown=0 mApnSetting={null} mReason=radioTurnedOff mDataEnabled=false mDependencyMet=true} dcac=null
07-25 14:40:12.729   704   704 D DCT     : [ApnContext:wap] set reason as radioTurnedOff,current state IDLE
07-25 14:40:12.729   704   704 D DCT     : [DcT(0)] cleanUpConnection: E tearDown=false reason=radioTurnedOff apnContext={mApnType=wap mState=IDLE mWaitingApns={null} mWaitingApnsPermanentFailureCountDown=0 mApnSetting={null} mReason=radioTurnedOff mDataEnabled=false mDependencyMet=true}
07-25 14:40:12.729   704   704 D DCT     : [ApnContext:wap] setState: IDLE, previous state:IDLE
07-25 14:40:12.729   704   704 D use-Rlog/RLOG-GSM: [MsmsDcTrackerProxy]isAnotherCardVoiceing phoneId: 0 sVoicePhoneId: -1 result: false
07-25 14:40:12.729   704   704 D DCT     : [DcT(0)] isDataAllowed: not allowed due to - Attached= false - SIM not loaded
07-25 14:40:12.739   704   704 D DCT     : [DcT(0)] isDataPossible(wap): possible=false isDataAllowed=false apnTypePossible=true apnContextisEnabled=false apnContextState()=IDLE
07-25 14:40:12.739   704   704 D DCT     : [DcT(0)] get active apn string for type:wap
07-25 14:40:12.739   704   704 D DCT     : [ApnContext:wap] getApnSetting: apnSetting=null
07-25 14:40:12.739   704   704 D DCT     : [ApnContext:wap] setDataConnectionAc: old dcac=null new dcac=null this={mApnType=wap mState=IDLE mWaitingApns={null} mWaitingApnsPermanentFailureCountDown=0 mApnSetting={null} mReason=radioTurnedOff mDataEnabled=false mDependencyMet=true}
07-25 14:40:12.739   704   704 D DCT     : [DcT(0)] cleanUpConnection: X tearDown=false reason=radioTurnedOff apnContext={mApnType=wap mState=IDLE mWaitingApns={null} mWaitingApnsPermanentFailureCountDown=0 mApnSetting={null} mReason=radioTurnedOff mDataEnabled=false mDependencyMet=true} dcac=null
07-25 14:40:12.739   704   704 D DCT     : [ApnContext:fota] set reason as radioTurnedOff,current state IDLE
07-25 14:40:12.739   704   704 D DCT     : [DcT(0)] cleanUpConnection: E tearDown=false reason=radioTurnedOff apnContext={mApnType=fota mState=IDLE mWaitingApns={null} mWaitingApnsPermanentFailureCountDown=0 mApnSetting={null} mReason=radioTurnedOff mDataEnabled=false mDependencyMet=true}
07-25 14:40:12.739   704   704 D DCT     : [ApnContext:fota] setState: IDLE, previous state:IDLE
07-25 14:40:12.739   704   704 D use-Rlog/RLOG-GSM: [MsmsDcTrackerProxy]isAnotherCardVoiceing phoneId: 0 sVoicePhoneId: -1 result: false
07-25 14:40:12.739   704   704 D DCT     : [DcT(0)] isDataAllowed: not allowed due to - Attached= false - SIM not loaded
07-25 14:40:12.739   704   704 D DCT     : [DcT(0)] isDataPossible(fota): possible=false isDataAllowed=false apnTypePossible=true apnContextisEnabled=false apnContextState()=IDLE
07-25 14:40:12.739   704   704 D DCT     : [DcT(0)] get active apn string for type:fota
07-25 14:40:12.739   704   704 D DCT     : [ApnContext:fota] getApnSetting: apnSetting=null
07-25 14:40:12.749   704   704 D DCT     : [ApnContext:fota] setDataConnectionAc: old dcac=null new dcac=null this={mApnType=fota mState=IDLE mWaitingApns={null} mWaitingApnsPermanentFailureCountDown=0 mApnSetting={null} mReason=radioTurnedOff mDataEnabled=false mDependencyMet=true}
07-25 14:40:12.749   704   704 D DCT     : [DcT(0)] cleanUpConnection: X tearDown=false reason=radioTurnedOff apnContext={mApnType=fota mState=IDLE mWaitingApns={null} mWaitingApnsPermanentFailureCountDown=0 mApnSetting={null} mReason=radioTurnedOff mDataEnabled=false mDependencyMet=true} dcac=null
07-25 14:40:12.749   704   704 D DCT     : [ApnContext:supl] set reason as radioTurnedOff,current state IDLE
07-25 14:40:12.749   704   704 D DCT     : [DcT(0)] cleanUpConnection: E tearDown=false reason=radioTurnedOff apnContext={mApnType=supl mState=IDLE mWaitingApns={null} mWaitingApnsPermanentFailureCountDown=0 mApnSetting={null} mReason=radioTurnedOff mDataEnabled=false mDependencyMet=true}
07-25 14:40:12.749   704   704 D DCT     : [ApnContext:supl] setState: IDLE, previous state:IDLE
07-25 14:40:12.749   704   704 D use-Rlog/RLOG-GSM: [MsmsDcTrackerProxy]isAnotherCardVoiceing phoneId: 0 sVoicePhoneId: -1 result: false
07-25 14:40:12.749   704   704 D DCT     : [DcT(0)] isDataAllowed: not allowed due to - Attached= false - SIM not loaded
07-25 14:40:12.749   704   704 D DCT     : [DcT(0)] isDataPossible(supl): possible=false isDataAllowed=false apnTypePossible=true apnContextisEnabled=false apnContextState()=IDLE
07-25 14:40:12.749   704   704 D DCT     : [DcT(0)] get active apn string for type:supl
07-25 14:40:12.749   704   704 D DCT     : [ApnContext:supl] getApnSetting: apnSetting=null
07-25 14:40:12.769   704   704 D DCT     : [ApnContext:supl] setDataConnectionAc: old dcac=null new dcac=null this={mApnType=supl mState=IDLE mWaitingApns={null} mWaitingApnsPermanentFailureCountDown=0 mApnSetting={null} mReason=radioTurnedOff mDataEnabled=false mDependencyMet=true}
07-25 14:40:12.769   704   704 D DCT     : [DcT(0)] cleanUpConnection: X tearDown=false reason=radioTurnedOff apnContext={mApnType=supl mState=IDLE mWaitingApns={null} mWaitingApnsPermanentFailureCountDown=0 mApnSetting={null} mReason=radioTurnedOff mDataEnabled=false mDependencyMet=true} dcac=null
07-25 14:40:12.769   704   704 D DCT     : [ApnContext:hipri] set reason as radioTurnedOff,current state IDLE
07-25 14:40:12.769   704   704 D DCT     : [DcT(0)] cleanUpConnection: E tearDown=false reason=radioTurnedOff apnContext={mApnType=hipri mState=IDLE mWaitingApns={null} mWaitingApnsPermanentFailureCountDown=0 mApnSetting={null} mReason=radioTurnedOff mDataEnabled=false mDependencyMet=true}
07-25 14:40:12.769   704   704 D DCT     : [ApnContext:hipri] setState: IDLE, previous state:IDLE
07-25 14:40:12.769   704   704 D use-Rlog/RLOG-GSM: [MsmsDcTrackerProxy]isAnotherCardVoiceing phoneId: 0 sVoicePhoneId: -1 result: false
07-25 14:40:12.769   704   704 D DCT     : [DcT(0)] isDataAllowed: not allowed due to - Attached= false - SIM not loaded
07-25 14:40:12.769   704   704 D DCT     : [DcT(0)] isDataPossible(hipri): possible=false isDataAllowed=false apnTypePossible=true apnContextisEnabled=false apnContextState()=IDLE
07-25 14:40:12.769   704   704 D DCT     : [DcT(0)] get active apn string for type:hipri
07-25 14:40:12.769   704   704 D DCT     : [ApnContext:hipri] getApnSetting: apnSetting=null
07-25 14:40:12.769   704   704 D DCT     : [ApnContext:hipri] setDataConnectionAc: old dcac=null new dcac=null this={mApnType=hipri mState=IDLE mWaitingApns={null} mWaitingApnsPermanentFailureCountDown=0 mApnSetting={null} mReason=radioTurnedOff mDataEnabled=false mDependencyMet=true}
07-25 14:40:12.769   704   704 D DCT     : [DcT(0)] cleanUpConnection: X tearDown=false reason=radioTurnedOff apnContext={mApnType=hipri mState=IDLE mWaitingApns={null} mWaitingApnsPermanentFailureCountDown=0 mApnSetting={null} mReason=radioTurnedOff mDataEnabled=false mDependencyMet=true} dcac=null
07-25 14:40:12.769   704   704 D DCT     : [ApnContext:ims] set reason as radioTurnedOff,current state IDLE
07-25 14:40:12.769   704   704 D DCT     : [DcT(0)] cleanUpConnection: E tearDown=false reason=radioTurnedOff apnContext={mApnType=ims mState=IDLE mWaitingApns={null} mWaitingApnsPermanentFailureCountDown=0 mApnSetting={null} mReason=radioTurnedOff mDataEnabled=false mDependencyMet=true}
07-25 14:40:12.769   704   704 D DCT     : [ApnContext:ims] setState: IDLE, previous state:IDLE
07-25 14:40:12.769   704   704 D use-Rlog/RLOG-GSM: [MsmsDcTrackerProxy]isAnotherCardVoiceing phoneId: 0 sVoicePhoneId: -1 result: false
07-25 14:40:12.769   704   704 D DCT     : [DcT(0)] isDataAllowed: not allowed due to - Attached= false - SIM not loaded
07-25 14:40:12.769   704   704 D DCT     : [DcT(0)] isDataPossible(ims): possible=false isDataAllowed=false apnTypePossible=true apnContextisEnabled=false apnContextState()=IDLE
07-25 14:40:12.769   704   704 D DCT     : [DcT(0)] get active apn string for type:ims
07-25 14:40:12.769   704   704 D DCT     : [ApnContext:ims] getApnSetting: apnSetting=null
07-25 14:40:12.779   704   704 D DCT     : [ApnContext:ims] setDataConnectionAc: old dcac=null new dcac=null this={mApnType=ims mState=IDLE mWaitingApns={null} mWaitingApnsPermanentFailureCountDown=0 mApnSetting={null} mReason=radioTurnedOff mDataEnabled=false mDependencyMet=true}
07-25 14:40:12.779   704   704 D DCT     : [DcT(0)] cleanUpConnection: X tearDown=false reason=radioTurnedOff apnContext={mApnType=ims mState=IDLE mWaitingApns={null} mWaitingApnsPermanentFailureCountDown=0 mApnSetting={null} mReason=radioTurnedOff mDataEnabled=false mDependencyMet=true} dcac=null
07-25 14:40:12.779   704   704 D DCT     : [ApnContext:default] set reason as radioTurnedOff,current state IDLE
07-25 14:40:12.779   704   704 D DCT     : [DcT(0)] cleanUpConnection: E tearDown=false reason=radioTurnedOff apnContext={mApnType=default mState=IDLE mWaitingApns={null} mWaitingApnsPermanentFailureCountDown=0 mApnSetting={null} mReason=radioTurnedOff mDataEnabled=true mDependencyMet=true}
07-25 14:40:12.779   704   704 D DCT     : [ApnContext:default] setState: IDLE, previous state:IDLE
07-25 14:40:12.779   704   704 D use-Rlog/RLOG-GSM: [MsmsDcTrackerProxy]isAnotherCardVoiceing phoneId: 0 sVoicePhoneId: -1 result: false
07-25 14:40:12.779   704   704 D DCT     : [DcT(0)] isDataAllowed: not allowed due to - Attached= false - SIM not loaded
07-25 14:40:12.779   704   704 D DCT     : [DcT(0)] isDataPossible(default): possible=false isDataAllowed=false apnTypePossible=true apnContextisEnabled=true apnContextState()=IDLE
07-25 14:40:12.779   704   704 D DCT     : [DcT(0)] get active apn string for type:default
07-25 14:40:12.779   704   704 D DCT     : [ApnContext:default] getApnSetting: apnSetting=null
07-25 14:40:12.779   704   704 D DCT     : [ApnContext:default] setDataConnectionAc: old dcac=null new dcac=null this={mApnType=default mState=IDLE mWaitingApns={null} mWaitingApnsPermanentFailureCountDown=0 mApnSetting={null} mReason=radioTurnedOff mDataEnabled=true mDependencyMet=true}
07-25 14:40:12.779   704   704 D DCT     : [DcT(0)] cleanUpConnection: X tearDown=false reason=radioTurnedOff apnContext={mApnType=default mState=IDLE mWaitingApns={null} mWaitingApnsPermanentFailureCountDown=0 mApnSetting={null} mReason=radioTurnedOff mDataEnabled=true mDependencyMet=true} dcac=null
07-25 14:40:12.779   704   704 D DCT     : [ApnContext:mms] set reason as radioTurnedOff,current state IDLE
07-25 14:40:12.779   704   704 D DCT     : [DcT(0)] cleanUpConnection: E tearDown=false reason=radioTurnedOff apnContext={mApnType=mms mState=IDLE mWaitingApns={null} mWaitingApnsPermanentFailureCountDown=0 mApnSetting={null} mReason=radioTurnedOff mDataEnabled=false mDependencyMet=true}
07-25 14:40:12.779   704   704 D DCT     : [ApnContext:mms] setState: IDLE, previous state:IDLE
07-25 14:40:12.779   704   704 D use-Rlog/RLOG-GSM: [MsmsDcTrackerProxy]isAnotherCardVoiceing phoneId: 0 sVoicePhoneId: -1 result: false
07-25 14:40:12.779   704   704 D DCT     : [DcT(0)] isDataAllowed: not allowed due to - Attached= false - SIM not loaded
07-25 14:40:12.779   704   704 D DCT     : [DcT(0)] isDataPossible(mms): possible=false isDataAllowed=false apnTypePossible=true apnContextisEnabled=false apnContextState()=IDLE
07-25 14:40:12.779   704   704 D DCT     : [DcT(0)] get active apn string for type:mms
07-25 14:40:12.779   704   704 D DCT     : [ApnContext:mms] getApnSetting: apnSetting=null
07-25 14:40:12.789   704   704 D DCT     : [ApnContext:mms] setDataConnectionAc: old dcac=null new dcac=null this={mApnType=mms mState=IDLE mWaitingApns={null} mWaitingApnsPermanentFailureCountDown=0 mApnSetting={null} mReason=radioTurnedOff mDataEnabled=false mDependencyMet=true}
07-25 14:40:12.789   704   704 D DCT     : [DcT(0)] cleanUpConnection: X tearDown=false reason=radioTurnedOff apnContext={mApnType=mms mState=IDLE mWaitingApns={null} mWaitingApnsPermanentFailureCountDown=0 mApnSetting={null} mReason=radioTurnedOff mDataEnabled=false mDependencyMet=true} dcac=null
07-25 14:40:12.789   704   704 D DCT     : [ApnContext:cbs] set reason as radioTurnedOff,current state IDLE
07-25 14:40:12.789   704   704 D DCT     : [DcT(0)] cleanUpConnection: E tearDown=false reason=radioTurnedOff apnContext={mApnType=cbs mState=IDLE mWaitingApns={null} mWaitingApnsPermanentFailureCountDown=0 mApnSetting={null} mReason=radioTurnedOff mDataEnabled=false mDependencyMet=true}
07-25 14:40:12.789   704   704 D DCT     : [ApnContext:cbs] setState: IDLE, previous state:IDLE
07-25 14:40:12.789   704   704 D use-Rlog/RLOG-GSM: [MsmsDcTrackerProxy]isAnotherCardVoiceing phoneId: 0 sVoicePhoneId: -1 result: false
07-25 14:40:12.789   704   704 D DCT     : [DcT(0)] isDataAllowed: not allowed due to - Attached= false - SIM not loaded
07-25 14:40:12.789   704   704 D DCT     : [DcT(0)] isDataPossible(cbs): possible=false isDataAllowed=false apnTypePossible=true apnContextisEnabled=false apnContextState()=IDLE
07-25 14:40:12.789   704   704 D DCT     : [DcT(0)] get active apn string for type:cbs
07-25 14:40:12.789   704   704 D DCT     : [ApnContext:cbs] getApnSetting: apnSetting=null
07-25 14:40:12.789   704   704 D DCT     : [ApnContext:cbs] setDataConnectionAc: old dcac=null new dcac=null this={mApnType=cbs mState=IDLE mWaitingApns={null} mWaitingApnsPermanentFailureCountDown=0 mApnSetting={null} mReason=radioTurnedOff mDataEnabled=false mDependencyMet=true}
07-25 14:40:12.789   704   704 D DCT     : [DcT(0)] cleanUpConnection: X tearDown=false reason=radioTurnedOff apnContext={mApnType=cbs mState=IDLE mWaitingApns={null} mWaitingApnsPermanentFailureCountDown=0 mApnSetting={null} mReason=radioTurnedOff mDataEnabled=false mDependencyMet=true} dcac=null
07-25 14:40:12.789   704   704 D DCT     : [ApnContext:xcap] set reason as radioTurnedOff,current state IDLE
07-25 14:40:12.789   704   704 D DCT     : [DcT(0)] cleanUpConnection: E tearDown=false reason=radioTurnedOff apnContext={mApnType=xcap mState=IDLE mWaitingApns={null} mWaitingApnsPermanentFailureCountDown=0 mApnSetting={null} mReason=radioTurnedOff mDataEnabled=false mDependencyMet=true}
07-25 14:40:12.789   704   704 D DCT     : [ApnContext:xcap] setState: IDLE, previous state:IDLE
07-25 14:40:12.789   704   704 D use-Rlog/RLOG-GSM: [MsmsDcTrackerProxy]isAnotherCardVoiceing phoneId: 0 sVoicePhoneId: -1 result: false
07-25 14:40:12.789   704   704 D DCT     : [DcT(0)] isDataAllowed: not allowed due to - Attached= false - SIM not loaded
07-25 14:40:12.789   704   704 D DCT     : [DcT(0)] isDataPossible(xcap): possible=false isDataAllowed=false apnTypePossible=true apnContextisEnabled=false apnContextState()=IDLE
07-25 14:40:12.789   704   704 D DCT     : [DcT(0)] get active apn string for type:xcap
07-25 14:40:12.789   704   704 D DCT     : [ApnContext:xcap] getApnSetting: apnSetting=null
07-25 14:40:12.809   704   704 D DCT     : [ApnContext:xcap] setDataConnectionAc: old dcac=null new dcac=null this={mApnType=xcap mState=IDLE mWaitingApns={null} mWaitingApnsPermanentFailureCountDown=0 mApnSetting={null} mReason=radioTurnedOff mDataEnabled=false mDependencyMet=true}
07-25 14:40:12.809   704   704 D DCT     : [DcT(0)] cleanUpConnection: X tearDown=false reason=radioTurnedOff apnContext={mApnType=xcap mState=IDLE mWaitingApns={null} mWaitingApnsPermanentFailureCountDown=0 mApnSetting={null} mReason=radioTurnedOff mDataEnabled=false mDependencyMet=true} dcac=null
07-25 14:40:12.809   704   704 D DCT     : [DcT(0)] stopNetStatPoll
07-25 14:40:12.809   704   704 D DCT     : [DcT(0)] stopDataStallAlarm: current tag=9792 mDataStallAlarmIntent=null
07-25 14:40:12.809   704   704 D DCT     : [DcT(0)] cleanUpConnection: mDisconnectPendingCount = 0
07-25 14:40:12.809   704   704 D DCT     : [DcT(0)] notifyOffApnOfAvailability type:dm
07-25 14:40:12.809   704   704 D use-Rlog/RLOG-GSM: [MsmsDcTrackerProxy]isAnotherCardVoiceing phoneId: 0 sVoicePhoneId: -1 result: false
07-25 14:40:12.809   704   704 D DCT     : [DcT(0)] isDataAllowed: not allowed due to - Attached= false - SIM not loaded
07-25 14:40:12.809   704   704 D DCT     : [DcT(0)] isDataPossible(dm): possible=false isDataAllowed=false apnTypePossible=true apnContextisEnabled=false apnContextState()=IDLE
07-25 14:40:12.809   704   704 D DCT     : [DcT(0)] get active apn string for type:dm
07-25 14:40:12.809   704   704 D DCT     : [ApnContext:dm] getApnSetting: apnSetting=null
07-25 14:40:12.819   704   704 D DCT     : [DcT(0)] notifyOffApnOfAvailability type:wap
07-25 14:40:12.819   704   704 D use-Rlog/RLOG-GSM: [MsmsDcTrackerProxy]isAnotherCardVoiceing phoneId: 0 sVoicePhoneId: -1 result: false
07-25 14:40:12.819   704   704 D DCT     : [DcT(0)] isDataAllowed: not allowed due to - Attached= false - SIM not loaded
07-25 14:40:12.819   704   704 D DCT     : [DcT(0)] isDataPossible(wap): possible=false isDataAllowed=false apnTypePossible=true apnContextisEnabled=false apnContextState()=IDLE
07-25 14:40:12.819   704   704 D DCT     : [DcT(0)] get active apn string for type:wap
07-25 14:40:12.819   704   704 D DCT     : [ApnContext:wap] getApnSetting: apnSetting=null
07-25 14:40:12.829   704   704 D DCT     : [DcT(0)] notifyOffApnOfAvailability type:fota
07-25 14:40:12.829   704   704 D use-Rlog/RLOG-GSM: [MsmsDcTrackerProxy]isAnotherCardVoiceing phoneId: 0 sVoicePhoneId: -1 result: false
07-25 14:40:12.829   704   704 D DCT     : [DcT(0)] isDataAllowed: not allowed due to - Attached= false - SIM not loaded
07-25 14:40:12.829   704   704 D DCT     : [DcT(0)] isDataPossible(fota): possible=false isDataAllowed=false apnTypePossible=true apnContextisEnabled=false apnContextState()=IDLE
07-25 14:40:12.829   704   704 D DCT     : [DcT(0)] get active apn string for type:fota
07-25 14:40:12.829   704   704 D DCT     : [ApnContext:fota] getApnSetting: apnSetting=null
07-25 14:40:12.839   704   704 D DCT     : [DcT(0)] notifyOffApnOfAvailability type:supl
07-25 14:40:12.839   704   704 D use-Rlog/RLOG-GSM: [MsmsDcTrackerProxy]isAnotherCardVoiceing phoneId: 0 sVoicePhoneId: -1 result: false
07-25 14:40:12.839   704   704 D DCT     : [DcT(0)] isDataAllowed: not allowed due to - Attached= false - SIM not loaded
07-25 14:40:12.839   704   704 D DCT     : [DcT(0)] isDataPossible(supl): possible=false isDataAllowed=false apnTypePossible=true apnContextisEnabled=false apnContextState()=IDLE
07-25 14:40:12.839   704   704 D DCT     : [DcT(0)] get active apn string for type:supl
07-25 14:40:12.839   704   704 D DCT     : [ApnContext:supl] getApnSetting: apnSetting=null
07-25 14:40:12.849   704   704 D DCT     : [DcT(0)] notifyOffApnOfAvailability type:hipri
07-25 14:40:12.849   704   704 D use-Rlog/RLOG-GSM: [MsmsDcTrackerProxy]isAnotherCardVoiceing phoneId: 0 sVoicePhoneId: -1 result: false
07-25 14:40:12.849   704   704 D DCT     : [DcT(0)] isDataAllowed: not allowed due to - Attached= false - SIM not loaded
07-25 14:40:12.849   704   704 D DCT     : [DcT(0)] isDataPossible(hipri): possible=false isDataAllowed=false apnTypePossible=true apnContextisEnabled=false apnContextState()=IDLE
07-25 14:40:12.849   704   704 D DCT     : [DcT(0)] get active apn string for type:hipri
07-25 14:40:12.849   704   704 D DCT     : [ApnContext:hipri] getApnSetting: apnSetting=null
07-25 14:40:12.859   704   704 D DCT     : [DcT(0)] notifyOffApnOfAvailability type:ims
07-25 14:40:12.859   704   704 D use-Rlog/RLOG-GSM: [MsmsDcTrackerProxy]isAnotherCardVoiceing phoneId: 0 sVoicePhoneId: -1 result: false
07-25 14:40:12.859   704   704 D DCT     : [DcT(0)] isDataAllowed: not allowed due to - Attached= false - SIM not loaded
07-25 14:40:12.859   704   704 D DCT     : [DcT(0)] isDataPossible(ims): possible=false isDataAllowed=false apnTypePossible=true apnContextisEnabled=false apnContextState()=IDLE
07-25 14:40:12.859   704   704 D DCT     : [DcT(0)] get active apn string for type:ims
07-25 14:40:12.859   704   704 D DCT     : [ApnContext:ims] getApnSetting: apnSetting=null
07-25 14:40:12.869   704   704 D DCT     : [DcT(0)] notifyOffApnOfAvailability type:default
07-25 14:40:12.869   704   704 D use-Rlog/RLOG-GSM: [MsmsDcTrackerProxy]isAnotherCardVoiceing phoneId: 0 sVoicePhoneId: -1 result: false
07-25 14:40:12.869   704   704 D DCT     : [DcT(0)] isDataAllowed: not allowed due to - Attached= false - SIM not loaded
07-25 14:40:12.869   704   704 D DCT     : [DcT(0)] isDataPossible(default): possible=false isDataAllowed=false apnTypePossible=true apnContextisEnabled=true apnContextState()=IDLE
07-25 14:40:12.869   704   704 D DCT     : [DcT(0)] get active apn string for type:default
07-25 14:40:12.869   704   704 D DCT     : [ApnContext:default] getApnSetting: apnSetting=null
07-25 14:40:12.879   704   704 D DCT     : [DcT(0)] notifyOffApnOfAvailability type:mms
07-25 14:40:12.879   704   704 D use-Rlog/RLOG-GSM: [MsmsDcTrackerProxy]isAnotherCardVoiceing phoneId: 0 sVoicePhoneId: -1 result: false
07-25 14:40:12.879   704   704 D DCT     : [DcT(0)] isDataAllowed: not allowed due to - Attached= false - SIM not loaded
07-25 14:40:12.879   704   704 D DCT     : [DcT(0)] isDataPossible(mms): possible=false isDataAllowed=false apnTypePossible=true apnContextisEnabled=false apnContextState()=IDLE
07-25 14:40:12.879   704   704 D DCT     : [DcT(0)] get active apn string for type:mms
07-25 14:40:12.879   704   704 D DCT     : [ApnContext:mms] getApnSetting: apnSetting=null
07-25 14:40:12.879   704   704 D DCT     : [DcT(0)] notifyOffApnOfAvailability type:cbs
07-25 14:40:12.879   704   704 D use-Rlog/RLOG-GSM: [MsmsDcTrackerProxy]isAnotherCardVoiceing phoneId: 0 sVoicePhoneId: -1 result: false
07-25 14:40:12.879   704   704 D DCT     : [DcT(0)] isDataAllowed: not allowed due to - Attached= false - SIM not loaded
07-25 14:40:12.879   704   704 D DCT     : [DcT(0)] isDataPossible(cbs): possible=false isDataAllowed=false apnTypePossible=true apnContextisEnabled=false apnContextState()=IDLE
07-25 14:40:12.879   704   704 D DCT     : [DcT(0)] get active apn string for type:cbs
07-25 14:40:12.879   704   704 D DCT     : [ApnContext:cbs] getApnSetting: apnSetting=null
07-25 14:40:12.909   704   704 D DCT     : [DcT(0)] notifyOffApnOfAvailability type:xcap
07-25 14:40:12.909   704   704 D use-Rlog/RLOG-GSM: [MsmsDcTrackerProxy]isAnotherCardVoiceing phoneId: 0 sVoicePhoneId: -1 result: false
07-25 14:40:12.909   704   704 D DCT     : [DcT(0)] isDataAllowed: not allowed due to - Attached= false - SIM not loaded
07-25 14:40:12.909   704   704 D DCT     : [DcT(0)] isDataPossible(xcap): possible=false isDataAllowed=false apnTypePossible=true apnContextisEnabled=false apnContextState()=IDLE
07-25 14:40:12.909   704   704 D DCT     : [DcT(0)] get active apn string for type:xcap
07-25 14:40:12.909   704   704 D DCT     : [ApnContext:xcap] getApnSetting: apnSetting=null
07-25 14:40:12.919   704   704 D DCT     : [DcT(0)] handleMessage msg={ when=-918ms what=270345 obj=android.os.AsyncResult@41811d60 target=com.android.internal.telephony.dataconnection.MsmsDcTracker }
07-25 14:40:12.919   704   704 D DCT     : [DcT(0)] handleMessage msg={ when=-919ms what=270345 obj=android.os.AsyncResult@41811d60 target=com.android.internal.telephony.dataconnection.MsmsDcTracker }
07-25 14:40:12.919   704   704 D DCT     : [DcT(0)] onDataConnectionDetached: stop polling and notify detached
07-25 14:40:12.919   704   704 D DCT     : [DcT(0)] stopNetStatPoll
07-25 14:40:12.919   704   704 D DCT     : [DcT(0)] stopDataStallAlarm: current tag=9793 mDataStallAlarmIntent=null
07-25 14:40:12.919   704   704 D DCT     : [DcT(0)] notifyDataConnection: reason=dataDetached
07-25 14:40:12.919   704   704 D DCT     : [DcT(0)] notifyOffApnOfAvailability type:dm
07-25 14:40:12.919   704   704 D use-Rlog/RLOG-GSM: [MsmsDcTrackerProxy]isAnotherCardVoiceing phoneId: 0 sVoicePhoneId: -1 result: false
07-25 14:40:12.919   704   704 D DCT     : [DcT(0)] isDataAllowed: not allowed due to - Attached= false - SIM not loaded
07-25 14:40:12.919   704   704 D DCT     : [DcT(0)] isDataPossible(dm): possible=false isDataAllowed=false apnTypePossible=true apnContextisEnabled=false apnContextState()=IDLE
07-25 14:40:12.919   704   704 D DCT     : [DcT(0)] get active apn string for type:dm
07-25 14:40:12.919   704   704 D DCT     : [ApnContext:dm] getApnSetting: apnSetting=null
07-25 14:40:12.919   704   704 D DCT     : [DcT(0)] notifyOffApnOfAvailability type:wap
07-25 14:40:12.919   704   704 D use-Rlog/RLOG-GSM: [MsmsDcTrackerProxy]isAnotherCardVoiceing phoneId: 0 sVoicePhoneId: -1 result: false
07-25 14:40:12.919   704   704 D DCT     : [DcT(0)] isDataAllowed: not allowed due to - Attached= false - SIM not loaded
07-25 14:40:12.919   704   704 D DCT     : [DcT(0)] isDataPossible(wap): possible=false isDataAllowed=false apnTypePossible=true apnContextisEnabled=false apnContextState()=IDLE
07-25 14:40:12.919   704   704 D DCT     : [DcT(0)] get active apn string for type:wap
07-25 14:40:12.919   704   704 D DCT     : [ApnContext:wap] getApnSetting: apnSetting=null
07-25 14:40:12.929   704   704 D DCT     : [DcT(0)] notifyOffApnOfAvailability type:fota
07-25 14:40:12.929   704   704 D use-Rlog/RLOG-GSM: [MsmsDcTrackerProxy]isAnotherCardVoiceing phoneId: 0 sVoicePhoneId: -1 result: false
07-25 14:40:12.929   704   704 D DCT     : [DcT(0)] isDataAllowed: not allowed due to - Attached= false - SIM not loaded
07-25 14:40:12.929   704   704 D DCT     : [DcT(0)] isDataPossible(fota): possible=false isDataAllowed=false apnTypePossible=true apnContextisEnabled=false apnContextState()=IDLE
07-25 14:40:12.929   704   704 D DCT     : [DcT(0)] get active apn string for type:fota
07-25 14:40:12.929   704   704 D DCT     : [ApnContext:fota] getApnSetting: apnSetting=null
07-25 14:40:12.929   704   704 D DCT     : [DcT(0)] notifyOffApnOfAvailability type:supl
07-25 14:40:12.929   704   704 D use-Rlog/RLOG-GSM: [MsmsDcTrackerProxy]isAnotherCardVoiceing phoneId: 0 sVoicePhoneId: -1 result: false
07-25 14:40:12.929   704   704 D DCT     : [DcT(0)] isDataAllowed: not allowed due to - Attached= false - SIM not loaded
07-25 14:40:12.929   704   704 D DCT     : [DcT(0)] isDataPossible(supl): possible=false isDataAllowed=false apnTypePossible=true apnContextisEnabled=false apnContextState()=IDLE
07-25 14:40:12.929   704   704 D DCT     : [DcT(0)] get active apn string for type:supl
07-25 14:40:12.929   704   704 D DCT     : [ApnContext:supl] getApnSetting: apnSetting=null
07-25 14:40:12.929   704   704 D DCT     : [DcT(0)] notifyOffApnOfAvailability type:hipri
07-25 14:40:12.929   704   704 D use-Rlog/RLOG-GSM: [MsmsDcTrackerProxy]isAnotherCardVoiceing phoneId: 0 sVoicePhoneId: -1 result: false
07-25 14:40:12.929   704   704 D DCT     : [DcT(0)] isDataAllowed: not allowed due to - Attached= false - SIM not loaded
07-25 14:40:12.929   704   704 D DCT     : [DcT(0)] isDataPossible(hipri): possible=false isDataAllowed=false apnTypePossible=true apnContextisEnabled=false apnContextState()=IDLE
07-25 14:40:12.929   704   704 D DCT     : [DcT(0)] get active apn string for type:hipri
07-25 14:40:12.929   704   704 D DCT     : [ApnContext:hipri] getApnSetting: apnSetting=null
07-25 14:40:12.939   704   704 D DCT     : [DcT(0)] notifyOffApnOfAvailability type:ims
07-25 14:40:12.939   704   704 D use-Rlog/RLOG-GSM: [MsmsDcTrackerProxy]isAnotherCardVoiceing phoneId: 0 sVoicePhoneId: -1 result: false
07-25 14:40:12.939   704   704 D DCT     : [DcT(0)] isDataAllowed: not allowed due to - Attached= false - SIM not loaded
07-25 14:40:12.939   704   704 D DCT     : [DcT(0)] isDataPossible(ims): possible=false isDataAllowed=false apnTypePossible=true apnContextisEnabled=false apnContextState()=IDLE
07-25 14:40:12.939   704   704 D DCT     : [DcT(0)] get active apn string for type:ims
07-25 14:40:12.939   704   704 D DCT     : [ApnContext:ims] getApnSetting: apnSetting=null
07-25 14:40:12.959   704   704 D DCT     : [DcT(0)] notifyOffApnOfAvailability type:default
07-25 14:40:12.959   704   704 D use-Rlog/RLOG-GSM: [MsmsDcTrackerProxy]isAnotherCardVoiceing phoneId: 0 sVoicePhoneId: -1 result: false
07-25 14:40:12.959   704   704 D DCT     : [DcT(0)] isDataAllowed: not allowed due to - Attached= false - SIM not loaded
07-25 14:40:12.959   704   704 D DCT     : [DcT(0)] isDataPossible(default): possible=false isDataAllowed=false apnTypePossible=true apnContextisEnabled=true apnContextState()=IDLE
07-25 14:40:12.959   704   704 D DCT     : [DcT(0)] get active apn string for type:default
07-25 14:40:12.959   704   704 D DCT     : [ApnContext:default] getApnSetting: apnSetting=null
07-25 14:40:12.959   704   704 D DCT     : [DcT(0)] notifyOffApnOfAvailability type:mms
07-25 14:40:12.959   704   704 D use-Rlog/RLOG-GSM: [MsmsDcTrackerProxy]isAnotherCardVoiceing phoneId: 0 sVoicePhoneId: -1 result: false
07-25 14:40:12.959   704   704 D DCT     : [DcT(0)] isDataAllowed: not allowed due to - Attached= false - SIM not loaded
07-25 14:40:12.959   704   704 D DCT     : [DcT(0)] isDataPossible(mms): possible=false isDataAllowed=false apnTypePossible=true apnContextisEnabled=false apnContextState()=IDLE
07-25 14:40:12.959   704   704 D DCT     : [DcT(0)] get active apn string for type:mms
07-25 14:40:12.959   704   704 D DCT     : [ApnContext:mms] getApnSetting: apnSetting=null
07-25 14:40:12.959   704   704 D DCT     : [DcT(0)] notifyOffApnOfAvailability type:cbs
07-25 14:40:12.959   704   704 D use-Rlog/RLOG-GSM: [MsmsDcTrackerProxy]isAnotherCardVoiceing phoneId: 0 sVoicePhoneId: -1 result: false
07-25 14:40:12.959   704   704 D DCT     : [DcT(0)] isDataAllowed: not allowed due to - Attached= false - SIM not loaded
07-25 14:40:12.959   704   704 D DCT     : [DcT(0)] isDataPossible(cbs): possible=false isDataAllowed=false apnTypePossible=true apnContextisEnabled=false apnContextState()=IDLE
07-25 14:40:12.959   704   704 D DCT     : [DcT(0)] get active apn string for type:cbs
07-25 14:40:12.959   704   704 D DCT     : [ApnContext:cbs] getApnSetting: apnSetting=null
07-25 14:40:12.959   704   704 D DCT     : [DcT(0)] notifyOffApnOfAvailability type:xcap
07-25 14:40:12.959   704   704 D use-Rlog/RLOG-GSM: [MsmsDcTrackerProxy]isAnotherCardVoiceing phoneId: 0 sVoicePhoneId: -1 result: false
07-25 14:40:12.959   704   704 D DCT     : [DcT(0)] isDataAllowed: not allowed due to - Attached= false - SIM not loaded
07-25 14:40:12.969   704   704 D DCT     : [DcT(0)] isDataPossible(xcap): possible=false isDataAllowed=false apnTypePossible=true apnContextisEnabled=false apnContextState()=IDLE
07-25 14:40:12.969   704   704 D DCT     : [DcT(0)] get active apn string for type:xcap
07-25 14:40:12.969   704   704 D DCT     : [ApnContext:xcap] getApnSetting: apnSetting=null
07-25 14:40:12.969   689   689 E PHONE   : ServiceState.getNetworkType() DEPRECATED will be removed *******
07-25 14:40:12.979   689   689 W SignalStrength: getLTELevel - rsrp:2147483647 snr:2147483647 rsrpIconLevel:-1 snrIconLevel:-1
07-25 14:40:12.979   689   689 W SignalStrength: getLTELevel - rssi:99 rssiIconLevel:0
07-25 14:40:12.979   689   689 W SignalStrength: getGsmLevel=0
07-25 14:40:12.979   689   689 W SignalStrength: getLevel=0
07-25 14:40:12.979   689   689 W SignalStrength: getLTELevel - rsrp:2147483647 snr:2147483647 rsrpIconLevel:-1 snrIconLevel:-1
07-25 14:40:12.979   689   689 W SignalStrength: getLTELevel - rssi:99 rssiIconLevel:0
07-25 14:40:12.979   689   689 W SignalStrength: getGsmLevel=0
07-25 14:40:12.979   689   689 W SignalStrength: getLevel=0
07-25 14:40:12.979   689   689 W SignalStrength: getLTELevel - rsrp:2147483647 snr:2147483647 rsrpIconLevel:-1 snrIconLevel:-1
07-25 14:40:12.979   689   689 W SignalStrength: getLTELevel - rssi:99 rssiIconLevel:0
07-25 14:40:12.979   689   689 W SignalStrength: getGsmLevel=0
07-25 14:40:12.979   689   689 W SignalStrength: getLevel=0
07-25 14:40:13.009   704   704 D DCT     : [DcT(0)] handleMessage msg={ when=-1s9ms what=270348 obj=android.os.AsyncResult@4183d170 target=com.android.internal.telephony.dataconnection.MsmsDcTracker }
07-25 14:40:13.009   704   704 D DCT     : [DcT(0)] handleMessage msg={ when=-1s9ms what=270348 obj=android.os.AsyncResult@4183d170 target=com.android.internal.telephony.dataconnection.MsmsDcTracker }
07-25 14:40:13.009   704   704 D DCT     : [DcT(0)] onRoamingOff
07-25 14:40:13.009   704   704 D DCT     : [DcT(0)] getDataOnRoamingEnabled, settingValue: 1
07-25 14:40:13.009   704   704 D DCT     : [DcT(0)] isDataRoamingEnabled=true
07-25 14:40:13.009   704   704 D DCT     : [DcT(0)] notifyDataConnection: reason=roamingOff
07-25 14:40:13.009   704   704 D DCT     : [DcT(0)] notifyOffApnOfAvailability type:dm
07-25 14:40:13.009   704   704 D use-Rlog/RLOG-GSM: [MsmsDcTrackerProxy]isAnotherCardVoiceing phoneId: 0 sVoicePhoneId: -1 result: false
07-25 14:40:13.009   704   704 D DCT     : [DcT(0)] isDataAllowed: not allowed due to - Attached= false - SIM not loaded
07-25 14:40:13.009   704   704 D DCT     : [DcT(0)] isDataPossible(dm): possible=false isDataAllowed=false apnTypePossible=true apnContextisEnabled=false apnContextState()=IDLE
07-25 14:40:13.009   704   704 D DCT     : [DcT(0)] get active apn string for type:dm
07-25 14:40:13.009   704   704 D DCT     : [ApnContext:dm] getApnSetting: apnSetting=null
07-25 14:40:13.009   704   704 D DCT     : [DcT(0)] notifyOffApnOfAvailability type:wap
07-25 14:40:13.009   704   704 D use-Rlog/RLOG-GSM: [MsmsDcTrackerProxy]isAnotherCardVoiceing phoneId: 0 sVoicePhoneId: -1 result: false
07-25 14:40:13.009   704   704 D DCT     : [DcT(0)] isDataAllowed: not allowed due to - Attached= false - SIM not loaded
07-25 14:40:13.009   704   704 D DCT     : [DcT(0)] isDataPossible(wap): possible=false isDataAllowed=false apnTypePossible=true apnContextisEnabled=false apnContextState()=IDLE
07-25 14:40:13.009   704   704 D DCT     : [DcT(0)] get active apn string for type:wap
07-25 14:40:13.009   704   704 D DCT     : [ApnContext:wap] getApnSetting: apnSetting=null
07-25 14:40:13.009   704   704 D DCT     : [DcT(0)] notifyOffApnOfAvailability type:fota
07-25 14:40:13.009   704   704 D use-Rlog/RLOG-GSM: [MsmsDcTrackerProxy]isAnotherCardVoiceing phoneId: 0 sVoicePhoneId: -1 result: false
07-25 14:40:13.009   704   704 D DCT     : [DcT(0)] isDataAllowed: not allowed due to - Attached= false - SIM not loaded
07-25 14:40:13.009   704   704 D DCT     : [DcT(0)] isDataPossible(fota): possible=false isDataAllowed=false apnTypePossible=true apnContextisEnabled=false apnContextState()=IDLE
07-25 14:40:13.009   704   704 D DCT     : [DcT(0)] get active apn string for type:fota
07-25 14:40:13.009   704   704 D DCT     : [ApnContext:fota] getApnSetting: apnSetting=null
07-25 14:40:13.019   704   704 D DCT     : [DcT(0)] notifyOffApnOfAvailability type:supl
07-25 14:40:13.019   704   704 D use-Rlog/RLOG-GSM: [MsmsDcTrackerProxy]isAnotherCardVoiceing phoneId: 0 sVoicePhoneId: -1 result: false
07-25 14:40:13.019   704   704 D DCT     : [DcT(0)] isDataAllowed: not allowed due to - Attached= false - SIM not loaded
07-25 14:40:13.019   704   704 D DCT     : [DcT(0)] isDataPossible(supl): possible=false isDataAllowed=false apnTypePossible=true apnContextisEnabled=false apnContextState()=IDLE
07-25 14:40:13.019   704   704 D DCT     : [DcT(0)] get active apn string for type:supl
07-25 14:40:13.019   704   704 D DCT     : [ApnContext:supl] getApnSetting: apnSetting=null
07-25 14:40:13.019   704   704 D DCT     : [DcT(0)] notifyOffApnOfAvailability type:hipri
07-25 14:40:13.019   704   704 D use-Rlog/RLOG-GSM: [MsmsDcTrackerProxy]isAnotherCardVoiceing phoneId: 0 sVoicePhoneId: -1 result: false
07-25 14:40:13.019   704   704 D DCT     : [DcT(0)] isDataAllowed: not allowed due to - Attached= false - SIM not loaded
07-25 14:40:13.019   704   704 D DCT     : [DcT(0)] isDataPossible(hipri): possible=false isDataAllowed=false apnTypePossible=true apnContextisEnabled=false apnContextState()=IDLE
07-25 14:40:13.019   704   704 D DCT     : [DcT(0)] get active apn string for type:hipri
07-25 14:40:13.019   704   704 D DCT     : [ApnContext:hipri] getApnSetting: apnSetting=null
07-25 14:40:13.029   704   704 D DCT     : [DcT(0)] notifyOffApnOfAvailability type:ims
07-25 14:40:13.029   704   704 D use-Rlog/RLOG-GSM: [MsmsDcTrackerProxy]isAnotherCardVoiceing phoneId: 0 sVoicePhoneId: -1 result: false
07-25 14:40:13.029   704   704 D DCT     : [DcT(0)] isDataAllowed: not allowed due to - Attached= false - SIM not loaded
07-25 14:40:13.029   704   704 D DCT     : [DcT(0)] isDataPossible(ims): possible=false isDataAllowed=false apnTypePossible=true apnContextisEnabled=false apnContextState()=IDLE
07-25 14:40:13.029   704   704 D DCT     : [DcT(0)] get active apn string for type:ims
07-25 14:40:13.029   704   704 D DCT     : [ApnContext:ims] getApnSetting: apnSetting=null
07-25 14:40:13.039   704   704 D DCT     : [DcT(0)] notifyOffApnOfAvailability type:default
07-25 14:40:13.039   704   704 D use-Rlog/RLOG-GSM: [MsmsDcTrackerProxy]isAnotherCardVoiceing phoneId: 0 sVoicePhoneId: -1 result: false
07-25 14:40:13.039   704   704 D DCT     : [DcT(0)] isDataAllowed: not allowed due to - Attached= false - SIM not loaded
07-25 14:40:13.039   704   704 D DCT     : [DcT(0)] isDataPossible(default): possible=false isDataAllowed=false apnTypePossible=true apnContextisEnabled=true apnContextState()=IDLE
07-25 14:40:13.039   704   704 D DCT     : [DcT(0)] get active apn string for type:default
07-25 14:40:13.039   704   704 D DCT     : [ApnContext:default] getApnSetting: apnSetting=null
07-25 14:40:13.059   704   704 D DCT     : [DcT(0)] notifyOffApnOfAvailability type:mms
07-25 14:40:13.059   704   704 D use-Rlog/RLOG-GSM: [MsmsDcTrackerProxy]isAnotherCardVoiceing phoneId: 0 sVoicePhoneId: -1 result: false
07-25 14:40:13.059   704   704 D DCT     : [DcT(0)] isDataAllowed: not allowed due to - Attached= false - SIM not loaded
07-25 14:40:13.059   704   704 D DCT     : [DcT(0)] isDataPossible(mms): possible=false isDataAllowed=false apnTypePossible=true apnContextisEnabled=false apnContextState()=IDLE
07-25 14:40:13.059   704   704 D DCT     : [DcT(0)] get active apn string for type:mms
07-25 14:40:13.059   704   704 D DCT     : [ApnContext:mms] getApnSetting: apnSetting=null
07-25 14:40:13.069   704   704 D DCT     : [DcT(0)] notifyOffApnOfAvailability type:cbs
07-25 14:40:13.069   704   704 D use-Rlog/RLOG-GSM: [MsmsDcTrackerProxy]isAnotherCardVoiceing phoneId: 0 sVoicePhoneId: -1 result: false
07-25 14:40:13.069   704   704 D DCT     : [DcT(0)] isDataAllowed: not allowed due to - Attached= false - SIM not loaded
07-25 14:40:13.069   704   704 D DCT     : [DcT(0)] isDataPossible(cbs): possible=false isDataAllowed=false apnTypePossible=true apnContextisEnabled=false apnContextState()=IDLE
07-25 14:40:13.069   704   704 D DCT     : [DcT(0)] get active apn string for type:cbs
07-25 14:40:13.069   704   704 D DCT     : [ApnContext:cbs] getApnSetting: apnSetting=null
07-25 14:40:13.079   704   704 D DCT     : [DcT(0)] notifyOffApnOfAvailability type:xcap
07-25 14:40:13.079   704   704 D use-Rlog/RLOG-GSM: [MsmsDcTrackerProxy]isAnotherCardVoiceing phoneId: 0 sVoicePhoneId: -1 result: false
07-25 14:40:13.079   704   704 D DCT     : [DcT(0)] isDataAllowed: not allowed due to - Attached= false - SIM not loaded
07-25 14:40:13.079   704   704 D DCT     : [DcT(0)] isDataPossible(xcap): possible=false isDataAllowed=false apnTypePossible=true apnContextisEnabled=false apnContextState()=IDLE
07-25 14:40:13.079   704   704 D DCT     : [DcT(0)] get active apn string for type:xcap
07-25 14:40:13.079   704   704 D DCT     : [ApnContext:xcap] getApnSetting: apnSetting=null
07-25 14:40:13.089   704   704 D DCT     : [DcT(0)] handleMessage msg={ when=-1s98ms what=270439 obj=android.os.AsyncResult@4183e2d0 target=com.android.internal.telephony.dataconnection.MsmsDcTracker }
07-25 14:40:13.089   704   704 D DCT     : [DcT(0)] handleMessage msg={ when=-1s98ms what=270439 obj=android.os.AsyncResult@4183e2d0 target=com.android.internal.telephony.dataconnection.MsmsDcTracker }
07-25 14:40:13.089   704   704 D DCT     : [DcT(0)] EVENT_DATA_RAT_CHANGED
07-25 14:40:13.089   704   704 D IccCardProxy: [0]updateExternalState : mRadioOn = false
07-25 14:40:13.089   704   704 D IccCardProxy: [0] phoneid 0 misFirstStarttrue
07-25 14:40:13.089   704   704 V WAP PUSH: wappush manager connected to 1099184240
07-25 14:40:13.089   704   704 V WAP PUSH: wappush manager connected to 1099175200
07-25 14:40:13.089   704   704 D IccCardProxy: [0]updateExternalState : mRadioOn = false
07-25 14:40:13.089   704   704 D IccCardProxy: [0] phoneid 0 misFirstStarttrue
07-25 14:40:13.099   704   704 D DCT     : [DcT(0)] onReceive: action=android.intent.action.BATTERY_CHANGED
07-25 14:40:13.099   704   704 D DebugService: DebugService DebugService:
07-25 14:40:13.109   935   935 D TelephonyManager: No /proc/cmdline exception=java.io.FileNotFoundException: /proc/cmdline: open failed: EACCES (Permission denied)
07-25 14:40:13.109   935   935 D TelephonyManager: /proc/cmdline=
07-25 14:40:13.159   704   704 D RadioInteractor: [RadioInteractorService]  onCreate.....704
07-25 14:40:13.159   704   704 E RadioInteractor: [RadioInteractorFactory] init() called multiple times!  sInstance = com.android.sprd.telephony.RadioInteractorFactory@4184fc80
07-25 14:40:13.159   704   704 D RadioInteractor: [RadioInteractorService] onBind onBind onBind......
07-25 14:40:13.239   704   704 D RadioInteractor: [RadioInteractorHandler] EVENT_UNSOL_RI_CONNECTED
07-25 14:40:13.239   704   704 D DCT     : [DcT(0)] handleMessage msg={ when=-545ms what=270369 obj=android.os.AsyncResult@4187afb0 target=com.android.internal.telephony.dataconnection.MsmsDcTracker }
07-25 14:40:13.239   704   704 D DCT     : [DcT(0)] handleMessage msg={ when=-545ms what=270369 obj=android.os.AsyncResult@4187afb0 target=com.android.internal.telephony.dataconnection.MsmsDcTracker }
07-25 14:40:13.239   704   704 D IccCardProxy: [0]updateExternalState : mRadioOn = false
07-25 14:40:13.239   704   704 D IccCardProxy: [0] phoneid 0 misFirstStarttrue
07-25 14:40:13.239   704   704 D CallManager:  handleMessage (EVENT_SERVICE_STATE_CHANGED)
07-25 14:40:13.249   704   704 D UiccController: [0]Received EVENT_GET_ICC_STATUS_DONE
07-25 14:40:13.249   704   704 D UiccCard: Creating
07-25 14:40:13.249   704   704 D UiccCard: update : phoneId = 0 mCardState = CARDSTATE_ABSENT oldState = CARDSTATE_ABSENT
07-25 14:40:13.249   704   704 D UiccCard: 0 applications
