07-25 14:40:13.249   704   704 E UiccCard: App index 8 is invalid since there are no applications
07-25 14:40:13.249   704   704 E UiccCard: App index 8 is invalid since there are no applications
07-25 14:40:13.249   704   704 E UiccCard: App index 8 is invalid since there are no applications
07-25 14:40:13.249   704   704 D UiccCard: update: radioState=RADIO_OFF mLastRadioState=RADIO_UNAVAILABLE
07-25 14:40:13.249   704   704 D UiccController: [0]Notifying IccChangedRegistrants
07-25 14:40:13.249   704   704 D UiccController: [0]Received EVENT_GET_ICC_STATUS_DONE
07-25 14:40:13.249   704   704 D UiccCard: update : phoneId = 0 mCardState = CARDSTATE_ABSENT oldState = CARDSTATE_ABSENT
07-25 14:40:13.249   704   704 D UiccCard: 0 applications
07-25 14:40:13.249   704   704 E UiccCard: App index 8 is invalid since there are no applications
07-25 14:40:13.249   704   704 E UiccCard: App index 8 is invalid since there are no applications
07-25 14:40:13.249   704   704 E UiccCard: App index 8 is invalid since there are no applications
07-25 14:40:13.249   704   704 D UiccCard: update: radioState=RADIO_OFF mLastRadioState=RADIO_OFF
07-25 14:40:13.249   704   704 D UiccController: [0]Notifying IccChangedRegistrants
07-25 14:40:13.249   704   704 D DCT     : [DcT(0)] handleMessage msg={ when=-533ms what=270439 obj=android.os.AsyncResult@418831d8 target=com.android.internal.telephony.dataconnection.MsmsDcTracker }
07-25 14:40:13.249   704   704 D DCT     : [DcT(0)] handleMessage msg={ when=-533ms what=270439 obj=android.os.AsyncResult@418831d8 target=com.android.internal.telephony.dataconnection.MsmsDcTracker }
07-25 14:40:13.249   704   704 D DCT     : [DcT(0)] EVENT_DATA_RAT_CHANGED
07-25 14:40:13.249   704   704 D GSMPhone: Baseband version: FM_BASE_17B_Release_W18.39.7_P1|sc9820e_modem|10-11-2018 14:08:45
07-25 14:40:13.249   704   704 D PhoneFactory: setSystemProperty >>>>>>  value = FM_BASE_17B_Release_W18.39.7_P1|sc9820e_modem|10-11-2018 14:08:45
07-25 14:40:13.249   704   704 D DCT     : [DcT(0)] getDataOnRoamingEnabled, settingValue: 1
07-25 14:40:13.249   704   704 D DCT     : [DcT(0)] isDataRoamingEnabled=true
07-25 14:40:13.249   704   704 D DCT     : [DcT(0)] getDataOnRoamingEnabled, settingValue: 1
07-25 14:40:13.249   704   704 D DCT     : [DcT(0)] isDataRoamingEnabled=true
07-25 14:40:13.249   704   704 D DCT     : [DcT(0)] getDataOnRoamingEnabled, settingValue: 1
07-25 14:40:13.249   704   704 D DCT     : [DcT(0)] isDataRoamingEnabled=true
07-25 14:40:13.249   704   704 D DCT     : [DcT(0)] getDataOnRoamingEnabled, settingValue: 1
07-25 14:40:13.249   704   704 D DCT     : [DcT(0)] isDataRoamingEnabled=true
07-25 14:40:13.249   704   704 D DCT     : [DcT(0)] getDataOnRoamingEnabled, settingValue: 1
07-25 14:40:13.249   704   704 D DCT     : [DcT(0)] isDataRoamingEnabled=true
07-25 14:40:13.249   704   704 D DCT     : [DcT(0)] getDataOnRoamingEnabled, settingValue: 1
07-25 14:40:13.249   704   704 D DCT     : [DcT(0)] isDataRoamingEnabled=true
07-25 14:40:13.249   704   704 D DCT     : [DcT(0)] getDataOnRoamingEnabled, settingValue: 1
07-25 14:40:13.249   704   704 D DCT     : [DcT(0)] isDataRoamingEnabled=true
07-25 14:40:13.249   704   704 D DCT     : [DcT(0)] getDataOnRoamingEnabled, settingValue: 1
07-25 14:40:13.249   704   704 D DCT     : [DcT(0)] isDataRoamingEnabled=true
07-25 14:40:13.249   704   704 D DCT     : [DcT(0)] getDataOnRoamingEnabled, settingValue: 1
07-25 14:40:13.249   704   704 D DCT     : [DcT(0)] isDataRoamingEnabled=true
07-25 14:40:13.249   704   704 D DCT     : [DcT(0)] getDataOnRoamingEnabled, settingValue: 1
07-25 14:40:13.249   704   704 D DCT     : [DcT(0)] isDataRoamingEnabled=true
07-25 14:40:13.249   704   704 D DCT     : [DcT(0)] getDataOnRoamingEnabled, settingValue: 1
07-25 14:40:13.249   704   704 D DCT     : [DcT(0)] isDataRoamingEnabled=true
07-25 14:40:13.249   704   704 D DCT     : [DcT(0)] getDataOnRoamingEnabled, settingValue: 1
07-25 14:40:13.249   704   704 D DCT     : [DcT(0)] isDataRoamingEnabled=true
07-25 14:40:13.249   704   704 D DCT     : [DcT(0)] getDataOnRoamingEnabled, settingValue: 1
07-25 14:40:13.249   704   704 D DCT     : [DcT(0)] isDataRoamingEnabled=true
07-25 14:40:13.249   704   704 D DCT     : [DcT(0)] getDataOnRoamingEnabled, settingValue: 1
07-25 14:40:13.249   704   704 D DCT     : [DcT(0)] isDataRoamingEnabled=true
07-25 14:40:13.249   704   704 D DCT     : [DcT(0)] getDataOnRoamingEnabled, settingValue: 1
07-25 14:40:13.249   704   704 D DCT     : [DcT(0)] isDataRoamingEnabled=true
07-25 14:40:13.249   704   704 D DCT     : [DcT(0)] getDataOnRoamingEnabled, settingValue: 1
07-25 14:40:13.249   704   704 D DCT     : [DcT(0)] isDataRoamingEnabled=true
07-25 14:40:13.249   704   704 D DCT     : [DcT(0)] getDataOnRoamingEnabled, settingValue: 1
07-25 14:40:13.249   704   704 D DCT     : [DcT(0)] isDataRoamingEnabled=true
07-25 14:40:13.249   704   704 D DCT     : [DcT(0)] getDataOnRoamingEnabled, settingValue: 1
07-25 14:40:13.249   704   704 D DCT     : [DcT(0)] isDataRoamingEnabled=true
07-25 14:40:13.249   704   704 D DCT     : [DcT(0)] getDataOnRoamingEnabled, settingValue: 1
07-25 14:40:13.249   704   704 D DCT     : [DcT(0)] isDataRoamingEnabled=true
07-25 14:40:13.249   704   704 D DCT     : [DcT(0)] getDataOnRoamingEnabled, settingValue: 1
07-25 14:40:13.249   704   704 D DCT     : [DcT(0)] isDataRoamingEnabled=true
07-25 14:40:13.259   704   704 D DCT     : [DcT(0)] getDataOnRoamingEnabled, settingValue: 1
07-25 14:40:13.259   704   704 D DCT     : [DcT(0)] isDataRoamingEnabled=true
07-25 14:40:13.259   704   704 D DCT     : [DcT(0)] getDataOnRoamingEnabled, settingValue: 1
07-25 14:40:13.259   704   704 D DCT     : [DcT(0)] isDataRoamingEnabled=true
07-25 14:40:13.259   704   704 D DCT     : [DcT(0)] getDataOnRoamingEnabled, settingValue: 1
07-25 14:40:13.259   704   704 D DCT     : [DcT(0)] isDataRoamingEnabled=true
07-25 14:40:13.259   704   704 D DCT     : [DcT(0)] getDataOnRoamingEnabled, settingValue: 1
07-25 14:40:13.259   704   704 D DCT     : [DcT(0)] isDataRoamingEnabled=true
07-25 14:40:13.259   704   704 D DCT     : [DcT(0)] getDataOnRoamingEnabled, settingValue: 1
07-25 14:40:13.259   704   704 D DCT     : [DcT(0)] isDataRoamingEnabled=true
07-25 14:40:13.259   704   704 D DCT     : [DcT(0)] getDataOnRoamingEnabled, settingValue: 1
07-25 14:40:13.259   704   704 D DCT     : [DcT(0)] isDataRoamingEnabled=true
07-25 14:40:13.259   704   704 D DCT     : [DcT(0)] getDataOnRoamingEnabled, settingValue: 1
07-25 14:40:13.259   704   704 D DCT     : [DcT(0)] isDataRoamingEnabled=true
07-25 14:40:13.259   704   704 D DCT     : [DcT(0)] getDataOnRoamingEnabled, settingValue: 1
07-25 14:40:13.259   704   704 D DCT     : [DcT(0)] isDataRoamingEnabled=true
07-25 14:40:13.259   704   704 D DCT     : [DcT(0)] getDataOnRoamingEnabled, settingValue: 1
07-25 14:40:13.259   704   704 D DCT     : [DcT(0)] isDataRoamingEnabled=true
07-25 14:40:13.259   704   704 D DCT     : [DcT(0)] getDataOnRoamingEnabled, settingValue: 1
07-25 14:40:13.259   704   704 D DCT     : [DcT(0)] isDataRoamingEnabled=true
07-25 14:40:13.259   704   704 D DCT     : [DcT(0)] getDataOnRoamingEnabled, settingValue: 1
07-25 14:40:13.259   704   704 D DCT     : [DcT(0)] isDataRoamingEnabled=true
07-25 14:40:13.259   704   704 D DCT     : [DcT(0)] getDataOnRoamingEnabled, settingValue: 1
07-25 14:40:13.259   704   704 D DCT     : [DcT(0)] isDataRoamingEnabled=true
07-25 14:40:13.259   704   704 D DCT     : [DcT(0)] getDataOnRoamingEnabled, settingValue: 1
07-25 14:40:13.259   704   704 D DCT     : [DcT(0)] isDataRoamingEnabled=true
07-25 14:40:13.259   704   704 D DCT     : [DcT(0)] getDataOnRoamingEnabled, settingValue: 1
07-25 14:40:13.259   704   704 D DCT     : [DcT(0)] isDataRoamingEnabled=true
07-25 14:40:13.259   704   704 D DCT     : [DcT(0)] getDataOnRoamingEnabled, settingValue: 1
07-25 14:40:13.259   704   704 D DCT     : [DcT(0)] isDataRoamingEnabled=true
07-25 14:40:13.259   704   704 D DCT     : [DcT(0)] getDataOnRoamingEnabled, settingValue: 1
07-25 14:40:13.259   704   704 D DCT     : [DcT(0)] isDataRoamingEnabled=true
07-25 14:40:13.259   704   704 D DCT     : [DcT(0)] getDataOnRoamingEnabled, settingValue: 1
07-25 14:40:13.259   704   704 D DCT     : [DcT(0)] isDataRoamingEnabled=true
07-25 14:40:13.259   704   704 D DCT     : [DcT(0)] getDataOnRoamingEnabled, settingValue: 1
07-25 14:40:13.259   704   704 D DCT     : [DcT(0)] isDataRoamingEnabled=true
07-25 14:40:13.259   704   704 D DCT     : [DcT(0)] getDataOnRoamingEnabled, settingValue: 1
07-25 14:40:13.259   704   704 D DCT     : [DcT(0)] isDataRoamingEnabled=true
07-25 14:40:13.259   704   704 D DCT     : [DcT(0)] getDataOnRoamingEnabled, settingValue: 1
07-25 14:40:13.259   704   704 D DCT     : [DcT(0)] isDataRoamingEnabled=true
07-25 14:40:13.259   704   704 D RadioInteractor: [RadioInteractor] RadioInteractorFactory:  null  RadioInteractorFactory class 1099015544
07-25 14:40:13.259   704   704 D DCT     : [DcT(0)] handleMessage msg={ when=-17ms what=270369 obj=android.os.AsyncResult@41890be8 target=com.android.internal.telephony.dataconnection.MsmsDcTracker }
07-25 14:40:13.259   704   704 D DCT     : [DcT(0)] handleMessage msg={ when=-17ms what=270369 obj=android.os.AsyncResult@41890be8 target=com.android.internal.telephony.dataconnection.MsmsDcTracker }
07-25 14:40:13.259   704   704 D IccCardProxy: [0]Icc changed. Reregestering.
07-25 14:40:13.259   704   704 D UiccCard: registerForAbsent : mCardState = CARDSTATE_ABSENT phoneId = 0
07-25 14:40:13.259   704   704 D IccCardProxy: [0]updateExternalState : mRadioOn = false
07-25 14:40:13.259   704   704 D IccCardProxy: [0] phoneid 0 misFirstStarttrue
07-25 14:40:13.259   704   704 D DCT     : [DcT(0)] handleMessage msg={ when=-17ms what=270369 obj=android.os.AsyncResult@41892938 target=com.android.internal.telephony.dataconnection.MsmsDcTracker }
07-25 14:40:13.259   704   704 D DCT     : [DcT(0)] handleMessage msg={ when=-17ms what=270369 obj=android.os.AsyncResult@41892938 target=com.android.internal.telephony.dataconnection.MsmsDcTracker }
07-25 14:40:13.259   704   704 D IccCardProxy: [0]updateExternalState : mRadioOn = false
07-25 14:40:13.259   704   704 D IccCardProxy: [0] phoneid 0 misFirstStarttrue
07-25 14:40:13.289   704   704 D IccCardProxy: [0]IccCardProxy  setExternalState newState = ABSENT
07-25 14:40:13.289   704   704 D PhoneFactory: setSystemProperty >>>>>>  value = ABSENT
07-25 14:40:13.289   704   704 I PhoneFactory: autoSetDefaultPhoneId,defaultPhoneId=0
07-25 14:40:13.289   704   704 I PhoneFactory: isCardReady(0) = false
07-25 14:40:13.289   704   704 I PhoneFactory: autoSetDefaultPhoneId,getSettingPhoneId
07-25 14:40:13.289   704   704 D PhoneFactory: isHasCardAbsent= true
07-25 14:40:13.289   704   704 D PhoneFactory: setDefaultValue settingPhoneId = -1
07-25 14:40:13.289   704   704 D TelephonyManager: getSettingDefaultSim:phoneIdKey sim_card_favorite_voicephoneId:-1
07-25 14:40:13.289   704   704 D TelephonyManager: getSettingDefaultSim:phoneIdKey sim_card_favorite_videophoneId:0
07-25 14:40:13.289   704   704 D TelephonyManager: getSettingDefaultSim:phoneIdKey sim_card_favorite_mmsphoneId:-1
07-25 14:40:13.289   704   704 D PhoneFactory: setDefaultValue,settingVoicePhoneId=-1 settingVideoPhoneId=0 settingMmsPhoneId=-1
07-25 14:40:13.289   704   704 D TelephonyManager: setDefaultSim:phoneIdKey multi_sim_voice_call phoneId -1
07-25 14:40:13.299   704   704 D TelephonyManager: setDefaultSim:phoneIdKey multi_sim_video_call phoneId 0
07-25 14:40:13.319   704   704 D TelephonyManager: setDefaultSim:phoneIdKey multi_sim_mms phoneId -1
07-25 14:40:13.319   704   704 D IccCardProxy: [0]Broadcasting intent ACTION_SIM_STATE_CHANGED ABSENT reason null
07-25 14:40:13.329   704   704 D PHONE   : [ServiceState] setNullState=3
07-25 14:40:13.329   704   704 D VolteSST: [VolteSST-0] Poll ServiceState done:  oldSS=[3 3 home null null null  Unknown Unknown CSS not supported -1 -1 RoamInd=-1 DefRoamInd=-1 EmergOnly=false mImsRegistration = false mSrvccState = -1] newSS=[3 3 home null null null  Unknown Unknown CSS not supported -1 -1 RoamInd=-1 DefRoamInd=-1 EmergOnly=false mImsRegistration = false mSrvccState = -1] oldMaxDataCalls=1 mNewMaxDataCalls=1 oldReasonDataDenied=-1 mNewReasonDataDenied=-1
07-25 14:40:13.329   704   704 D PHONE   : [ServiceState] setNullState=1
07-25 14:40:13.339   704   956 D RadioInteractor: [RadioInteractor] RadioInteractorFactory:  com.android.sprd.telephony.RadioInteractorFactory@4184fc80  RadioInteractorFactory class 1099015544
07-25 14:40:13.339   704   956 D RadioInteractor: [3648]> REQUEST_SET_SMS_BEARER [SUB0]
07-25 14:40:13.339   601   613 I use-Rlog/RLOG-RILC: [0] enter processCommandsCallback, socket type = 2
07-25 14:40:13.339   601   613 I use-Rlog/RLOG-RILC: [0] PCC  alloc one command p_record
07-25 14:40:13.339   601   772 D use-Rlog/RLOG-RILC: [0] PCB request code 5512 token 0
07-25 14:40:13.339   601   772 D use-Rlog/RLOG-RILC: [0] [0000]> SET_SMS_BEARER (1)
07-25 14:40:13.339   601   772 D use-Rlog/RLOG-RIL: [0] onRequest: SET_SMS_BEARER sState=0
07-25 14:40:13.339   601   772 D use-Rlog/RLOG-RILC: [0] [0000]< SET_SMS_BEARER fails by E_RADIO_NOT_AVAILABLE
07-25 14:40:13.339   601   772 I use-Rlog/RLOG-RILC: [0] -->CommandThread [772] free one command
07-25 14:40:13.339   704   912 D RadioInteractor: [RIRequest] [3648]< REQUEST_SET_SMS_BEARER error: com.android.sprd.telephony.CommandException: RADIO_NOT_AVAILABLE ret=
07-25 14:40:13.339   704   916 D RadioInteractor: [RadioInteractorHandler]  handleMessage msg.what:16
07-25 14:40:13.339   704   916 D RadioInteractor: [RadioInteractorHandler] handleMessage EVENT_SET_SMS_BEARER_DONE
07-25 14:40:13.339   704   916 E RadioInteractor: [RadioInteractorHandler] set sms bearer:fail
07-25 14:40:13.339   704   956 D RILJ    : [0][3656]> OEM_HOOK_STRINGS
07-25 14:40:13.339   704   962 D TelephonyManager: setRadioBusy true
07-25 14:40:13.339   704   956 D use-Rlog/RLOG-PHONE: wait for done
07-25 14:40:13.339   601   613 I use-Rlog/RLOG-RILC: [0] enter processCommandsCallback, socket type = 0
07-25 14:40:13.349   601   613 I use-Rlog/RLOG-RILC: [0] PCC  alloc one command p_record
07-25 14:40:13.349   601   771 D use-Rlog/RLOG-RILC: [0] PCB request code 60 token 8
07-25 14:40:13.349   601   771 D use-Rlog/RLOG-RILC: [0] [0008]> OEM_HOOK_STRINGS (AT+SPOPRCAP=1,1,0)
07-25 14:40:13.349   601   771 D use-Rlog/RLOG-RIL: [0] onRequest: OEM_HOOK_STRINGS sState=0
07-25 14:40:13.349   601   771 D use-Rlog/RLOG-RIL: [0] channel1 state: '0' 
07-25 14:40:13.349   601   771 D use-Rlog/RLOG-RIL: [0] get Channel ID '1'
07-25 14:40:13.349   601   771 D use-Rlog/RLOG-RIL: [0] got OEM_HOOK_STRINGS: 0x0xb67bdce0 4
07-25 14:40:13.349   601   771 D use-Rlog/RLOG-RIL: [0] > 'AT+SPOPRCAP=1,1,0'
07-25 14:40:13.349   601   771 D use-Rlog/RLOG-RIL: [0] >>> 'AT+SPOPRCAP=1,1,0'
07-25 14:40:13.349   601   771 D use-Rlog/RLOG-AT: [0] Channel1: AT> AT+SPOPRCAP=1,1,0
07-25 14:40:13.349   600   605 D RIL-PHS : /dev/stty_lte1 Rev:OK
07-25 14:40:13.349   601   618 D use-Rlog/RLOG-AT: [0] Channel1: AT< OK
07-25 14:40:13.349   601   771 D use-Rlog/RLOG-RILC: [0] [0008]< OEM_HOOK_STRINGS {OK
07-25 14:40:13.349   601   771 D use-Rlog/RLOG-RILC: }
07-25 14:40:13.349   601   771 D use-Rlog/RLOG-RIL: [0] put Channel ID '1'
07-25 14:40:13.349   601   771 I use-Rlog/RLOG-RILC: [0] -->CommandThread [771] free one command
07-25 14:40:13.349   704   768 D RILJ    : [0][3656]< OEM_HOOK_STRINGS {OK
07-25 14:40:13.349   704   768 D RILJ    : }
07-25 14:40:13.349   704   961 D use-Rlog/RLOG-PHONE: SEND_AT_COMPLETE
07-25 14:40:13.349   704   956 D use-Rlog/RLOG-PHONE: done
07-25 14:40:13.369   704   962 D TelephonyManager: getSettingDefaultSim:phoneIdKey sim_card_favorite_voicephoneId:-1
07-25 14:40:13.379   704   962 D TelephonyManager: getSettingDefaultSim:phoneIdKey sim_card_favorite_mmsphoneId:-1
07-25 14:40:13.379   704   963 D GsmSST  : setPowerStateToDesired phone=0 mDesiredPowerState=true cm.getRadioState().isOn=false
07-25 14:40:13.379   704   963 D GsmSST  : canSetRadioPower getIccCardState() = ABSENT
07-25 14:40:13.379   704   963 D GsmSST  : canSetRadioPower phoneCount = 1
07-25 14:40:13.379   704   963 D GsmSST  : canSetRadioPower simPresent = false
07-25 14:40:13.379   704   963 D GsmSST  : setPowerStateToDesired: setRadioPower force = true,state = 1
07-25 14:40:13.379   704   963 D RILJ    : [0][3657]> RADIO_POWER on
07-25 14:40:13.379   601   613 I use-Rlog/RLOG-RILC: [0] enter processCommandsCallback, socket type = 0
07-25 14:40:13.379   601   613 I use-Rlog/RLOG-RILC: [0] PCC  alloc one command p_record
07-25 14:40:13.379   601   772 D use-Rlog/RLOG-RILC: [0] PCB request code 23 token 9
07-25 14:40:13.379   601   772 D use-Rlog/RLOG-RILC: [0] [0009]> RADIO_POWER (1,1,1)
07-25 14:40:13.379   601   772 D use-Rlog/RLOG-RIL: [0] onRequest: RADIO_POWER sState=0
07-25 14:40:13.379   601   772 D use-Rlog/RLOG-RIL: [0] channel1 state: '0' 
07-25 14:40:13.379   601   772 D use-Rlog/RLOG-RIL: [0] get Channel ID '1'
07-25 14:40:13.379   601   772 D use-Rlog/RLOG-RIL: [0] sim1.
07-25 14:40:13.379   601   772 D use-Rlog/RLOG-RIL: [0] getHasSimInner subscription = 0
07-25 14:40:13.379   601   772 D use-Rlog/RLOG-RIL: [0] getHasInner: 0
07-25 14:40:13.379   601   772 D use-Rlog/RLOG-RIL: [0] getHasSimInner subscription = 1
07-25 14:40:13.379   601   772 D use-Rlog/RLOG-RIL: [0] getHasInner prop key: ril.has_sim1
07-25 14:40:13.379   601   772 D use-Rlog/RLOG-RIL: [0] getHasInner: 0
07-25 14:40:13.379   601   772 D use-Rlog/RLOG-RIL: [0] getTestMode
07-25 14:40:13.379   601   772 D use-Rlog/RLOG-RIL: [0] getTestModeInner subscription = 0
07-25 14:40:13.379   601   772 D use-Rlog/RLOG-RIL: [0] getTestModeInner: 6
07-25 14:40:13.379   601   772 D use-Rlog/RLOG-RIL: [0] initSIMPresentState
07-25 14:40:13.379   601   772 D use-Rlog/RLOG-RIL: [0] getHasSimInner subscription = 0
07-25 14:40:13.379   601   772 D use-Rlog/RLOG-RIL: [0] getHasInner: 0
07-25 14:40:13.379   601   772 D use-Rlog/RLOG-RIL: [0] is CSFB 
07-25 14:40:13.379   601   772 D use-Rlog/RLOG-RIL: [0] buildTestModeCmd cmdsize = 128
07-25 14:40:13.379   601   772 D use-Rlog/RLOG-RIL: [0] getTestModeInner subscription = 0
07-25 14:40:13.379   601   772 D use-Rlog/RLOG-RIL: [0] getTestModeInner: 6
07-25 14:40:13.379   601   772 D use-Rlog/RLOG-RIL: [0] buildTestModeCmd cmd: AT+SPTESTMODEM=6
07-25 14:40:13.379   601   772 D use-Rlog/RLOG-RIL: [0] buildTestModeCmd cmd(SingleSim): AT+SPTESTMODEM=6,254
07-25 14:40:13.379   601   772 D use-Rlog/RLOG-AT: [0] Channel1: AT> AT+SPTESTMODEM=6,254
07-25 14:40:13.389   600   605 D RIL-PHS : /dev/stty_lte1 Rev:OK
07-25 14:40:13.389   601   618 D use-Rlog/RLOG-AT: [0] Channel1: AT< OK
07-25 14:40:13.389   601   772 D use-Rlog/RLOG-RIL: [0] ssda mode: fdd-csfb
07-25 14:40:13.389   601   772 D use-Rlog/RLOG-AT: [0] Channel1: AT> AT+CEMODE=1
07-25 14:40:13.389   600   605 D RIL-PHS : /dev/stty_lte1 Rev:OK
07-25 14:40:13.389   601   618 D use-Rlog/RLOG-AT: [0] Channel1: AT< OK
07-25 14:40:13.389   601   772 D use-Rlog/RLOG-AT: [0] Channel1: AT> AT+CIMI
07-25 14:40:13.389   600   605 D RIL-PHS : /dev/stty_lte1 Rev:+CME ERROR: 10
07-25 14:40:13.389   601   618 D use-Rlog/RLOG-AT: [0] Channel1: AT< +CME ERROR: 10
07-25 14:40:13.389   601   772 E use-Rlog/RLOG-RIL: [0] requestRadioPower AT+CIMI return ERROR
07-25 14:40:13.389   601   772 D use-Rlog/RLOG-RIL: [0] ssda mode: fdd-csfb
07-25 14:40:13.389   601   772 D use-Rlog/RLOG-RIL: [0] isn't svlte
07-25 14:40:13.389   601   772 D use-Rlog/RLOG-RIL: [0] is CSFB 
07-25 14:40:13.389   601   772 D use-Rlog/RLOG-AT: [0] Channel1: AT> AT+SAUTOATT=1
07-25 14:40:13.389   600   605 D RIL-PHS : /dev/stty_lte1 Rev:OK
07-25 14:40:13.389   601   618 D use-Rlog/RLOG-AT: [0] Channel1: AT< OK
07-25 14:40:13.389   601   772 D use-Rlog/RLOG-RIL: [0] ssda mode: fdd-csfb
07-25 14:40:13.389   601   772 D use-Rlog/RLOG-RIL: [0] isn't svlte
07-25 14:40:13.389   601   772 D use-Rlog/RLOG-AT: [0] Channel1: AT> AT+SFUN=4
07-25 14:40:13.399   600   605 D RIL-PHS : /dev/stty_lte1 Rev:OK
07-25 14:40:13.399   601   618 D use-Rlog/RLOG-AT: [0] Channel1: AT< OK
07-25 14:40:13.399   601   772 D use-Rlog/RLOG-RILC: [0] [UNSL]< UNSOL_VOICE_RADIO_TECH_CHANGED {3}
07-25 14:40:13.399   601   772 D use-Rlog/RLOG-RILC: [0] [UNSL]< UNSOL_VOICE_RADIO_TECH_CHANGED {3} {RADIO_SIM_NOT_READY}
07-25 14:40:13.399   601   772 D use-Rlog/RLOG-RILC: [0] [UNSL]< UNSOL_RESPONSE_SIM_STATUS_CHANGED 
07-25 14:40:13.399   601   772 D use-Rlog/RLOG-AT: [0] Channel1: AT> AT+CTZR=1
07-25 14:40:13.399   704   768 D RILJ    : [0][UNSL]< [0]UNSOL_VOICE_RADIO_TECH_CHANGED {3}
07-25 14:40:13.399   704   768 D RILJ    : [0][UNSL]< [0]UNSOL_RESPONSE_RADIO_STATE_CHANGED RADIO_ON
07-25 14:40:13.399   704   768 D RILJ    : [0][UNSL]< [0]UNSOL_RESPONSE_SIM_STATUS_CHANGED
07-25 14:40:13.399   600   604 D RIL-PHS : /dev/stty_lte0 Rev:+CGREG: 8,"FFFE","00000000",0,"FF"
07-25 14:40:13.399   600   604 D RIL-PHS : /dev/stty_lte0 Rev:+CREG: 8,"FFFE","00000000",0
07-25 14:40:13.399   600   604 D RIL-PHS : /dev/stty_lte0 Rev:+CEREG: 8,,,0
07-25 14:40:13.399   600   605 D RIL-PHS : /dev/stty_lte1 Rev:OK
07-25 14:40:13.399   601   618 D use-Rlog/RLOG-AT: [0] Unsol: AT< +CGREG: 8,"FFFE","00000000",0,"FF"
07-25 14:40:13.399   601   618 D use-Rlog/RLOG-RILC: [0] [UNSL]< UNSOL_RESPONSE_VOICE_NETWORK_STATE_CHANGED 
07-25 14:40:13.399   601   618 D use-Rlog/RLOG-AT: [0] Unsol: AT< +CREG: 8,"FFFE","00000000",0
07-25 14:40:13.399   601   618 D use-Rlog/RLOG-RILC: [0] [UNSL]< UNSOL_RESPONSE_VOICE_NETWORK_STATE_CHANGED 
07-25 14:40:13.399   601   618 D use-Rlog/RLOG-AT: [0] Unsol: AT< +CEREG: 8,,,0
07-25 14:40:13.399   601   618 D use-Rlog/RLOG-RIL: [0] ssda mode: fdd-csfb
07-25 14:40:13.399   601   618 D use-Rlog/RLOG-RIL: [0] isn't svlte
07-25 14:40:13.399   601   618 D use-Rlog/RLOG-RIL: [0] is CSFB 
07-25 14:40:13.399   601   618 D use-Rlog/RLOG-RIL: [0] requestRegistrationState  s_PSRegState is OUT OF SERVICE.
07-25 14:40:13.399   601   618 D use-Rlog/RLOG-RILC: [0] [UNSL]< UNSOL_RESPONSE_VOICE_NETWORK_STATE_CHANGED 
07-25 14:40:13.399   601   618 D use-Rlog/RLOG-AT: [0] Channel1: AT< OK
07-25 14:40:13.399   704   768 D RILJ    : [0][UNSL]< [0]UNSOL_RESPONSE_VOICE_NETWORK_STATE_CHANGED
07-25 14:40:13.399   601   772 D use-Rlog/RLOG-AT: [0] Channel1: AT> AT+CPIN?
07-25 14:40:13.399   704   768 D RILJ    : [0][UNSL]< [0]UNSOL_RESPONSE_VOICE_NETWORK_STATE_CHANGED
07-25 14:40:13.399   704   768 D RILJ    : [0][UNSL]< [0]UNSOL_RESPONSE_VOICE_NETWORK_STATE_CHANGED
07-25 14:40:13.399   600   605 D RIL-PHS : /dev/stty_lte1 Rev:+CME ERROR: 10
07-25 14:40:13.409   601   618 D use-Rlog/RLOG-AT: [0] Channel1: AT< +CME ERROR: 10
07-25 14:40:13.409   601   772 D use-Rlog/RLOG-RIL: [0] setHasSim hasSim = 0
07-25 14:40:13.409   601   772 D use-Rlog/RLOG-RIL: [0] SIM ABSENT or LOCKED
07-25 14:40:13.409   601   772 D use-Rlog/RLOG-RILC: [0] [UNSL]< UNSOL_RESPONSE_SIM_STATUS_CHANGED 
07-25 14:40:13.409   601   772 D use-Rlog/RLOG-RILC: [0] [UNSL]< UNSOL_RESPONSE_SIM_STATUS_CHANGED  {RADIO_SIM_LOCKED_OR_ABSENT}
07-25 14:40:13.409   601   772 D use-Rlog/RLOG-RILC: [0] [UNSL]< UNSOL_RESPONSE_SIM_STATUS_CHANGED 
07-25 14:40:13.409   601   772 D use-Rlog/RLOG-RILC: [0] [0009]< RADIO_POWER
07-25 14:40:13.409   601   772 D use-Rlog/RLOG-RIL: [0] put Channel ID '1'
07-25 14:40:13.409   601   772 I use-Rlog/RLOG-RILC: [0] -->CommandThread [772] free one command
07-25 14:40:13.409   704   768 D RILJ    : [0][UNSL]< [0]UNSOL_RESPONSE_SIM_STATUS_CHANGED
07-25 14:40:13.409   704   768 D RILJ    : [0][UNSL]< [0]UNSOL_RESPONSE_RADIO_STATE_CHANGED RADIO_ON
07-25 14:40:13.409   704   768 D RILJ    : [0][UNSL]< [0]UNSOL_RESPONSE_SIM_STATUS_CHANGED
07-25 14:40:13.409   704   768 D RILJ    : [0][3657]< RADIO_POWER 
07-25 14:40:13.439   704   704 D RILJ    : [0][3658]> RIL_REQUEST_GET_IMS_BEARER_STATE
07-25 14:40:13.449   601   613 I use-Rlog/RLOG-RILC: [0] enter processCommandsCallback, socket type = 0
07-25 14:40:13.449   601   613 I use-Rlog/RLOG-RILC: [0] enter processCommandsCallback, socket type = 0
07-25 14:40:13.449   601   613 I use-Rlog/RLOG-RILC: [0] PCC  alloc one command p_record
07-25 14:40:13.449   601   771 D use-Rlog/RLOG-RILC: [0] PCB request code 5066 token 10
07-25 14:40:13.449   601   771 D use-Rlog/RLOG-RILC: [0] [0010]> RIL_REQUEST_GET_IMS_BEARER_STATE 
07-25 14:40:13.449   601   771 D use-Rlog/RLOG-RIL: [0] onRequest: RIL_REQUEST_GET_IMS_BEARER_STATE sState=3
07-25 14:40:13.449   601   771 D use-Rlog/RLOG-RIL: [0] channel1 state: '0' 
07-25 14:40:13.449   601   771 D use-Rlog/RLOG-RIL: [0] get Channel ID '1'
07-25 14:40:13.449   601   771 D use-Rlog/RLOG-RILC: [0] [0010]< RIL_REQUEST_GET_IMS_BEARER_STATE {-1}
07-25 14:40:13.449   601   771 D use-Rlog/RLOG-RIL: [0] put Channel ID '1'
07-25 14:40:13.449   601   771 I use-Rlog/RLOG-RILC: [0] -->CommandThread [771] free one command
07-25 14:40:13.449   704   768 D RILJ    : [0][3658]< <unknown request> {-1}
07-25 14:40:13.449   704   768 D RILJ    : [0]SprdRIL:processSolicited: [3658]< send result: 107
07-25 14:40:13.449   704   704 D RILJ    : [0][3659]> getImsPcscfAddress: RIL_REQUEST_GET_IMS_PCSCF_ADDR
07-25 14:40:13.469   601   613 I use-Rlog/RLOG-RILC: [0] enter processCommandsCallback, socket type = 0
07-25 14:40:13.469   601   613 I use-Rlog/RLOG-RILC: [0] PCC  alloc one command p_record
07-25 14:40:13.469   601   772 D use-Rlog/RLOG-RILC: [0] PCB request code 5079 token 11
07-25 14:40:13.469   601   772 D use-Rlog/RLOG-RILC: [0] [0011]> GET_IMS_PCSCF_ADDR 
07-25 14:40:13.469   601   772 D use-Rlog/RLOG-RIL: [0] onRequest: GET_IMS_PCSCF_ADDR sState=3
07-25 14:40:13.469   601   772 D use-Rlog/RLOG-RIL: [0] channel1 state: '0' 
07-25 14:40:13.469   601   772 D use-Rlog/RLOG-RIL: [0] get Channel ID '1'
07-25 14:40:13.469   601   772 D use-Rlog/RLOG-AT: [0] Channel1: AT> AT+CGCONTRDP=11
07-25 14:40:13.469   600   605 D RIL-PHS : /dev/stty_lte1 Rev:+CME ERROR: 3
07-25 14:40:13.469   601   618 D use-Rlog/RLOG-AT: [0] Channel1: AT< +CME ERROR: 3
07-25 14:40:13.469   601   772 D use-Rlog/RLOG-RILC: [0] [0011]< GET_IMS_PCSCF_ADDR fails by E_GENERIC_FAILURE
07-25 14:40:13.469   601   772 D use-Rlog/RLOG-RIL: [0] put Channel ID '1'
07-25 14:40:13.469   601   772 I use-Rlog/RLOG-RILC: [0] -->CommandThread [772] free one command
07-25 14:40:13.469   704   768 D RilRequest: [3659]< <unknown request> error: com.android.internal.telephony.CommandException: GENERIC_FAILURE
07-25 14:40:13.469   704   704 D RILJ    : [0][3660]> RIL_REQUEST_GET_IMS_REGADDR
07-25 14:40:13.469   601   613 I use-Rlog/RLOG-RILC: [0] enter processCommandsCallback, socket type = 0
07-25 14:40:13.469   601   613 I use-Rlog/RLOG-RILC: [0] PCC  alloc one command p_record
07-25 14:40:13.469   601   771 D use-Rlog/RLOG-RILC: [0] PCB request code 5081 token 12
07-25 14:40:13.469   601   771 D use-Rlog/RLOG-RILC: [0] [0012]> IMS_REGADDR 
07-25 14:40:13.469   601   771 D use-Rlog/RLOG-RIL: [0] onRequest: IMS_REGADDR sState=3
07-25 14:40:13.469   601   771 D use-Rlog/RLOG-RIL: [0] channel1 state: '0' 
07-25 14:40:13.469   601   771 D use-Rlog/RLOG-RIL: [0] get Channel ID '1'
07-25 14:40:13.469   601   771 D use-Rlog/RLOG-AT: [0] Channel1: AT> AT+SPIMSREGADDR?
07-25 14:40:13.469   600   605 D RIL-PHS : /dev/stty_lte1 Rev:+SPIMSREGADDR: ,
07-25 14:40:13.469   600   605 D RIL-PHS : /dev/stty_lte1 Rev:OK
07-25 14:40:13.469   601   618 D use-Rlog/RLOG-AT: [0] Channel1: AT< +SPIMSREGADDR: ,
07-25 14:40:13.469   601   618 D use-Rlog/RLOG-AT: [0] Channel1: AT< OK
07-25 14:40:13.469   601   771 D use-Rlog/RLOG-RILC: [0] [0012]< IMS_REGADDR {,}
07-25 14:40:13.469   601   771 D use-Rlog/RLOG-RIL: [0] put Channel ID '1'
07-25 14:40:13.469   601   771 I use-Rlog/RLOG-RILC: [0] -->CommandThread [771] free one command
07-25 14:40:13.469   704   768 D RILJ    : [0][3660]< <unknown request> {, }
07-25 14:40:13.469   704   768 D RILJ    : [0]SprdRIL:processSolicited: [3660]< send result: 117
07-25 14:40:13.469   704   704 D PhoneProxy: [PhoneProxy] EVENT_VOICE_RADIO_TECH_CHANGED: newVoiceTech=3
07-25 14:40:13.469   704   704 D PhoneProxy: [PhoneProxy] phoneObjectUpdater: newVoiceRadioTech=3
07-25 14:40:13.469   704   704 D PhoneProxy: [PhoneProxy] phoneObjectUpdater: No change ignore, newVoiceRadioTech=3 mActivePhone=TD
07-25 14:40:13.469   704   704 D RILJ    : [0]mPreferredNetworkType: 0
07-25 14:40:13.469   704   704 D RILJ    : [0][3661]> REQUEST_SET_PREFERRED_NETWORK_TYPE : 0
07-25 14:40:13.469   704   704 D RILJ    : SPRDRILOPERATOR
07-25 14:40:13.469   704   704 D RILJ    : [0][3662]> OPERATOR
07-25 14:40:13.469   601   613 I use-Rlog/RLOG-RILC: [0] enter processCommandsCallback, socket type = 0
07-25 14:40:13.469   601   613 I use-Rlog/RLOG-RILC: [0] PCC  alloc one command p_record
07-25 14:40:13.469   601   772 D use-Rlog/RLOG-RILC: [0] PCB request code 73 token 13
07-25 14:40:13.469   601   772 D use-Rlog/RLOG-RILC: [0] [0013]> SET_PREFERRED_NETWORK_TYPE (0)
07-25 14:40:13.469   601   772 D use-Rlog/RLOG-RIL: [0] onRequest: SET_PREFERRED_NETWORK_TYPE sState=3
07-25 14:40:13.469   601   772 D use-Rlog/RLOG-RIL: [0] channel1 state: '0' 
07-25 14:40:13.469   601   772 D use-Rlog/RLOG-RIL: [0] get Channel ID '1'
07-25 14:40:13.469   601   772 D use-Rlog/RLOG-RIL: [0] ssda mode: fdd-csfb
07-25 14:40:13.469   601   772 D use-Rlog/RLOG-RILC: [0] [0013]< SET_PREFERRED_NETWORK_TYPE fails by E_GENERIC_FAILURE
07-25 14:40:13.469   601   772 D use-Rlog/RLOG-RIL: [0] put Channel ID '1'
07-25 14:40:13.469   601   772 I use-Rlog/RLOG-RILC: [0] -->CommandThread [772] free one command
07-25 14:40:13.469   704   768 D RilRequest: [3661]< REQUEST_SET_PREFERRED_NETWORK_TYPE error: com.android.internal.telephony.CommandException: GENERIC_FAILURE
07-25 14:40:13.469   601   613 I use-Rlog/RLOG-RILC: [0] enter processCommandsCallback, socket type = 0
07-25 14:40:13.469   601   613 I use-Rlog/RLOG-RILC: [0] PCC  alloc one command p_record
07-25 14:40:13.469   601   771 D use-Rlog/RLOG-RILC: [0] PCB request code 22 token 14
07-25 14:40:13.469   601   771 D use-Rlog/RLOG-RILC: [0] [0014]> OPERATOR 
07-25 14:40:13.469   601   771 D use-Rlog/RLOG-RIL: [0] onRequest: OPERATOR sState=3
07-25 14:40:13.469   601   771 D use-Rlog/RLOG-RIL: [0] channel1 state: '0' 
07-25 14:40:13.469   601   771 D use-Rlog/RLOG-RIL: [0] get Channel ID '1'
07-25 14:40:13.469   601   771 D use-Rlog/RLOG-AT: [0] Channel1: AT> AT+COPS=3,0;+COPS?;+COPS=3,1;+COPS?;+COPS=3,2;+COPS?
07-25 14:40:13.469   704   704 D RILJ    : [0][3663]> DATA_REGISTRATION_STATE
07-25 14:40:13.469   600   605 D RIL-PHS : /dev/stty_lte1 Rev:+COPS: 0
07-25 14:40:13.469   600   605 D RIL-PHS : /dev/stty_lte1 Rev:+COPS: 0
07-25 14:40:13.469   600   605 D RIL-PHS : /dev/stty_lte1 Rev:+COPS: 0,2,"000000",0
07-25 14:40:13.469   600   605 D RIL-PHS : /dev/stty_lte1 Rev:OK
07-25 14:40:13.469   601   618 D use-Rlog/RLOG-AT: [0] Channel1: AT< +COPS: 0
07-25 14:40:13.469   601   618 D use-Rlog/RLOG-AT: [0] Channel1: AT< +COPS: 0
07-25 14:40:13.469   601   618 D use-Rlog/RLOG-AT: [0] Channel1: AT< +COPS: 0,2,"000000",0
07-25 14:40:13.469   601   618 D use-Rlog/RLOG-AT: [0] Channel1: AT< OK
07-25 14:40:13.469   601   613 I use-Rlog/RLOG-RILC: [0] enter processCommandsCallback, socket type = 0
07-25 14:40:13.469   601   771 D use-Rlog/RLOG-RILC: [0] [0014]< OPERATOR {(null),(null),000000}
07-25 14:40:13.469   601   771 D use-Rlog/RLOG-RIL: [0] put Channel ID '1'
07-25 14:40:13.469   601   771 I use-Rlog/RLOG-RILC: [0] -->CommandThread [771] free one command
07-25 14:40:13.469   704   768 D RILJ    : sprdRil before responseOperatorString():response[0]= null response[1]= null response[2]= 000000
07-25 14:40:13.469   704   704 D RILJ    : [0][3664]> VOICE_REGISTRATION_STATE
07-25 14:40:13.469   601   613 I use-Rlog/RLOG-RILC: [0] enter processCommandsCallback, socket type = 0
07-25 14:40:13.469   601   613 I use-Rlog/RLOG-RILC: [0] PCC  alloc one command p_record
07-25 14:40:13.469   601   772 D use-Rlog/RLOG-RILC: [0] PCB request code 21 token 15
07-25 14:40:13.469   601   772 D use-Rlog/RLOG-RILC: [0] [0015]> DATA_REGISTRATION_STATE 
07-25 14:40:13.469   601   772 D use-Rlog/RLOG-RIL: [0] onRequest: DATA_REGISTRATION_STATE sState=3
07-25 14:40:13.469   601   772 D use-Rlog/RLOG-RIL: [0] channel1 state: '0' 
07-25 14:40:13.469   601   772 D use-Rlog/RLOG-RIL: [0] get Channel ID '1'
07-25 14:40:13.469   601   772 D use-Rlog/RLOG-RIL: [0] ssda mode: fdd-csfb
07-25 14:40:13.469   601   772 D use-Rlog/RLOG-AT: [0] Channel1: AT> AT+CEREG?
07-25 14:40:13.479   600   605 D RIL-PHS : /dev/stty_lte1 Rev:+CEREG: 2,8,"0000","00000000",0
07-25 14:40:13.479   600   605 D RIL-PHS : /dev/stty_lte1 Rev:OK
07-25 14:40:13.479   601   618 D use-Rlog/RLOG-AT: [0] Channel1: AT< +CEREG: 2,8,"0000","00000000",0
07-25 14:40:13.479   601   618 D use-Rlog/RLOG-AT: [0] Channel1: AT< OK
07-25 14:40:13.479   601   772 D use-Rlog/RLOG-RILC: [0] [0015]< DATA_REGISTRATION_STATE {10,0,0,1,(null),3}
07-25 14:40:13.479   601   772 D use-Rlog/RLOG-RIL: [0] put Channel ID '1'
07-25 14:40:13.479   601   772 I use-Rlog/RLOG-RILC: [0] -->CommandThread [772] free one command
07-25 14:40:13.479   704   704 D RILJ    : [0][3665]> QUERY_NETWORK_SELECTION_MODE
07-25 14:40:13.479   601   613 I use-Rlog/RLOG-RILC: [0] enter processCommandsCallback, socket type = 0
07-25 14:40:13.479   601   613 I use-Rlog/RLOG-RILC: [0] PCC  alloc one command p_record
07-25 14:40:13.479   601   771 D use-Rlog/RLOG-RILC: [0] PCB request code 20 token 16
07-25 14:40:13.479   601   771 D use-Rlog/RLOG-RILC: [0] [0016]> VOICE_REGISTRATION_STATE 
07-25 14:40:13.479   601   771 D use-Rlog/RLOG-RIL: [0] onRequest: VOICE_REGISTRATION_STATE sState=3
07-25 14:40:13.479   601   771 D use-Rlog/RLOG-RIL: [0] channel1 state: '0' 
07-25 14:40:13.479   601   771 D use-Rlog/RLOG-RIL: [0] get Channel ID '1'
07-25 14:40:13.479   601   771 D use-Rlog/RLOG-RIL: [0] ssda mode: fdd-csfb
07-25 14:40:13.479   601   771 D use-Rlog/RLOG-AT: [0] Channel1: AT> AT+CREG?
07-25 14:40:13.479   600   605 D RIL-PHS : /dev/stty_lte1 Rev:+CREG: 2,8,"FFFE","00000000",0
07-25 14:40:13.479   600   605 D RIL-PHS : /dev/stty_lte1 Rev:OK
07-25 14:40:13.479   601   618 D use-Rlog/RLOG-AT: [0] Channel1: AT< +CREG: 2,8,"FFFE","00000000",0
07-25 14:40:13.479   601   618 D use-Rlog/RLOG-AT: [0] Channel1: AT< OK
07-25 14:40:13.479   601   771 D use-Rlog/RLOG-RILC: [0] [0016]< VOICE_REGISTRATION_STATE {10,fffe,0,1,(null),(null),(null),0,(null),(null),(null),(null),(null),(null),(null)}
07-25 14:40:13.479   601   771 D use-Rlog/RLOG-RIL: [0] put Channel ID '1'
07-25 14:40:13.479   601   771 I use-Rlog/RLOG-RILC: [0] -->CommandThread [771] free one command
07-25 14:40:13.479   704   704 D UiccController: [0]Received EVENT_ICC_STATUS_CHANGED, calling getIccCardStatus
07-25 14:40:13.479   704   704 D RILJ    : [0][3666]> GET_SIM_STATUS
07-25 14:40:13.479   601   613 I use-Rlog/RLOG-RILC: [0] enter processCommandsCallback, socket type = 0
07-25 14:40:13.479   601   613 I use-Rlog/RLOG-RILC: [0] PCC  alloc one command p_record
07-25 14:40:13.479   601   772 D use-Rlog/RLOG-RILC: [0] PCB request code 45 token 17
07-25 14:40:13.479   601   772 D use-Rlog/RLOG-RILC: [0] [0017]> QUERY_NETWORK_SELECTION_MODE 
07-25 14:40:13.479   601   772 D use-Rlog/RLOG-RIL: [0] onRequest: QUERY_NETWORK_SELECTION_MODE sState=3
07-25 14:40:13.479   601   772 D use-Rlog/RLOG-RIL: [0] channel1 state: '0' 
07-25 14:40:13.479   601   772 D use-Rlog/RLOG-RIL: [0] get Channel ID '1'
07-25 14:40:13.479   601   772 D use-Rlog/RLOG-AT: [0] Channel1: AT> AT+COPS?
07-25 14:40:13.479   600   605 D RIL-PHS : /dev/stty_lte1 Rev:+COPS: 0,2,"000000",0
07-25 14:40:13.479   600   605 D RIL-PHS : /dev/stty_lte1 Rev:OK
07-25 14:40:13.479   601   618 D use-Rlog/RLOG-AT: [0] Channel1: AT< +COPS: 0,2,"000000",0
07-25 14:40:13.479   601   618 D use-Rlog/RLOG-AT: [0] Channel1: AT< OK
07-25 14:40:13.479   601   772 D use-Rlog/RLOG-RILC: [0] [0017]< QUERY_NETWORK_SELECTION_MODE {0}
07-25 14:40:13.479   601   772 D use-Rlog/RLOG-RIL: [0] put Channel ID '1'
07-25 14:40:13.479   601   772 I use-Rlog/RLOG-RILC: [0] -->CommandThread [772] free one command
07-25 14:40:13.479   704   704 D RILJ    : [0][3667]> RIL_REQUEST_GET_IMS_CURRENT_CALLS
07-25 14:40:13.479   601   613 I use-Rlog/RLOG-RILC: [0] enter processCommandsCallback, socket type = 0
07-25 14:40:13.479   601   613 I use-Rlog/RLOG-RILC: [0] PCC  alloc one command p_record
07-25 14:40:13.479   601   771 D use-Rlog/RLOG-RILC: [0] PCB request code 1 token 18
07-25 14:40:13.479   601   771 D use-Rlog/RLOG-RILC: [0] [0018]> GET_SIM_STATUS 
07-25 14:40:13.479   601   771 D use-Rlog/RLOG-RIL: [0] onRequest: GET_SIM_STATUS sState=3
07-25 14:40:13.479   601   771 D use-Rlog/RLOG-RIL: [0] channel1 state: '0' 
07-25 14:40:13.479   601   771 D use-Rlog/RLOG-RIL: [0] get Channel ID '1'
07-25 14:40:13.479   601   771 D use-Rlog/RLOG-AT: [0] Channel1: AT> AT+CPIN?
07-25 14:40:13.479   600   605 D RIL-PHS : /dev/stty_lte1 Rev:+CME ERROR: 10
07-25 14:40:13.479   601   618 D use-Rlog/RLOG-AT: [0] Channel1: AT< +CME ERROR: 10
07-25 14:40:13.479   601   771 D use-Rlog/RLOG-RIL: [0] setHasSim hasSim = 0
07-25 14:40:13.479   704   704 D RILJ    : [0][3668]> RIL_REQUEST_IMS_REGISTRATION_STATE
07-25 14:40:13.479   601   771 D use-Rlog/RLOG-AT: [0] Channel1: AT> AT+EUICC?
07-25 14:40:13.479   601   613 I use-Rlog/RLOG-RILC: [0] enter processCommandsCallback, socket type = 0
07-25 14:40:13.479   601   613 I use-Rlog/RLOG-RILC: [0] PCC  alloc one command p_record
07-25 14:40:13.479   601   772 D use-Rlog/RLOG-RILC: [0] PCB request code 5003 token 19
07-25 14:40:13.479   601   772 D use-Rlog/RLOG-RILC: [0] [0019]> RIL_REQUEST_GET_IMS_CURRENT_CALLS_VOLTE 
07-25 14:40:13.479   601   772 D use-Rlog/RLOG-RIL: [0] onRequest: RIL_REQUEST_GET_IMS_CURRENT_CALLS_VOLTE sState=3
07-25 14:40:13.479   601   772 D use-Rlog/RLOG-RIL: [0] channel2 state: '0' 
07-25 14:40:13.479   601   772 D use-Rlog/RLOG-RIL: [0] get Channel ID '2'
07-25 14:40:13.479   601   772 D use-Rlog/RLOG-AT: [0] Channel2: AT> AT+CLCCS
07-25 14:40:13.479   600   605 D RIL-PHS : /dev/stty_lte1 Rev:+EUICC: 2,1,255
07-25 14:40:13.479   600   605 D RIL-PHS : /dev/stty_lte1 Rev:OK
07-25 14:40:13.479   601   618 D use-Rlog/RLOG-AT: [0] Channel1: AT< +EUICC: 2,1,255
07-25 14:40:13.479   601   618 D use-Rlog/RLOG-AT: [0] Channel1: AT< OK
07-25 14:40:13.479   601   771 D use-Rlog/RLOG-RIL: [0] getSimType: +EUICC: 2,1,255
07-25 14:40:13.479   601   771 D use-Rlog/RLOG-RIL: [0] app type 0
07-25 14:40:13.479   601   771 D use-Rlog/RLOG-RILC: [0] [0018]< GET_SIM_STATUS {}
07-25 14:40:13.479   601   771 D use-Rlog/RLOG-RIL: [0] put Channel ID '1'
07-25 14:40:13.479   600   605 D RIL-PHS : /dev/stty_lte1 Rev:OK
07-25 14:40:13.479   601   771 I use-Rlog/RLOG-RILC: [0] -->CommandThread [771] free one command
07-25 14:40:13.479   704   704 D RILJ    : [0][3669]> RIL_REQUEST_VOICE_RADIO_TECH
07-25 14:40:13.479   601   618 D use-Rlog/RLOG-AT: [0] Channel2: AT< OK
07-25 14:40:13.479   601   772 D use-Rlog/RLOG-RILC: [0] [0019]< RIL_REQUEST_GET_IMS_CURRENT_CALLS_VOLTE }
07-25 14:40:13.479   601   772 D use-Rlog/RLOG-RIL: [0] put Channel ID '2'
07-25 14:40:13.479   601   772 I use-Rlog/RLOG-RILC: [0] -->CommandThread [772] free one command
07-25 14:40:13.479   601   613 I use-Rlog/RLOG-RILC: [0] enter processCommandsCallback, socket type = 0
07-25 14:40:13.479   601   613 I use-Rlog/RLOG-RILC: [0] PCC  alloc one command p_record
07-25 14:40:13.479   601   771 D use-Rlog/RLOG-RILC: [0] PCB request code 112 token 20
07-25 14:40:13.479   601   771 D use-Rlog/RLOG-RILC: [0] [0020]> IMS_REGISTRATION_STATE 
07-25 14:40:13.479   601   771 D use-Rlog/RLOG-RIL: [0] onRequest: IMS_REGISTRATION_STATE sState=3
07-25 14:40:13.479   601   771 D use-Rlog/RLOG-RIL: [0] channel1 state: '0' 
07-25 14:40:13.479   601   771 D use-Rlog/RLOG-RIL: [0] get Channel ID '1'
07-25 14:40:13.479   601   771 D use-Rlog/RLOG-RIL: [0] ssda mode: fdd-csfb
07-25 14:40:13.479   601   771 D use-Rlog/RLOG-AT: [0] Channel1: AT> AT+CIREG?
07-25 14:40:13.479   600   605 D RIL-PHS : /dev/stty_lte1 Rev:+CIREG:2,0,0
07-25 14:40:13.479   600   605 D RIL-PHS : /dev/stty_lte1 Rev:OK
07-25 14:40:13.479   601   618 D use-Rlog/RLOG-AT: [0] Channel1: AT< +CIREG:2,0,0
07-25 14:40:13.479   601   618 D use-Rlog/RLOG-AT: [0] Channel1: AT< OK
07-25 14:40:13.479   601   771 D use-Rlog/RLOG-RIL: [0] s_ims_registered= 0
07-25 14:40:13.479   601   771 D use-Rlog/RLOG-RILC: [0] [0020]< IMS_REGISTRATION_STATE {2,0,0,-1}
07-25 14:40:13.479   601   771 D use-Rlog/RLOG-RIL: [0] put Channel ID '1'
07-25 14:40:13.479   601   771 I use-Rlog/RLOG-RILC: [0] -->CommandThread [771] free one command
07-25 14:40:13.479   704   704 D RILJ    : [0][3670]> RIL_REQUEST_CDMA_GET_SUBSCRIPTION_SOURCE
07-25 14:40:13.479   601   613 I use-Rlog/RLOG-RILC: [0] enter processCommandsCallback, socket type = 0
07-25 14:40:13.479   601   613 I use-Rlog/RLOG-RILC: [0] PCC  alloc one command p_record
07-25 14:40:13.479   601   772 D use-Rlog/RLOG-RILC: [0] PCB request code 108 token 21
07-25 14:40:13.479   601   772 D use-Rlog/RLOG-RILC: [0] [0021]< VOICE_RADIO_TECH {3}
07-25 14:40:13.479   601   772 I use-Rlog/RLOG-RILC: [0] -->CommandThread [772] free one command
07-25 14:40:13.479   704   704 D IccCardProxy: [0]updateExternalState : mRadioOn = true
07-25 14:40:13.489   601   613 I use-Rlog/RLOG-RILC: [0] enter processCommandsCallback, socket type = 0
07-25 14:40:13.489   601   613 I use-Rlog/RLOG-RILC: [0] PCC  alloc one command p_record
07-25 14:40:13.489   601   771 D use-Rlog/RLOG-RILC: [0] PCB request code 104 token 22
07-25 14:40:13.489   601   771 D use-Rlog/RLOG-RILC: [0] [0022]< CDMA_GET_SUBSCRIPTION_SOURCE fails by E_GENERIC_FAILURE
07-25 14:40:13.489   601   771 I use-Rlog/RLOG-RILC: [0] -->CommandThread [771] free one command
07-25 14:40:13.489   704   704 D UiccController: [0]Received EVENT_ICC_STATUS_CHANGED, calling getIccCardStatus
07-25 14:40:13.489   704   704 D RILJ    : [0][3671]> GET_SIM_STATUS
07-25 14:40:13.489   704   704 D RILJ    : SPRDRILOPERATOR
07-25 14:40:13.489   704   704 D RILJ    : [0][3672]> OPERATOR
07-25 14:40:13.489   601   613 I use-Rlog/RLOG-RILC: [0] enter processCommandsCallback, socket type = 0
07-25 14:40:13.489   601   613 I use-Rlog/RLOG-RILC: [0] PCC  alloc one command p_record
07-25 14:40:13.489   601   772 D use-Rlog/RLOG-RILC: [0] PCB request code 1 token 23
07-25 14:40:13.489   601   772 D use-Rlog/RLOG-RILC: [0] [0023]> GET_SIM_STATUS 
07-25 14:40:13.489   601   772 D use-Rlog/RLOG-RIL: [0] onRequest: GET_SIM_STATUS sState=3
07-25 14:40:13.489   601   772 D use-Rlog/RLOG-RIL: [0] channel1 state: '0' 
07-25 14:40:13.489   601   772 D use-Rlog/RLOG-RIL: [0] get Channel ID '1'
07-25 14:40:13.489   601   772 D use-Rlog/RLOG-AT: [0] Channel1: AT> AT+CPIN?
07-25 14:40:13.489   600   605 D RIL-PHS : /dev/stty_lte1 Rev:+CME ERROR: 10
07-25 14:40:13.489   704   704 D RILJ    : [0][3673]> DATA_REGISTRATION_STATE
07-25 14:40:13.489   601   618 D use-Rlog/RLOG-AT: [0] Channel1: AT< +CME ERROR: 10
07-25 14:40:13.489   601   772 D use-Rlog/RLOG-RIL: [0] setHasSim hasSim = 0
07-25 14:40:13.489   601   772 D use-Rlog/RLOG-AT: [0] Channel1: AT> AT+EUICC?
07-25 14:40:13.489   601   613 I use-Rlog/RLOG-RILC: [0] enter processCommandsCallback, socket type = 0
07-25 14:40:13.489   601   613 I use-Rlog/RLOG-RILC: [0] PCC  alloc one command p_record
07-25 14:40:13.489   601   771 D use-Rlog/RLOG-RILC: [0] PCB request code 22 token 24
07-25 14:40:13.489   601   771 D use-Rlog/RLOG-RILC: [0] [0024]> OPERATOR 
07-25 14:40:13.489   601   771 D use-Rlog/RLOG-RIL: [0] onRequest: OPERATOR sState=3
07-25 14:40:13.489   601   771 D use-Rlog/RLOG-RIL: [0] channel2 state: '0' 
07-25 14:40:13.489   601   771 D use-Rlog/RLOG-RIL: [0] get Channel ID '2'
07-25 14:40:13.489   601   771 D use-Rlog/RLOG-AT: [0] Channel2: AT> AT+COPS=3,0;+COPS?;+COPS=3,1;+COPS?;+COPS=3,2;+COPS?
07-25 14:40:13.489   600   605 D RIL-PHS : /dev/stty_lte1 Rev:+EUICC: 2,1,255
07-25 14:40:13.489   600   605 D RIL-PHS : /dev/stty_lte1 Rev:OK
07-25 14:40:13.489   601   618 D use-Rlog/RLOG-AT: [0] Channel1: AT< +EUICC: 2,1,255
07-25 14:40:13.489   601   618 D use-Rlog/RLOG-AT: [0] Channel1: AT< OK
07-25 14:40:13.489   601   772 D use-Rlog/RLOG-RIL: [0] getSimType: +EUICC: 2,1,255
07-25 14:40:13.489   601   772 D use-Rlog/RLOG-RIL: [0] app type 0
07-25 14:40:13.489   601   772 D use-Rlog/RLOG-RILC: [0] [0023]< GET_SIM_STATUS {}
07-25 14:40:13.489   601   772 D use-Rlog/RLOG-RIL: [0] put Channel ID '1'
07-25 14:40:13.489   601   772 I use-Rlog/RLOG-RILC: [0] -->CommandThread [772] free one command
07-25 14:40:13.489   704   704 D RILJ    : [0][3674]> VOICE_REGISTRATION_STATE
07-25 14:40:13.489   600   605 D RIL-PHS : /dev/stty_lte1 Rev:+COPS: 0
07-25 14:40:13.489   600   605 D RIL-PHS : /dev/stty_lte1 Rev:+COPS: 0
07-25 14:40:13.489   600   605 D RIL-PHS : /dev/stty_lte1 Rev:+COPS: 0,2,"000000",0
07-25 14:40:13.489   600   605 D RIL-PHS : /dev/stty_lte1 Rev:OK
07-25 14:40:13.489   601   618 D use-Rlog/RLOG-AT: [0] Channel2: AT< +COPS: 0
07-25 14:40:13.489   601   618 D use-Rlog/RLOG-AT: [0] Channel2: AT< +COPS: 0
07-25 14:40:13.489   601   618 D use-Rlog/RLOG-AT: [0] Channel2: AT< +COPS: 0,2,"000000",0
07-25 14:40:13.489   601   618 D use-Rlog/RLOG-AT: [0] Channel2: AT< OK
07-25 14:40:13.489   601   771 D use-Rlog/RLOG-RILC: [0] [0024]< OPERATOR {(null),(null),000000}
07-25 14:40:13.489   601   771 D use-Rlog/RLOG-RIL: [0] put Channel ID '2'
07-25 14:40:13.489   601   771 I use-Rlog/RLOG-RILC: [0] -->CommandThread [771] free one command
07-25 14:40:13.489   601   613 I use-Rlog/RLOG-RILC: [0] enter processCommandsCallback, socket type = 0
07-25 14:40:13.489   601   613 I use-Rlog/RLOG-RILC: [0] PCC  alloc one command p_record
07-25 14:40:13.489   601   772 D use-Rlog/RLOG-RILC: [0] PCB request code 21 token 25
07-25 14:40:13.489   601   772 D use-Rlog/RLOG-RILC: [0] [0025]> DATA_REGISTRATION_STATE 
07-25 14:40:13.489   601   772 D use-Rlog/RLOG-RIL: [0] onRequest: DATA_REGISTRATION_STATE sState=3
07-25 14:40:13.489   601   772 D use-Rlog/RLOG-RIL: [0] channel1 state: '0' 
07-25 14:40:13.489   601   772 D use-Rlog/RLOG-RIL: [0] get Channel ID '1'
07-25 14:40:13.489   601   772 D use-Rlog/RLOG-RIL: [0] ssda mode: fdd-csfb
07-25 14:40:13.489   601   772 D use-Rlog/RLOG-AT: [0] Channel1: AT> AT+CEREG?
07-25 14:40:13.489   600   605 D RIL-PHS : /dev/stty_lte1 Rev:+CEREG: 2,8,"0000","00000000",0
07-25 14:40:13.489   600   605 D RIL-PHS : /dev/stty_lte1 Rev:OK
07-25 14:40:13.489   601   618 D use-Rlog/RLOG-AT: [0] Channel1: AT< +CEREG: 2,8,"0000","00000000",0
07-25 14:40:13.489   601   618 D use-Rlog/RLOG-AT: [0] Channel1: AT< OK
07-25 14:40:13.489   601   772 D use-Rlog/RLOG-RILC: [0] [0025]< DATA_REGISTRATION_STATE {10,0,0,1,(null),3}
07-25 14:40:13.489   601   772 D use-Rlog/RLOG-RIL: [0] put Channel ID '1'
07-25 14:40:13.489   601   772 I use-Rlog/RLOG-RILC: [0] -->CommandThread [772] free one command
07-25 14:40:13.489   704   704 D RILJ    : [0][3675]> QUERY_NETWORK_SELECTION_MODE
07-25 14:40:13.489   601   613 I use-Rlog/RLOG-RILC: [0] enter processCommandsCallback, socket type = 0
07-25 14:40:13.489   601   613 I use-Rlog/RLOG-RILC: [0] PCC  alloc one command p_record
07-25 14:40:13.489   601   771 D use-Rlog/RLOG-RILC: [0] PCB request code 20 token 26
07-25 14:40:13.489   601   771 D use-Rlog/RLOG-RILC: [0] [0026]> VOICE_REGISTRATION_STATE 
07-25 14:40:13.489   601   771 D use-Rlog/RLOG-RIL: [0] onRequest: VOICE_REGISTRATION_STATE sState=3
07-25 14:40:13.489   601   771 D use-Rlog/RLOG-RIL: [0] channel1 state: '0' 
07-25 14:40:13.489   601   771 D use-Rlog/RLOG-RIL: [0] get Channel ID '1'
07-25 14:40:13.489   601   771 D use-Rlog/RLOG-RIL: [0] ssda mode: fdd-csfb
07-25 14:40:13.489   601   771 D use-Rlog/RLOG-AT: [0] Channel1: AT> AT+CREG?
07-25 14:40:13.499   600   605 D RIL-PHS : /dev/stty_lte1 Rev:+CREG: 2,8,"FFFE","00000000",0
07-25 14:40:13.499   600   605 D RIL-PHS : /dev/stty_lte1 Rev:OK
07-25 14:40:13.499   601   618 D use-Rlog/RLOG-AT: [0] Channel1: AT< +CREG: 2,8,"FFFE","00000000",0
07-25 14:40:13.499   601   618 D use-Rlog/RLOG-AT: [0] Channel1: AT< OK
07-25 14:40:13.499   601   771 D use-Rlog/RLOG-RILC: [0] [0026]< VOICE_REGISTRATION_STATE {10,fffe,0,1,(null),(null),(null),0,(null),(null),(null),(null),(null),(null),(null)}
07-25 14:40:13.499   601   771 D use-Rlog/RLOG-RIL: [0] put Channel ID '1'
07-25 14:40:13.499   601   771 I use-Rlog/RLOG-RILC: [0] -->CommandThread [771] free one command
07-25 14:40:13.499   704   704 D RILJ    : SPRDRILOPERATOR
07-25 14:40:13.499   704   704 D RILJ    : [0][3676]> OPERATOR
07-25 14:40:13.499   601   613 I use-Rlog/RLOG-RILC: [0] enter processCommandsCallback, socket type = 0
07-25 14:40:13.499   601   613 I use-Rlog/RLOG-RILC: [0] PCC  alloc one command p_record
07-25 14:40:13.499   601   772 D use-Rlog/RLOG-RILC: [0] PCB request code 45 token 27
07-25 14:40:13.499   601   772 D use-Rlog/RLOG-RILC: [0] [0027]> QUERY_NETWORK_SELECTION_MODE 
07-25 14:40:13.499   601   772 D use-Rlog/RLOG-RIL: [0] onRequest: QUERY_NETWORK_SELECTION_MODE sState=3
07-25 14:40:13.499   601   772 D use-Rlog/RLOG-RIL: [0] channel1 state: '0' 
07-25 14:40:13.499   601   772 D use-Rlog/RLOG-RIL: [0] get Channel ID '1'
07-25 14:40:13.499   601   772 D use-Rlog/RLOG-AT: [0] Channel1: AT> AT+COPS?
07-25 14:40:13.499   600   605 D RIL-PHS : /dev/stty_lte1 Rev:+COPS: 0,2,"000000",0
07-25 14:40:13.499   600   605 D RIL-PHS : /dev/stty_lte1 Rev:OK
07-25 14:40:13.499   601   618 D use-Rlog/RLOG-AT: [0] Channel1: AT< +COPS: 0,2,"000000",0
07-25 14:40:13.499   601   618 D use-Rlog/RLOG-AT: [0] Channel1: AT< OK
07-25 14:40:13.499   601   772 D use-Rlog/RLOG-RILC: [0] [0027]< QUERY_NETWORK_SELECTION_MODE {0}
07-25 14:40:13.499   601   772 D use-Rlog/RLOG-RIL: [0] put Channel ID '1'
07-25 14:40:13.499   601   772 I use-Rlog/RLOG-RILC: [0] -->CommandThread [772] free one command
07-25 14:40:13.499   704   704 D RILJ    : [0][3677]> DATA_REGISTRATION_STATE
