07-25 14:40:12.359   624   665 W MountService:     mUserLabel=null mState=removed  avail = false Volume state :removed
07-25 14:40:12.369   624   869 D AlarmManager: set(PendingIntent{41ba9be0: PendingIntentRecord{41ba9598 com.android.phone broadcastIntent}}) : type=3 triggerAtTime=28810189 win=-1 tElapsed=28810189 maxElapsed=50410189 interval=28800000 standalone=false
07-25 14:40:12.369   624   869 D AlarmManager: setImplLocked() Action = com.android.phone.UPDATE_CALLER_INFO_CACHE, Component = ComponentInfo{com.android.phone/com.android.phone.CallerInfoCacheUpdateReceiver}, type = 3, when = 1564065612371, absolute triggerTime = 2019-07-25 22:40:12
07-25 14:40:12.369   624   657 D PowerGuruService: NEW_ALARM
07-25 14:40:12.369   624   657 D PowerGuruService: not a WAKEUP alarm, return!
07-25 14:40:12.409   624   624 D WcnManagerService: Phone service state change: 1
07-25 14:40:12.409   624   657 D PowerGuruService: CMD_BATTERY_CHANGED (newPlugType = 0)
07-25 14:40:12.409   624   687 D PowerController: handleMessage(MSG_DEVICE_STATE_CHANGED)
07-25 14:40:12.409   624   624 V BackupManagerService: Connected to transport ComponentInfo{android/com.android.internal.backup.LocalTransportService}
07-25 14:40:12.409   624   624 V BackupManagerService: Registering transport android/com.android.internal.backup.LocalTransportService::android/com.android.internal.backup.LocalTransport = com.android.internal.backup.LocalTransport@41a6a4f0
07-25 14:40:12.409   624   687 D PowerController: - handleDeviceStateChanged() E -, action: android.intent.action.BATTERY_CHANGED
07-25 14:40:12.409   624   687 D PowerController: pluggedType:0 mCharging:false
07-25 14:40:12.409   624   687 D PowerController: handleDeviceStateChanged: bScreenChanged:false bConnectionChanged:false bChargingChanged:true
07-25 14:40:12.409   624   863 D WcnManagerService: EVENT_PHONE_STATE_ON
07-25 14:40:12.409   624   687 D PowerController: checkPowerGuruInterval: mCharging:false mScreenOn:true mMobileConnected:true
07-25 14:40:12.409   624   644 D UsbDeviceManager: broadcasting Intent { act=android.hardware.usb.action.USB_STATE flg=0x20000000 (has extras) } extras: Bundle[{connected=false, adb=true, mtp=true, configured=false}]
07-25 14:40:12.409   624   644 D BroadcastQueue: Schedule broadcasts [background]: current=false
07-25 14:40:12.409   624   640 D BroadcastQueue: Received BROADCAST_INTENT_MSG
07-25 14:40:12.409   624   640 D BroadcastQueue: processNextBroadcast(background) called when not idle (state=1)
07-25 14:40:12.409   624   624 D TelephonyRegistry: MSG_USER_SWITCHED userId=0
07-25 14:40:12.409   624   624 D TelephonyRegistry: validateEventsAndUserLocked: valid=false r.callerUid=0 foregroundUser=0 r.events=449 events=16
07-25 14:40:12.409   624   624 D TelephonyRegistry: validateEventsAndUserLocked: valid=false r.callerUid=0 foregroundUser=0 r.events=32 events=16
07-25 14:40:12.409   624   624 D TelephonyRegistry: validateEventsAndUserLocked: valid=false r.callerUid=0 foregroundUser=0 r.events=1 events=16
07-25 14:40:12.409   624   665 W MountService: StorageVolume:
07-25 14:40:12.409   624   665 W MountService:     mStorageId=131073 mPath=/storage/sdcard0 mDescriptionId=17040781 
07-25 14:40:12.409   624   665 W MountService:     mPrimary=false mRemovable=true mEmulated=false mMtpReserveSpace=100 
07-25 14:40:12.409   624   665 W MountService:     mAllowMassStorage=true mMaxFileSize=4294967296 mOwner=null mUuid=null 
07-25 14:40:12.409   624   665 W MountService:     mUserLabel=null mState=removed  avail = false Volume state :removed
07-25 14:40:12.409   624   879 D TelephonyRegistry: listen: E pkg=com.android.systemui events=0x41e1 myUid=0 callerUid=0
07-25 14:40:12.409   624   879 I TelephonyRegistry: listen: add new record={pkgForDebug=com.android.systemui callerUid=0 events=0}
07-25 14:40:12.409   624   879 I TelephonyRegistry: listen: mVoLteServiceState=VoLteServiceState: 2147483647ImsServiceState: 2147483647
07-25 14:40:12.409   624   879 D TelephonyRegistry: validateEventsAndUserLocked: valid=false r.callerUid=0 foregroundUser=0 r.events=16865 events=16
07-25 14:40:12.409   624   641 W ActivityManager: Unable to start service Intent { cmp=com.android.printspooler/.PrintSpoolerService } U=0: not found
07-25 14:40:12.419   624   879 D TelephonyRegistry: validateEventsAndUserLocked: valid=false r.callerUid=0 foregroundUser=0 r.events=16865 events=1024
07-25 14:40:12.429   624   879 D BroadcastQueue: Schedule broadcasts [background]: current=false
07-25 14:40:12.429   624   640 D BroadcastQueue: Received BROADCAST_INTENT_MSG
07-25 14:40:12.429   624   640 D BroadcastQueue: processNextBroadcast(background) called when not idle (state=1)
07-25 14:40:12.439   624   879 D BroadcastQueue: Schedule broadcasts [background]: current=false
07-25 14:40:12.439   624   640 D BroadcastQueue: Received BROADCAST_INTENT_MSG
07-25 14:40:12.439   624   640 D BroadcastQueue: processNextBroadcast(background) called when not idle (state=1)
07-25 14:40:12.449   624   879 V WindowManager: New client android.os.BinderProxy@41bcc8e0: window=Window{41bccba8 u0 StatusBar}
07-25 14:40:12.459   624   682 I ActivityManager: Start proc com.android.incallui for service com.android.dialer/com.sprd.incallui.VideoCallHandlerService: pid=894 uid=10013 gids={50013, 3003, 1028, 1015, 3002, 3001, 1051, 1052}
07-25 14:40:12.509   689   689 V KeyguardViewManager: send wm null token: host was null
07-25 14:40:12.539   624   854 D BroadcastQueue: Schedule broadcasts [background]: current=false
07-25 14:40:12.539   624   640 D BroadcastQueue: Received BROADCAST_INTENT_MSG
07-25 14:40:12.539   624   640 D BroadcastQueue: processNextBroadcast(background) called when not idle (state=1)
07-25 14:40:12.549   624   907 D TelephonyRegistry: listen: E pkg=com.android.phone events=0xc myUid=0 callerUid=0
07-25 14:40:12.549   624   907 I TelephonyRegistry: listen: add new record={pkgForDebug=com.android.phone callerUid=0 events=0}
07-25 14:40:12.549   624   907 D TelephonyRegistry: validateEventsAndUserLocked: valid=false r.callerUid=0 foregroundUser=0 r.events=12 events=16
07-25 14:40:12.549   624   907 D TelephonyRegistry: validateEventsAndUserLocked: valid=false r.callerUid=0 foregroundUser=0 r.events=12 events=1024
07-25 14:40:12.549   624   907 I PowerManagerService: setScreenOffTimeoutsLocked, enableflag:false
07-25 14:40:12.559   624   907 D BroadcastQueue: Schedule broadcasts [background]: current=false
07-25 14:40:12.559   624   640 D BroadcastQueue: Received BROADCAST_INTENT_MSG
07-25 14:40:12.559   624   907 D BroadcastQueue: Schedule broadcasts [background]: current=true
07-25 14:40:12.559   624   640 D BroadcastQueue: processNextBroadcast(background) called when not idle (state=1)
07-25 14:40:12.589   624   907 D BroadcastQueue: Schedule broadcasts [background]: current=false
07-25 14:40:12.589   624   640 D BroadcastQueue: Received BROADCAST_INTENT_MSG
07-25 14:40:12.589   624   640 D BroadcastQueue: processNextBroadcast(background) called when not idle (state=1)
07-25 14:40:12.599   624   854 D TelephonyRegistry: listen: E pkg=com.android.systemui events=0x0 myUid=0 callerUid=0
07-25 14:40:12.629   624   907 D BroadcastQueue: Schedule broadcasts [background]: current=false
07-25 14:40:12.629   624   640 D BroadcastQueue: Received BROADCAST_INTENT_MSG
07-25 14:40:12.629   624   640 D BroadcastQueue: processNextBroadcast(background) called when not idle (state=1)
07-25 14:40:12.629   624   907 D TelephonyRegistry: listen: E pkg=com.android.phone events=0x1 myUid=0 callerUid=0
07-25 14:40:12.629   624   907 I TelephonyRegistry: listen: add new record={pkgForDebug=com.android.phone callerUid=0 events=0}
07-25 14:40:12.629   624   907 D TelephonyRegistry: validateEventsAndUserLocked: valid=false r.callerUid=0 foregroundUser=0 r.events=1 events=16
07-25 14:40:12.629   624   907 D TelephonyRegistry: validateEventsAndUserLocked: valid=false r.callerUid=0 foregroundUser=0 r.events=1 events=1024
07-25 14:40:12.639   624   907 D BroadcastQueue: enqueueOrderedBroadcastLocked after add: BroadcastRecord{41b822f0 u0 android.intent.action.PHONE_START} , the first order broadcast is:BroadcastRecord{4194dd50 u-1 android.hardware.usb.action.USB_STATE} size:8 is: background
07-25 14:40:12.639   624   907 D BroadcastQueue: Schedule broadcasts [background]: current=false
07-25 14:40:12.639   624   640 D BroadcastQueue: Received BROADCAST_INTENT_MSG
07-25 14:40:12.639   624   640 D BroadcastQueue: processNextBroadcast(background) called when not idle (state=1)
07-25 14:40:12.679   624   907 D BroadcastQueue: Schedule broadcasts [background]: current=false
07-25 14:40:12.679   624   640 D BroadcastQueue: Received BROADCAST_INTENT_MSG
07-25 14:40:12.679   624   640 D BroadcastQueue: processNextBroadcast(background) called when not idle (state=1)
07-25 14:40:12.679   624   907 D TelephonyRegistry: listen: E pkg=com.android.phone events=0x9 myUid=0 callerUid=0
07-25 14:40:12.679   624   907 I TelephonyRegistry: listen: add new record={pkgForDebug=com.android.phone callerUid=0 events=0}
07-25 14:40:12.679   624   907 D TelephonyRegistry: validateEventsAndUserLocked: valid=false r.callerUid=0 foregroundUser=0 r.events=9 events=16
07-25 14:40:12.679   624   907 D TelephonyRegistry: validateEventsAndUserLocked: valid=false r.callerUid=0 foregroundUser=0 r.events=9 events=1024
07-25 14:40:12.699   624   854 V WindowManager: New client android.os.BinderProxy@4192ec60: window=Window{4180c950 u0 android/com.android.internal.app.ResolverActivity}
07-25 14:40:12.699   624   854 D PowerManagerService: acquireWakeLockInternal: lock=1100039128, flags=0x1, tag="RILJ", ws=null, uid=1001, pid=704 pkg name:com.android.phone
07-25 14:40:12.699   624   854 V BatteryStatsImpl: startRunningLocked(): mNesting = 1
07-25 14:40:12.699   624   854 V BatteryStatsImpl: startRunningLocked before mTimerPool.size = 6
07-25 14:40:12.699   624   854 V BatteryStatsImpl: startRunningLocked after mTimerPool.size = 7
07-25 14:40:12.699   624   854 D BroadcastQueue: Schedule broadcasts [background]: current=false
07-25 14:40:12.699   624   640 D BroadcastQueue: Received BROADCAST_INTENT_MSG
07-25 14:40:12.699   624   854 D BroadcastQueue: enqueueOrderedBroadcastLocked after add: BroadcastRecord{41b5e020 u-1 android.intent.action.PHONE_STATE} , the first order broadcast is:BroadcastRecord{4194dd50 u-1 android.hardware.usb.action.USB_STATE} size:9 is: background
07-25 14:40:12.699   624   854 D BroadcastQueue: Schedule broadcasts [background]: current=true
07-25 14:40:12.699   624   640 D BroadcastQueue: processNextBroadcast(background) called when not idle (state=1)
07-25 14:40:12.709   624   624 D WcnManagerService: Phone service state change: 3
07-25 14:40:12.709   624   863 D WcnManagerService: EVENT_PHONE_STATE_OFF
07-25 14:40:12.709   624   863 D WcnManagerService: onPhoneStateOff: Current Wifi state (mWifiConnected:false, mSoftApStarted:false, mLte3wireSwitchEanbled:false, mLteBandReportEnabled:false)
07-25 14:40:12.709   624   907 I ActivityManager: Resumed activity; dropping state of: ActivityRecord{41b3fc00 u0 android/com.android.internal.app.ResolverActivity t1}
07-25 14:40:12.709   624   854 D BroadcastQueue: Schedule broadcasts [background]: current=false
07-25 14:40:12.709   624   640 D BroadcastQueue: Received BROADCAST_INTENT_MSG
07-25 14:40:12.709   624   854 D BroadcastQueue: enqueueOrderedBroadcastLocked after add: BroadcastRecord{41b39d78 u-1 android.intent.action.SERVICE_STATE} , the first order broadcast is:BroadcastRecord{4194dd50 u-1 android.hardware.usb.action.USB_STATE} size:10 is: background
07-25 14:40:12.709   624   854 D BroadcastQueue: Schedule broadcasts [background]: current=true
07-25 14:40:12.709   624   640 D BroadcastQueue: processNextBroadcast(background) called when not idle (state=1)
07-25 14:40:12.709   624   854 D PowerManagerService: releaseWakeLockInternal: lock=1100039128 [RILJ], flags=0x0 pkg name:com.android.phone
07-25 14:40:12.709   624   907 D BroadcastQueue: Schedule broadcasts [background]: current=false
07-25 14:40:12.709   624   640 D BroadcastQueue: Received BROADCAST_INTENT_MSG
07-25 14:40:12.709   624   640 D BroadcastQueue: processNextBroadcast(background) called when not idle (state=1)
07-25 14:40:12.709   624   907 D BroadcastQueue: Schedule broadcasts [background]: current=false
07-25 14:40:12.709   624   640 D BroadcastQueue: Received BROADCAST_INTENT_MSG
07-25 14:40:12.709   624   640 D BroadcastQueue: processNextBroadcast(background) called when not idle (state=1)
07-25 14:40:12.719   624   907 D PowerManagerService: acquireWakeLockInternal: lock=1100039128, flags=0x1, tag="RILJ", ws=null, uid=1001, pid=704 pkg name:com.android.phone
07-25 14:40:12.719   624   907 V BatteryStatsImpl: startRunningLocked(): mNesting = 1
07-25 14:40:12.719   624   907 V BatteryStatsImpl: startRunningLocked before mTimerPool.size = 6
07-25 14:40:12.719   624   907 V BatteryStatsImpl: startRunningLocked after mTimerPool.size = 7
07-25 14:40:12.729   624   854 D PowerManagerService: releaseWakeLockInternal: lock=1100039128 [RILJ], flags=0x0 pkg name:com.android.phone
07-25 14:40:12.729   624   907 I TelephonyRegistry: notifyDataConnection: state=0 isDataConnectivityPossible=false reason='radioTurnedOff' apn='null' apnType=dm networkType=0 mRecords.size()=7 mRecords=[{pkgForDebug=android callerUid=0 events=1c1}, {pkgForDebug=android callerUid=0 events=20}, {pkgForDebug=android callerUid=0 events=1}, {pkgForDebug=com.android.systemui callerUid=0 events=41e1}, {pkgForDebug=com.android.phone callerUid=0 events=c}, {pkgForDebug=com.android.phone callerUid=0 events=1}, {pkgForDebug=com.android.phone callerUid=0 events=9}] linkProperties: null
07-25 14:40:12.729   624   907 D BroadcastQueue: Schedule broadcasts [background]: current=false
07-25 14:40:12.729   624   640 D BroadcastQueue: Received BROADCAST_INTENT_MSG
07-25 14:40:12.729   624   640 D BroadcastQueue: processNextBroadcast(background) called when not idle (state=1)
07-25 14:40:12.729   624   624 D MobileDataStateTracker: wap0: receive android.intent.action.ANY_DATA_STATE
07-25 14:40:12.729   624   624 D MobileDataStateTracker: wap0: Broadcast received: ACTION_ANY_DATA_CONNECTION_STATE_CHANGEDmApnType=wap != received apnType=dm
07-25 14:40:12.729   624   624 D MobileDataStateTracker: null0: receive android.intent.action.ANY_DATA_STATE
07-25 14:40:12.729   624   624 D MobileDataStateTracker: null0: Broadcast received: ACTION_ANY_DATA_CONNECTION_STATE_CHANGEDmApnType=null != received apnType=dm
07-25 14:40:12.729   624   624 D MobileDataStateTracker: xcap0: receive android.intent.action.ANY_DATA_STATE
07-25 14:40:12.729   624   624 D MobileDataStateTracker: xcap0: Broadcast received: ACTION_ANY_DATA_CONNECTION_STATE_CHANGEDmApnType=xcap != received apnType=dm
07-25 14:40:12.729   624   624 D MobileDataStateTracker: dm0: receive android.intent.action.ANY_DATA_STATE
07-25 14:40:12.729   624   624 D MobileDataStateTracker: dm0: Broadcast received: ACTION_ANY_DATA_CONNECTION_STATE_CHANGEDmApnType=dm == received apnType=dm
07-25 14:40:12.729   624   624 D MobileDataStateTracker: dm0: Broadcast received: android.intent.action.ANY_DATA_STATE apnType=dm
07-25 14:40:12.739   624   907 I TelephonyRegistry: notifyDataConnection: state=0 isDataConnectivityPossible=false reason='radioTurnedOff' apn='null' apnType=wap networkType=0 mRecords.size()=7 mRecords=[{pkgForDebug=android callerUid=0 events=1c1}, {pkgForDebug=android callerUid=0 events=20}, {pkgForDebug=android callerUid=0 events=1}, {pkgForDebug=com.android.systemui callerUid=0 events=41e1}, {pkgForDebug=com.android.phone callerUid=0 events=c}, {pkgForDebug=com.android.phone callerUid=0 events=1}, {pkgForDebug=com.android.phone callerUid=0 events=9}] linkProperties: null
07-25 14:40:12.739   624   907 D BroadcastQueue: Schedule broadcasts [background]: current=false
07-25 14:40:12.739   624   640 D BroadcastQueue: Received BROADCAST_INTENT_MSG
07-25 14:40:12.739   624   624 D MobileDataStateTracker: dm0: dm setting isAvailable to true
07-25 14:40:12.739   624   624 D MobileDataStateTracker: dm0: Received state=DISCONNECTED, old=DISCONNECTED, reason=radioTurnedOff
07-25 14:40:12.739   624   624 D MobileDataStateTracker: hipri0: receive android.intent.action.ANY_DATA_STATE
07-25 14:40:12.739   624   624 D MobileDataStateTracker: hipri0: Broadcast received: ACTION_ANY_DATA_CONNECTION_STATE_CHANGEDmApnType=hipri != received apnType=dm
07-25 14:40:12.739   624   624 D MobileDataStateTracker: cbs0: receive android.intent.action.ANY_DATA_STATE
07-25 14:40:12.739   624   624 D MobileDataStateTracker: cbs0: Broadcast received: ACTION_ANY_DATA_CONNECTION_STATE_CHANGEDmApnType=cbs != received apnType=dm
07-25 14:40:12.739   624   624 D MobileDataStateTracker: ims0: receive android.intent.action.ANY_DATA_STATE
07-25 14:40:12.739   624   624 D MobileDataStateTracker: ims0: Broadcast received: ACTION_ANY_DATA_CONNECTION_STATE_CHANGEDmApnType=ims != received apnType=dm
07-25 14:40:12.739   624   624 D MobileDataStateTracker: fota0: receive android.intent.action.ANY_DATA_STATE
07-25 14:40:12.739   624   624 D MobileDataStateTracker: fota0: Broadcast received: ACTION_ANY_DATA_CONNECTION_STATE_CHANGEDmApnType=fota != received apnType=dm
07-25 14:40:12.739   624   624 D MobileDataStateTracker: supl0: receive android.intent.action.ANY_DATA_STATE
07-25 14:40:12.739   624   624 D MobileDataStateTracker: supl0: Broadcast received: ACTION_ANY_DATA_CONNECTION_STATE_CHANGEDmApnType=supl != received apnType=dm
07-25 14:40:12.739   624   624 D MobileDataStateTracker: mms0: receive android.intent.action.ANY_DATA_STATE
07-25 14:40:12.739   624   640 D BroadcastQueue: processNextBroadcast(background) called when not idle (state=1)
07-25 14:40:12.739   624   907 I TelephonyRegistry: notifyDataConnection: state=0 isDataConnectivityPossible=false reason='radioTurnedOff' apn='null' apnType=fota networkType=0 mRecords.size()=7 mRecords=[{pkgForDebug=android callerUid=0 events=1c1}, {pkgForDebug=android callerUid=0 events=20}, {pkgForDebug=android callerUid=0 events=1}, {pkgForDebug=com.android.systemui callerUid=0 events=41e1}, {pkgForDebug=com.android.phone callerUid=0 events=c}, {pkgForDebug=com.android.phone callerUid=0 events=1}, {pkgForDebug=com.android.phone callerUid=0 events=9}] linkProperties: null
07-25 14:40:12.749   624   907 D BroadcastQueue: Schedule broadcasts [background]: current=false
07-25 14:40:12.749   624   624 D MobileDataStateTracker: mms0: Broadcast received: ACTION_ANY_DATA_CONNECTION_STATE_CHANGEDmApnType=mms != received apnType=dm
07-25 14:40:12.749   624   624 D MobileDataStateTracker: default0: receive android.intent.action.ANY_DATA_STATE
07-25 14:40:12.749   624   624 D MobileDataStateTracker: default0: Broadcast received: ACTION_ANY_DATA_CONNECTION_STATE_CHANGEDmApnType=default != received apnType=dm
07-25 14:40:12.749   624   640 D BroadcastQueue: Received BROADCAST_INTENT_MSG
07-25 14:40:12.749   624   624 D MobileDataStateTracker: wap0: receive android.intent.action.ANY_DATA_STATE
07-25 14:40:12.749   624   624 D MobileDataStateTracker: wap0: Broadcast received: ACTION_ANY_DATA_CONNECTION_STATE_CHANGEDmApnType=wap == received apnType=wap
07-25 14:40:12.749   624   640 D BroadcastQueue: processNextBroadcast(background) called when not idle (state=1)
07-25 14:40:12.759   624   624 D MobileDataStateTracker: wap0: Broadcast received: android.intent.action.ANY_DATA_STATE apnType=wap
07-25 14:40:12.759   624   636 I WindowManager: mDock rect: (0,0 - 320,360)
07-25 14:40:12.759   624   636 V WindowManager: Status bar: dock=[0,15][320,360] content=[0,15][320,360] cur=[0,15][320,360]
07-25 14:40:12.759   624   636 V WindowManager: layoutWindowLw(android/com.android.internal.app.ResolverActivity): normal window
07-25 14:40:12.759   624   636 V WindowManager: Compute frame android/com.android.internal.app.ResolverActivity: sim=#20 attach=null type=1 flags=0x04820002 pf=[0,15][320,360] df=[0,15][320,360] of=[0,15][320,360] cf=[0,15][320,360] vf=[0,15][320,360] dcf=[0,15][320,360]
07-25 14:40:12.759   624   636 I WindowManager: Win Window{41bccba8 u0 StatusBar}: isVisibleOrBehindKeyguardLw=true
07-25 14:40:12.759   624   636 I WindowManager: force=false forcefkg=false top=null
07-25 14:40:12.759   624   907 I TelephonyRegistry: notifyDataConnection: state=0 isDataConnectivityPossible=false reason='radioTurnedOff' apn='null' apnType=supl networkType=0 mRecords.size()=7 mRecords=[{pkgForDebug=android callerUid=0 events=1c1}, {pkgForDebug=android callerUid=0 events=20}, {pkgForDebug=android callerUid=0 events=1}, {pkgForDebug=com.android.systemui callerUid=0 events=41e1}, {pkgForDebug=com.android.phone callerUid=0 events=c}, {pkgForDebug=com.android.phone callerUid=0 events=1}, {pkgForDebug=com.android.phone callerUid=0 events=9}] linkProperties: null
07-25 14:40:12.759   624   907 D BroadcastQueue: Schedule broadcasts [background]: current=false
07-25 14:40:12.759   624   624 D MobileDataStateTracker: wap0: wap setting isAvailable to true
07-25 14:40:12.759   624   624 D MobileDataStateTracker: wap0: Received state=DISCONNECTED, old=DISCONNECTED, reason=radioTurnedOff
07-25 14:40:12.759   624   624 D MobileDataStateTracker: null0: receive android.intent.action.ANY_DATA_STATE
07-25 14:40:12.759   624   640 D BroadcastQueue: Received BROADCAST_INTENT_MSG
07-25 14:40:12.759   624   640 D BroadcastQueue: processNextBroadcast(background) called when not idle (state=1)
07-25 14:40:12.769   624   624 D MobileDataStateTracker: null0: Broadcast received: ACTION_ANY_DATA_CONNECTION_STATE_CHANGEDmApnType=null != received apnType=wap
07-25 14:40:12.769   624   624 D MobileDataStateTracker: xcap0: receive android.intent.action.ANY_DATA_STATE
07-25 14:40:12.769   624   636 I WindowManager: mDock rect: (0,0 - 320,360)
07-25 14:40:12.769   624   636 V WindowManager: Status bar: dock=[0,15][320,360] content=[0,15][320,360] cur=[0,15][320,360]
07-25 14:40:12.769   624   624 D MobileDataStateTracker: xcap0: Broadcast received: ACTION_ANY_DATA_CONNECTION_STATE_CHANGEDmApnType=xcap != received apnType=wap
07-25 14:40:12.769   624   636 I WindowManager: Win Window{41bccba8 u0 StatusBar}: isVisibleOrBehindKeyguardLw=true
07-25 14:40:12.769   624   636 I WindowManager: force=false forcefkg=false top=null
07-25 14:40:12.769   624   624 D MobileDataStateTracker: dm0: receive android.intent.action.ANY_DATA_STATE
07-25 14:40:12.769   624   624 D MobileDataStateTracker: dm0: Broadcast received: ACTION_ANY_DATA_CONNECTION_STATE_CHANGEDmApnType=dm != received apnType=wap
07-25 14:40:12.769   624   624 D MobileDataStateTracker: hipri0: receive android.intent.action.ANY_DATA_STATE
07-25 14:40:12.769   624   624 D MobileDataStateTracker: hipri0: Broadcast received: ACTION_ANY_DATA_CONNECTION_STATE_CHANGEDmApnType=hipri != received apnType=wap
07-25 14:40:12.769   624   624 D MobileDataStateTracker: cbs0: receive android.intent.action.ANY_DATA_STATE
07-25 14:40:12.769   624   854 I TelephonyRegistry: notifyDataConnection: state=0 isDataConnectivityPossible=false reason='radioTurnedOff' apn='null' apnType=hipri networkType=0 mRecords.size()=7 mRecords=[{pkgForDebug=android callerUid=0 events=1c1}, {pkgForDebug=android callerUid=0 events=20}, {pkgForDebug=android callerUid=0 events=1}, {pkgForDebug=com.android.systemui callerUid=0 events=41e1}, {pkgForDebug=com.android.phone callerUid=0 events=c}, {pkgForDebug=com.android.phone callerUid=0 events=1}, {pkgForDebug=com.android.phone callerUid=0 events=9}] linkProperties: null
07-25 14:40:12.769   624   854 D BroadcastQueue: Schedule broadcasts [background]: current=false
07-25 14:40:12.769   624   640 D BroadcastQueue: Received BROADCAST_INTENT_MSG
07-25 14:40:12.769   624   640 D BroadcastQueue: processNextBroadcast(background) called when not idle (state=1)
07-25 14:40:12.769   624   624 D MobileDataStateTracker: cbs0: Broadcast received: ACTION_ANY_DATA_CONNECTION_STATE_CHANGEDmApnType=cbs != received apnType=wap
07-25 14:40:12.769   624   636 I TelephonyRegistry: notifyDataConnection: state=0 isDataConnectivityPossible=false reason='radioTurnedOff' apn='null' apnType=ims networkType=0 mRecords.size()=7 mRecords=[{pkgForDebug=android callerUid=0 events=1c1}, {pkgForDebug=android callerUid=0 events=20}, {pkgForDebug=android callerUid=0 events=1}, {pkgForDebug=com.android.systemui callerUid=0 events=41e1}, {pkgForDebug=com.android.phone callerUid=0 events=c}, {pkgForDebug=com.android.phone callerUid=0 events=1}, {pkgForDebug=com.android.phone callerUid=0 events=9}] linkProperties: null
07-25 14:40:12.779   624   636 D BroadcastQueue: Schedule broadcasts [background]: current=false
07-25 14:40:12.779   624   640 D BroadcastQueue: Received BROADCAST_INTENT_MSG
07-25 14:40:12.779   624   624 D MobileDataStateTracker: ims0: receive android.intent.action.ANY_DATA_STATE
07-25 14:40:12.779   624   640 D BroadcastQueue: processNextBroadcast(background) called when not idle (state=1)
07-25 14:40:12.779   624   636 I TelephonyRegistry: notifyDataConnection: state=0 isDataConnectivityPossible=false reason='radioTurnedOff' apn='null' apnType=default networkType=0 mRecords.size()=7 mRecords=[{pkgForDebug=android callerUid=0 events=1c1}, {pkgForDebug=android callerUid=0 events=20}, {pkgForDebug=android callerUid=0 events=1}, {pkgForDebug=com.android.systemui callerUid=0 events=41e1}, {pkgForDebug=com.android.phone callerUid=0 events=c}, {pkgForDebug=com.android.phone callerUid=0 events=1}, {pkgForDebug=com.android.phone callerUid=0 events=9}] linkProperties: null
07-25 14:40:12.779   624   636 D BroadcastQueue: Schedule broadcasts [background]: current=false
07-25 14:40:12.779   624   640 D BroadcastQueue: Received BROADCAST_INTENT_MSG
07-25 14:40:12.779   624   624 D MobileDataStateTracker: ims0: Broadcast received: ACTION_ANY_DATA_CONNECTION_STATE_CHANGEDmApnType=ims != received apnType=wap
07-25 14:40:12.779   624   624 D MobileDataStateTracker: fota0: receive android.intent.action.ANY_DATA_STATE
07-25 14:40:12.779   624   640 D BroadcastQueue: processNextBroadcast(background) called when not idle (state=1)
07-25 14:40:12.779   624   624 D MobileDataStateTracker: fota0: Broadcast received: ACTION_ANY_DATA_CONNECTION_STATE_CHANGEDmApnType=fota != received apnType=wap
07-25 14:40:12.779   624   624 D MobileDataStateTracker: supl0: receive android.intent.action.ANY_DATA_STATE
07-25 14:40:12.779   624   624 D MobileDataStateTracker: supl0: Broadcast received: ACTION_ANY_DATA_CONNECTION_STATE_CHANGEDmApnType=supl != received apnType=wap
07-25 14:40:12.779   624   624 D MobileDataStateTracker: mms0: receive android.intent.action.ANY_DATA_STATE
07-25 14:40:12.779   624   624 D MobileDataStateTracker: mms0: Broadcast received: ACTION_ANY_DATA_CONNECTION_STATE_CHANGEDmApnType=mms != received apnType=wap
07-25 14:40:12.779   624   907 I TelephonyRegistry: notifyDataConnection: state=0 isDataConnectivityPossible=false reason='radioTurnedOff' apn='null' apnType=mms networkType=0 mRecords.size()=7 mRecords=[{pkgForDebug=android callerUid=0 events=1c1}, {pkgForDebug=android callerUid=0 events=20}, {pkgForDebug=android callerUid=0 events=1}, {pkgForDebug=com.android.systemui callerUid=0 events=41e1}, {pkgForDebug=com.android.phone callerUid=0 events=c}, {pkgForDebug=com.android.phone callerUid=0 events=1}, {pkgForDebug=com.android.phone callerUid=0 events=9}] linkProperties: null
07-25 14:40:12.779   624   624 D MobileDataStateTracker: default0: receive android.intent.action.ANY_DATA_STATE
07-25 14:40:12.779   624   907 D BroadcastQueue: Schedule broadcasts [background]: current=false
07-25 14:40:12.789   624   640 D BroadcastQueue: Received BROADCAST_INTENT_MSG
07-25 14:40:12.789   624   624 D MobileDataStateTracker: default0: Broadcast received: ACTION_ANY_DATA_CONNECTION_STATE_CHANGEDmApnType=default != received apnType=wap
07-25 14:40:12.789   624   624 D MobileDataStateTracker: wap0: receive android.intent.action.ANY_DATA_STATE
07-25 14:40:12.789   624   640 D BroadcastQueue: processNextBroadcast(background) called when not idle (state=1)
07-25 14:40:12.789   624   624 D MobileDataStateTracker: wap0: Broadcast received: ACTION_ANY_DATA_CONNECTION_STATE_CHANGEDmApnType=wap != received apnType=fota
07-25 14:40:12.789   624   624 D MobileDataStateTracker: null0: receive android.intent.action.ANY_DATA_STATE
07-25 14:40:12.789   624   907 I TelephonyRegistry: notifyDataConnection: state=0 isDataConnectivityPossible=false reason='radioTurnedOff' apn='null' apnType=cbs networkType=0 mRecords.size()=7 mRecords=[{pkgForDebug=android callerUid=0 events=1c1}, {pkgForDebug=android callerUid=0 events=20}, {pkgForDebug=android callerUid=0 events=1}, {pkgForDebug=com.android.systemui callerUid=0 events=41e1}, {pkgForDebug=com.android.phone callerUid=0 events=c}, {pkgForDebug=com.android.phone callerUid=0 events=1}, {pkgForDebug=com.android.phone callerUid=0 events=9}] linkProperties: null
07-25 14:40:12.789   624   624 D MobileDataStateTracker: null0: Broadcast received: ACTION_ANY_DATA_CONNECTION_STATE_CHANGEDmApnType=null != received apnType=fota
07-25 14:40:12.789   624   624 D MobileDataStateTracker: xcap0: receive android.intent.action.ANY_DATA_STATE
07-25 14:40:12.789   624   907 D BroadcastQueue: Schedule broadcasts [background]: current=false
07-25 14:40:12.789   624   640 D BroadcastQueue: Received BROADCAST_INTENT_MSG
07-25 14:40:12.789   624   624 D MobileDataStateTracker: xcap0: Broadcast received: ACTION_ANY_DATA_CONNECTION_STATE_CHANGEDmApnType=xcap != received apnType=fota
07-25 14:40:12.789   624   624 D MobileDataStateTracker: dm0: receive android.intent.action.ANY_DATA_STATE
07-25 14:40:12.789   624   624 D MobileDataStateTracker: dm0: Broadcast received: ACTION_ANY_DATA_CONNECTION_STATE_CHANGEDmApnType=dm != received apnType=fota
07-25 14:40:12.789   624   624 D MobileDataStateTracker: hipri0: receive android.intent.action.ANY_DATA_STATE
07-25 14:40:12.789   624   640 D BroadcastQueue: processNextBroadcast(background) called when not idle (state=1)
07-25 14:40:12.789   624   624 D MobileDataStateTracker: hipri0: Broadcast received: ACTION_ANY_DATA_CONNECTION_STATE_CHANGEDmApnType=hipri != received apnType=fota
07-25 14:40:12.789   624   624 D MobileDataStateTracker: cbs0: receive android.intent.action.ANY_DATA_STATE
07-25 14:40:12.789   624   624 D MobileDataStateTracker: cbs0: Broadcast received: ACTION_ANY_DATA_CONNECTION_STATE_CHANGEDmApnType=cbs != received apnType=fota
07-25 14:40:12.789   624   624 D MobileDataStateTracker: ims0: receive android.intent.action.ANY_DATA_STATE
07-25 14:40:12.789   624   624 D MobileDataStateTracker: ims0: Broadcast received: ACTION_ANY_DATA_CONNECTION_STATE_CHANGEDmApnType=ims != received apnType=fota
07-25 14:40:12.789   624   624 D MobileDataStateTracker: fota0: receive android.intent.action.ANY_DATA_STATE
07-25 14:40:12.789   624   624 D MobileDataStateTracker: fota0: Broadcast received: ACTION_ANY_DATA_CONNECTION_STATE_CHANGEDmApnType=fota == received apnType=fota
07-25 14:40:12.789   624   624 D MobileDataStateTracker: fota0: Broadcast received: android.intent.action.ANY_DATA_STATE apnType=fota
07-25 14:40:12.799   624   636 I TelephonyRegistry: notifyDataConnection: state=0 isDataConnectivityPossible=false reason='radioTurnedOff' apn='null' apnType=xcap networkType=0 mRecords.size()=7 mRecords=[{pkgForDebug=android callerUid=0 events=1c1}, {pkgForDebug=android callerUid=0 events=20}, {pkgForDebug=android callerUid=0 events=1}, {pkgForDebug=com.android.systemui callerUid=0 events=41e1}, {pkgForDebug=com.android.phone callerUid=0 events=c}, {pkgForDebug=com.android.phone callerUid=0 events=1}, {pkgForDebug=com.android.phone callerUid=0 events=9}] linkProperties: null
07-25 14:40:12.799   624   636 D BroadcastQueue: Schedule broadcasts [background]: current=false
07-25 14:40:12.799   624   640 D BroadcastQueue: Received BROADCAST_INTENT_MSG
07-25 14:40:12.799   624   624 D MobileDataStateTracker: fota0: fota setting isAvailable to true
07-25 14:40:12.799   624   624 D MobileDataStateTracker: fota0: Received state=DISCONNECTED, old=DISCONNECTED, reason=radioTurnedOff
07-25 14:40:12.799   624   640 D BroadcastQueue: processNextBroadcast(background) called when not idle (state=1)
07-25 14:40:12.799   624   624 D MobileDataStateTracker: supl0: receive android.intent.action.ANY_DATA_STATE
07-25 14:40:12.799   624   624 D MobileDataStateTracker: supl0: Broadcast received: ACTION_ANY_DATA_CONNECTION_STATE_CHANGEDmApnType=supl != received apnType=fota
07-25 14:40:12.799   624   624 D MobileDataStateTracker: mms0: receive android.intent.action.ANY_DATA_STATE
07-25 14:40:12.799   624   624 D MobileDataStateTracker: mms0: Broadcast received: ACTION_ANY_DATA_CONNECTION_STATE_CHANGEDmApnType=mms != received apnType=fota
07-25 14:40:12.799   624   624 D MobileDataStateTracker: default0: receive android.intent.action.ANY_DATA_STATE
07-25 14:40:12.799   624   624 D MobileDataStateTracker: default0: Broadcast received: ACTION_ANY_DATA_CONNECTION_STATE_CHANGEDmApnType=default != received apnType=fota
07-25 14:40:12.799   624   624 D MobileDataStateTracker: wap0: receive android.intent.action.ANY_DATA_STATE
07-25 14:40:12.799   624   624 D MobileDataStateTracker: wap0: Broadcast received: ACTION_ANY_DATA_CONNECTION_STATE_CHANGEDmApnType=wap != received apnType=supl
07-25 14:40:12.799   624   624 D MobileDataStateTracker: null0: receive android.intent.action.ANY_DATA_STATE
07-25 14:40:12.799   624   624 D MobileDataStateTracker: null0: Broadcast received: ACTION_ANY_DATA_CONNECTION_STATE_CHANGEDmApnType=null != received apnType=supl
07-25 14:40:12.799   624   624 D MobileDataStateTracker: xcap0: receive android.intent.action.ANY_DATA_STATE
07-25 14:40:12.799   624   624 D MobileDataStateTracker: xcap0: Broadcast received: ACTION_ANY_DATA_CONNECTION_STATE_CHANGEDmApnType=xcap != received apnType=supl
07-25 14:40:12.799   624   624 D MobileDataStateTracker: dm0: receive android.intent.action.ANY_DATA_STATE
07-25 14:40:12.799   624   624 D MobileDataStateTracker: dm0: Broadcast received: ACTION_ANY_DATA_CONNECTION_STATE_CHANGEDmApnType=dm != received apnType=supl
07-25 14:40:12.799   624   624 D MobileDataStateTracker: hipri0: receive android.intent.action.ANY_DATA_STATE
07-25 14:40:12.799   624   624 D MobileDataStateTracker: hipri0: Broadcast received: ACTION_ANY_DATA_CONNECTION_STATE_CHANGEDmApnType=hipri != received apnType=supl
07-25 14:40:12.799   624   624 D MobileDataStateTracker: cbs0: receive android.intent.action.ANY_DATA_STATE
07-25 14:40:12.799   624   624 D MobileDataStateTracker: cbs0: Broadcast received: ACTION_ANY_DATA_CONNECTION_STATE_CHANGEDmApnType=cbs != received apnType=supl
07-25 14:40:12.799   624   624 D MobileDataStateTracker: ims0: receive android.intent.action.ANY_DATA_STATE
07-25 14:40:12.799   624   636 D WindowManager: Input focus has changed to Window{4180c950 u0 android/com.android.internal.app.ResolverActivity}
07-25 14:40:12.799   624   636 I WindowManager: mDock rect: (0,0 - 320,360)
07-25 14:40:12.799   624   636 V WindowManager: Status bar: dock=[0,15][320,360] content=[0,15][320,360] cur=[0,15][320,360]
07-25 14:40:12.799   624   636 V WindowManager: layoutWindowLw(android/com.android.internal.app.ResolverActivity): IN_SCREEN
07-25 14:40:12.799   624   636 V WindowManager: Compute frame android/com.android.internal.app.ResolverActivity: sim=#20 attach=null type=1 flags=0x04820002 pf=[0,0][320,360] df=[0,0][320,360] of=[0,0][320,360] cf=[0,15][320,360] vf=[0,15][320,360] dcf=[0,15][320,360]
07-25 14:40:12.799   624   636 I WindowManager: Win Window{41bccba8 u0 StatusBar}: isVisibleOrBehindKeyguardLw=true
07-25 14:40:12.799   624   636 I WindowManager: Win Window{4180c950 u0 android/com.android.internal.app.ResolverActivity}: isVisibleOrBehindKeyguardLw=true
07-25 14:40:12.799   624   636 I WindowManager: force=false forcefkg=false top=null
07-25 14:40:12.799   624   624 D MobileDataStateTracker: ims0: Broadcast received: ACTION_ANY_DATA_CONNECTION_STATE_CHANGEDmApnType=ims != received apnType=supl
07-25 14:40:12.799   624   624 D MobileDataStateTracker: fota0: receive android.intent.action.ANY_DATA_STATE
07-25 14:40:12.799   624   624 D MobileDataStateTracker: fota0: Broadcast received: ACTION_ANY_DATA_CONNECTION_STATE_CHANGEDmApnType=fota != received apnType=supl
07-25 14:40:12.799   624   624 D MobileDataStateTracker: supl0: receive android.intent.action.ANY_DATA_STATE
07-25 14:40:12.799   624   624 D MobileDataStateTracker: supl0: Broadcast received: ACTION_ANY_DATA_CONNECTION_STATE_CHANGEDmApnType=supl == received apnType=supl
07-25 14:40:12.799   624   624 D MobileDataStateTracker: supl0: Broadcast received: android.intent.action.ANY_DATA_STATE apnType=supl
07-25 14:40:12.809   624   624 D MobileDataStateTracker: supl0: supl setting isAvailable to true
07-25 14:40:12.809   624   624 D MobileDataStateTracker: supl0: Received state=DISCONNECTED, old=DISCONNECTED, reason=radioTurnedOff
07-25 14:40:12.809   624   624 D MobileDataStateTracker: mms0: receive android.intent.action.ANY_DATA_STATE
07-25 14:40:12.809   624   624 D MobileDataStateTracker: mms0: Broadcast received: ACTION_ANY_DATA_CONNECTION_STATE_CHANGEDmApnType=mms != received apnType=supl
07-25 14:40:12.809   624   624 D MobileDataStateTracker: default0: receive android.intent.action.ANY_DATA_STATE
07-25 14:40:12.809   624   624 D MobileDataStateTracker: default0: Broadcast received: ACTION_ANY_DATA_CONNECTION_STATE_CHANGEDmApnType=default != received apnType=supl
07-25 14:40:12.809   624   624 D MobileDataStateTracker: wap0: receive android.intent.action.ANY_DATA_STATE
07-25 14:40:12.809   624   624 D MobileDataStateTracker: wap0: Broadcast received: ACTION_ANY_DATA_CONNECTION_STATE_CHANGEDmApnType=wap != received apnType=hipri
07-25 14:40:12.809   624   624 D MobileDataStateTracker: null0: receive android.intent.action.ANY_DATA_STATE
07-25 14:40:12.809   624   624 D MobileDataStateTracker: null0: Broadcast received: ACTION_ANY_DATA_CONNECTION_STATE_CHANGEDmApnType=null != received apnType=hipri
07-25 14:40:12.809   624   624 D MobileDataStateTracker: xcap0: receive android.intent.action.ANY_DATA_STATE
07-25 14:40:12.809   624   624 D MobileDataStateTracker: xcap0: Broadcast received: ACTION_ANY_DATA_CONNECTION_STATE_CHANGEDmApnType=xcap != received apnType=hipri
07-25 14:40:12.809   624   624 D MobileDataStateTracker: dm0: receive android.intent.action.ANY_DATA_STATE
07-25 14:40:12.809   624   624 D MobileDataStateTracker: dm0: Broadcast received: ACTION_ANY_DATA_CONNECTION_STATE_CHANGEDmApnType=dm != received apnType=hipri
07-25 14:40:12.809   624   624 D MobileDataStateTracker: hipri0: receive android.intent.action.ANY_DATA_STATE
07-25 14:40:12.809   624   624 D MobileDataStateTracker: hipri0: Broadcast received: ACTION_ANY_DATA_CONNECTION_STATE_CHANGEDmApnType=hipri == received apnType=hipri
07-25 14:40:12.809   624   624 D MobileDataStateTracker: hipri0: Broadcast received: android.intent.action.ANY_DATA_STATE apnType=hipri
07-25 14:40:12.809   624   869 I TelephonyRegistry: notifyDataConnection: state=0 isDataConnectivityPossible=false reason='radioTurnedOff' apn='null' apnType=dm networkType=0 mRecords.size()=7 mRecords=[{pkgForDebug=android callerUid=0 events=1c1}, {pkgForDebug=android callerUid=0 events=20}, {pkgForDebug=android callerUid=0 events=1}, {pkgForDebug=com.android.systemui callerUid=0 events=41e1}, {pkgForDebug=com.android.phone callerUid=0 events=c}, {pkgForDebug=com.android.phone callerUid=0 events=1}, {pkgForDebug=com.android.phone callerUid=0 events=9}] linkProperties: null
07-25 14:40:12.809   624   869 D BroadcastQueue: Schedule broadcasts [background]: current=false
07-25 14:40:12.809   624   636 I WindowManager: mDock rect: (0,0 - 320,360)
07-25 14:40:12.809   624   636 V WindowManager: Status bar: dock=[0,15][320,360] content=[0,15][320,360] cur=[0,15][320,360]
07-25 14:40:12.809   624   636 V WindowManager: layoutWindowLw(android/com.android.internal.app.ResolverActivity): IN_SCREEN
07-25 14:40:12.819   624   636 V WindowManager: Compute frame android/com.android.internal.app.ResolverActivity: sim=#20 attach=null type=1 flags=0x04820002 pf=[0,0][320,360] df=[0,0][320,360] of=[0,0][320,360] cf=[0,15][320,360] vf=[0,15][320,360] dcf=[0,15][320,360]
07-25 14:40:12.819   624   636 I WindowManager: Win Window{41bccba8 u0 StatusBar}: isVisibleOrBehindKeyguardLw=true
07-25 14:40:12.819   624   636 I WindowManager: Win Window{4180c950 u0 android/com.android.internal.app.ResolverActivity}: isVisibleOrBehindKeyguardLw=true
07-25 14:40:12.819   624   636 I WindowManager: force=false forcefkg=false top=null
07-25 14:40:12.819   624   640 D BroadcastQueue: Received BROADCAST_INTENT_MSG
07-25 14:40:12.819   624   640 D BroadcastQueue: processNextBroadcast(background) called when not idle (state=1)
07-25 14:40:12.819   624   624 D MobileDataStateTracker: hipri0: hipri setting isAvailable to true
07-25 14:40:12.819   624   624 D MobileDataStateTracker: hipri0: Received state=DISCONNECTED, old=DISCONNECTED, reason=radioTurnedOff
07-25 14:40:12.819   624   624 D MobileDataStateTracker: cbs0: receive android.intent.action.ANY_DATA_STATE
07-25 14:40:12.819   624   624 D MobileDataStateTracker: cbs0: Broadcast received: ACTION_ANY_DATA_CONNECTION_STATE_CHANGEDmApnType=cbs != received apnType=hipri
07-25 14:40:12.819   624   624 D MobileDataStateTracker: ims0: receive android.intent.action.ANY_DATA_STATE
07-25 14:40:12.819   624   624 D MobileDataStateTracker: ims0: Broadcast received: ACTION_ANY_DATA_CONNECTION_STATE_CHANGEDmApnType=ims != received apnType=hipri
07-25 14:40:12.819   624   624 D MobileDataStateTracker: fota0: receive android.intent.action.ANY_DATA_STATE
07-25 14:40:12.819   624   624 D MobileDataStateTracker: fota0: Broadcast received: ACTION_ANY_DATA_CONNECTION_STATE_CHANGEDmApnType=fota != received apnType=hipri
07-25 14:40:12.819   624   624 D MobileDataStateTracker: supl0: receive android.intent.action.ANY_DATA_STATE
07-25 14:40:12.819   624   624 D MobileDataStateTracker: supl0: Broadcast received: ACTION_ANY_DATA_CONNECTION_STATE_CHANGEDmApnType=supl != received apnType=hipri
07-25 14:40:12.819   624   624 D MobileDataStateTracker: mms0: receive android.intent.action.ANY_DATA_STATE
07-25 14:40:12.819   624   624 D MobileDataStateTracker: mms0: Broadcast received: ACTION_ANY_DATA_CONNECTION_STATE_CHANGEDmApnType=mms != received apnType=hipri
07-25 14:40:12.819   624   854 I TelephonyRegistry: notifyDataConnection: state=0 isDataConnectivityPossible=false reason='radioTurnedOff' apn='null' apnType=wap networkType=0 mRecords.size()=7 mRecords=[{pkgForDebug=android callerUid=0 events=1c1}, {pkgForDebug=android callerUid=0 events=20}, {pkgForDebug=android callerUid=0 events=1}, {pkgForDebug=com.android.systemui callerUid=0 events=41e1}, {pkgForDebug=com.android.phone callerUid=0 events=c}, {pkgForDebug=com.android.phone callerUid=0 events=1}, {pkgForDebug=com.android.phone callerUid=0 events=9}] linkProperties: null
07-25 14:40:12.819   624   854 D BroadcastQueue: Schedule broadcasts [background]: current=false
07-25 14:40:12.819   624   640 D BroadcastQueue: Received BROADCAST_INTENT_MSG
07-25 14:40:12.829   624   640 D BroadcastQueue: processNextBroadcast(background) called when not idle (state=1)
07-25 14:40:12.829   624   854 I TelephonyRegistry: notifyDataConnection: state=0 isDataConnectivityPossible=false reason='radioTurnedOff' apn='null' apnType=fota networkType=0 mRecords.size()=7 mRecords=[{pkgForDebug=android callerUid=0 events=1c1}, {pkgForDebug=android callerUid=0 events=20}, {pkgForDebug=android callerUid=0 events=1}, {pkgForDebug=com.android.systemui callerUid=0 events=41e1}, {pkgForDebug=com.android.phone callerUid=0 events=c}, {pkgForDebug=com.android.phone callerUid=0 events=1}, {pkgForDebug=com.android.phone callerUid=0 events=9}] linkProperties: null
07-25 14:40:12.829   624   624 D MobileDataStateTracker: default0: receive android.intent.action.ANY_DATA_STATE
07-25 14:40:12.829   624   624 D MobileDataStateTracker: default0: Broadcast received: ACTION_ANY_DATA_CONNECTION_STATE_CHANGEDmApnType=default != received apnType=hipri
07-25 14:40:12.829   624   624 D MobileDataStateTracker: wap0: receive android.intent.action.ANY_DATA_STATE
07-25 14:40:12.829   624   624 D MobileDataStateTracker: wap0: Broadcast received: ACTION_ANY_DATA_CONNECTION_STATE_CHANGEDmApnType=wap != received apnType=ims
07-25 14:40:12.829   624   624 D MobileDataStateTracker: null0: receive android.intent.action.ANY_DATA_STATE
07-25 14:40:12.829   624   624 D MobileDataStateTracker: null0: Broadcast received: ACTION_ANY_DATA_CONNECTION_STATE_CHANGEDmApnType=null != received apnType=ims
07-25 14:40:12.829   624   624 D MobileDataStateTracker: xcap0: receive android.intent.action.ANY_DATA_STATE
07-25 14:40:12.829   624   624 D MobileDataStateTracker: xcap0: Broadcast received: ACTION_ANY_DATA_CONNECTION_STATE_CHANGEDmApnType=xcap != received apnType=ims
07-25 14:40:12.829   624   624 D MobileDataStateTracker: dm0: receive android.intent.action.ANY_DATA_STATE
07-25 14:40:12.829   624   624 D MobileDataStateTracker: dm0: Broadcast received: ACTION_ANY_DATA_CONNECTION_STATE_CHANGEDmApnType=dm != received apnType=ims
07-25 14:40:12.829   624   624 D MobileDataStateTracker: hipri0: receive android.intent.action.ANY_DATA_STATE
07-25 14:40:12.829   624   624 D MobileDataStateTracker: hipri0: Broadcast received: ACTION_ANY_DATA_CONNECTION_STATE_CHANGEDmApnType=hipri != received apnType=ims
07-25 14:40:12.829   624   624 D MobileDataStateTracker: cbs0: receive android.intent.action.ANY_DATA_STATE
07-25 14:40:12.829   624   624 D MobileDataStateTracker: cbs0: Broadcast received: ACTION_ANY_DATA_CONNECTION_STATE_CHANGEDmApnType=cbs != received apnType=ims
07-25 14:40:12.829   624   624 D MobileDataStateTracker: ims0: receive android.intent.action.ANY_DATA_STATE
07-25 14:40:12.829   624   624 D MobileDataStateTracker: ims0: Broadcast received: ACTION_ANY_DATA_CONNECTION_STATE_CHANGEDmApnType=ims == received apnType=ims
07-25 14:40:12.829   624   624 D MobileDataStateTracker: ims0: Broadcast received: android.intent.action.ANY_DATA_STATE apnType=ims
07-25 14:40:12.829   624   854 D BroadcastQueue: Schedule broadcasts [background]: current=false
07-25 14:40:12.829   624   640 D BroadcastQueue: Received BROADCAST_INTENT_MSG
07-25 14:40:12.839   624   640 D BroadcastQueue: processNextBroadcast(background) called when not idle (state=1)
07-25 14:40:12.839   624   636 I TelephonyRegistry: notifyDataConnection: state=0 isDataConnectivityPossible=false reason='radioTurnedOff' apn='null' apnType=supl networkType=0 mRecords.size()=7 mRecords=[{pkgForDebug=android callerUid=0 events=1c1}, {pkgForDebug=android callerUid=0 events=20}, {pkgForDebug=android callerUid=0 events=1}, {pkgForDebug=com.android.systemui callerUid=0 events=41e1}, {pkgForDebug=com.android.phone callerUid=0 events=c}, {pkgForDebug=com.android.phone callerUid=0 events=1}, {pkgForDebug=com.android.phone callerUid=0 events=9}] linkProperties: null
07-25 14:40:12.839   624   624 D MobileDataStateTracker: ims0: ims setting isAvailable to true
07-25 14:40:12.839   624   624 D MobileDataStateTracker: ims0: Received state=DISCONNECTED, old=DISCONNECTED, reason=radioTurnedOff
07-25 14:40:12.839   624   624 D MobileDataStateTracker: fota0: receive android.intent.action.ANY_DATA_STATE
07-25 14:40:12.839   624   624 D MobileDataStateTracker: fota0: Broadcast received: ACTION_ANY_DATA_CONNECTION_STATE_CHANGEDmApnType=fota != received apnType=ims
07-25 14:40:12.839   624   624 D MobileDataStateTracker: supl0: receive android.intent.action.ANY_DATA_STATE
07-25 14:40:12.839   624   624 D MobileDataStateTracker: supl0: Broadcast received: ACTION_ANY_DATA_CONNECTION_STATE_CHANGEDmApnType=supl != received apnType=ims
07-25 14:40:12.839   624   624 D MobileDataStateTracker: mms0: receive android.intent.action.ANY_DATA_STATE
07-25 14:40:12.839   624   624 D MobileDataStateTracker: mms0: Broadcast received: ACTION_ANY_DATA_CONNECTION_STATE_CHANGEDmApnType=mms != received apnType=ims
07-25 14:40:12.849   624   624 D MobileDataStateTracker: default0: receive android.intent.action.ANY_DATA_STATE
07-25 14:40:12.849   624   624 D MobileDataStateTracker: default0: Broadcast received: ACTION_ANY_DATA_CONNECTION_STATE_CHANGEDmApnType=default != received apnType=ims
07-25 14:40:12.849   624   624 D MobileDataStateTracker: wap0: receive android.intent.action.ANY_DATA_STATE
07-25 14:40:12.849   624   624 D MobileDataStateTracker: wap0: Broadcast received: ACTION_ANY_DATA_CONNECTION_STATE_CHANGEDmApnType=wap != received apnType=default
07-25 14:40:12.849   624   624 D MobileDataStateTracker: null0: receive android.intent.action.ANY_DATA_STATE
07-25 14:40:12.849   624   624 D MobileDataStateTracker: null0: Broadcast received: ACTION_ANY_DATA_CONNECTION_STATE_CHANGEDmApnType=null != received apnType=default
07-25 14:40:12.849   624   624 D MobileDataStateTracker: xcap0: receive android.intent.action.ANY_DATA_STATE
07-25 14:40:12.849   624   624 D MobileDataStateTracker: xcap0: Broadcast received: ACTION_ANY_DATA_CONNECTION_STATE_CHANGEDmApnType=xcap != received apnType=default
07-25 14:40:12.849   624   624 D MobileDataStateTracker: dm0: receive android.intent.action.ANY_DATA_STATE
07-25 14:40:12.849   624   624 D MobileDataStateTracker: dm0: Broadcast received: ACTION_ANY_DATA_CONNECTION_STATE_CHANGEDmApnType=dm != received apnType=default
07-25 14:40:12.849   624   624 D MobileDataStateTracker: hipri0: receive android.intent.action.ANY_DATA_STATE
07-25 14:40:12.849   624   624 D MobileDataStateTracker: hipri0: Broadcast received: ACTION_ANY_DATA_CONNECTION_STATE_CHANGEDmApnType=hipri != received apnType=default
07-25 14:40:12.849   624   624 D MobileDataStateTracker: cbs0: receive android.intent.action.ANY_DATA_STATE
07-25 14:40:12.849   624   624 D MobileDataStateTracker: cbs0: Broadcast received: ACTION_ANY_DATA_CONNECTION_STATE_CHANGEDmApnType=cbs != received apnType=default
