07-25 14:40:10.859   624   667 W PackageManager: Unknown permission android.hardware.sensor.accelerometer in package com.toycloud.ewatch.friend
07-25 14:40:10.859   624   667 W PackageManager: Unknown permission android.permission.ACCESS_COARSE_UPDATES in package com.toycloud.ewatch.friend
07-25 14:40:10.859   624   667 W PackageManager: Unknown permission com.toycloud.permission.SEND_CONTACTS_TO_SECRETORY in package com.toycloud.ewatch.friend
07-25 14:40:10.859   624   667 W PackageManager: Not granting permission android.permission.BIND_WALLPAPER to package com.android.camera2 (protectionLevel=18 flags=0x58bc44)
07-25 14:40:10.869   624   667 W PackageManager: Unknown permission android.permission.RECOVERY in package com.toycloud.updateservice
07-25 14:40:10.869   624   667 W PackageManager: Unknown permission android.permission.ACCESS_COARSE_UPDATES in package com.toycloud.platformservice
07-25 14:40:10.869   624   667 W PackageManager: Unknown permission com.google.android.googleapps.permission.GOOGLE_AUTH in package com.android.settings
07-25 14:40:10.869   624   667 W PackageManager: Unknown permission com.android.launcher.permission.READ_SETTINGS in package com.android.settings
07-25 14:40:10.869   624   667 W PackageManager: Unknown permission com.android.launcher.permission.WRITE_SETTINGS in package com.android.settings
07-25 14:40:10.889   624   667 W PackageManager: Not granting permission android.permission.WRITE_MEDIA_STORAGE to package com.android.gallery3d (protectionLevel=18 flags=0xd8bc45)
07-25 14:40:10.889   624   667 W PackageManager: Not granting permission android.permission.MANAGE_DOCUMENTS to package com.android.gallery3d (protectionLevel=2 flags=0xd8bc45)
07-25 14:40:10.889   624   667 W PackageManager: Unknown permission com.android.email.permission.ACCESS_PROVIDER in package com.android.gallery3d
07-25 14:40:10.889   624   667 W PackageManager: Unknown permission android.permission.SYSTEM_OVERLAY_WINDOW in package com.android.gallery3d
07-25 14:40:10.899   624   667 W PackageManager: Unknown permission android.permission.ACCESS_COARSE_UPDATES in package com.toycloud.ewatch.chat
07-25 14:40:10.909   624   667 W PackageManager: Unknown permission com.toycloud.permission.SEND_CONTACTS_TO_SECRETORY in package com.toycloud.ewatch.chat
07-25 14:40:10.919   624   667 W PackageManager: Unknown permission android.permission.RECEIVE_SMSCB in package com.android.keyguard
07-25 14:40:10.939   624   667 W PackageManager: Unknown permission android.permission.WRITE_OWNER_DATA in package com.sprd.validationtools
07-25 14:40:10.939   624   667 W PackageManager: Unknown permission android.permission.LOCATION in package com.sprd.validationtools
07-25 14:40:10.939   624   667 W PackageManager: Unknown permission android.permission.SYSTEM_OVERLAY_WINDOW in package com.sprd.validationtools
07-25 14:40:11.039   624   624 I SystemServer: Wi-Fi Service
07-25 14:40:11.119   624   624 I SystemServer: Connectivity Service
07-25 14:40:11.119   624   624 D ConnectivityService: ConnectivityService starting up
07-25 14:40:11.119   624   624 D ConnectivityService: raString=1,1 r=com.android.server.ConnectivityService$RadioAttributes@41a41ff0
07-25 14:40:11.119   624   624 D ConnectivityService: raString=0,1 r=com.android.server.ConnectivityService$RadioAttributes@41923188
07-25 14:40:11.119   624   624 D ConnectivityService: raString=7,1 r=com.android.server.ConnectivityService$RadioAttributes@41923518
07-25 14:40:11.119   624   624 D ConnectivityService: wifiOnly=false
07-25 14:40:11.119   624   624 D ConnectivityService: naString=wifi,1,1,1,-1,true config=android.net.NetworkConfig@419de870
07-25 14:40:11.119   624   624 D ConnectivityService: naString=mobile,0,0,0,-1,true config=android.net.NetworkConfig@418168f8
07-25 14:40:11.119   624   624 D ConnectivityService: naString=mobile_mms,2,0,2,60000,true config=android.net.NetworkConfig@419c2f30
07-25 14:40:11.119   624   624 D ConnectivityService: naString=mobile_supl,3,0,2,60000,true config=android.net.NetworkConfig@419c33c8
07-25 14:40:11.119   624   624 D ConnectivityService: naString=mobile_hipri,5,0,3,60000,true config=android.net.NetworkConfig@418b5400
07-25 14:40:11.119   624   624 D ConnectivityService: naString=mobile_fota,10,0,2,60000,true config=android.net.NetworkConfig@418b58a8
07-25 14:40:11.119   624   624 D ConnectivityService: naString=mobile_ims,11,0,2,60000,true config=android.net.NetworkConfig@419453b8
07-25 14:40:11.119   624   624 D ConnectivityService: naString=mobile_cbs,12,0,2,60000,true config=android.net.NetworkConfig@41945858
07-25 14:40:11.119   624   624 D ConnectivityService: naString=mobile_dm,15,0,3,60000,true config=android.net.NetworkConfig@41a08f50
07-25 14:40:11.119   624   624 D ConnectivityService: naString=mobile_xcap,17,0,3,60000,true config=android.net.NetworkConfig@41a093e8
07-25 14:40:11.119   624   624 D ConnectivityService: naString=mobile_stk,18,0,3,60000,true config=android.net.NetworkConfig@417f1b60
07-25 14:40:11.119   624   624 D ConnectivityService: naString=mobile_wap,35,0,4,60000,true config=android.net.NetworkConfig@417f1fd0
07-25 14:40:11.119   624   624 D ConnectivityService: naString=mobile,100,0,0,-1,true config=android.net.NetworkConfig@418c7838
07-25 14:40:11.119   624   624 D ConnectivityService: naString=mobile0_mms,102,0,2,60000,true config=android.net.NetworkConfig@418c7ca0
07-25 14:40:11.119   624   624 D ConnectivityService: naString=mobile0_supl,103,0,2,60000,true config=android.net.NetworkConfig@4192ac10
07-25 14:40:11.119   624   624 D ConnectivityService: naString=mobile0_hipri,105,0,3,60000,true config=android.net.NetworkConfig@4192b0d0
07-25 14:40:11.119   624   624 D ConnectivityService: naString=mobile0_fota,110,0,2,60000,true config=android.net.NetworkConfig@41958140
07-25 14:40:11.119   624   624 D ConnectivityService: naString=mobile0_ims,111,0,2,60000,true config=android.net.NetworkConfig@41958600
07-25 14:40:11.119   624   624 D ConnectivityService: naString=mobile0_cbs,112,0,2,60000,true config=android.net.NetworkConfig@41958ab8
07-25 14:40:11.119   624   624 D ConnectivityService: naString=mobile0_dm,115,0,3,60000,true config=android.net.NetworkConfig@419f6858
07-25 14:40:11.119   624   624 D ConnectivityService: naString=mobile0_xcap,117,0,3,60000,true config=android.net.NetworkConfig@419f6d00
07-25 14:40:11.119   624   624 D ConnectivityService: naString=mobile0_stk,118,0,3,60000,true config=android.net.NetworkConfig@418340f8
07-25 14:40:11.119   624   624 D ConnectivityService: naString=mobile0_wap,135,0,4,60000,true config=android.net.NetworkConfig@418345b0
07-25 14:40:11.119   624   624 D ConnectivityService: naString=mobile,200,0,0,-1,true config=android.net.NetworkConfig@418c9ee8
07-25 14:40:11.119   624   624 E ConnectivityService: Error in networkAttributes - ignoring attempt to define type 200
07-25 14:40:11.119   624   624 D ConnectivityService: naString=mobile1_mms,202,0,2,60000,true config=android.net.NetworkConfig@419e8ac8
07-25 14:40:11.119   624   624 E ConnectivityService: Error in networkAttributes - ignoring attempt to define type 202
07-25 14:40:11.119   624   624 D ConnectivityService: naString=mobile1_supl,203,0,2,60000,true config=android.net.NetworkConfig@419e9150
07-25 14:40:11.119   624   624 E ConnectivityService: Error in networkAttributes - ignoring attempt to define type 203
07-25 14:40:11.129   624   624 D ConnectivityService: naString=mobile1_hipri,205,0,3,60000,true config=android.net.NetworkConfig@41a46228
07-25 14:40:11.129   624   624 E ConnectivityService: Error in networkAttributes - ignoring attempt to define type 205
07-25 14:40:11.129   624   624 D ConnectivityService: naString=mobile1_fota,210,0,2,60000,true config=android.net.NetworkConfig@4195c850
07-25 14:40:11.129   624   624 E ConnectivityService: Error in networkAttributes - ignoring attempt to define type 210
07-25 14:40:11.129   624   624 D ConnectivityService: naString=mobile1_ims,211,0,2,60000,true config=android.net.NetworkConfig@4195cec8
07-25 14:40:11.129   624   624 E ConnectivityService: Error in networkAttributes - ignoring attempt to define type 211
07-25 14:40:11.129   624   624 D ConnectivityService: naString=mobile1_cbs,212,0,2,60000,true config=android.net.NetworkConfig@419dc590
07-25 14:40:11.129   624   624 E ConnectivityService: Error in networkAttributes - ignoring attempt to define type 212
07-25 14:40:11.129   624   624 D ConnectivityService: naString=mobile1_dm,215,0,3,60000,true config=android.net.NetworkConfig@419f54b0
07-25 14:40:11.129   624   624 E ConnectivityService: Error in networkAttributes - ignoring attempt to define type 215
07-25 14:40:11.129   624   624 D ConnectivityService: naString=mobile1_xcap,217,0,3,60000,true config=android.net.NetworkConfig@419f5ac8
07-25 14:40:11.129   624   624 E ConnectivityService: Error in networkAttributes - ignoring attempt to define type 217
07-25 14:40:11.129   624   624 D ConnectivityService: naString=mobile1_stk,218,0,3,60000,true config=android.net.NetworkConfig@41a44f30
07-25 14:40:11.129   624   624 E ConnectivityService: Error in networkAttributes - ignoring attempt to define type 218
07-25 14:40:11.129   624   624 D ConnectivityService: naString=mobile1_wap,235,0,4,60000,true config=android.net.NetworkConfig@41a455b8
07-25 14:40:11.129   624   624 E ConnectivityService: Error in networkAttributes - ignoring attempt to define type 235
07-25 14:40:11.129   624   624 D ConnectivityService: naString=mobile,300,0,0,-1,true config=android.net.NetworkConfig@41814008
07-25 14:40:11.129   624   624 E ConnectivityService: Error in networkAttributes - ignoring attempt to define type 300
07-25 14:40:11.129   624   624 D ConnectivityService: naString=mobile2_mms,302,0,2,60000,true config=android.net.NetworkConfig@41958ce0
07-25 14:40:11.129   624   624 E ConnectivityService: Error in networkAttributes - ignoring attempt to define type 302
07-25 14:40:11.129   624   624 D ConnectivityService: naString=mobile2_supl,303,0,2,60000,true config=android.net.NetworkConfig@41959368
07-25 14:40:11.129   624   624 E ConnectivityService: Error in networkAttributes - ignoring attempt to define type 303
07-25 14:40:11.129   624   624 D ConnectivityService: naString=mobile2_hipri,305,0,3,60000,true config=android.net.NetworkConfig@419fc0c8
07-25 14:40:11.129   624   624 E ConnectivityService: Error in networkAttributes - ignoring attempt to define type 305
07-25 14:40:11.129   624   624 D ConnectivityService: naString=mobile2_fota,310,0,2,60000,true config=android.net.NetworkConfig@419fc760
07-25 14:40:11.129   624   624 E ConnectivityService: Error in networkAttributes - ignoring attempt to define type 310
07-25 14:40:11.129   624   624 D ConnectivityService: naString=mobile2_ims,311,0,2,60000,true config=android.net.NetworkConfig@41a160d0
07-25 14:40:11.129   624   624 E ConnectivityService: Error in networkAttributes - ignoring attempt to define type 311
07-25 14:40:11.129   624   624 D ConnectivityService: naString=mobile2_cbs,312,0,2,60000,true config=android.net.NetworkConfig@41a1b3d8
07-25 14:40:11.129   624   624 E ConnectivityService: Error in networkAttributes - ignoring attempt to define type 312
07-25 14:40:11.129   624   624 D ConnectivityService: naString=mobile_stk,316,0,3,60000,true config=android.net.NetworkConfig@41a1ba48
07-25 14:40:11.129   624   624 E ConnectivityService: Error in networkAttributes - ignoring attempt to define type 316
07-25 14:40:11.129   624   624 D ConnectivityService: naString=mobile2_dm,315,0,3,60000,true config=android.net.NetworkConfig@41a46f68
07-25 14:40:11.129   624   624 E ConnectivityService: Error in networkAttributes - ignoring attempt to define type 315
07-25 14:40:11.129   624   624 D ConnectivityService: naString=mobile2_xcap,317,0,3,60000,true config=android.net.NetworkConfig@41a475e0
07-25 14:40:11.129   624   624 E ConnectivityService: Error in networkAttributes - ignoring attempt to define type 317
07-25 14:40:11.129   624   624 D ConnectivityService: naString=mobile2_stk,318,0,3,60000,true config=android.net.NetworkConfig@418c58b0
07-25 14:40:11.129   624   624 E ConnectivityService: Error in networkAttributes - ignoring attempt to define type 318
07-25 14:40:11.129   624   624 D ConnectivityService: naString=mobile2_wap,335,0,4,60000,true config=android.net.NetworkConfig@418c5e48
07-25 14:40:11.129   624   624 E ConnectivityService: Error in networkAttributes - ignoring attempt to define type 335
07-25 14:40:11.129   624   624 D ConnectivityService: naString=bluetooth,7,7,2,-1,true config=android.net.NetworkConfig@419281a8
07-25 14:40:11.129   624   624 D ConnectivityService: mNetworksDefined=24
07-25 14:40:11.129   624   624 E ConnectivityService: Ignoring protectedNetwork 14
07-25 14:40:11.129   624   624 E MobileDataStateTracker: Error mapping networkType 35 to apnType.
07-25 14:40:11.139   624   624 E MobileDataStateTracker: Error mapping networkType 35 to apnType.
07-25 14:40:11.139   624   624 E MobileDataStateTracker: Error mapping networkType 18 to apnType.
07-25 14:40:11.139   624   624 E MobileDataStateTracker: Error mapping networkType 18 to apnType.
07-25 14:40:11.139   624   624 E MobileDataStateTracker: Error mapping networkType 17 to apnType.
07-25 14:40:11.139   624   624 E MobileDataStateTracker: Error mapping networkType 15 to apnType.
07-25 14:40:11.149   624   624 E MobileDataStateTracker: Error mapping networkType 18 to apnType.
07-25 14:40:11.149   624   624 E MobileDataStateTracker: Error mapping networkType 18 to apnType.
07-25 14:40:11.149   624   624 E MobileDataStateTracker: Error mapping networkType 17 to apnType.
07-25 14:40:11.149   624   624 E MobileDataStateTracker: Error mapping networkType 15 to apnType.
07-25 14:40:11.169   624   624 E MobileDataStateTracker: default: Ignoring feature request because could not acquire PhoneService
07-25 14:40:11.169   624   624 E MobileDataStateTracker: default: Could not enable APN type "default"
07-25 14:40:11.169   624   624 E MobileDataStateTracker: default: Ignoring feature request because could not acquire PhoneService
07-25 14:40:11.169   624   624 E MobileDataStateTracker: default: Could not enable APN type "default"
07-25 14:40:11.169   624   624 D TelephonyRegistry: listen: E pkg=android events=0x1c1 myUid=0 callerUid=0
07-25 14:40:11.169   624   624 I TelephonyRegistry: listen: add new record={pkgForDebug=android callerUid=0 events=0}
07-25 14:40:11.169   624   624 D TelephonyRegistry: validateEventsAndUserLocked: valid=false r.callerUid=0 foregroundUser=0 r.events=449 events=16
07-25 14:40:11.169   624   624 D TelephonyRegistry: validateEventsAndUserLocked: valid=false r.callerUid=0 foregroundUser=0 r.events=449 events=1024
07-25 14:40:11.169   624   624 D AlarmManager: set(PendingIntent{41b67ae8: PendingIntentRecord{41b679f0 android broadcastIntent}}) : type=2 triggerAtTime=38996 win=-1 tElapsed=38996 maxElapsed=61496 interval=0 standalone=false
07-25 14:40:11.169   624   624 D AlarmManager: setImplLocked() Action = android.net.ConnectivityService.action.PKT_CNT_SAMPLE_INTERVAL_ELAPSED, Component = null, type = 2, when = 1564036841179, absolute triggerTime = 2019-07-25 14:40:41
07-25 14:40:11.169   624   624 I WifiService: WifiService starting up with Wi-Fi enabled
07-25 14:40:11.169   624   657 D PowerGuruService: NEW_ALARM
07-25 14:40:11.169   624   657 D PowerGuruService: receive input alarm:
07-25 14:40:11.169   624   657 D PowerGuruService: alarm info: packageName = android, Action = android.net.ConnectivityService.action.PKT_CNT_SAMPLE_INTERVAL_ELAPSED, Component = null, type = 2, when = 38996 (2019-07-25 14:40:41), interval = 0, setCount = 1, userSetCount = 0, firstSetTime = 1564036811179 (2019-07-25 14:40:11), isRepeat = false, isFromGMS = false, isAvailable = true, lastSetTime = 2019-07-25 14:40:11, setMinsAlignCount = 0, isAdjustedByBlacklist = false
07-25 14:40:11.179   624   657 D PowerGuruService: Alarm is not from ThirdParty, is not care about!
07-25 14:40:11.179   624   624 D WifiService: setWifiEnabled: true pid=624, uid=1000
07-25 14:40:11.179   624   624 I SystemServer: Network Service Discovery Service
07-25 14:40:11.179   624   624 D NsdService: Network service discovery enabled true
07-25 14:40:11.189   624   624 I SystemServer: UpdateLock Service
07-25 14:40:11.239   624   624 I SystemServer: Notification Manager
07-25 14:40:11.239   624   624 I SystemServer: Device Storage Monitor
07-25 14:40:11.239   624   624 D DeviceStorageMonitorService: low storage config file not exist
07-25 14:40:11.249   624   624 I SystemServer: Location Manager
07-25 14:40:11.249   624   624 I SystemServer: Country Detector
07-25 14:40:11.249   624   624 I SystemServer: Search Service
07-25 14:40:11.249   624   624 I SystemServer: DropBox Service
07-25 14:40:11.249   624   624 I SystemServer: Wallpaper Service
07-25 14:40:11.249   624   624 I SystemServer: Audio Service
07-25 14:40:11.289   624   624 D TelephonyRegistry: listen: E pkg=android events=0x20 myUid=0 callerUid=0
07-25 14:40:11.289   624   624 I TelephonyRegistry: listen: add new record={pkgForDebug=android callerUid=0 events=0}
07-25 14:40:11.289   624   624 D TelephonyRegistry: validateEventsAndUserLocked: valid=false r.callerUid=0 foregroundUser=0 r.events=32 events=16
07-25 14:40:11.289   624   624 D TelephonyRegistry: validateEventsAndUserLocked: valid=false r.callerUid=0 foregroundUser=0 r.events=32 events=1024
07-25 14:40:11.289   624   624 D SettingsProvider: call_put(system:mode_ringer_streams_affected=294) for 0
07-25 14:40:11.289   624   636 D PowerManagerService: acquireWakeLockInternal: lock=1102234200, flags=0x1, tag="AudioMix", ws=null, uid=1013, pid=219 pkg name:media
07-25 14:40:11.289   624   636 D PowerManagerService: updatePowerStateLocked do nothing, dirty state:1
07-25 14:40:11.299   624   624 D BroadcastQueue: Schedule broadcasts [background]: current=false
07-25 14:40:11.299   624   640 D BroadcastQueue: Received BROADCAST_INTENT_MSG
07-25 14:40:11.319   624   672 D WifiP2pService: DefaultState{ when=0 what=69633 target=com.android.internal.util.StateMachine$SmHandler }
07-25 14:40:11.319   624   672 D WifiP2pService: DefaultState{ when=0 what=69632 obj=com.android.internal.util.AsyncChannel@41b3ae90 target=com.android.internal.util.StateMachine$SmHandler }
07-25 14:40:11.319   624   672 D WifiP2pService: Full connection with WifiStateMachine established
07-25 14:40:11.349   624   624 I SystemServer: Dock Observer
07-25 14:40:11.349   624   624 W DockObserver: This kernel does not have dock station support
07-25 14:40:11.349   624   624 I SystemServer: Fm Service
07-25 14:40:11.349   624   624 I SystemServer: BoardScoreService Service
07-25 14:40:11.349   624   624 I SystemServer: Wired Accessory Manager
07-25 14:40:11.349   624   624 W WiredAccessoryManager: This kernel does not have usb audio support
07-25 14:40:11.349   624   624 W WiredAccessoryManager: This kernel does not have HDMI audio support
07-25 14:40:11.349   624   624 I SystemServer: USB Service
07-25 14:40:11.359   624   624 D UsbDeviceManager: mInitialState = false
07-25 14:40:11.359   624   624 E UsbDeviceManager: failed to write to /sys/class/android_usb/android0/f_rndis/ethaddr
07-25 14:40:11.359   624   624 I SystemServer: Serial Service
07-25 14:40:11.359   624   624 I SystemServer: Twilight Service
07-25 14:40:11.359   624   624 I SystemServer: UI Mode Manager Service
07-25 14:40:11.359   624   624 I SystemServer: Backup Service
07-25 14:40:11.369   624   624 V BackupManagerService: Initializing package tracking
07-25 14:40:11.369   624   624 V BackupManagerService: No ancestral data
07-25 14:40:11.369   624   624 V BackupManagerService: addPackageParticipantsLocked: all
07-25 14:40:11.369   624   624 I BackupManagerService: Scheduling backup for new app com.android.providers.userdictionary
07-25 14:40:11.369   624   624 D BackupManagerService: Now staging backup of com.android.providers.userdictionary
07-25 14:40:11.389   624   624 I BackupManagerService: Scheduling backup for new app com.android.sharedstoragebackup
07-25 14:40:11.389   624   624 D BackupManagerService: Now staging backup of com.android.sharedstoragebackup
07-25 14:40:11.389   624   624 I BackupManagerService: Scheduling backup for new app android
07-25 14:40:11.389   624   624 D BackupManagerService: Now staging backup of android
07-25 14:40:11.399   624   624 I BackupManagerService: Scheduling backup for new app com.android.dialer
07-25 14:40:11.399   624   624 D BackupManagerService: Now staging backup of com.android.dialer
07-25 14:40:11.399   624   624 I BackupManagerService: Scheduling backup for new app com.android.providers.settings
07-25 14:40:11.399   624   624 D BackupManagerService: Now staging backup of com.android.providers.settings
07-25 14:40:11.409   624   624 V BackupManagerService: Starting with transport android/com.android.internal.backup.LocalTransport
07-25 14:40:11.409   624   624 V BackupManagerService: Found transports: 1
07-25 14:40:11.409   624   624 I BackupManagerService: Binding to transport host ComponentInfo{android/com.android.internal.backup.LocalTransportService}
07-25 14:40:11.409   624   624 I BackupManagerService: Found stale backup journal, scheduling
07-25 14:40:11.409   624   624 I BackupManagerService:   com.android.providers.userdictionary
07-25 14:40:11.409   624   624 I BackupManagerService:   com.android.sharedstoragebackup
07-25 14:40:11.409   624   624 I BackupManagerService:   android
07-25 14:40:11.409   624   624 I BackupManagerService:   com.android.dialer
07-25 14:40:11.409   624   624 I BackupManagerService:   com.android.providers.settings
07-25 14:40:11.409   624   624 I BackupManagerService: Backup enabled => false
07-25 14:40:11.409   624   624 I BackupManagerService: Opting out of backup
07-25 14:40:11.409   624   624 I SystemServer: AppWidget Service
07-25 14:40:11.409   624   624 I SystemServer: Recognition Service
07-25 14:40:11.419   624   624 I SystemServer: DiskStats Service
07-25 14:40:11.419   624   624 I SystemServer: SamplingProfiler Service
07-25 14:40:11.419   624   624 I SystemServer: NetworkTimeUpdateService
07-25 14:40:11.419   624   624 I SystemServer: CommonTimeManagementService
07-25 14:40:11.419   624   624 I SystemServer: CertBlacklister
07-25 14:40:11.419   624   624 I SystemServer: Dreams Service
07-25 14:40:11.419   624   624 I SystemServer: Assets Atlas Service
07-25 14:40:11.419   624   624 I SystemServer: IdleMaintenanceService
07-25 14:40:11.419   624   624 I SystemServer: Print Service
07-25 14:40:11.419   624   624 I SystemServer: Media Router Service
07-25 14:40:11.419   624   624 I SystemServer: PowerController Service
07-25 14:40:11.419   624   687 D PowerController: handleMessage(MSG_CHECK)
07-25 14:40:11.419   624   687 D PowerController: - checkAllAppStateInfo() E -
07-25 14:40:11.419   624   687 D PowerController: mCharging:true mScreenOn:true mMobileConnected:true
07-25 14:40:11.419   624   687 D AlarmManager: set(PendingIntent{41854368: PendingIntentRecord{41b565d0 android broadcastIntent}}) : type=3 triggerAtTime=309249 win=-1 tElapsed=309249 maxElapsed=534249 interval=0 standalone=false
07-25 14:40:11.419   624   687 D AlarmManager: setImplLocked() Action = com.android.server.powercontroller.CHECK_APPSTATE, Component = null, type = 3, when = 1564037111431, absolute triggerTime = 2019-07-25 14:45:11
07-25 14:40:11.429   624   657 D PowerGuruService: NEW_ALARM
07-25 14:40:11.429   624   657 D PowerGuruService: not a WAKEUP alarm, return!
07-25 14:40:11.429   624   624 D PowerManagerService: acquireWakeLockInternal: lock=1101378928, flags=0x1, tag="*vibrator*", ws=WorkSource{1000}, uid=1000, pid=624 pkg name:android
07-25 14:40:11.429   624   624 D PowerManagerService: updatePowerStateLocked do nothing, dirty state:1
07-25 14:40:11.429   624   688 D PowerManagerService: releaseWakeLockInternal: lock=1101378928 [*vibrator*], flags=0x0 pkg name:android
07-25 14:40:11.429   624   688 D PowerManagerService: updatePowerStateLocked do nothing, dirty state:1
07-25 14:40:11.439   624   624 D PowerManagerService: updatePowerStateLocked do nothing, dirty state:33
07-25 14:40:11.449   624   624 D PowerManagerService: updatePowerStateLocked do nothing, dirty state:33
07-25 14:40:11.449   624   624 D WindowManager: Input focus has changed to Window{418e6c38 u0 KeyguardScrim}
07-25 14:40:11.449   624   624 V WindowManager: New client android.view.ViewRootImpl$W@419b1360: window=Window{418e6c38 u0 KeyguardScrim}
07-25 14:40:11.459   624   624 I ActivityManager: Start proc com.android.systemui for service com.android.keyguard/.KeyguardService: pid=689 uid=10017 gids={50017, 1028, 1015, 1035, 3002, 3001, 3003, 1051, 1052}
07-25 14:40:11.459   624   624 V WindowManager: Screen status=true, current orientation=-1, SensorEnabled=false
07-25 14:40:11.479   624   624 D DisplayPowerController: requestPowerState display not ready
07-25 14:40:11.479   624   624 D PowerManagerService: updateSuspendBlockerLocked goto acquire:PowerManagerService.WakeLocks: ref count=0
07-25 14:40:11.479   624   624 D PowerManagerService: Acquiring suspend blocker "PowerManagerService.WakeLocks".
07-25 14:40:11.479   624   658 D DisplayPowerController: updatePowerState
07-25 14:40:11.479   624   658 D DisplayPowerController: BUTTON LIGHT TURN ON
07-25 14:40:11.479   624   658 D DisplayPowerController: updatePowerState goto animateScreenBrightness:170
07-25 14:40:11.479   624   658 D DisplayPowerState: setScreenBrightness: brightness=170
07-25 14:40:11.479   624   658 D DisplayPowerState: setState requesting new screen state: on=true, backlight=170, mChangeInProgress=false mElectronBeamLevel=1.0
07-25 14:40:11.479   624   658 D DisplayPowerState: setState goto execute task
07-25 14:40:11.479   624   624 E ActivityManager: getRecordForAppLocked forandroid.app.ActivityThread$ApplicationThread@41a43930 get null appIndex = -1 
07-25 14:40:11.479   624   624 E ActivityManager:  mLruProcesses : 
07-25 14:40:11.479   624   624 E ActivityManager: rec : ProcessRecord{41816720 689:com.android.systemui/u0a17}, thread = android.os.BinderProxy@4196ccf8
07-25 14:40:11.479   624   624 E ActivityManager: rec : ProcessRecord{41b0d088 624:system/1000}, thread = android.app.ActivityThread$ApplicationThread@41889970
07-25 14:40:11.479   624   624 W SystemServer: ***********************************************
07-25 14:40:11.479   624   703 D DisplayPowerState: task updating screen state: true, backlight=170
07-25 14:40:11.479   624   703 D DisplayPowerState: task goto resume
07-25 14:40:11.479   624   703 D DisplayPowerState: task actual set backlight=170
07-25 14:40:11.479   624   703 D DisplayPowerState: task no changed and post screenupdate runnable
07-25 14:40:11.479   624   658 D DisplayPowerController: updatePowerState
07-25 14:40:11.479   624   658 D DisplayPowerController: updatePowerState goto animateScreenBrightness:170
07-25 14:40:11.479   624   658 D DisplayPowerController: Display ready!
07-25 14:40:11.479   624   658 D PowerManagerService: display state changed
07-25 14:40:11.509   624   624 I AppOps  : Pruning old package media/1013: new uid=-1
07-25 14:40:11.509   624   624 D ActivityManager: pre start phone process
07-25 14:40:11.519   624   624 I ActivityManager: Start proc com.android.phone for added application com.android.phone: pid=704 uid=1001 gids={41001, 3002, 3001, 3003, 1051, 1052, 1028, 1015}
07-25 14:40:11.519   624   624 D BlkioManager: blkio is support: false
07-25 14:40:11.519   624   624 D BlkioManager: BlkioManager init, mMaxAdj: 0
07-25 14:40:11.519   624   624 I ActivityManager: System now ready
07-25 14:40:11.529   624   624 I SystemServer: Making services ready
07-25 14:40:11.529   624   665 W MountService: Duplicate state transition (mounted -> mounted) for /storage/emulated/0
07-25 14:40:11.559   624   624 D NetworkManagementService: enabling bandwidth control
07-25 14:40:11.559   624   682 D BroadcastQueue: Schedule broadcasts [background]: current=false
07-25 14:40:11.559   624   640 D BroadcastQueue: Received BROADCAST_INTENT_MSG
07-25 14:40:11.699   624   682 I StatusBarManagerService: registerStatusBar bar=com.android.internal.statusbar.IStatusBar$Stub$Proxy@418e7280
07-25 14:40:11.829   624   624 D AlarmManager: set(PendingIntent{41919110: PendingIntentRecord{4180f260 android broadcastIntent}}) : type=3 triggerAtTime=9651 win=-1 tElapsed=9651 maxElapsed=1359651 interval=1800000 standalone=false
07-25 14:40:11.829   624   624 D AlarmManager: setImplLocked() Action = com.android.server.action.NETWORK_STATS_POLL, Component = null, type = 3, when = 1564036811834, absolute triggerTime = 2019-07-25 14:40:11
07-25 14:40:11.829   624   624 V AlarmManager: Adding Alarm{41ad0670 type 3 android} to Batch{41b69750 num=2 start=38996 end=61496}
07-25 14:40:11.829   624   657 D PowerGuruService: NEW_ALARM
07-25 14:40:11.829   624   657 D PowerGuruService: not a WAKEUP alarm, return!
07-25 14:40:11.839   624   682 D ConnectivityService: getMobileDataEnabled returning true
07-25 14:40:11.839   624   682 D PowerManagerService: acquireWakeLockInternal: lock=1101523184, flags=0x1, tag="RILJ", ws=null, uid=1001, pid=704 pkg name:com.android.phone
07-25 14:40:11.839   624   682 V BatteryStatsImpl: startRunningLocked(): mNesting = 1
07-25 14:40:11.839   624   682 V BatteryStatsImpl: startRunningLocked before mTimerPool.size = 0
07-25 14:40:11.839   624   682 V BatteryStatsImpl: startRunningLocked after mTimerPool.size = 1
07-25 14:40:11.869   624   682 D PowerManagerService: releaseWakeLockInternal: lock=1101523184 [RILJ], flags=0x0 pkg name:com.android.phone
07-25 14:40:11.929   624   624 D UsbDeviceManager: systemReady
07-25 14:40:11.929   624   644 D UsbDeviceManager: broadcasting Intent { act=android.hardware.usb.action.USB_STATE flg=0x20000000 (has extras) } extras: Bundle[{connected=false, adb=true, mtp=true, configured=false}]
07-25 14:40:11.929   624   644 D BroadcastQueue: Schedule broadcasts [background]: current=false
07-25 14:40:11.929   624   640 D BroadcastQueue: Received BROADCAST_INTENT_MSG
07-25 14:40:11.929   624   644 D BroadcastQueue: enqueueOrderedBroadcastLocked after add: BroadcastRecord{4194dd50 u-1 android.hardware.usb.action.USB_STATE} , the first order broadcast is:BroadcastRecord{4194dd50 u-1 android.hardware.usb.action.USB_STATE} size:1 is: background
07-25 14:40:11.929   624   644 D BroadcastQueue: Schedule broadcasts [background]: current=true
07-25 14:40:11.929   624   640 D BroadcastQueue: Processing ordered broadcast [background] BroadcastRecord{4194dd50 u-1 android.hardware.usb.action.USB_STATE}
07-25 14:40:11.929   624   640 D BroadcastQueue: Submitting BROADCAST_TIMEOUT_MSG [background] for BroadcastRecord{4194dd50 u-1 android.hardware.usb.action.USB_STATE} at 99755
07-25 14:40:11.939   624   640 I ActivityManager: Start proc android.process.media for broadcast com.android.providers.media/.MtpReceiver: pid=782 uid=10009 gids={50009, 1028, 1015, 1023, 1024, 1051, 1052, 2001, 3003, 3007}
07-25 14:40:11.939   624   624 I ActivityManager: Config changes=200 {1.0 ?mcc?mnc zh_CN ldltr sw160dp w160dp h172dp 320dpi smll port finger -keyb/v/h -nav/h s.5}
07-25 14:40:11.939   624   665 W MountService: StorageVolume:
07-25 14:40:11.939   624   665 W MountService:     mStorageId=131073 mPath=/storage/sdcard0 mDescriptionId=17040781 
07-25 14:40:11.939   624   665 W MountService:     mPrimary=false mRemovable=true mEmulated=false mMtpReserveSpace=100 
07-25 14:40:11.939   624   665 W MountService:     mAllowMassStorage=true mMaxFileSize=4294967296 mOwner=null mUuid=null 
07-25 14:40:11.939   624   665 W MountService:     mUserLabel=null mState=removed  avail = false Volume state :removed
07-25 14:40:11.939   624   624 D BroadcastQueue: Schedule broadcasts [foreground]: current=false
07-25 14:40:11.949   624   640 D BroadcastQueue: Received BROADCAST_INTENT_MSG
07-25 14:40:11.949   624   624 W RecognitionManagerService: no available voice recognition services found for user 0
07-25 14:40:11.959   624   794 V Watchdog: **** -1-Watchdog SCHEDULE CHECK HANDLER! ****
07-25 14:40:11.959   624   794 V Watchdog: **** -0- POST CHECHER! foreground thread ****
07-25 14:40:11.959   624   794 V Watchdog: **** -0- POST CHECHER! main thread ****
07-25 14:40:11.959   624   644 V Watchdog: **** -1- CHECK MONITORS BEGIN (foreground thread)! ****
07-25 14:40:11.959   624   794 V Watchdog: **** -0- NO MONITOR & ISIDLING (ui thread) ****
07-25 14:40:11.959   624   794 V Watchdog: **** -0- NO MONITOR & ISIDLING (i/o thread) ****
07-25 14:40:11.959   624   794 V Watchdog: **** -0- NO MONITOR & ISIDLING (ActivityManager) ****
07-25 14:40:11.959   624   794 V Watchdog: **** -0- NO MONITOR & ISIDLING (PackageManager) ****
07-25 14:40:11.959   624   794 V Watchdog: **** -0- NO MONITOR & ISIDLING (PowerManagerService) ****
07-25 14:40:11.959   624   794 V Watchdog: **** -0- NO MONITOR & ISIDLING (WindowManager thread) ****
07-25 14:40:11.969   624   644 V Watchdog: **** -2- CHECK MONITORS FINISHED (foreground thread)! ****
07-25 14:40:11.969   624   644 V Watchdog: **** -3- SYNC Watchdog.THIS FINISHED (foreground thread)! ****
07-25 14:40:11.969   624   624 W InputMethodManagerService: Ignoring setImeWindowStatus of uid 1000 token: null
07-25 14:40:11.989   624   624 W InputMethodManagerService: Default IME is uninstalled. Choose new default IME.
07-25 14:40:11.989   624   624 D LocationBlacklist: whitelist: []
07-25 14:40:11.989   624   624 D LocationBlacklist: blacklist: []
07-25 14:40:12.009   624   635 D MobileDataStateTracker: default0: default got supplyMessenger
07-25 14:40:12.009   624   676 D MobileDataStateTracker: default0: MdstHandler connected
07-25 14:40:12.009   624   635 D MobileDataStateTracker: mms0: mms got supplyMessenger
07-25 14:40:12.009   624   676 D MobileDataStateTracker: mms0: MdstHandler connected
07-25 14:40:12.009   624   635 D MobileDataStateTracker: supl0: supl got supplyMessenger
07-25 14:40:12.009   624   676 D MobileDataStateTracker: supl0: MdstHandler connected
07-25 14:40:12.009   624   635 D MobileDataStateTracker: hipri0: hipri got supplyMessenger
07-25 14:40:12.009   624   676 D MobileDataStateTracker: hipri0: MdstHandler connected
07-25 14:40:12.019   624   635 D MobileDataStateTracker: fota0: fota got supplyMessenger
07-25 14:40:12.019   624   676 D MobileDataStateTracker: fota0: MdstHandler connected
07-25 14:40:12.019   624   635 D MobileDataStateTracker: ims0: ims got supplyMessenger
07-25 14:40:12.019   624   676 D MobileDataStateTracker: ims0: MdstHandler connected
07-25 14:40:12.019   624   635 D MobileDataStateTracker: cbs0: cbs got supplyMessenger
07-25 14:40:12.019   624   676 D MobileDataStateTracker: cbs0: MdstHandler connected
07-25 14:40:12.019   624   635 D MobileDataStateTracker: dm0: dm got supplyMessenger
07-25 14:40:12.019   624   676 D MobileDataStateTracker: dm0: MdstHandler connected
07-25 14:40:12.019   624   635 D MobileDataStateTracker: xcap0: xcap got supplyMessenger
07-25 14:40:12.019   624   676 D MobileDataStateTracker: xcap0: MdstHandler connected
07-25 14:40:12.019   624   635 D MobileDataStateTracker: wap0: wap got supplyMessenger
07-25 14:40:12.019   624   676 D MobileDataStateTracker: wap0: MdstHandler connected
07-25 14:40:12.029   624   635 D PowerManagerService: acquireWakeLockInternal: lock=1101322920, flags=0x1, tag="GsmCellBroadcastHandler", ws=null, uid=1001, pid=704 pkg name:com.android.phone
07-25 14:40:12.029   624   635 V BatteryStatsImpl: startRunningLocked(): mNesting = 1
07-25 14:40:12.029   624   635 V BatteryStatsImpl: startRunningLocked before mTimerPool.size = 0
07-25 14:40:12.029   624   635 V BatteryStatsImpl: startRunningLocked after mTimerPool.size = 1
07-25 14:40:12.049   624   682 I ActivityManager: Start proc com.android.smspush for service com.android.smspush/.WapPushManager: pid=803 uid=10002 gids={50002}
07-25 14:40:12.049   624   635 D PowerManagerService: acquireWakeLockInternal: lock=1101430568, flags=0x1, tag="GsmInboundSmsHandler", ws=null, uid=1001, pid=704 pkg name:com.android.phone
07-25 14:40:12.049   624   635 V BatteryStatsImpl: startRunningLocked(): mNesting = 1
07-25 14:40:12.049   624   635 V BatteryStatsImpl: startRunningLocked before mTimerPool.size = 1
07-25 14:40:12.049   624   635 V BatteryStatsImpl: startRunningLocked after mTimerPool.size = 2
07-25 14:40:12.049   624   635 D PowerManagerService: acquireWakeLockInternal: lock=1100280080, flags=0x1, tag="CellBroadcastHandler", ws=null, uid=1001, pid=704 pkg name:com.android.phone
07-25 14:40:12.049   624   635 V BatteryStatsImpl: startRunningLocked(): mNesting = 1
07-25 14:40:12.049   624   635 V BatteryStatsImpl: startRunningLocked before mTimerPool.size = 2
07-25 14:40:12.049   624   635 V BatteryStatsImpl: startRunningLocked after mTimerPool.size = 3
07-25 14:40:12.059   624   682 D PowerManagerService: acquireWakeLockInternal: lock=1101431824, flags=0x1, tag="CdmaInboundSmsHandler", ws=null, uid=1001, pid=704 pkg name:com.android.phone
07-25 14:40:12.059   624   682 V BatteryStatsImpl: startRunningLocked(): mNesting = 1
07-25 14:40:12.059   624   682 V BatteryStatsImpl: startRunningLocked before mTimerPool.size = 3
07-25 14:40:12.059   624   682 V BatteryStatsImpl: startRunningLocked after mTimerPool.size = 4
07-25 14:40:12.079   624   635 D PowerManagerService: acquireWakeLockInternal: lock=1100508168, flags=0x1, tag="CdmaServiceCategoryProgramHandler", ws=null, uid=1001, pid=704 pkg name:com.android.phone
07-25 14:40:12.079   624   635 V BatteryStatsImpl: startRunningLocked(): mNesting = 1
07-25 14:40:12.079   624   635 V BatteryStatsImpl: startRunningLocked before mTimerPool.size = 4
07-25 14:40:12.079   624   635 V BatteryStatsImpl: startRunningLocked after mTimerPool.size = 5
07-25 14:40:12.109   624   635 D SettingsProvider: call_put(system:multi_sim_voice_call=-1) for 0
07-25 14:40:12.119   624   635 D SettingsProvider: call_put(system:multi_sim_video_call=-1) for 0
07-25 14:40:12.149   624   624 W LocationManagerService: no network location provider found or LOCATION_NETWORK_ENABLED is true
07-25 14:40:12.149   624   624 E LocationManagerService: no geocoder provider found
07-25 14:40:12.149   624   624 E LocationManagerService: No FusedProvider found.
07-25 14:40:12.159   624   624 E LocationManagerService: no geofence provider found
07-25 14:40:12.169   624   822 D AlarmManager: set(PendingIntent{41861eb0: PendingIntentRecord{41b52980 android broadcastIntent}}) : type=3 triggerAtTime=14994 win=-1 tElapsed=14994 maxElapsed=14994 interval=0 standalone=false
07-25 14:40:12.169   624   822 D AlarmManager: setImplLocked() Action = com.android.server.NetworkTimeUpdateService.action.POLL, Component = null, type = 3, when = 1564036817176, absolute triggerTime = 2019-07-25 14:40:17
07-25 14:40:12.169   624   657 D PowerGuruService: NEW_ALARM
07-25 14:40:12.169   624   657 D PowerGuruService: not a WAKEUP alarm, return!
07-25 14:40:12.179   624   635 W BackupManagerService: dataChanged but no participant pkg='com.android.providers.settings' uid=1001
07-25 14:40:12.179   624   635 D SettingsProvider: call_put(system:multi_sim_mms=-1) for 0
07-25 14:40:12.179   624   624 I ActivityManager: Start proc com.spreadst.validator for added application com.spreadst.validator: pid=825 uid=1000 gids={41000, 3001, 3002, 3003, 1028, 1015, 1007, 1051, 1052}
07-25 14:40:12.189   624   624 I ActivityManager: Start proc com.android.modemassert for added application com.android.modemassert: pid=834 uid=10003 gids={50003}
07-25 14:40:12.189   624   624 D BroadcastQueue: Schedule broadcasts [foreground]: current=false
07-25 14:40:12.189   624   624 D BroadcastQueue: enqueueOrderedBroadcastLocked after add: BroadcastRecord{417f9b30 u-1 android.intent.action.USER_STARTING} , the first order broadcast is:BroadcastRecord{4194dd50 u-1 android.hardware.usb.action.USB_STATE} size:2 is: background
07-25 14:40:12.189   624   624 D BroadcastQueue: Schedule broadcasts [background]: current=false
07-25 14:40:12.199   624   640 D BroadcastQueue: Received BROADCAST_INTENT_MSG
07-25 14:40:12.209   624   624 I ActivityManager: START u0 {act=android.intent.action.MAIN cat=[android.intent.category.HOME] flg=0x10000000 cmp=android/com.android.internal.app.ResolverActivity} from pid 0
07-25 14:40:12.209   624   624 I WindowManager: mDock rect: (0,0 - 320,360)
07-25 14:40:12.209   624   624 V WindowManager: layoutWindowLw(KeyguardScrim): IN_SCREEN, INSET_DECOR
07-25 14:40:12.209   624   624 V WindowManager: Compute frame KeyguardScrim: sim=#10 attach=null type=2029 flags=0x00110900 pf=[0,0][320,360] df=[0,0][320,360] of=[0,0][320,360] cf=[0,0][320,360] vf=[0,0][320,360] dcf=[0,0][320,360]
07-25 14:40:12.219   624   624 I ActivityManager: Start proc system:ui for activity android/com.android.internal.app.ResolverActivity: pid=852 uid=1000 gids={41000, 3001, 3002, 3003, 1028, 1015, 1007, 1051, 1052}
07-25 14:40:12.219   624   624 D ActivityManager: setFocusedActivityLocked: r=ActivityRecord{41b3fc00 u0 android/com.android.internal.app.ResolverActivity t1}
07-25 14:40:12.219   624   624 V WindowManager: Set focused app to: AppWindowToken{41b303a0 token=Token{41b3fe78 ActivityRecord{41b3fc00 u0 android/com.android.internal.app.ResolverActivity t1}}} old focus=null moveFocusNow=true
07-25 14:40:12.219   624   624 D BroadcastQueue: Schedule broadcasts [foreground]: current=true
07-25 14:40:12.219   624   624 I SystemServer: WcnManager Service
07-25 14:40:12.219   624   624 D WcnManagerService: mResetEnable = false
07-25 14:40:12.219   624   624 D WcnManagerService: mWcnServiceEnable = true
07-25 14:40:12.229   624   635 D BroadcastQueue: Schedule broadcasts [background]: current=true
07-25 14:40:12.229   624   635 D BroadcastQueue: enqueueOrderedBroadcastLocked after add: BroadcastRecord{41ab8a68 u-1 android.intent.action.SIM_STATE_CHANGED} , the first order broadcast is:BroadcastRecord{4194dd50 u-1 android.hardware.usb.action.USB_STATE} size:3 is: background
07-25 14:40:12.229   624   635 D BroadcastQueue: Schedule broadcasts [background]: current=true
07-25 14:40:12.229   624   640 D BroadcastQueue: Received BROADCAST_INTENT_MSG
07-25 14:40:12.229   624   640 D BroadcastQueue: processNextBroadcast(background) called when not idle (state=1)
07-25 14:40:12.239   624   624 D TelephonyRegistry: listen: E pkg=android events=0x1 myUid=0 callerUid=0
07-25 14:40:12.239   624   624 I TelephonyRegistry: listen: add new record={pkgForDebug=android callerUid=0 events=0}
07-25 14:40:12.239   624   635 V ActivityManager: Start activity on task size = 1, r = ActivityRecord{41b3fc00 u0 android/com.android.internal.app.ResolverActivity t1}
07-25 14:40:12.239   624   682 V ActivityManager: Start activity on task size = 1, r = ActivityRecord{41b3fc00 u0 android/com.android.internal.app.ResolverActivity t1}
07-25 14:40:12.259   624   624 D TelephonyRegistry: validateEventsAndUserLocked: valid=false r.callerUid=0 foregroundUser=0 r.events=1 events=16
07-25 14:40:12.259   624   624 D TelephonyRegistry: validateEventsAndUserLocked: valid=false r.callerUid=0 foregroundUser=0 r.events=1 events=1024
07-25 14:40:12.259   624   624 D WcnManagerService: Single card, use default ACTION FILETER
07-25 14:40:12.259   624   624 D WcnManagerService: Creating WcnManagerService
07-25 14:40:12.259   624   624 V Watchdog: **** -1- CHECK MONITORS BEGIN (main thread)! ****
07-25 14:40:12.259   624   624 V Watchdog: **** -2- CHECK MONITORS FINISHED (main thread)! ****
07-25 14:40:12.259   624   624 V Watchdog: **** -3- SYNC Watchdog.THIS FINISHED (main thread)! ****
07-25 14:40:12.259   624   624 D BroadcastQueue: Schedule broadcasts [background]: current=false
07-25 14:40:12.259   624   640 D BroadcastQueue: Received BROADCAST_INTENT_MSG
07-25 14:40:12.259   624   640 D BroadcastQueue: processNextBroadcast(background) called when not idle (state=1)
07-25 14:40:12.259   624   624 D BroadcastQueue: Schedule broadcasts [background]: current=false
07-25 14:40:12.259   624   640 D BroadcastQueue: Received BROADCAST_INTENT_MSG
07-25 14:40:12.259   624   624 D BroadcastQueue: enqueueOrderedBroadcastLocked after add: BroadcastRecord{41adf320 u-1 android.intent.action.ACTION_POWER_DISCONNECTED} , the first order broadcast is:BroadcastRecord{4194dd50 u-1 android.hardware.usb.action.USB_STATE} size:4 is: background
07-25 14:40:12.259   624   624 D BroadcastQueue: Schedule broadcasts [background]: current=true
07-25 14:40:12.259   624   640 D BroadcastQueue: processNextBroadcast(background) called when not idle (state=1)
07-25 14:40:12.259   624   624 V BatteryStatsImpl: startRunningLocked(): mNesting = 1
07-25 14:40:12.269   624   864 D DeviceStorageMonitorService: freeMem = 2664894464 lastFreeMem = 16777216
07-25 14:40:12.269   624   624 D WindowManager: Input focus has changed to null
07-25 14:40:12.269   624   624 I WindowManager: mDock rect: (0,0 - 320,360)
07-25 14:40:12.269   624   624 V WindowManager: layoutWindowLw(KeyguardScrim): IN_SCREEN, INSET_DECOR
07-25 14:40:12.269   624   624 V WindowManager: Compute frame KeyguardScrim: sim=#10 attach=null type=2029 flags=0x00110900 pf=[0,0][320,360] df=[0,0][320,360] of=[0,0][320,360] cf=[0,0][320,360] vf=[0,0][320,360] dcf=[0,0][320,360]
07-25 14:40:12.269   624   624 W InputMethodManagerService: Focus gain on non-focused client android.view.inputmethod.InputMethodManager$1@41845788 (uid=1000 pid=624)
07-25 14:40:12.289   624   635 D ConnectivityService: getRealNetworkType: networkType = 1
07-25 14:40:12.289   624   635 D TelephonyRegistry: listen: E pkg=com.android.systemui events=0x0 myUid=0 callerUid=0
07-25 14:40:12.299   624   624 I WindowManager: mDock rect: (0,0 - 320,360)
07-25 14:40:12.309   624   854 V BatteryStatsImpl: startRunningLocked(): mNesting = 1
07-25 14:40:12.319   624   636 I ActivityManager: Start proc android.process.acore for content provider com.android.providers.contacts/.CallLogProvider: pid=870 uid=10010 gids={50010, 3003, 1028, 1015, 1051, 1052}
07-25 14:40:12.319   624   635 D BroadcastQueue: Schedule broadcasts [background]: current=false
07-25 14:40:12.329   624   640 D BroadcastQueue: Received BROADCAST_INTENT_MSG
07-25 14:40:12.329   624   640 D BroadcastQueue: processNextBroadcast(background) called when not idle (state=1)
07-25 14:40:12.329   624   624 D BroadcastQueue: Schedule broadcasts [background]: current=false
07-25 14:40:12.329   624   640 D BroadcastQueue: Received BROADCAST_INTENT_MSG
07-25 14:40:12.329   624   624 D BroadcastQueue: enqueueOrderedBroadcastLocked after add: BroadcastRecord{41b8f4b8 u-1 android.media.RINGER_MODE_CHANGED} , the first order broadcast is:BroadcastRecord{4194dd50 u-1 android.hardware.usb.action.USB_STATE} size:5 is: background
07-25 14:40:12.329   624   624 D BroadcastQueue: Schedule broadcasts [background]: current=true
07-25 14:40:12.329   624   640 D BroadcastQueue: processNextBroadcast(background) called when not idle (state=1)
07-25 14:40:12.329   624   682 D BroadcastQueue: Schedule broadcasts [background]: current=false
07-25 14:40:12.329   624   640 D BroadcastQueue: Received BROADCAST_INTENT_MSG
07-25 14:40:12.329   624   682 D BroadcastQueue: enqueueOrderedBroadcastLocked after add: BroadcastRecord{41b92aa0 u0 android.intent.action.USER_PRESENT} , the first order broadcast is:BroadcastRecord{4194dd50 u-1 android.hardware.usb.action.USB_STATE} size:6 is: background
07-25 14:40:12.329   624   682 D BroadcastQueue: Schedule broadcasts [background]: current=true
07-25 14:40:12.339   624   640 D BroadcastQueue: processNextBroadcast(background) called when not idle (state=1)
07-25 14:40:12.349   624   635 D PowerManagerService: acquireWakeLockInternal: lock=1102714096, flags=0x1, tag="CallerInfoCache", ws=null, uid=1001, pid=704 pkg name:com.android.phone
07-25 14:40:12.349   624   682 D BroadcastQueue: Schedule broadcasts [background]: current=false
07-25 14:40:12.349   624   635 V BatteryStatsImpl: startRunningLocked(): mNesting = 1
07-25 14:40:12.349   624   635 V BatteryStatsImpl: startRunningLocked before mTimerPool.size = 5
07-25 14:40:12.349   624   635 V BatteryStatsImpl: startRunningLocked after mTimerPool.size = 6
07-25 14:40:12.349   624   640 D BroadcastQueue: Received BROADCAST_INTENT_MSG
07-25 14:40:12.349   624   640 D BroadcastQueue: processNextBroadcast(background) called when not idle (state=1)
07-25 14:40:12.349   624   869 D BroadcastQueue: Schedule broadcasts [background]: current=false
07-25 14:40:12.349   624   640 D BroadcastQueue: Received BROADCAST_INTENT_MSG
07-25 14:40:12.349   624   640 D BroadcastQueue: processNextBroadcast(background) called when not idle (state=1)
07-25 14:40:12.359   624   644 D UsbDeviceManager: broadcasting Intent { act=android.hardware.usb.action.USB_STATE flg=0x20000000 (has extras) } extras: Bundle[{connected=false, adb=true, mtp=true, configured=false}]
07-25 14:40:12.359   624   644 D BroadcastQueue: Schedule broadcasts [background]: current=false
07-25 14:40:12.359   624   640 D BroadcastQueue: Received BROADCAST_INTENT_MSG
07-25 14:40:12.359   624   644 D BroadcastQueue: enqueueOrderedBroadcastLocked after add: BroadcastRecord{41ba6140 u-1 android.hardware.usb.action.USB_STATE} , the first order broadcast is:BroadcastRecord{4194dd50 u-1 android.hardware.usb.action.USB_STATE} size:7 is: background
07-25 14:40:12.359   624   644 D BroadcastQueue: Schedule broadcasts [background]: current=true
07-25 14:40:12.359   624   640 D BroadcastQueue: processNextBroadcast(background) called when not idle (state=1)
07-25 14:40:12.359   624   665 W MountService: StorageVolume:
07-25 14:40:12.359   624   665 W MountService:     mStorageId=131073 mPath=/storage/sdcard0 mDescriptionId=17040781 
07-25 14:40:12.359   624   665 W MountService:     mPrimary=false mRemovable=true mEmulated=false mMtpReserveSpace=100 
07-25 14:40:12.359   624   665 W MountService:     mAllowMassStorage=true mMaxFileSize=4294967296 mOwner=null mUuid=null 
