07-25 14:40:30.299   624   658 D PowerManagerService: update display state isScreenon:false isScreenbright:false
07-25 14:40:30.299   624   658 D DisplayPowerController: requestPowerState display not ready
07-25 14:40:30.299   624   658 D DisplayPowerController: updatePowerState
07-25 14:40:30.299   624   658 D DisplayPowerController: updatePowerState display not ready
07-25 14:40:30.299   624   658 D DisplayPowerController: updatePowerState goto screen off
07-25 14:40:30.299   624   658 D DisplayPowerState: setState requesting new screen state: on=true, backlight=0, mChangeInProgress=false mElectronBeamLevel=0.0
07-25 14:40:30.299   624   658 D DisplayPowerState: setState goto execute task
07-25 14:40:30.309   624   658 D DisplayPowerController: updatePowerState
07-25 14:40:30.309   624   658 D DisplayPowerController: updatePowerState goto screen off
07-25 14:40:30.309   624   658 D DisplayPowerController: goto powerstate.setScreenOn:false
07-25 14:40:30.309   624   658 D DisplayPowerState: setScreenOn: on=false and set screenready to false
07-25 14:40:30.309   624  1196 D DisplayPowerState: task updating screen state: true, backlight=0
07-25 14:40:30.309   624  1196 D DisplayPowerState: task actual set backlight=0
07-25 14:40:30.309   624   658 D DisplayPowerState: setState requesting new screen state: on=false, backlight=0, mChangeInProgress=true mElectronBeamLevel=0.0
07-25 14:40:30.309   624  1196 D DisplayPowerState: task updating screen state: false, backlight=0
07-25 14:40:30.309   624  1196 D DisplayPowerState: task goto suspend
07-25 14:40:30.489   624  1196 D DisplayPowerState: task no changed and post screenupdate runnable
07-25 14:40:30.489   624   639 I WindowManager: Win Window{41bccba8 u0 StatusBar}: isVisibleOrBehindKeyguardLw=true
07-25 14:40:30.489   624   639 I WindowManager: Win Window{4180c950 u0 android/com.android.internal.app.ResolverActivity}: isVisibleOrBehindKeyguardLw=true
07-25 14:40:30.489   624   639 I WindowManager: Win Window{41b2adc0 u0 com.android.systemui.ImageWallpaper}: isVisibleOrBehindKeyguardLw=false
07-25 14:40:30.489   624   639 I WindowManager: force=false forcefkg=false top=null
07-25 14:40:30.489   624   658 D DisplayPowerController: updatePowerState
07-25 14:40:30.489   624   658 D DisplayPowerController: updatePowerState goto screen off
07-25 14:40:30.489   624   658 D DisplayPowerController: Display ready!
07-25 14:40:30.489   624   658 D PowerManagerService: display state changed
07-25 14:40:30.489   624   658 D PowerManagerNotifier: onGoToSleepFinished
07-25 14:40:30.489   624   658 D PowerManagerNotifier: mBroadcastInProgress:false
07-25 14:40:30.489   624   658 D PowerManagerNotifier: send MSG_BROADCAST
07-25 14:40:30.489   624   658 D PowerManagerService: Acquiring suspend blocker "PowerManagerService.Broadcasts".
07-25 14:40:30.489   624   658 D PowerManagerService: updateSuspendBlockerLocked goto release:PowerManagerService.Display: ref count=2
07-25 14:40:30.489   624   624 D PowerManagerNotifier: sendNextBroadcast mBroadcastedPowerState====0 pending wakeupbroadcast:false pendingsleepbroadcast:true actual powerstate:2
07-25 14:40:30.489   624   624 D PowerManagerNotifier: Sending wake up broadcast and goto Policy.screenTurningOn
07-25 14:40:30.489   624   658 D PowerManagerService: Releasing suspend blocker "PowerManagerService.Display".
07-25 14:40:30.489   624   624 V WindowManager: Screen status=true, current orientation=-1, SensorEnabled=false
07-25 14:40:30.489   624   624 D WindowManager: Screen turning on...
07-25 14:40:30.489   624   624 D WindowManager: screenOnListener != null
07-25 14:40:30.489   624   624 D BroadcastQueue: enqueueOrderedBroadcastLocked after add: BroadcastRecord{4195c7c0 u-1 android.intent.action.SCREEN_ON} , the first order broadcast is:BroadcastRecord{4195c7c0 u-1 android.intent.action.SCREEN_ON} size:1 is: foreground
07-25 14:40:30.489   624   624 D BroadcastQueue: Schedule broadcasts [foreground]: current=false
07-25 14:40:30.489   624   640 D BroadcastQueue: Received BROADCAST_INTENT_MSG
07-25 14:40:30.489   624   640 D BroadcastQueue: Processing ordered broadcast [foreground] BroadcastRecord{4195c7c0 u-1 android.intent.action.SCREEN_ON}
07-25 14:40:30.489   624   640 D BroadcastQueue: Submitting BROADCAST_TIMEOUT_MSG [foreground] for BroadcastRecord{4195c7c0 u-1 android.intent.action.SCREEN_ON} at 48316
07-25 14:40:30.489   689   689 V KeyguardViewManager: send wm null token: host was null
07-25 14:40:30.489   624   636 I WindowManager: No lock screen! windowToken=null
07-25 14:40:30.489   624   636 D WindowManager: finishScreenTurningOn maybe set event dispatch to true
07-25 14:40:30.489   624   624 W InputMethodManagerService: Ignoring setImeWindowStatus of uid 1000 token: null
07-25 14:40:30.489   624   657 D PowerGuruService: SCREEN_ON, mCurrentAdjustEnabled = false
07-25 14:40:30.499   624   907 D BroadcastQueue: Schedule broadcasts [background]: current=false
07-25 14:40:30.499   624   907 D BroadcastQueue: enqueueOrderedBroadcastLocked after add: BroadcastRecord{41b626f0 u0 android.intent.action.USER_PRESENT} , the first order broadcast is:BroadcastRecord{41b3dbe0 u0 android.intent.action.BOOT_COMPLETED} size:9 is: background
07-25 14:40:30.499   624   907 D BroadcastQueue: Schedule broadcasts [background]: current=true
07-25 14:40:30.499   624   640 D BroadcastQueue: Received BROADCAST_INTENT_MSG
07-25 14:40:30.499   624   640 D BroadcastQueue: processNextBroadcast(background) called when not idle (state=4)
07-25 14:40:30.499   624   687 D PowerController: handleMessage(MSG_DEVICE_STATE_CHANGED)
07-25 14:40:30.499   624   687 D PowerController: - handleDeviceStateChanged() E -, action: android.intent.action.SCREEN_ON
07-25 14:40:30.499   624   687 D PowerController: handleDeviceStateChanged: bScreenChanged:false bConnectionChanged:false bChargingChanged:false
07-25 14:40:30.509   624   869 D PowerManagerService: acquireWakeLockInternal: lock=1102340888, flags=0x1, tag="RILJ", ws=null, uid=1001, pid=704 pkg name:com.android.phone
07-25 14:40:30.509   624   869 V BatteryStatsImpl: startRunningLocked(): mNesting = 1
07-25 14:40:30.509   624   869 V BatteryStatsImpl: startRunningLocked before mTimerPool.size = 1
07-25 14:40:30.509   624   869 V BatteryStatsImpl: startRunningLocked after mTimerPool.size = 2
07-25 14:40:30.509   624   907 D PowerManagerService: releaseWakeLockInternal: lock=1102340888 [RILJ], flags=0x0 pkg name:com.android.phone
07-25 14:40:30.509   624   869 D PowerManagerService: acquireWakeLockInternal: lock=1102340888, flags=0x1, tag="RILJ", ws=null, uid=1001, pid=704 pkg name:com.android.phone
07-25 14:40:30.509   624   869 V BatteryStatsImpl: startRunningLocked(): mNesting = 1
07-25 14:40:30.509   624   869 V BatteryStatsImpl: startRunningLocked before mTimerPool.size = 1
07-25 14:40:30.509   624   869 V BatteryStatsImpl: startRunningLocked after mTimerPool.size = 2
07-25 14:40:30.519   624   624 D MouseObserverController: Not change mouse state, UserPresent but focused app not enabled
07-25 14:40:30.529   624   624 D MouseObserverController: Not change mouse state, Screen on but focused app not enabled
07-25 14:40:30.539   624   869 D BroadcastQueue: Delivering ordered [foreground] to the last registered filter BroadcastFilter{4199feb8 u0 ReceiverList{418dacf0 1000 com.toycloud.watch.launcher/1000/u0 remote:418ff848}}: BroadcastRecord{4195c7c0 u-1 android.intent.action.SCREEN_ON}
07-25 14:40:30.549   624   854 D AlarmManager: set(PendingIntent{41919100: PendingIntentRecord{418ff918 com.toycloud.watch.launcher broadcastIntent}}) : type=0 triggerAtTime=1564036950551 win=0 tElapsed=148368 maxElapsed=148368 interval=0 standalone=false
07-25 14:40:30.549   624   854 D AlarmManager: setImplLocked() Action = package com.longcos.launcher.lyutilsTrafficStatsHelper.receiver_action, Component = null, type = 0, when = 1564036950551, absolute triggerTime = 2019-07-25 14:42:30
07-25 14:40:30.549   624   657 D PowerGuruService: NEW_ALARM
07-25 14:40:30.549   624   657 D PowerGuruService: receive input alarm:
07-25 14:40:30.549   624   657 D PowerGuruService: alarm info: packageName = com.toycloud.watch.launcher, Action = package com.longcos.launcher.lyutilsTrafficStatsHelper.receiver_action, Component = null, type = 0, when = 1564036950551 (2019-07-25 14:42:30), interval = 0, setCount = 1, userSetCount = 0, firstSetTime = 1564036830554 (2019-07-25 14:40:30), isRepeat = false, isFromGMS = false, isAvailable = true, lastSetTime = 2019-07-25 14:40:30, setMinsAlignCount = 0, isAdjustedByBlacklist = false
07-25 14:40:30.549   624   657 D PowerGuruService: Alarm is not from ThirdParty, is not care about!
07-25 14:40:30.549   624   854 D BroadcastQueue: Cancelling BROADCAST_TIMEOUT_MSG
07-25 14:40:30.549   624   854 D BroadcastQueue: Finished with ordered broadcast BroadcastRecord{4195c7c0 u-1 android.intent.action.SCREEN_ON}
07-25 14:40:30.549   624   854 D BroadcastQueue: Finished with ordered broadcast and remove index 0:BroadcastRecord{4195c7c0 u-1 android.intent.action.SCREEN_ON} is: foreground remine 0
07-25 14:40:30.549   624   624 D PowerManagerNotifier: onReceive WakeUpBroadcastDone and sendNextBroadcast
07-25 14:40:30.549   624   624 D PowerManagerNotifier: sendNextBroadcast mBroadcastedPowerState====1 pending wakeupbroadcast:false pendingsleepbroadcast:true actual powerstate:2
07-25 14:40:30.549   624   624 D PowerManagerNotifier: Sending go to sleep broadcast and goto Policy.screenTurnedOff
07-25 14:40:30.549   624   624 D AlarmManager: set(PendingIntent{418f5908: PendingIntentRecord{418e6740 android startActivity}}) : type=0 triggerAtTime=1564036950559 win=-1 tElapsed=148377 maxElapsed=238377 interval=0 standalone=false
07-25 14:40:30.549   624   624 D AlarmManager: setImplLocked() Action = android.intent.action.MAIN, Component = null, type = 0, when = 1564036950559, absolute triggerTime = 2019-07-25 14:42:30
07-25 14:40:30.549   624   854 D PowerManagerService: releaseWakeLockInternal: lock=1102340888 [RILJ], flags=0x0 pkg name:com.android.phone
07-25 14:40:30.549   624   657 D PowerGuruService: NEW_ALARM
07-25 14:40:30.549   624   657 D PowerGuruService: receive input alarm:
07-25 14:40:30.559   624   657 D PowerGuruService: alarm info: packageName = android, Action = android.intent.action.MAIN, Component = null, type = 0, when = 1564036950559 (2019-07-25 14:42:30), interval = 0, setCount = 1, userSetCount = 0, firstSetTime = 1564036830560 (2019-07-25 14:40:30), isRepeat = false, isFromGMS = false, isAvailable = true, lastSetTime = 2019-07-25 14:40:30, setMinsAlignCount = 0, isAdjustedByBlacklist = false
07-25 14:40:30.559   624   657 D PowerGuruService: Alarm is not from ThirdParty, is not care about!
07-25 14:40:30.559   624   624 V WindowManager: Screen status=false, current orientation=-1, SensorEnabled=false
07-25 14:40:30.559   624   624 D WindowManager: Setting event dispatching to false
07-25 14:40:30.559   624   624 D PowerManagerService: acquireWakeLockInternal: lock=1099523080, flags=0x1, tag="ActivityManager-Sleep", ws=null, uid=1000, pid=624 pkg name:android
07-25 14:40:30.559   624   624 V BatteryStatsImpl: startRunningLocked(): mNesting = 1
07-25 14:40:30.559   624   624 V BatteryStatsImpl: startRunningLocked before mTimerPool.size = 1
07-25 14:40:30.559   624   624 V BatteryStatsImpl: startRunningLocked after mTimerPool.size = 2
07-25 14:40:30.559   624   624 D BroadcastQueue: enqueueOrderedBroadcastLocked after add: BroadcastRecord{41b4e900 u-1 android.intent.action.SCREEN_OFF} , the first order broadcast is:BroadcastRecord{41b4e900 u-1 android.intent.action.SCREEN_OFF} size:1 is: foreground
07-25 14:40:30.559   624   624 D BroadcastQueue: Schedule broadcasts [foreground]: current=false
07-25 14:40:30.559   624   640 D BroadcastQueue: Received BROADCAST_INTENT_MSG
07-25 14:40:30.559   624   640 D BroadcastQueue: Processing ordered broadcast [foreground] BroadcastRecord{41b4e900 u-1 android.intent.action.SCREEN_OFF}
07-25 14:40:30.559   624   640 D BroadcastQueue: Submitting BROADCAST_TIMEOUT_MSG [foreground] for BroadcastRecord{41b4e900 u-1 android.intent.action.SCREEN_OFF} at 48385
07-25 14:40:30.559   624   869 V WindowManager: Pausing WindowToken AppWindowToken{41b303a0 token=Token{41b3fe78 ActivityRecord{41b3fc00 u0 android/com.android.internal.app.ResolverActivity t1}}}
07-25 14:40:30.559   624   869 D ActivityManager: setFocusedActivityLocked: r=null
07-25 14:40:30.559   624   869 V WindowManager: Resuming WindowToken AppWindowToken{41b303a0 token=Token{41b3fe78 ActivityRecord{41b3fc00 u0 android/com.android.internal.app.ResolverActivity t1}}}
07-25 14:40:30.559   624   907 D PowerManagerService: releaseWakeLockInternal: lock=1099523080 [ActivityManager-Sleep], flags=0x0 pkg name:android
07-25 14:40:30.559   624   907 I ActivityManager: Activity reported stop, but no longer stopping: ActivityRecord{41b3fc00 u0 android/com.android.internal.app.ResolverActivity t1 f}
07-25 14:40:30.569   624   657 D PowerGuruService: SCREEN_OFF, mPluggedType = 0
07-25 14:40:30.569   624   657 D AlarmManager: setHeartBeatAdjustEnable() enable = true, updated = false
07-25 14:40:30.569   624   657 D AlarmManagerHelper: adjustTriggerTime()  whenElapsed = 38996, type = 2, alignLength = 5
07-25 14:40:30.569   624   624 W InputMethodManagerService: Ignoring setImeWindowStatus of uid 1000 token: null
07-25 14:40:30.569   624   624 D PowerManagerService: acquireWakeLockInternal: lock=1101145984, flags=0x1, tag="WifiSuspend", ws=null, uid=1000, pid=624 pkg name:android
07-25 14:40:30.569   624   624 V BatteryStatsImpl: startRunningLocked(): mNesting = 1
07-25 14:40:30.569   624   659 D AlarmManager: waitForAlarm result:8
07-25 14:40:30.569   624   624 V BatteryStatsImpl: startRunningLocked before mTimerPool.size = 1
07-25 14:40:30.569   624   624 V BatteryStatsImpl: startRunningLocked after mTimerPool.size = 2
07-25 14:40:30.569   624   657 D AlarmManagerHelper: LSL:adjustTriggerTime() original-trigger: 2019-07-25 14:40:41, adjuested-trigger: 2019-07-25 14:45:00, adjuestedMillis = 297818, adjustedRtcTime= 1564037100000
07-25 14:40:30.569   624   657 V AlarmManager: Adding Alarm{41af1018 type 2 android} to Batch{41af66b8 num=2 start=9651 end=1359651}
07-25 14:40:30.569   624   657 D AlarmManagerHelper: adjustTriggerTime()  whenElapsed = 148377, type = 0, alignLength = 5
07-25 14:40:30.569   624   657 D AlarmManagerHelper: LSL:adjustTriggerTime() original-trigger: 2019-07-25 14:42:30, adjuested-trigger: 2019-07-25 14:45:00, adjuestedMillis = 297817, adjustedRtcTime= 1564037100000
07-25 14:40:30.569   624   673 D PowerManagerService: releaseWakeLockInternal: lock=1101145984 [WifiSuspend], flags=0x0 pkg name:android
07-25 14:40:30.569   624   657 V AlarmManager: Adding Alarm{4193bb40 type 0 android} to Batch{41a09678 num=2 start=309249 end=519892}
07-25 14:40:30.579   624   624 D AlarmManager: set(PendingIntent{41855630: PendingIntentRecord{41b54f28 android broadcastIntent}}) : type=2 triggerAtTime=4288400 win=-1 tElapsed=4288400 maxElapsed=7483400 interval=0 standalone=false
07-25 14:40:30.579   624   624 D AlarmManager: setImplLocked() Action = com.android.server.IdleMaintenanceService.action.UPDATE_IDLE_MAINTENANCE_STATE, Component = null, type = 2, when = 1564041090583, absolute triggerTime = 2019-07-25 15:51:30
07-25 14:40:30.579   624   657 D PowerGuruService: NEW_ALARM
07-25 14:40:30.579   624   657 D PowerGuruService: receive input alarm:
07-25 14:40:30.579   624   624 D AlarmManagerHelper: adjustTriggerTime()  whenElapsed = 4288400, type = 2, alignLength = 5
07-25 14:40:30.579   624   624 D AlarmManagerHelper: LSL:adjustTriggerTime() original-trigger: 2019-07-25 15:51:30, adjuested-trigger: 2019-07-25 15:55:00, adjuestedMillis = 4497818, adjustedRtcTime= 1564041300000
07-25 14:40:30.579   624   624 D AlarmManager:  alarm type = 2, operation = PendingIntent{41855630: PendingIntentRecord{41b54f28 android broadcastIntent}}, whenElapsed=4497818, maxElapsed=4497823, interval=0, is adjusted!!
07-25 14:40:30.579   624   657 D PowerGuruService: alarm info: packageName = android, Action = com.android.server.IdleMaintenanceService.action.UPDATE_IDLE_MAINTENANCE_STATE, Component = null, type = 2, when = 4288400 (2019-07-25 15:51:30), interval = 0, setCount = 1, userSetCount = 0, firstSetTime = 1564036830583 (2019-07-25 14:40:30), isRepeat = false, isFromGMS = false, isAvailable = true, lastSetTime = 2019-07-25 14:40:30, setMinsAlignCount = 0, isAdjustedByBlacklist = false
07-25 14:40:30.579   624   657 D PowerGuruService: Alarm is not from ThirdParty, is not care about!
07-25 14:40:30.579   624   687 D PowerController: handleMessage(MSG_DEVICE_STATE_CHANGED)
07-25 14:40:30.579   624   687 D PowerController: - handleDeviceStateChanged() E -, action: android.intent.action.SCREEN_OFF
07-25 14:40:30.579   624   687 D PowerController: handleDeviceStateChanged: bScreenChanged:true bConnectionChanged:false bChargingChanged:false
07-25 14:40:30.579   624   687 D PowerController: checkPowerGuruInterval: mCharging:false mScreenOn:false mMobileConnected:true
07-25 14:40:30.579   624   658 D PowerManagerService: onReceive SCREEN_OFF
07-25 14:40:30.579   624   658 W ContextImpl: Calling a method in the system process without a qualified user: android.app.ContextImpl.sendBroadcast:1187 com.android.server.power.PowerManagerService$ScreenOffReceiver.onReceive:2803 android.app.LoadedApk$ReceiverDispatcher$Args.run:767 android.os.Handler.handleCallback:733 android.os.Handler.dispatchMessage:95 
07-25 14:40:30.579   624   658 D BroadcastQueue: enqueueOrderedBroadcastLocked after add: BroadcastRecord{419edf68 u0 android.intent.action.SCREEN_OFF_PROTECT_APP} , the first order broadcast is:BroadcastRecord{41b4e900 u-1 android.intent.action.SCREEN_OFF} size:2 is: foreground
07-25 14:40:30.579   624   658 D BroadcastQueue: Schedule broadcasts [foreground]: current=false
07-25 14:40:30.579   624   658 D PowerManagerService: onReceive SCREEN_OFF remain wakelock:android.os.Binder@419ac458 flag:1 tag:AlarmManager pkg:android
07-25 14:40:30.579   624   640 D BroadcastQueue: Received BROADCAST_INTENT_MSG
07-25 14:40:30.579   624   640 D BroadcastQueue: processNextBroadcast(foreground) called when not idle (state=3)
07-25 14:40:30.579   624   907 D PowerManagerService: acquireWakeLockInternal: lock=1102340888, flags=0x1, tag="RILJ", ws=null, uid=1001, pid=704 pkg name:com.android.phone
07-25 14:40:30.579   624   907 V BatteryStatsImpl: startRunningLocked(): mNesting = 1
07-25 14:40:30.579   624   907 V BatteryStatsImpl: startRunningLocked before mTimerPool.size = 1
07-25 14:40:30.579   624   907 V BatteryStatsImpl: startRunningLocked after mTimerPool.size = 2
07-25 14:40:30.579   624   659 D AlarmManager: break
07-25 14:40:30.589   624   854 D PowerManagerService: releaseWakeLockInternal: lock=1102340888 [RILJ], flags=0x0 pkg name:com.android.phone
07-25 14:40:30.589   624   624 D MouseObserverController: Disable mouse touch: ScreenOff
07-25 14:40:30.649   624   907 V WindowManager: New client android.os.BinderProxy@41ade6f0: window=Window{4180d158 u0 com.toycloud.watch.launcher}
07-25 14:40:30.649   624   907 D BroadcastQueue: Delivering ordered [foreground] to the last registered filter BroadcastFilter{4199feb8 u0 ReceiverList{418dacf0 1000 com.toycloud.watch.launcher/1000/u0 remote:418ff848}}: BroadcastRecord{41b4e900 u-1 android.intent.action.SCREEN_OFF}
07-25 14:40:30.679   624   907 I WindowManager: mDock rect: (0,0 - 320,360)
07-25 14:40:30.679   624   907 V WindowManager: Status bar: dock=[0,15][320,360] content=[0,15][320,360] cur=[0,15][320,360]
07-25 14:40:30.679   624   907 V WindowManager: layoutWindowLw(): IN_SCREEN
07-25 14:40:30.679   624   907 V WindowManager: Compute frame : sim=#20 attach=null type=2003 flags=0x00000548 pf=[0,0][320,360] df=[0,0][320,360] of=[0,0][320,360] cf=[0,0][320,360] vf=[0,15][320,360] dcf=[0,15][320,360]
07-25 14:40:30.679   624   907 V WindowManager: layoutWindowLw(android/com.android.internal.app.ResolverActivity): IN_SCREEN
07-25 14:40:30.679   624   907 V WindowManager: Compute frame android/com.android.internal.app.ResolverActivity: sim=#20 attach=null type=1 flags=0x04820002 pf=[0,0][320,360] df=[0,0][320,360] of=[0,0][320,360] cf=[0,15][320,360] vf=[0,15][320,360] dcf=[0,15][320,360]
07-25 14:40:30.679   624   907 I WindowManager: Win Window{41bccba8 u0 StatusBar}: isVisibleOrBehindKeyguardLw=true
07-25 14:40:30.679   624   907 I WindowManager: Win Window{4180d158 u0 com.toycloud.watch.launcher}: isVisibleOrBehindKeyguardLw=true
07-25 14:40:30.679   624   907 I WindowManager: Win Window{4180c950 u0 android/com.android.internal.app.ResolverActivity}: isVisibleOrBehindKeyguardLw=true
07-25 14:40:30.679   624   907 I WindowManager: Win Window{41b2adc0 u0 com.android.systemui.ImageWallpaper}: isVisibleOrBehindKeyguardLw=false
07-25 14:40:30.679   624   907 I WindowManager: force=false forcefkg=false top=null
07-25 14:40:30.679   624   907 I WindowManager: mDock rect: (0,0 - 320,360)
07-25 14:40:30.679   624   907 V WindowManager: Status bar: dock=[0,15][320,360] content=[0,15][320,360] cur=[0,15][320,360]
07-25 14:40:30.679   624   907 V WindowManager: layoutWindowLw(): IN_SCREEN
07-25 14:40:30.679   624   907 V WindowManager: Compute frame : sim=#20 attach=null type=2003 flags=0x00000548 pf=[0,0][320,360] df=[0,0][320,360] of=[0,0][320,360] cf=[0,0][320,360] vf=[0,15][320,360] dcf=[0,15][320,360]
07-25 14:40:30.679   624   907 V WindowManager: layoutWindowLw(android/com.android.internal.app.ResolverActivity): IN_SCREEN
07-25 14:40:30.679   624   907 V WindowManager: Compute frame android/com.android.internal.app.ResolverActivity: sim=#20 attach=null type=1 flags=0x04820002 pf=[0,0][320,360] df=[0,0][320,360] of=[0,0][320,360] cf=[0,15][320,360] vf=[0,15][320,360] dcf=[0,15][320,360]
07-25 14:40:30.679   624   907 I WindowManager: Win Window{41bccba8 u0 StatusBar}: isVisibleOrBehindKeyguardLw=true
07-25 14:40:30.679   624   907 I WindowManager: Win Window{4180d158 u0 com.toycloud.watch.launcher}: isVisibleOrBehindKeyguardLw=true
07-25 14:40:30.679   624   907 I WindowManager: Win Window{4180c950 u0 android/com.android.internal.app.ResolverActivity}: isVisibleOrBehindKeyguardLw=true
07-25 14:40:30.679   624   907 I WindowManager: Win Window{41b2adc0 u0 com.android.systemui.ImageWallpaper}: isVisibleOrBehindKeyguardLw=false
07-25 14:40:30.679   624   907 I WindowManager: force=false forcefkg=false top=null
07-25 14:40:30.679   624   639 I WindowManager: Win Window{41bccba8 u0 StatusBar}: isVisibleOrBehindKeyguardLw=true
07-25 14:40:30.689   624   639 I WindowManager: Win Window{4180d158 u0 com.toycloud.watch.launcher}: isVisibleOrBehindKeyguardLw=true
07-25 14:40:30.689   624   639 I WindowManager: Win Window{4180c950 u0 android/com.android.internal.app.ResolverActivity}: isVisibleOrBehindKeyguardLw=true
07-25 14:40:30.689   624   639 I WindowManager: Win Window{41b2adc0 u0 com.android.systemui.ImageWallpaper}: isVisibleOrBehindKeyguardLw=false
07-25 14:40:30.689   624   639 I WindowManager: force=false forcefkg=false top=null
07-25 14:40:30.689   624   907 D AlarmManager: set(PendingIntent{41afc960: PendingIntentRecord{41babaf8 com.toycloud.watch.launcher broadcastIntent}}) : type=0 triggerAtTime=1564037730695 win=0 tElapsed=928513 maxElapsed=928513 interval=0 standalone=false
07-25 14:40:30.689   624   907 D AlarmManager: setImplLocked() Action = package com.longcos.launcher.lyutilsTrafficStatsHelper.receiver_action, Component = null, type = 0, when = 1564037730695, absolute triggerTime = 2019-07-25 14:55:30
07-25 14:40:30.689   624   657 D PowerGuruService: NEW_ALARM
07-25 14:40:30.689   624   657 D PowerGuruService: receive input alarm:
07-25 14:40:30.689   624   657 D PowerGuruService: alarm info: packageName = com.toycloud.watch.launcher, Action = package com.longcos.launcher.lyutilsTrafficStatsHelper.receiver_action, Component = null, type = 0, when = 1564037730695 (2019-07-25 14:55:30), interval = 0, setCount = 1, userSetCount = 0, firstSetTime = 1564036830697 (2019-07-25 14:40:30), isRepeat = false, isFromGMS = false, isAvailable = true, lastSetTime = 2019-07-25 14:40:30, setMinsAlignCount = 0, isAdjustedByBlacklist = false
07-25 14:40:30.689   624   657 D PowerGuruService: Alarm is not from ThirdParty, is not care about!
07-25 14:40:30.689   624   907 D BroadcastQueue: Cancelling BROADCAST_TIMEOUT_MSG
07-25 14:40:30.689   624   907 D BroadcastQueue: Finished with ordered broadcast BroadcastRecord{41b4e900 u-1 android.intent.action.SCREEN_OFF}
07-25 14:40:30.689   624   907 D BroadcastQueue: Finished with ordered broadcast and remove index 0:BroadcastRecord{41b4e900 u-1 android.intent.action.SCREEN_OFF} is: foreground remine 1
07-25 14:40:30.689   624   907 D BroadcastQueue: Processing ordered broadcast [foreground] BroadcastRecord{419edf68 u0 android.intent.action.SCREEN_OFF_PROTECT_APP}
07-25 14:40:30.689   624   907 D BroadcastQueue: Submitting BROADCAST_TIMEOUT_MSG [foreground] for BroadcastRecord{419edf68 u0 android.intent.action.SCREEN_OFF_PROTECT_APP} at 48519
07-25 14:40:30.689   624   624 D PowerManagerNotifier: onReceive GoToSleepBroadcastDone and sendNextBroadcast
07-25 14:40:30.689   624   624 D PowerManagerNotifier: sendNextBroadcast mBroadcastedPowerState====2 pending wakeupbroadcast:false pendingsleepbroadcast:false actual powerstate:2
07-25 14:40:30.689   624   624 D PowerManagerService: Releasing suspend blocker "PowerManagerService.Broadcasts".
07-25 14:40:30.689   624   624 D PowerManagerNotifier: sendNextBroadcast after finishPendingBroadcastLocked and return1
07-25 14:40:30.699   624   907 D BroadcastQueue: Cancelling BROADCAST_TIMEOUT_MSG
07-25 14:40:30.699   624   907 D BroadcastQueue: Finished with ordered broadcast BroadcastRecord{419edf68 u0 android.intent.action.SCREEN_OFF_PROTECT_APP}
07-25 14:40:30.699   624   907 D BroadcastQueue: Finished with ordered broadcast and remove index 0:BroadcastRecord{419edf68 u0 android.intent.action.SCREEN_OFF_PROTECT_APP} is: foreground remine 0
07-25 14:40:30.729   624   639 I WindowManager: mDock rect: (0,0 - 320,360)
07-25 14:40:30.729   624   639 V WindowManager: Status bar: dock=[0,15][320,360] content=[0,15][320,360] cur=[0,15][320,360]
07-25 14:40:30.729   624   639 V WindowManager: layoutWindowLw(): IN_SCREEN
07-25 14:40:30.729   624   639 V WindowManager: Compute frame : sim=#20 attach=null type=2003 flags=0x00000548 pf=[0,0][320,360] df=[0,0][320,360] of=[0,0][320,360] cf=[0,0][320,360] vf=[0,15][320,360] dcf=[0,15][320,360]
07-25 14:40:30.729   624   639 V WindowManager: layoutWindowLw(android/com.android.internal.app.ResolverActivity): IN_SCREEN
07-25 14:40:30.729   624   639 V WindowManager: Compute frame android/com.android.internal.app.ResolverActivity: sim=#20 attach=null type=1 flags=0x04820002 pf=[0,0][320,360] df=[0,0][320,360] of=[0,0][320,360] cf=[0,15][320,360] vf=[0,15][320,360] dcf=[0,15][320,360]
07-25 14:40:30.729   624   639 I WindowManager: Win Window{41bccba8 u0 StatusBar}: isVisibleOrBehindKeyguardLw=true
07-25 14:40:30.729   624   639 I WindowManager: Win Window{4180d158 u0 com.toycloud.watch.launcher}: isVisibleOrBehindKeyguardLw=true
07-25 14:40:30.729   624   639 I WindowManager: Win Window{4180c950 u0 android/com.android.internal.app.ResolverActivity}: isVisibleOrBehindKeyguardLw=true
07-25 14:40:30.729   624   639 I WindowManager: Win Window{41b2adc0 u0 com.android.systemui.ImageWallpaper}: isVisibleOrBehindKeyguardLw=false
07-25 14:40:30.729   624   639 I WindowManager: force=false forcefkg=false top=null
07-25 14:40:30.739   624   639 I WindowManager: Win Window{41bccba8 u0 StatusBar}: isVisibleOrBehindKeyguardLw=true
07-25 14:40:30.739   624   639 I WindowManager: Win Window{4180d158 u0 com.toycloud.watch.launcher}: isVisibleOrBehindKeyguardLw=true
07-25 14:40:30.739   624   639 I WindowManager: Win Window{4180c950 u0 android/com.android.internal.app.ResolverActivity}: isVisibleOrBehindKeyguardLw=true
07-25 14:40:30.739   624   639 I WindowManager: Win Window{41b2adc0 u0 com.android.systemui.ImageWallpaper}: isVisibleOrBehindKeyguardLw=false
07-25 14:40:30.739   624   639 I WindowManager: force=false forcefkg=false top=null
07-25 14:40:33.579   624   636 D BatteryService: Processing new values: chargerAcOnline=false, chargerUsbOnline=false, chargerWirelessOnline=false, batteryStatus=3, batteryHealth=2, batteryPresent=true, batteryLevel=92, batteryTechnology=Li-ion, batteryVoltage=4058, batteryCurrentNow=-26000, batteryChargeCounter=516120, batteryTemperature=293, mBatteryLevelCritical=false, mPlugType=0
07-25 14:40:33.579   624   624 D BroadcastQueue: Schedule broadcasts [background]: current=false
07-25 14:40:33.579   624   640 D BroadcastQueue: Received BROADCAST_INTENT_MSG
07-25 14:40:33.579   624   640 D BroadcastQueue: processNextBroadcast(background) called when not idle (state=4)
07-25 14:40:33.579   624   657 D PowerGuruService: CMD_BATTERY_CHANGED (newPlugType = 0)
07-25 14:40:33.579   624   687 D PowerController: handleMessage(MSG_DEVICE_STATE_CHANGED)
07-25 14:40:33.579   624   687 D PowerController: - handleDeviceStateChanged() E -, action: android.intent.action.BATTERY_CHANGED
07-25 14:40:33.579   624   687 D PowerController: pluggedType:0 mCharging:false
07-25 14:40:33.579   624   687 D PowerController: handleDeviceStateChanged: bScreenChanged:false bConnectionChanged:false bChargingChanged:false
07-25 14:40:40.849   624   673 D BroadcastQueue: Schedule broadcasts [background]: current=false
07-25 14:40:40.849   624   640 D BroadcastQueue: Received BROADCAST_INTENT_MSG
07-25 14:40:40.849   624   640 D BroadcastQueue: processNextBroadcast(background) called when not idle (state=4)
07-25 14:40:41.169   624   659 D AlarmManager: waitForAlarm result:4
07-25 14:40:41.169   624   659 D AlarmManager: triggerList.add i = 0
07-25 14:40:41.169   624   659 D AlarmManager: triggerList.add i = 1
07-25 14:40:41.169   624   659 D AlarmManager: break
07-25 14:40:41.169   624   659 D AlarmManager: sending alarm type:3 operation:PendingIntent{41919110: PendingIntentRecord{4180f260 android broadcastIntent}}
07-25 14:40:41.169   624   659 D BroadcastQueue: enqueueOrderedBroadcastLocked after add: BroadcastRecord{41803f00 u0 com.android.server.action.NETWORK_STATS_POLL} , the first order broadcast is:BroadcastRecord{41b3dbe0 u0 android.intent.action.BOOT_COMPLETED} size:10 is: background
07-25 14:40:41.169   624   659 D BroadcastQueue: Schedule broadcasts [background]: current=false
07-25 14:40:41.169   624   659 D AlarmManager: sending alarm type:2 operation:PendingIntent{41b67ae8: PendingIntentRecord{41b679f0 android broadcastIntent}}
07-25 14:40:41.169   624   640 D BroadcastQueue: Received BROADCAST_INTENT_MSG
07-25 14:40:41.169   624   640 D BroadcastQueue: processNextBroadcast(background) called when not idle (state=4)
07-25 14:40:41.169   624   659 D BroadcastQueue: enqueueOrderedBroadcastLocked after add: BroadcastRecord{41ab8450 u0 android.net.ConnectivityService.action.PKT_CNT_SAMPLE_INTERVAL_ELAPSED} , the first order broadcast is:BroadcastRecord{41b3dbe0 u0 android.intent.action.BOOT_COMPLETED} size:11 is: background
07-25 14:40:41.169   624   659 D BroadcastQueue: Schedule broadcasts [background]: current=false
07-25 14:40:41.169   624   640 D BroadcastQueue: Received BROADCAST_INTENT_MSG
07-25 14:40:41.169   624   640 D BroadcastQueue: processNextBroadcast(background) called when not idle (state=4)
07-25 14:40:41.399   624   673 D BroadcastQueue: Schedule broadcasts [background]: current=false
07-25 14:40:41.399   624   673 D BroadcastQueue: enqueueOrderedBroadcastLocked after add: BroadcastRecord{41b26e58 u-1 android.net.wifi.SCAN_RESULTS} , the first order broadcast is:BroadcastRecord{41b3dbe0 u0 android.intent.action.BOOT_COMPLETED} size:12 is: background
07-25 14:40:41.399   624   673 D BroadcastQueue: Schedule broadcasts [background]: current=true
07-25 14:40:41.399   624   640 D BroadcastQueue: Received BROADCAST_INTENT_MSG
07-25 14:40:41.399   624   640 D BroadcastQueue: processNextBroadcast(background) called when not idle (state=4)
07-25 14:40:41.399   624   673 D BroadcastQueue: Schedule broadcasts [background]: current=false
07-25 14:40:41.399   624   640 D BroadcastQueue: Received BROADCAST_INTENT_MSG
07-25 14:40:41.399   624   640 D BroadcastQueue: processNextBroadcast(background) called when not idle (state=4)
07-25 14:40:41.399   624  1201 D BroadcastQueue: Schedule broadcasts [background]: current=false
07-25 14:40:41.399   624   640 D BroadcastQueue: Received BROADCAST_INTENT_MSG
07-25 14:40:41.399   624  1201 D BroadcastQueue: enqueueOrderedBroadcastLocked after add: BroadcastRecord{41b77b00 u-1 android.net.wifi.STATE_CHANGE} , the first order broadcast is:BroadcastRecord{41b3dbe0 u0 android.intent.action.BOOT_COMPLETED} size:13 is: background
07-25 14:40:41.399   624  1201 D BroadcastQueue: Schedule broadcasts [background]: current=true
07-25 14:40:41.399   624   640 D BroadcastQueue: processNextBroadcast(background) called when not idle (state=4)
07-25 14:40:41.409   624   676 D ConnectivityService: ConnectivityChange for WIFI: DISCONNECTED/IDLE
07-25 14:40:41.409   624   676 D ConnectivityService: Attempting to switch to BLUETOOTH_TETHER
07-25 14:40:41.409   624   636 D ConnectivityService: getRealNetworkType: networkType = 1
07-25 14:40:41.409   624   676 D ConnectivityService: Attempting to switch to mobile
07-25 14:40:41.409   624   676 D ConnectivityService: oldsize: 0, newsize: 1
07-25 14:40:41.409   624   676 D ConnectivityService: handleConnectivityChange: netType=1 doReset=true resetMask=3
07-25 14:40:41.409   624   676 D ConnectivityService: handleConnectivityChange: changed linkProperty[1]: doReset=true resetMask=3
07-25 14:40:41.409   624   676 D ConnectivityService:   curLp=null
07-25 14:40:41.409   624   676 D ConnectivityService:   newLp= null
07-25 14:40:41.409   624   676 D ConnectivityService: handleConnectivityChange: resetting
07-25 14:40:41.409   624   676 D Nat464Xlat: requiresClat: netType=1, hasIPv4Address=false
07-25 14:40:41.409   624   676 D ConnectivityService: sendStickyBroadcast: action=android.net.conn.CONNECTIVITY_CHANGE_IMMEDIATE
07-25 14:40:41.409   624   676 D BroadcastQueue: Schedule broadcasts [background]: current=false
07-25 14:40:41.409   624   640 D BroadcastQueue: Received BROADCAST_INTENT_MSG
07-25 14:40:41.409   624   640 D BroadcastQueue: processNextBroadcast(background) called when not idle (state=4)
07-25 14:40:41.409   624   669 D PowerManagerService: acquireWakeLockInternal: lock=1101857296, flags=0x1, tag="NetworkStats", ws=null, uid=1000, pid=624 pkg name:android
07-25 14:40:41.409   624   669 V BatteryStatsImpl: startRunningLocked(): mNesting = 1
07-25 14:40:41.409   624   669 V BatteryStatsImpl: startRunningLocked before mTimerPool.size = 1
07-25 14:40:41.409   624   669 V BatteryStatsImpl: startRunningLocked after mTimerPool.size = 2
07-25 14:40:41.419   624   676 D ConnectivityService: sendStickyBroadcastDelayed: delayMs=3000, action=android.net.conn.CONNECTIVITY_CHANGE
07-25 14:40:41.419   624   671 D ConnectivityService: getAllNetworkState: length of mNetTrackers is 136
07-25 14:40:41.419   624   671 D ConnectivityService: getAllNetworkState: TelephonyManager.getPhoneCount() = 1
07-25 14:40:41.419   624   671 D ConnectivityService: getAllNetworkState: defaultDataPhoneId = 0
07-25 14:40:41.419   624   671 D ConnectivityService: getAllNetworkState: tracker is Mobile data state: DISCONNECTED
07-25 14:40:41.419   624   671 D ConnectivityService: Data enabled: user=true, policy=true
07-25 14:40:41.419   624   671 D ConnectivityService: getRealNetworkTracker: info.getPhoneId() = 1
07-25 14:40:41.419   624   671 D ConnectivityService: getRealNetworkType: networkType = 0
07-25 14:40:41.419   624   671 D ConnectivityService: getNetworkTypeByPhoneId = 100
07-25 14:40:41.419   624   671 D ConnectivityService: getRealNetworkTracker: Mobile data state: DISCONNECTED
07-25 14:40:41.419   624   671 D ConnectivityService: Data enabled: user=true, policy=true
07-25 14:40:41.419   624   671 D ConnectivityService: getAllNetworkState:getRealNetworkTracker is Mobile data state: DISCONNECTED
07-25 14:40:41.419   624   671 D ConnectivityService: Data enabled: user=true, policy=true
07-25 14:40:41.429   624   671 D ConnectivityService: getAllNetworkState: tracker is android.net.wifi.WifiStateTracker@41a9c3e0
07-25 14:40:41.429   624   671 D ConnectivityService: getRealNetworkTracker: info.getPhoneId() = 0
07-25 14:40:41.429   624   671 D ConnectivityService: getAllNetworkState:getRealNetworkTracker is android.net.wifi.WifiStateTracker@41a9c3e0
07-25 14:40:41.429   624   671 D ConnectivityService: getAllNetworkState: tracker is Mobile data state: DISCONNECTED
07-25 14:40:41.429   624   671 D ConnectivityService: Data enabled: user=true, policy=true
07-25 14:40:41.429   624   671 D ConnectivityService: getRealNetworkTracker: info.getPhoneId() = 1
07-25 14:40:41.429   624   671 D ConnectivityService: getRealNetworkType: networkType = 2
07-25 14:40:41.429   624   671 D ConnectivityService: getNetworkTypeByPhoneId = 102
07-25 14:40:41.429   624   671 D ConnectivityService: getRealNetworkTracker: Mobile data state: DISCONNECTED
07-25 14:40:41.429   624   671 D ConnectivityService: Data enabled: user=true, policy=true
07-25 14:40:41.429   624   671 D ConnectivityService: getAllNetworkState:getRealNetworkTracker is Mobile data state: DISCONNECTED
07-25 14:40:41.429   624   671 D ConnectivityService: Data enabled: user=true, policy=true
07-25 14:40:41.429   624   669 D BroadcastQueue: Schedule broadcasts [background]: current=false
07-25 14:40:41.429   624   671 D ConnectivityService: getAllNetworkState: tracker is Mobile data state: DISCONNECTED
07-25 14:40:41.429   624   671 D ConnectivityService: Data enabled: user=true, policy=true
07-25 14:40:41.429   624   640 D BroadcastQueue: Received BROADCAST_INTENT_MSG
07-25 14:40:41.429   624   640 D BroadcastQueue: processNextBroadcast(background) called when not idle (state=4)
07-25 14:40:41.429   624   669 D ConnectivityService: getAllNetworkState: length of mNetTrackers is 136
07-25 14:40:41.429   624   669 D ConnectivityService: getAllNetworkState: TelephonyManager.getPhoneCount() = 1
07-25 14:40:41.429   624   671 D ConnectivityService: getRealNetworkTracker: info.getPhoneId() = 1
07-25 14:40:41.429   624   671 D ConnectivityService: getRealNetworkType: networkType = 3
07-25 14:40:41.429   624   669 D ConnectivityService: getAllNetworkState: defaultDataPhoneId = 0
07-25 14:40:41.429   624   671 D ConnectivityService: getNetworkTypeByPhoneId = 103
07-25 14:40:41.429   624   671 D ConnectivityService: getRealNetworkTracker: Mobile data state: DISCONNECTED
07-25 14:40:41.429   624   671 D ConnectivityService: Data enabled: user=true, policy=true
07-25 14:40:41.429   624   671 D ConnectivityService: getAllNetworkState:getRealNetworkTracker is Mobile data state: DISCONNECTED
07-25 14:40:41.429   624   671 D ConnectivityService: Data enabled: user=true, policy=true
07-25 14:40:41.429   624   671 D ConnectivityService: getAllNetworkState: tracker is Mobile data state: DISCONNECTED
07-25 14:40:41.429   624   671 D ConnectivityService: Data enabled: user=true, policy=true
07-25 14:40:41.429   624   671 D ConnectivityService: getRealNetworkTracker: info.getPhoneId() = 1
07-25 14:40:41.429   624   671 D ConnectivityService: getRealNetworkType: networkType = 5
07-25 14:40:41.429   624   671 D ConnectivityService: getNetworkTypeByPhoneId = 105
07-25 14:40:41.429   624   671 D ConnectivityService: getRealNetworkTracker: Mobile data state: DISCONNECTED
07-25 14:40:41.429   624   671 D ConnectivityService: Data enabled: user=true, policy=true
07-25 14:40:41.429   624   671 D ConnectivityService: getAllNetworkState:getRealNetworkTracker is Mobile data state: DISCONNECTED
07-25 14:40:41.429   624   671 D ConnectivityService: Data enabled: user=true, policy=true
07-25 14:40:41.429   624   671 D ConnectivityService: getAllNetworkState: tracker is android.bluetooth.BluetoothTetheringDataTracker@41b07420
07-25 14:40:41.439   624   671 D ConnectivityService: getRealNetworkTracker: info.getPhoneId() = 0
07-25 14:40:41.439   624   671 D ConnectivityService: getAllNetworkState:getRealNetworkTracker is android.bluetooth.BluetoothTetheringDataTracker@41b07420
07-25 14:40:41.439   624   671 D ConnectivityService: getAllNetworkState: tracker is Mobile data state: DISCONNECTED
07-25 14:40:41.439   624   671 D ConnectivityService: Data enabled: user=true, policy=true
07-25 14:40:41.439   624   671 D ConnectivityService: getRealNetworkTracker: info.getPhoneId() = 1
07-25 14:40:41.439   624   671 D ConnectivityService: getRealNetworkType: networkType = 10
07-25 14:40:41.439   624   671 D ConnectivityService: getNetworkTypeByPhoneId = 110
07-25 14:40:41.439   624   671 D ConnectivityService: getRealNetworkTracker: Mobile data state: DISCONNECTED
07-25 14:40:41.439   624   671 D ConnectivityService: Data enabled: user=true, policy=true
07-25 14:40:41.439   624   671 D ConnectivityService: getAllNetworkState:getRealNetworkTracker is Mobile data state: DISCONNECTED
07-25 14:40:41.439   624   671 D ConnectivityService: Data enabled: user=true, policy=true
07-25 14:40:41.439   624   671 D ConnectivityService: getAllNetworkState: tracker is Mobile data state: DISCONNECTED
07-25 14:40:41.439   624   671 D ConnectivityService: Data enabled: user=true, policy=true
07-25 14:40:41.439   624   671 D ConnectivityService: getRealNetworkTracker: info.getPhoneId() = 1
07-25 14:40:41.439   624   671 D ConnectivityService: getRealNetworkType: networkType = 11
07-25 14:40:41.439   624   671 D ConnectivityService: getNetworkTypeByPhoneId = 111
07-25 14:40:41.439   624   671 D ConnectivityService: getRealNetworkTracker: Mobile data state: DISCONNECTED
07-25 14:40:41.439   624   671 D ConnectivityService: Data enabled: user=true, policy=true
07-25 14:40:41.439   624   671 D ConnectivityService: getAllNetworkState:getRealNetworkTracker is Mobile data state: DISCONNECTED
07-25 14:40:41.439   624   671 D ConnectivityService: Data enabled: user=true, policy=true
07-25 14:40:41.439   624   671 D ConnectivityService: getAllNetworkState: tracker is Mobile data state: DISCONNECTED
07-25 14:40:41.439   624   671 D ConnectivityService: Data enabled: user=true, policy=true
07-25 14:40:41.439   624   671 D ConnectivityService: getRealNetworkTracker: info.getPhoneId() = 1
07-25 14:40:41.439   624   671 D ConnectivityService: getRealNetworkType: networkType = 12
07-25 14:40:41.439   624   671 D ConnectivityService: getNetworkTypeByPhoneId = 112
07-25 14:40:41.439   624   671 D ConnectivityService: getRealNetworkTracker: Mobile data state: DISCONNECTED
07-25 14:40:41.439   624   671 D ConnectivityService: Data enabled: user=true, policy=true
07-25 14:40:41.439   624   671 D ConnectivityService: getAllNetworkState:getRealNetworkTracker is Mobile data state: DISCONNECTED
07-25 14:40:41.439   624   671 D ConnectivityService: Data enabled: user=true, policy=true
07-25 14:40:41.439   624   671 D ConnectivityService: getAllNetworkState: tracker is Mobile data state: DISCONNECTED
07-25 14:40:41.439   624   671 D ConnectivityService: Data enabled: user=true, policy=true
07-25 14:40:41.439   624   671 D ConnectivityService: getRealNetworkTracker: info.getPhoneId() = 1
07-25 14:40:41.439   624   671 D ConnectivityService: getRealNetworkType: networkType = 15
07-25 14:40:41.439   624   671 D ConnectivityService: getNetworkTypeByPhoneId = 115
07-25 14:40:41.439   624   671 D ConnectivityService: getRealNetworkTracker: Mobile data state: DISCONNECTED
07-25 14:40:41.439   624   671 D ConnectivityService: Data enabled: user=true, policy=true
07-25 14:40:41.439   624   671 D ConnectivityService: getAllNetworkState:getRealNetworkTracker is Mobile data state: DISCONNECTED
07-25 14:40:41.439   624   671 D ConnectivityService: Data enabled: user=true, policy=true
07-25 14:40:41.439   624   671 D ConnectivityService: getAllNetworkState: tracker is Mobile data state: DISCONNECTED
07-25 14:40:41.439   624   671 D ConnectivityService: Data enabled: user=true, policy=true
07-25 14:40:41.439   624   671 D ConnectivityService: getRealNetworkTracker: info.getPhoneId() = 1
07-25 14:40:41.439   624   671 D ConnectivityService: getRealNetworkType: networkType = 17
07-25 14:40:41.439   624   671 D ConnectivityService: getNetworkTypeByPhoneId = 117
07-25 14:40:41.439   624   671 D ConnectivityService: getRealNetworkTracker: Mobile data state: DISCONNECTED
07-25 14:40:41.439   624   671 D ConnectivityService: Data enabled: user=true, policy=true
07-25 14:40:41.439   624   671 D ConnectivityService: getAllNetworkState:getRealNetworkTracker is Mobile data state: DISCONNECTED
07-25 14:40:41.439   624   671 D ConnectivityService: Data enabled: user=true, policy=true
07-25 14:40:41.439   624   671 D ConnectivityService: getAllNetworkState: tracker is Mobile data state: DISCONNECTED
07-25 14:40:41.439   624   671 D ConnectivityService: Data enabled: user=true, policy=true
07-25 14:40:41.439   624   671 D ConnectivityService: getRealNetworkTracker: info.getPhoneId() = 1
07-25 14:40:41.439   624   671 D ConnectivityService: getRealNetworkType: networkType = 18
07-25 14:40:41.439   624   671 D ConnectivityService: getNetworkTypeByPhoneId = 118
07-25 14:40:41.439   624   671 D ConnectivityService: getRealNetworkTracker: Mobile data state: DISCONNECTED
07-25 14:40:41.439   624   671 D ConnectivityService: Data enabled: user=true, policy=true
07-25 14:40:41.439   624   671 D ConnectivityService: getAllNetworkState:getRealNetworkTracker is Mobile data state: DISCONNECTED
07-25 14:40:41.439   624   671 D ConnectivityService: Data enabled: user=true, policy=true
07-25 14:40:41.449   624   671 D ConnectivityService: getAllNetworkState: tracker is Mobile data state: DISCONNECTED
07-25 14:40:41.449   624   671 D ConnectivityService: Data enabled: user=true, policy=true
07-25 14:40:41.449   624   671 D ConnectivityService: getRealNetworkTracker: info.getPhoneId() = 1
07-25 14:40:41.449   624   671 D ConnectivityService: getRealNetworkType: networkType = 35
07-25 14:40:41.449   624   671 D ConnectivityService: getNetworkTypeByPhoneId = 135
07-25 14:40:41.449   624   671 D ConnectivityService: getRealNetworkTracker: Mobile data state: DISCONNECTED
07-25 14:40:41.449   624   671 D ConnectivityService: Data enabled: user=true, policy=true
07-25 14:40:41.449   624   671 D ConnectivityService: getAllNetworkState:getRealNetworkTracker is Mobile data state: DISCONNECTED
07-25 14:40:41.449   624   671 D ConnectivityService: Data enabled: user=true, policy=true
07-25 14:40:41.449   624   671 D ConnectivityService: getAllNetworkState: tracker is Mobile data state: DISCONNECTED
07-25 14:40:41.449   624   671 D ConnectivityService: Data enabled: user=true, policy=true
07-25 14:40:41.449   624   671 D ConnectivityService: getRealNetworkTracker: info.getPhoneId() = 0
07-25 14:40:41.449   624   671 D ConnectivityService: getAllNetworkState:getRealNetworkTracker is Mobile data state: DISCONNECTED
07-25 14:40:41.449   624   671 D ConnectivityService: Data enabled: user=true, policy=true
07-25 14:40:41.449   624   671 D ConnectivityService: getAllNetworkState: tracker is Mobile data state: DISCONNECTED
07-25 14:40:41.449   624   671 D ConnectivityService: Data enabled: user=true, policy=true
07-25 14:40:41.449   624   671 D ConnectivityService: getRealNetworkTracker: info.getPhoneId() = 0
07-25 14:40:41.449   624   671 D ConnectivityService: getAllNetworkState:getRealNetworkTracker is Mobile data state: DISCONNECTED
07-25 14:40:41.449   624   671 D ConnectivityService: Data enabled: user=true, policy=true
07-25 14:40:41.449   624   671 D ConnectivityService: getAllNetworkState: tracker is Mobile data state: DISCONNECTED
07-25 14:40:41.449   624   671 D ConnectivityService: Data enabled: user=true, policy=true
07-25 14:40:41.449   624   671 D ConnectivityService: getRealNetworkTracker: info.getPhoneId() = 0
07-25 14:40:41.449   624   671 D ConnectivityService: getAllNetworkState:getRealNetworkTracker is Mobile data state: DISCONNECTED
07-25 14:40:41.449   624   671 D ConnectivityService: Data enabled: user=true, policy=true
07-25 14:40:41.449   624   671 D ConnectivityService: getAllNetworkState: tracker is Mobile data state: DISCONNECTED
07-25 14:40:41.449   624   671 D ConnectivityService: Data enabled: user=true, policy=true
07-25 14:40:41.449   624   671 D ConnectivityService: getRealNetworkTracker: info.getPhoneId() = 0
07-25 14:40:41.449   624   671 D ConnectivityService: getAllNetworkState:getRealNetworkTracker is Mobile data state: DISCONNECTED
07-25 14:40:41.449   624   671 D ConnectivityService: Data enabled: user=true, policy=true
07-25 14:40:41.449   624   671 D ConnectivityService: getAllNetworkState: tracker is Mobile data state: DISCONNECTED
07-25 14:40:41.449   624   671 D ConnectivityService: Data enabled: user=true, policy=true
07-25 14:40:41.449   624   671 D ConnectivityService: getRealNetworkTracker: info.getPhoneId() = 0
07-25 14:40:41.449   624   671 D ConnectivityService: getAllNetworkState:getRealNetworkTracker is Mobile data state: DISCONNECTED
07-25 14:40:41.449   624   671 D ConnectivityService: Data enabled: user=true, policy=true
07-25 14:40:41.449   624   671 D ConnectivityService: getAllNetworkState: tracker is Mobile data state: DISCONNECTED
07-25 14:40:41.449   624   671 D ConnectivityService: Data enabled: user=true, policy=true
07-25 14:40:41.459   624   671 D ConnectivityService: getRealNetworkTracker: info.getPhoneId() = 0
07-25 14:40:41.459   624   671 D ConnectivityService: getAllNetworkState:getRealNetworkTracker is Mobile data state: DISCONNECTED
07-25 14:40:41.459   624   671 D ConnectivityService: Data enabled: user=true, policy=true
07-25 14:40:41.459   624   671 D ConnectivityService: getAllNetworkState: tracker is Mobile data state: DISCONNECTED
