07-25 14:40:13.349   624   636 D PowerManagerService: releaseWakeLockInternal: lock=1102607408 [RILJ], flags=0x0 pkg name:com.android.phone
07-25 14:40:13.349   624   636 D BroadcastQueue: Cancelling BROADCAST_TIMEOUT_MSG
07-25 14:40:13.349   624   636 D BroadcastQueue: Finished with ordered broadcast BroadcastRecord{4194dd50 u-1 android.hardware.usb.action.USB_STATE}
07-25 14:40:13.349   624   636 D BroadcastQueue: Finished with ordered broadcast and remove index 0:BroadcastRecord{4194dd50 u-1 android.hardware.usb.action.USB_STATE} is: background remine 10
07-25 14:40:13.349   624   636 D BroadcastQueue: Processing ordered broadcast [background] BroadcastRecord{417f9b30 u-1 android.intent.action.USER_STARTING}
07-25 14:40:13.349   624   636 D BroadcastQueue: Submitting BROADCAST_TIMEOUT_MSG [background] for BroadcastRecord{417f9b30 u-1 android.intent.action.USER_STARTING} at 101176
07-25 14:40:13.359   624   624 D BroadcastQueue: Delivering ordered [background] to the last registered filter BroadcastFilter{41aa85d0 u-1 ReceiverList{41aa8570 624 system/1000/u-1 local:41aa83b8}}: BroadcastRecord{417f9b30 u-1 android.intent.action.USER_STARTING}
07-25 14:40:13.369   624   869 W BackupManagerService: dataChanged but no participant pkg='com.android.providers.settings' uid=1001
07-25 14:40:13.379   624   869 D ConnectivityService: getMobileDataEnabled returning true
07-25 14:40:13.379   624   624 D BroadcastQueue: Cancelling BROADCAST_TIMEOUT_MSG
07-25 14:40:13.379   624   624 D BroadcastQueue: Finished with ordered broadcast BroadcastRecord{417f9b30 u-1 android.intent.action.USER_STARTING}
07-25 14:40:13.379   624   624 D BroadcastQueue: Finished with ordered broadcast and remove index 0:BroadcastRecord{417f9b30 u-1 android.intent.action.USER_STARTING} is: background remine 9
07-25 14:40:13.379   624   624 D BroadcastQueue: Processing ordered broadcast [background] BroadcastRecord{418973d0 u-1 android.intent.action.SIM_STATE_CHANGED}
07-25 14:40:13.379   624   624 D BroadcastQueue: Submitting BROADCAST_TIMEOUT_MSG [background] for BroadcastRecord{418973d0 u-1 android.intent.action.SIM_STATE_CHANGED} at 101207
07-25 14:40:13.379   624   869 D PowerManagerService: acquireWakeLockInternal: lock=1102607408, flags=0x1, tag="RILJ", ws=null, uid=1001, pid=704 pkg name:com.android.phone
07-25 14:40:13.379   624   869 V BatteryStatsImpl: startRunningLocked(): mNesting = 1
07-25 14:40:13.379   624   869 V BatteryStatsImpl: startRunningLocked before mTimerPool.size = 6
07-25 14:40:13.379   624   869 V BatteryStatsImpl: startRunningLocked after mTimerPool.size = 7
07-25 14:40:13.409   624   869 D PowerManagerService: releaseWakeLockInternal: lock=1102607408 [RILJ], flags=0x0 pkg name:com.android.phone
07-25 14:40:13.419   624   869 I ActivityManager: Start proc com.android.dialer for broadcast com.android.dialer/com.sprd.dialer.calllog.FdnUpdateReceiver: pid=969 uid=10013 gids={50013, 3003, 1028, 1015, 3002, 3001, 1051, 1052}
07-25 14:40:13.439   624   636 I ActivityManager: Start proc com.spreadtrum.vowifi for service com.spreadtrum.vowifi/.service.VoWifiSerService: pid=982 uid=1000 gids={41000, 3001, 3002, 3003, 1028, 1015, 1007, 1051, 1052}
07-25 14:40:13.439   624   869 D PowerManagerService: acquireWakeLockInternal: lock=1102607408, flags=0x1, tag="RILJ", ws=null, uid=1001, pid=704 pkg name:com.android.phone
07-25 14:40:13.439   624   869 V BatteryStatsImpl: startRunningLocked(): mNesting = 1
07-25 14:40:13.439   624   869 V BatteryStatsImpl: startRunningLocked before mTimerPool.size = 6
07-25 14:40:13.439   624   869 V BatteryStatsImpl: startRunningLocked after mTimerPool.size = 7
07-25 14:40:13.449   624   869 D PowerManagerService: releaseWakeLockInternal: lock=1102607408 [RILJ], flags=0x0 pkg name:com.android.phone
07-25 14:40:13.449   624   869 D BroadcastQueue: Schedule broadcasts [background]: current=false
07-25 14:40:13.449   624   640 D BroadcastQueue: Received BROADCAST_INTENT_MSG
07-25 14:40:13.449   624   640 D BroadcastQueue: processNextBroadcast(background) called when not idle (state=1)
07-25 14:40:13.449   624   869 D BroadcastQueue: Schedule broadcasts [background]: current=false
07-25 14:40:13.449   624   640 D BroadcastQueue: Received BROADCAST_INTENT_MSG
07-25 14:40:13.449   624   869 D PowerManagerService: acquireWakeLockInternal: lock=1102607408, flags=0x1, tag="RILJ", ws=null, uid=1001, pid=704 pkg name:com.android.phone
07-25 14:40:13.449   624   869 V BatteryStatsImpl: startRunningLocked(): mNesting = 1
07-25 14:40:13.449   624   869 V BatteryStatsImpl: startRunningLocked before mTimerPool.size = 6
07-25 14:40:13.449   624   869 V BatteryStatsImpl: startRunningLocked after mTimerPool.size = 7
07-25 14:40:13.459   624   640 D BroadcastQueue: processNextBroadcast(background) called when not idle (state=1)
07-25 14:40:13.469   624   869 D TelephonyRegistry: listen: E pkg=com.spreadtrum.ims events=0x20 myUid=0 callerUid=0
07-25 14:40:13.469   624   869 I TelephonyRegistry: listen: add new record={pkgForDebug=com.spreadtrum.ims callerUid=0 events=0}
07-25 14:40:13.469   624   869 D TelephonyRegistry: validateEventsAndUserLocked: valid=false r.callerUid=0 foregroundUser=0 r.events=32 events=16
07-25 14:40:13.469   624   869 D TelephonyRegistry: validateEventsAndUserLocked: valid=false r.callerUid=0 foregroundUser=0 r.events=32 events=1024
07-25 14:40:13.469   624   869 D PowerManagerService: releaseWakeLockInternal: lock=1102607408 [RILJ], flags=0x0 pkg name:com.android.phone
07-25 14:40:13.469   624   636 D PowerManagerService: acquireWakeLockInternal: lock=1102607408, flags=0x1, tag="RILJ", ws=null, uid=1001, pid=704 pkg name:com.android.phone
07-25 14:40:13.469   624   636 V BatteryStatsImpl: startRunningLocked(): mNesting = 1
07-25 14:40:13.469   624   636 V BatteryStatsImpl: startRunningLocked before mTimerPool.size = 6
07-25 14:40:13.469   624   636 V BatteryStatsImpl: startRunningLocked after mTimerPool.size = 7
07-25 14:40:13.589   624   869 D BroadcastQueue: Schedule broadcasts [background]: current=false
07-25 14:40:13.589   624   640 D BroadcastQueue: Received BROADCAST_INTENT_MSG
07-25 14:40:13.589   624   640 D BroadcastQueue: processNextBroadcast(background) called when not idle (state=1)
07-25 14:40:13.619   624   869 D PowerManagerService: releaseWakeLockInternal: lock=1102607408 [RILJ], flags=0x0 pkg name:com.android.phone
07-25 14:40:13.639   624   869 I ActivityManager: Start proc com.toycloud.watch.launcher for broadcast com.toycloud.watch.launcher/com.launcher.taoyunwatch.receiver.SimStateReceive: pid=1000 uid=1000 gids={41000, 3001, 3002, 3003, 1028, 1015, 1007, 1051, 1052}
07-25 14:40:13.669   624   869 D BroadcastQueue: Schedule broadcasts [background]: current=false
07-25 14:40:13.669   624   640 D BroadcastQueue: Received BROADCAST_INTENT_MSG
07-25 14:40:13.669   624   869 D BroadcastQueue: Schedule broadcasts [background]: current=true
07-25 14:40:13.669   624   640 D BroadcastQueue: processNextBroadcast(background) called when not idle (state=1)
07-25 14:40:13.689   704   704 D MccTable: updateMccMncConfiguration: mcc=0, mnc=0
07-25 14:40:13.689   704   704 D MccTable: WIFI_COUNTRY_CODE set to 
07-25 14:40:13.689   624   636 I WifiService: WifiService trying to set country code to  with persist set to true
07-25 14:40:13.689   624   624 D WcnManagerService: Phone service state change: 1
07-25 14:40:13.689   624   636 V BatteryStatsImpl: startRunningLocked(): mNesting = 1
07-25 14:40:13.689   624   636 V BatteryStatsImpl: startRunningLocked(): mNesting = 1
07-25 14:40:13.689   624   863 D WcnManagerService: EVENT_PHONE_STATE_ON
07-25 14:40:13.689   624   636 D BroadcastQueue: Schedule broadcasts [background]: current=false
07-25 14:40:13.689   624   640 D BroadcastQueue: Received BROADCAST_INTENT_MSG
07-25 14:40:13.689   624   636 D BroadcastQueue: enqueueOrderedBroadcastLocked after add: BroadcastRecord{41bbf220 u-1 android.intent.action.SERVICE_STATE} , the first order broadcast is:BroadcastRecord{418973d0 u-1 android.intent.action.SIM_STATE_CHANGED} size:10 is: background
07-25 14:40:13.689   624   636 D BroadcastQueue: Schedule broadcasts [background]: current=true
07-25 14:40:13.689   624   640 D BroadcastQueue: processNextBroadcast(background) called when not idle (state=1)
07-25 14:40:13.699   624   636 D BroadcastQueue: Schedule broadcasts [background]: current=false
07-25 14:40:13.699   624   640 D BroadcastQueue: Received BROADCAST_INTENT_MSG
07-25 14:40:13.699   624   640 D BroadcastQueue: processNextBroadcast(background) called when not idle (state=1)
07-25 14:40:13.699   624   869 D BroadcastQueue: Schedule broadcasts [background]: current=false
07-25 14:40:13.699   624   640 D BroadcastQueue: Received BROADCAST_INTENT_MSG
07-25 14:40:13.699   624   640 D BroadcastQueue: processNextBroadcast(background) called when not idle (state=1)
07-25 14:40:13.709   624   869 D TelephonyRegistry: validateEventsAndUserLocked: valid=false r.callerUid=0 foregroundUser=0 r.events=449 events=16
07-25 14:40:13.709   624   869 D TelephonyRegistry: validateEventsAndUserLocked: valid=false r.callerUid=0 foregroundUser=0 r.events=32 events=16
07-25 14:40:13.709   624   869 D TelephonyRegistry: validateEventsAndUserLocked: valid=false r.callerUid=0 foregroundUser=0 r.events=1 events=16
07-25 14:40:13.709   624   869 D TelephonyRegistry: validateEventsAndUserLocked: valid=false r.callerUid=0 foregroundUser=0 r.events=16865 events=16
07-25 14:40:13.709   624   869 D TelephonyRegistry: validateEventsAndUserLocked: valid=false r.callerUid=0 foregroundUser=0 r.events=12 events=16
07-25 14:40:13.709   624   869 D TelephonyRegistry: validateEventsAndUserLocked: valid=false r.callerUid=0 foregroundUser=0 r.events=1 events=16
07-25 14:40:13.709   624   869 D TelephonyRegistry: validateEventsAndUserLocked: valid=false r.callerUid=0 foregroundUser=0 r.events=9 events=16
07-25 14:40:13.709   624   869 D TelephonyRegistry: validateEventsAndUserLocked: valid=false r.callerUid=0 foregroundUser=0 r.events=32 events=16
07-25 14:40:13.719   624   869 D BroadcastQueue: Schedule broadcasts [background]: current=false
07-25 14:40:13.719   624   640 D BroadcastQueue: Received BROADCAST_INTENT_MSG
07-25 14:40:13.719   624   640 D BroadcastQueue: processNextBroadcast(background) called when not idle (state=1)
07-25 14:40:13.729   624   869 D PowerManagerService: acquireWakeLockInternal: lock=1101613544, flags=0x1, tag="RadioInteractorCore", ws=null, uid=1001, pid=704 pkg name:com.android.phone
07-25 14:40:13.729   624   869 V BatteryStatsImpl: startRunningLocked(): mNesting = 1
07-25 14:40:13.729   624   869 V BatteryStatsImpl: startRunningLocked before mTimerPool.size = 6
07-25 14:40:13.729   624   869 V BatteryStatsImpl: startRunningLocked after mTimerPool.size = 7
07-25 14:40:13.729   624   869 D PowerManagerService: acquireWakeLockInternal: lock=1102607408, flags=0x1, tag="RILJ", ws=null, uid=1001, pid=704 pkg name:com.android.phone
07-25 14:40:13.729   624   869 V BatteryStatsImpl: startRunningLocked(): mNesting = 1
07-25 14:40:13.739   624   869 V BatteryStatsImpl: startRunningLocked before mTimerPool.size = 7
07-25 14:40:13.739   624   869 V BatteryStatsImpl: startRunningLocked after mTimerPool.size = 8
07-25 14:40:13.739   624   636 D PowerManagerService: releaseWakeLockInternal: lock=1101613544 [RadioInteractorCore], flags=0x0 pkg name:com.android.phone
07-25 14:40:13.739   624   636 D PowerManagerService: releaseWakeLockInternal: lock=1102607408 [RILJ], flags=0x0 pkg name:com.android.phone
07-25 14:40:13.869   624   636 D PowerManagerService: acquireWakeLockInternal: lock=1102607408, flags=0x1, tag="RILJ", ws=null, uid=1001, pid=704 pkg name:com.android.phone
07-25 14:40:13.869   624   636 V BatteryStatsImpl: startRunningLocked(): mNesting = 1
07-25 14:40:13.869   624   636 V BatteryStatsImpl: startRunningLocked before mTimerPool.size = 6
07-25 14:40:13.869   624   636 V BatteryStatsImpl: startRunningLocked after mTimerPool.size = 7
07-25 14:40:13.969   624   636 D PowerManagerService: releaseWakeLockInternal: lock=1102607408 [RILJ], flags=0x0 pkg name:com.android.phone
07-25 14:40:13.999   704   704 D MccTable: updateMccMncConfiguration: mcc=460, mnc=1
07-25 14:40:13.999   704   704 D MccTable: getLocaleFromMcc to zh_cn mcc=460
07-25 14:40:13.999   704   704 D MccTable: getLocaleForLanguageCountry: got match
07-25 14:40:13.999   704   704 D MccTable: getLocaleForLanguageCountry: X locale=zh_CN
07-25 14:40:13.999   704   704 D MccTable: WIFI_COUNTRY_CODE set to cn
07-25 14:40:13.999   624   636 I WifiService: WifiService trying to set country code to cn with persist set to true
07-25 14:40:14.029   624   636 D BroadcastQueue: Schedule broadcasts [background]: current=false
07-25 14:40:14.029   624   640 D BroadcastQueue: Received BROADCAST_INTENT_MSG
07-25 14:40:14.029   624   640 D BroadcastQueue: processNextBroadcast(background) called when not idle (state=1)
07-25 14:40:14.029   624   624 D WcnManagerService: Phone service state change: 1
07-25 14:40:14.029   624   863 D WcnManagerService: EVENT_PHONE_STATE_ON
07-25 14:40:14.029   624   636 D BroadcastQueue: Schedule broadcasts [background]: current=false
07-25 14:40:14.029   624   640 D BroadcastQueue: Received BROADCAST_INTENT_MSG
07-25 14:40:14.029   624   636 D BroadcastQueue: enqueueOrderedBroadcastLocked after add: BroadcastRecord{41baa470 u-1 android.intent.action.SERVICE_STATE} , the first order broadcast is:BroadcastRecord{418973d0 u-1 android.intent.action.SIM_STATE_CHANGED} size:11 is: background
07-25 14:40:14.029   624   636 D BroadcastQueue: Schedule broadcasts [background]: current=true
07-25 14:40:14.029   624   640 D BroadcastQueue: processNextBroadcast(background) called when not idle (state=1)
07-25 14:40:14.039   624   636 D TelephonyRegistry: validateEventsAndUserLocked: valid=false r.callerUid=0 foregroundUser=0 r.events=449 events=16
07-25 14:40:14.039   624   636 D TelephonyRegistry: validateEventsAndUserLocked: valid=false r.callerUid=0 foregroundUser=0 r.events=32 events=16
07-25 14:40:14.039   624   636 D TelephonyRegistry: validateEventsAndUserLocked: valid=false r.callerUid=0 foregroundUser=0 r.events=1 events=16
07-25 14:40:14.039   624   636 D TelephonyRegistry: validateEventsAndUserLocked: valid=false r.callerUid=0 foregroundUser=0 r.events=16865 events=16
07-25 14:40:14.039   624   636 D TelephonyRegistry: validateEventsAndUserLocked: valid=false r.callerUid=0 foregroundUser=0 r.events=12 events=16
07-25 14:40:14.039   624   636 D TelephonyRegistry: validateEventsAndUserLocked: valid=false r.callerUid=0 foregroundUser=0 r.events=1 events=16
07-25 14:40:14.039   624   636 D TelephonyRegistry: validateEventsAndUserLocked: valid=false r.callerUid=0 foregroundUser=0 r.events=9 events=16
07-25 14:40:14.039   624   636 D TelephonyRegistry: validateEventsAndUserLocked: valid=false r.callerUid=0 foregroundUser=0 r.events=32 events=16
07-25 14:40:14.049   624   636 D BroadcastQueue: Schedule broadcasts [background]: current=false
07-25 14:40:14.059   624   640 D BroadcastQueue: Received BROADCAST_INTENT_MSG
07-25 14:40:14.059   624   640 D BroadcastQueue: processNextBroadcast(background) called when not idle (state=1)
07-25 14:40:14.089   624   636 D TelephonyRegistry: listen: E pkg=com.android.phone events=0x4000 myUid=0 callerUid=0
07-25 14:40:14.089   624   636 I TelephonyRegistry: listen: add new record={pkgForDebug=com.android.phone callerUid=0 events=0}
07-25 14:40:14.089   624   636 I TelephonyRegistry: listen: mVoLteServiceState=VoLteServiceState: 2147483647ImsServiceState: 2147483647
07-25 14:40:14.089   624   636 D TelephonyRegistry: validateEventsAndUserLocked: valid=false r.callerUid=0 foregroundUser=0 r.events=16384 events=16
07-25 14:40:14.089   624   636 D TelephonyRegistry: validateEventsAndUserLocked: valid=false r.callerUid=0 foregroundUser=0 r.events=16384 events=1024
07-25 14:40:14.099   624   636 D TelephonyRegistry: listen: E pkg=com.android.phone events=0x4000 myUid=0 callerUid=0
07-25 14:40:14.099   624   636 I TelephonyRegistry: listen: add new record={pkgForDebug=com.android.phone callerUid=0 events=0}
07-25 14:40:14.099   624   636 I TelephonyRegistry: listen: mVoLteServiceState=VoLteServiceState: 2147483647ImsServiceState: 2147483647
07-25 14:40:14.099   624   636 D TelephonyRegistry: validateEventsAndUserLocked: valid=false r.callerUid=0 foregroundUser=0 r.events=16384 events=16
07-25 14:40:14.099   624   636 D TelephonyRegistry: validateEventsAndUserLocked: valid=false r.callerUid=0 foregroundUser=0 r.events=16384 events=1024
07-25 14:40:14.099   624   869 W BackupManagerService: dataChanged but no participant pkg='com.android.providers.settings' uid=1001
07-25 14:40:14.099   624   869 D PowerManagerService: acquireWakeLockInternal: lock=1102243000, flags=0x1, tag="RadioInteractorCore", ws=null, uid=1001, pid=704 pkg name:com.android.phone
07-25 14:40:14.099   624   869 V BatteryStatsImpl: startRunningLocked(): mNesting = 1
07-25 14:40:14.099   624   869 V BatteryStatsImpl: startRunningLocked before mTimerPool.size = 6
07-25 14:40:14.099   624   869 V BatteryStatsImpl: startRunningLocked after mTimerPool.size = 7
07-25 14:40:14.109   624   636 D PowerManagerService: releaseWakeLockInternal: lock=1102243000 [RadioInteractorCore], flags=0x0 pkg name:com.android.phone
07-25 14:40:14.109   624   636 D PowerManagerService: acquireWakeLockInternal: lock=1102014808, flags=0x1, tag="RILJ", ws=null, uid=1001, pid=704 pkg name:com.android.phone
07-25 14:40:14.109   624   636 V BatteryStatsImpl: startRunningLocked(): mNesting = 1
07-25 14:40:14.109   624   636 V BatteryStatsImpl: startRunningLocked before mTimerPool.size = 6
07-25 14:40:14.109   624   636 V BatteryStatsImpl: startRunningLocked after mTimerPool.size = 7
07-25 14:40:14.119   624   636 D PowerManagerService: releaseWakeLockInternal: lock=1102014808 [RILJ], flags=0x0 pkg name:com.android.phone
07-25 14:40:14.139  1000  1000 W ContextImpl: Calling a method in the system process without a qualified user: android.app.ContextImpl.startService:1543 android.content.ContextWrapper.startService:494 com.launcher.taoyunwatch.application.MyApplication.onCreate:320 android.app.Instrumentation.callApplicationOnCreate:1019 android.app.ActivityThread.handleBindApplication:4649 
07-25 14:40:14.299   624   636 D BroadcastQueue: Schedule broadcasts [foreground]: current=false
07-25 14:40:14.299   624   640 D BroadcastQueue: Received BROADCAST_INTENT_MSG
07-25 14:40:14.299   624   869 D PowerManagerService: releaseWakeLockInternal: lock=1102234200 [AudioMix], flags=0x0 pkg name:media
07-25 14:40:14.419   624   869 D BroadcastQueue: Schedule broadcasts [background]: current=false
07-25 14:40:14.419   624   640 D BroadcastQueue: Received BROADCAST_INTENT_MSG
07-25 14:40:14.419   624   640 D BroadcastQueue: processNextBroadcast(background) called when not idle (state=1)
07-25 14:40:14.419   624   636 W BackupManagerService: dataChanged but no participant pkg='com.android.providers.settings' uid=1001
07-25 14:40:14.449   624   636 D PowerManagerService: acquireWakeLockInternal: lock=1102014808, flags=0x1, tag="RILJ", ws=null, uid=1001, pid=704 pkg name:com.android.phone
07-25 14:40:14.449   624   636 V BatteryStatsImpl: startRunningLocked(): mNesting = 1
07-25 14:40:14.449   624   636 V BatteryStatsImpl: startRunningLocked before mTimerPool.size = 6
07-25 14:40:14.449   624   636 V BatteryStatsImpl: startRunningLocked after mTimerPool.size = 7
07-25 14:40:14.449   624   636 D PowerManagerService: releaseWakeLockInternal: lock=1102014808 [RILJ], flags=0x0 pkg name:com.android.phone
07-25 14:40:14.469  1000  1000 W ActivityThread: Warning, It is so long to handle a broadcast with + ReceiverData{intent=Intent { act=android.intent.action.SIM_STATE_CHANGED flg=0x20000010 cmp=com.toycloud.watch.launcher/com.launcher.taoyunwatch.receiver.SimStateReceive (has extras) } packageName=com.toycloud.watch.launcher resultCode=0 resultData=null resultExtras=null}. It all cost 799ms, with  799ms before onReceive and  0ms really.
07-25 14:40:14.479   624   869 D BroadcastQueue: Cancelling BROADCAST_TIMEOUT_MSG
07-25 14:40:14.479   624   869 D BroadcastQueue: Finished with ordered broadcast BroadcastRecord{418973d0 u-1 android.intent.action.SIM_STATE_CHANGED}
07-25 14:40:14.479   624   869 D BroadcastQueue: Finished with ordered broadcast and remove index 0:BroadcastRecord{418973d0 u-1 android.intent.action.SIM_STATE_CHANGED} is: background remine 10
07-25 14:40:14.479   624   869 D BroadcastQueue: Processing ordered broadcast [background] BroadcastRecord{41adf320 u-1 android.intent.action.ACTION_POWER_DISCONNECTED}
07-25 14:40:14.479   624   869 D BroadcastQueue: Submitting BROADCAST_TIMEOUT_MSG [background] for BroadcastRecord{41adf320 u-1 android.intent.action.ACTION_POWER_DISCONNECTED} at 102306
07-25 14:40:14.479   624   636 D UsbDeviceManager: setCurrentFunctions(mass_storage) default: false
07-25 14:40:14.479   624   644 D UsbDeviceManager: setEnabledFunctions mass_storage makeDefault: false
07-25 14:40:14.479   624   644 D UsbDeviceManager: setEnabledFunctions:mass_storage
07-25 14:40:14.489   624   644 D UsbDeviceManager: setUsbConfig(none)
07-25 14:40:14.489   624   636 D BroadcastQueue: Cancelling BROADCAST_TIMEOUT_MSG
07-25 14:40:14.489   624   636 D BroadcastQueue: Finished with ordered broadcast BroadcastRecord{41adf320 u-1 android.intent.action.ACTION_POWER_DISCONNECTED}
07-25 14:40:14.489   624   636 D BroadcastQueue: Finished with ordered broadcast and remove index 0:BroadcastRecord{41adf320 u-1 android.intent.action.ACTION_POWER_DISCONNECTED} is: background remine 9
07-25 14:40:14.489   624   636 D BroadcastQueue: Processing ordered broadcast [background] BroadcastRecord{41b8f4b8 u-1 android.media.RINGER_MODE_CHANGED}
07-25 14:40:14.489   624   636 D BroadcastQueue: Submitting BROADCAST_TIMEOUT_MSG [background] for BroadcastRecord{41b8f4b8 u-1 android.media.RINGER_MODE_CHANGED} at 102315
07-25 14:40:14.499   624   636 D BroadcastQueue: Cancelling BROADCAST_TIMEOUT_MSG
07-25 14:40:14.499   624   636 D BroadcastQueue: Finished with ordered broadcast BroadcastRecord{41b8f4b8 u-1 android.media.RINGER_MODE_CHANGED}
07-25 14:40:14.499   624   636 D BroadcastQueue: Finished with ordered broadcast and remove index 0:BroadcastRecord{41b8f4b8 u-1 android.media.RINGER_MODE_CHANGED} is: background remine 8
07-25 14:40:14.499   624   636 D BroadcastQueue: Processing ordered broadcast [background] BroadcastRecord{41ba28a8 u0 android.intent.action.USER_PRESENT}
07-25 14:40:14.499   624   636 D BroadcastQueue: Submitting BROADCAST_TIMEOUT_MSG [background] for BroadcastRecord{41ba28a8 u0 android.intent.action.USER_PRESENT} at 102323
07-25 14:40:14.499   624   636 I ActivityManager: Delay finish: com.android.settings/com.sprd.settings.SecurityScreenOffReceiver
07-25 14:40:14.509   624   636 D BroadcastQueue: Schedule broadcasts [background]: current=false
07-25 14:40:14.509   624   636 D BroadcastQueue: Schedule broadcasts [background]: current=true
07-25 14:40:14.509   624   640 D BroadcastQueue: Received BROADCAST_INTENT_MSG
07-25 14:40:14.509   624   640 D BroadcastQueue: processNextBroadcast(background) called when not idle (state=4)
07-25 14:40:14.509   624   636 D TelephonyRegistry: listen: E pkg=com.toycloud.watch.launcher events=0x21 myUid=0 callerUid=0
07-25 14:40:14.509   624   636 I TelephonyRegistry: listen: add new record={pkgForDebug=com.toycloud.watch.launcher callerUid=0 events=0}
07-25 14:40:14.509   624   636 D TelephonyRegistry: validateEventsAndUserLocked: valid=false r.callerUid=0 foregroundUser=0 r.events=33 events=16
07-25 14:40:14.509   624   636 D TelephonyRegistry: validateEventsAndUserLocked: valid=false r.callerUid=0 foregroundUser=0 r.events=33 events=1024
07-25 14:40:14.519  1000  1000 W ContextImpl: Calling a method in the system process without a qualified user: android.app.ContextImpl.sendBroadcast:1187 android.content.ContextWrapper.sendBroadcast:365 com.longcos.business.common.utils.ActionHelper.clearSms:238 com.longcos.launcher.presenter.impl.MainPresenterImpl.doSomeSetting:295 com.longcos.launcher.presenter.impl.MainPresenterImpl.onCreate:166 
07-25 14:40:14.519   624   636 D SettingsProvider: call_put(system:w4g_is_lesson=0) for 0
07-25 14:40:14.519   624   636 D TelephonyRegistry: listen: E pkg=com.toycloud.watch.launcher events=0x20 myUid=0 callerUid=0
07-25 14:40:14.519   624   636 I TelephonyRegistry: listen: add new record={pkgForDebug=com.toycloud.watch.launcher callerUid=0 events=0}
07-25 14:40:14.519   624   636 D TelephonyRegistry: validateEventsAndUserLocked: valid=false r.callerUid=0 foregroundUser=0 r.events=32 events=16
07-25 14:40:14.519   624   636 D TelephonyRegistry: validateEventsAndUserLocked: valid=false r.callerUid=0 foregroundUser=0 r.events=32 events=1024
07-25 14:40:14.539   624   644 D UsbDeviceManager: setUsbConfig(mass_storage,adb)
07-25 14:40:14.579   624   869 D PowerManagerService: releaseWakeLockInternal: lock=1102714096 [CallerInfoCache], flags=0x0 pkg name:com.android.phone
07-25 14:40:14.639  1000  1056 W ContextImpl: Calling a method in the system process without a qualified user: android.app.ContextImpl.bindService:1607 android.content.ContextWrapper.bindService:517 com.loc.d.h:-1 com.loc.d.c:-1 com.loc.d$b.onLooperPrepared:-1 
07-25 14:40:14.649   624   636 D AlarmManager: set(PendingIntent{418e1b38: PendingIntentRecord{41899648 com.toycloud.watch.launcher broadcastIntent}}) : type=0 triggerAtTime=1564036934652 win=0 tElapsed=132469 maxElapsed=132469 interval=0 standalone=false
07-25 14:40:14.649   624   636 D AlarmManager: setImplLocked() Action = package com.longcos.launcher.lyutilsTrafficStatsHelper.receiver_action, Component = null, type = 0, when = 1564036934652, absolute triggerTime = 2019-07-25 14:42:14
07-25 14:40:14.649   624   657 D PowerGuruService: NEW_ALARM
07-25 14:40:14.649   624   657 D PowerGuruService: receive input alarm:
07-25 14:40:14.649   624   657 D PowerGuruService: alarm info: packageName = com.toycloud.watch.launcher, Action = package com.longcos.launcher.lyutilsTrafficStatsHelper.receiver_action, Component = null, type = 0, when = 1564036934652 (2019-07-25 14:42:14), interval = 0, setCount = 1, userSetCount = 0, firstSetTime = 1564036814655 (2019-07-25 14:40:14), isRepeat = false, isFromGMS = false, isAvailable = true, lastSetTime = 2019-07-25 14:40:14, setMinsAlignCount = 0, isAdjustedByBlacklist = false
07-25 14:40:14.649   624   657 D PowerGuruService: Alarm is not from ThirdParty, is not care about!
07-25 14:40:14.689   624   869 D TelephonyRegistry: listen: E pkg=com.toycloud.watch.launcher events=0x0 myUid=0 callerUid=0
07-25 14:40:15.039   624   869 D PowerManagerService: releaseWakeLockInternal: lock=1101322920 [GsmCellBroadcastHandler], flags=0x0 pkg name:com.android.phone
07-25 14:40:15.059   624   869 D PowerManagerService: releaseWakeLockInternal: lock=1100280080 [CellBroadcastHandler], flags=0x0 pkg name:com.android.phone
07-25 14:40:15.079   624   869 D PowerManagerService: releaseWakeLockInternal: lock=1100508168 [CdmaServiceCategoryProgramHandler], flags=0x0 pkg name:com.android.phone
07-25 14:40:15.169   624   869 D PowerManagerService: releaseWakeLockInternal: lock=1101431824 [CdmaInboundSmsHandler], flags=0x0 pkg name:com.android.phone
07-25 14:40:15.169   624   636 D PowerManagerService: releaseWakeLockInternal: lock=1101430568 [GsmInboundSmsHandler], flags=0x0 pkg name:com.android.phone
07-25 14:40:15.169   624   636 D PowerManagerService: updateSuspendBlockerLocked goto release:PowerManagerService.WakeLocks: ref count=1
07-25 14:40:15.169   624   636 D PowerManagerService: Releasing suspend blocker "PowerManagerService.WakeLocks".
07-25 14:40:16.339   624   636 V BatteryStatsImpl: startRunningLocked(): mNesting = 1
07-25 14:40:17.169   624   659 D AlarmManager: waitForAlarm result:8
07-25 14:40:17.169   624   659 D AlarmManager: triggerList.add i = 0
07-25 14:40:17.169   624   659 D AlarmManager: break
07-25 14:40:17.169   624   659 D AlarmManager: sending alarm type:3 operation:PendingIntent{41861eb0: PendingIntentRecord{41b52980 android broadcastIntent}}
07-25 14:40:17.169   624   659 D BroadcastQueue: enqueueOrderedBroadcastLocked after add: BroadcastRecord{41b6b408 u0 com.android.server.NetworkTimeUpdateService.action.POLL} , the first order broadcast is:BroadcastRecord{41ba28a8 u0 android.intent.action.USER_PRESENT} size:9 is: background
07-25 14:40:17.169   624   659 D BroadcastQueue: Schedule broadcasts [background]: current=false
07-25 14:40:17.169   624   640 D BroadcastQueue: Received BROADCAST_INTENT_MSG
07-25 14:40:17.169   624   640 D BroadcastQueue: processNextBroadcast(background) called when not idle (state=4)
07-25 14:40:17.169   624   659 D PowerManagerService: acquireWakeLockInternal: lock=1100661848, flags=0x1, tag="AlarmManager", ws=WorkSource{1000}, uid=1000, pid=624 pkg name:android
07-25 14:40:17.169   624   659 V BatteryStatsImpl: startRunningLocked(): mNesting = 1
07-25 14:40:17.169   624   659 V BatteryStatsImpl: startRunningLocked before mTimerPool.size = 0
07-25 14:40:17.169   624   659 V BatteryStatsImpl: startRunningLocked after mTimerPool.size = 1
07-25 14:40:17.169   624   659 D PowerManagerService: updateSuspendBlockerLocked goto acquire:PowerManagerService.WakeLocks: ref count=0
07-25 14:40:17.169   624   659 D PowerManagerService: Acquiring suspend blocker "PowerManagerService.WakeLocks".
07-25 14:40:22.419   624   641 E RemotePrintSpooler: Error removing obsolete print jobs .
07-25 14:40:22.419   624   641 E RemotePrintSpooler: java.util.concurrent.TimeoutException: Cannot get spooler!
07-25 14:40:22.419   624   641 E RemotePrintSpooler: 	at com.android.server.print.RemotePrintSpooler.bindLocked(RemotePrintSpooler.java:376)
07-25 14:40:22.419   624   641 E RemotePrintSpooler: 	at com.android.server.print.RemotePrintSpooler.getRemoteInstanceLazy(RemotePrintSpooler.java:352)
07-25 14:40:22.419   624   641 E RemotePrintSpooler: 	at com.android.server.print.RemotePrintSpooler.removeObsoletePrintJobs(RemotePrintSpooler.java:287)
07-25 14:40:22.419   624   641 E RemotePrintSpooler: 	at com.android.server.print.UserState.removeObsoletePrintJobs(UserState.java:163)
07-25 14:40:22.419   624   641 E RemotePrintSpooler: 	at com.android.server.print.PrintManagerService$1.run(PrintManagerService.java:94)
07-25 14:40:22.419   624   641 E RemotePrintSpooler: 	at android.os.Handler.handleCallback(Handler.java:733)
07-25 14:40:22.419   624   641 E RemotePrintSpooler: 	at android.os.Handler.dispatchMessage(Handler.java:95)
07-25 14:40:22.419   624   641 E RemotePrintSpooler: 	at android.os.Looper.loop(Looper.java:136)
07-25 14:40:22.419   624   641 E RemotePrintSpooler: 	at android.os.HandlerThread.run(HandlerThread.java:61)
07-25 14:40:22.419   624   641 D LocationBlacklist: whitelist: []
07-25 14:40:22.419   624   641 D LocationBlacklist: blacklist: []
07-25 14:40:22.419   624   641 D PowerManagerService: acquireWakeLockInternal: lock=1099568704, flags=0x1, tag="LocationManagerService", ws=WorkSource{1000 android}, uid=1000, pid=624 pkg name:android
07-25 14:40:22.419   624   641 V BatteryStatsImpl: startRunningLocked(): mNesting = 1
07-25 14:40:22.419   624   641 V BatteryStatsImpl: startRunningLocked before mTimerPool.size = 1
07-25 14:40:22.419   624   641 V BatteryStatsImpl: startRunningLocked after mTimerPool.size = 2
07-25 14:40:22.419   624   641 D PowerManagerService: acquireWakeLockInternal: lock=1102502312, flags=0x1, tag="LocationManagerService", ws=WorkSource{1000 android}, uid=1000, pid=624 pkg name:android
07-25 14:40:22.419   624   641 D PowerManagerService: acquireWakeLockInternal: lock=1101456224, flags=0x1, tag="LocationManagerService", ws=WorkSource{1000 android}, uid=1000, pid=624 pkg name:android
07-25 14:40:22.419   624   641 D BroadcastQueue: Schedule broadcasts [background]: current=false
07-25 14:40:22.419   624   640 D BroadcastQueue: Received BROADCAST_INTENT_MSG
07-25 14:40:22.419   624   640 D BroadcastQueue: processNextBroadcast(background) called when not idle (state=4)
07-25 14:40:22.419   624   624 D PowerManagerService: releaseWakeLockInternal: lock=1099568704 [LocationManagerService], flags=0x0 pkg name:android
07-25 14:40:22.419   624   624 D PowerManagerService: releaseWakeLockInternal: lock=1101456224 [LocationManagerService], flags=0x0 pkg name:android
07-25 14:40:22.419   624   641 D PowerManagerService: releaseWakeLockInternal: lock=1102502312 [LocationManagerService], flags=0x0 pkg name:android
07-25 14:40:25.609   624   646 D BroadcastQueue: Schedule broadcasts [background]: current=false
07-25 14:40:25.609   624   640 D BroadcastQueue: Received BROADCAST_INTENT_MSG
07-25 14:40:25.609   624   669 V NetworkStats: performPoll(flags=0x1) ENTER
07-25 14:40:25.609   624   640 D BroadcastQueue: processNextBroadcast(background) called when not idle (state=4)
07-25 14:40:25.609   624   669 V NetworkStats: performPoll(flags=0x1) START
07-25 14:40:25.609   624   669 D PowerManagerService: acquireWakeLockInternal: lock=1101857296, flags=0x1, tag="NetworkStats", ws=null, uid=1000, pid=624 pkg name:android
07-25 14:40:25.609   624   669 V BatteryStatsImpl: startRunningLocked(): mNesting = 1
07-25 14:40:25.609   624   669 V BatteryStatsImpl: startRunningLocked before mTimerPool.size = 1
07-25 14:40:25.609   624   669 V BatteryStatsImpl: startRunningLocked after mTimerPool.size = 2
07-25 14:40:25.639   212  1086 W SocketClient: write error (Broken pipe)
07-25 14:40:25.649   624   669 D BroadcastQueue: Schedule broadcasts [background]: current=false
07-25 14:40:25.649   624   640 D BroadcastQueue: Received BROADCAST_INTENT_MSG
07-25 14:40:25.649   624   640 D BroadcastQueue: processNextBroadcast(background) called when not idle (state=4)
07-25 14:40:25.649   624   669 D PowerManagerService: releaseWakeLockInternal: lock=1101857296 [NetworkStats], flags=0x0 pkg name:android
07-25 14:40:25.649   624   669 V NetworkStats: performPoll(flags=0x1) END
07-25 14:40:25.649   624   673 D BroadcastQueue: Schedule broadcasts [background]: current=false
07-25 14:40:25.649   624   640 D BroadcastQueue: Received BROADCAST_INTENT_MSG
07-25 14:40:25.649   624   673 D BroadcastQueue: enqueueOrderedBroadcastLocked after add: BroadcastRecord{418f20a8 u-1 android.net.wifi.WIFI_STATE_CHANGED} , the first order broadcast is:BroadcastRecord{41ba28a8 u0 android.intent.action.USER_PRESENT} size:10 is: background
07-25 14:40:25.649   624   673 D BroadcastQueue: Schedule broadcasts [background]: current=true
07-25 14:40:25.649   624   624 D WcnManagerService: Wifi is going to be opened!!
07-25 14:40:25.649   624   640 D BroadcastQueue: processNextBroadcast(background) called when not idle (state=4)
07-25 14:40:25.649   624   636 D ConnectivityService: getRealNetworkType: networkType = 1
07-25 14:40:25.699   624   646 D BroadcastQueue: Schedule broadcasts [background]: current=false
07-25 14:40:25.699   624   640 D BroadcastQueue: Received BROADCAST_INTENT_MSG
07-25 14:40:25.699   624   669 V NetworkStats: performPoll(flags=0x1) ENTER
07-25 14:40:25.699   624   640 D BroadcastQueue: processNextBroadcast(background) called when not idle (state=4)
07-25 14:40:25.699   624   669 V NetworkStats: performPoll(flags=0x1) START
07-25 14:40:25.699   624   669 D PowerManagerService: acquireWakeLockInternal: lock=1101857296, flags=0x1, tag="NetworkStats", ws=null, uid=1000, pid=624 pkg name:android
07-25 14:40:25.699   624   669 V BatteryStatsImpl: startRunningLocked(): mNesting = 1
07-25 14:40:25.699   624   669 V BatteryStatsImpl: startRunningLocked before mTimerPool.size = 1
07-25 14:40:25.699   624   669 V BatteryStatsImpl: startRunningLocked after mTimerPool.size = 2
07-25 14:40:25.709   624   669 D BroadcastQueue: Schedule broadcasts [background]: current=false
07-25 14:40:25.709   624   640 D BroadcastQueue: Received BROADCAST_INTENT_MSG
07-25 14:40:25.709   624   669 D PowerManagerService: releaseWakeLockInternal: lock=1101857296 [NetworkStats], flags=0x0 pkg name:android
07-25 14:40:25.709   624   640 D BroadcastQueue: processNextBroadcast(background) called when not idle (state=4)
07-25 14:40:25.709   624   669 V NetworkStats: performPoll(flags=0x1) END
07-25 14:40:25.829   624   673 V BatteryStatsImpl: startRunningLocked(): mNesting = 1
07-25 14:40:25.829   624   673 D BroadcastQueue: Schedule broadcasts [background]: current=false
07-25 14:40:25.829   624   640 D BroadcastQueue: Received BROADCAST_INTENT_MSG
07-25 14:40:25.829   624   673 D BroadcastQueue: enqueueOrderedBroadcastLocked after add: BroadcastRecord{41af1088 u-1 android.net.wifi.WIFI_STATE_CHANGED} , the first order broadcast is:BroadcastRecord{41ba28a8 u0 android.intent.action.USER_PRESENT} size:11 is: background
07-25 14:40:25.829   624   673 D BroadcastQueue: Schedule broadcasts [background]: current=true
07-25 14:40:25.829   624   624 D WcnManagerService: Wifi is going to be opened!!
07-25 14:40:25.829   624   640 D BroadcastQueue: processNextBroadcast(background) called when not idle (state=4)
07-25 14:40:25.829   624   636 D ConnectivityService: getRealNetworkType: networkType = 1
07-25 14:40:25.839   624   673 D BroadcastQueue: Schedule broadcasts [background]: current=false
07-25 14:40:25.839   624   640 D BroadcastQueue: Received BROADCAST_INTENT_MSG
07-25 14:40:25.839   624   640 D BroadcastQueue: processNextBroadcast(background) called when not idle (state=4)
07-25 14:40:25.839   624   673 V BatteryStatsImpl: startRunningLocked(): mNesting = 1
07-25 14:40:25.849   624   673 D AlarmManager: set(PendingIntent{419f05f0: PendingIntentRecord{419f0518 android broadcastIntent}}) : type=0 triggerAtTime=1564037125859 win=0 tElapsed=323676 maxElapsed=323676 interval=0 standalone=false
07-25 14:40:25.859   624   673 D AlarmManager: setImplLocked() Action = com.android.server.WifiManager.action.START_SCAN, Component = null, type = 0, when = 1564037125859, absolute triggerTime = 2019-07-25 14:45:25
07-25 14:40:25.859   624   673 V AlarmManager: Adding Alarm{41807d90 type 0 android} to Batch{41b58958 num=2 start=309249 end=534249}
07-25 14:40:25.859   624   657 D PowerGuruService: NEW_ALARM
07-25 14:40:25.859   624   657 D PowerGuruService: receive input alarm:
07-25 14:40:25.859   624   672 D WifiP2pService: DefaultState{ when=0 what=143376 obj=CN target=com.android.internal.util.StateMachine$SmHandler }
07-25 14:40:25.859   624   657 D PowerGuruService: alarm info: packageName = android, Action = com.android.server.WifiManager.action.START_SCAN, Component = null, type = 0, when = 1564037125859 (2019-07-25 14:45:25), interval = 0, setCount = 1, userSetCount = 0, firstSetTime = 1564036825862 (2019-07-25 14:40:25), isRepeat = false, isFromGMS = false, isAvailable = true, lastSetTime = 2019-07-25 14:40:25, setMinsAlignCount = 0, isAdjustedByBlacklist = false
07-25 14:40:25.859   624   657 D PowerGuruService: Alarm is not from ThirdParty, is not care about!
07-25 14:40:25.859   624   673 D BroadcastQueue: Schedule broadcasts [background]: current=false
07-25 14:40:25.859   624   640 D BroadcastQueue: Received BROADCAST_INTENT_MSG
07-25 14:40:25.859   624   673 D BroadcastQueue: enqueueOrderedBroadcastLocked after add: BroadcastRecord{419ed470 u-1 android.net.wifi.supplicant.STATE_CHANGE} , the first order broadcast is:BroadcastRecord{41ba28a8 u0 android.intent.action.USER_PRESENT} size:12 is: background
07-25 14:40:25.859   624   673 D BroadcastQueue: Schedule broadcasts [background]: current=true
07-25 14:40:25.859   624   640 D BroadcastQueue: processNextBroadcast(background) called when not idle (state=4)
07-25 14:40:29.149   624   640 I ActivityManager: Waited long enough for: ServiceRecord{417f3748 u0 com.toycloud.watch.launcher/com.longcos.launcher.ui.service.AppService}
07-25 14:40:29.149   624   640 I ActivityManager: Resuming delayed broadcast
07-25 14:40:29.149   624   640 D BroadcastQueue: Cancelling BROADCAST_TIMEOUT_MSG
07-25 14:40:29.149   624   640 D BroadcastQueue: Finished with ordered broadcast BroadcastRecord{41ba28a8 u0 android.intent.action.USER_PRESENT}
07-25 14:40:29.149   624   640 D BroadcastQueue: Finished with ordered broadcast and remove index 0:BroadcastRecord{41ba28a8 u0 android.intent.action.USER_PRESENT} is: background remine 11
07-25 14:40:29.149   624   640 D BroadcastQueue: Processing ordered broadcast [background] BroadcastRecord{41bc0110 u-1 android.hardware.usb.action.USB_STATE}
07-25 14:40:29.149   624   640 D BroadcastQueue: Submitting BROADCAST_TIMEOUT_MSG [background] for BroadcastRecord{41bc0110 u-1 android.hardware.usb.action.USB_STATE} at 116971
07-25 14:40:29.149   624   636 D BroadcastQueue: Cancelling BROADCAST_TIMEOUT_MSG
07-25 14:40:29.149   624   636 D BroadcastQueue: Finished with ordered broadcast BroadcastRecord{41bc0110 u-1 android.hardware.usb.action.USB_STATE}
07-25 14:40:29.149   624   636 D BroadcastQueue: Finished with ordered broadcast and remove index 0:BroadcastRecord{41bc0110 u-1 android.hardware.usb.action.USB_STATE} is: background remine 10
07-25 14:40:29.149   624   636 D BroadcastQueue: Processing ordered broadcast [background] BroadcastRecord{41b822f0 u0 android.intent.action.PHONE_START}
07-25 14:40:29.149   624   636 D BroadcastQueue: Submitting BROADCAST_TIMEOUT_MSG [background] for BroadcastRecord{41b822f0 u0 android.intent.action.PHONE_START} at 116976
07-25 14:40:29.149   624   636 D BroadcastQueue: Cancelling BROADCAST_TIMEOUT_MSG
07-25 14:40:29.149   624   636 D BroadcastQueue: Finished with ordered broadcast BroadcastRecord{41b822f0 u0 android.intent.action.PHONE_START}
07-25 14:40:29.149   624   636 D BroadcastQueue: Finished with ordered broadcast and remove index 0:BroadcastRecord{41b822f0 u0 android.intent.action.PHONE_START} is: background remine 9
07-25 14:40:29.149   624   636 D BroadcastQueue: Processing ordered broadcast [background] BroadcastRecord{41b5e020 u-1 android.intent.action.PHONE_STATE}
07-25 14:40:29.149   624   636 D BroadcastQueue: Submitting BROADCAST_TIMEOUT_MSG [background] for BroadcastRecord{41b5e020 u-1 android.intent.action.PHONE_STATE} at 116979
07-25 14:40:29.169   624   636 D BroadcastQueue: Cancelling BROADCAST_TIMEOUT_MSG
07-25 14:40:29.169   624   636 D BroadcastQueue: Finished with ordered broadcast BroadcastRecord{41b5e020 u-1 android.intent.action.PHONE_STATE}
07-25 14:40:29.169   624   636 D BroadcastQueue: Finished with ordered broadcast and remove index 0:BroadcastRecord{41b5e020 u-1 android.intent.action.PHONE_STATE} is: background remine 8
07-25 14:40:29.169   624   636 D BroadcastQueue: Processing ordered broadcast [background] BroadcastRecord{41b39d78 u-1 android.intent.action.SERVICE_STATE}
07-25 14:40:29.169   624   636 D BroadcastQueue: Submitting BROADCAST_TIMEOUT_MSG [background] for BroadcastRecord{41b39d78 u-1 android.intent.action.SERVICE_STATE} at 116993
07-25 14:40:29.179   624   636 I ActivityManager: Start proc com.android.cellbroadcastreceiver for broadcast com.android.cellbroadcastreceiver/.CellBroadcastReceiver: pid=1099 uid=10007 gids={50007}
07-25 14:40:29.229   624   636 D BroadcastQueue: Cancelling BROADCAST_TIMEOUT_MSG
07-25 14:40:29.229   624   636 D BroadcastQueue: Finished with ordered broadcast BroadcastRecord{41b39d78 u-1 android.intent.action.SERVICE_STATE}
07-25 14:40:29.229   624   636 D BroadcastQueue: Finished with ordered broadcast and remove index 0:BroadcastRecord{41b39d78 u-1 android.intent.action.SERVICE_STATE} is: background remine 7
07-25 14:40:29.229   624   636 D BroadcastQueue: Processing ordered broadcast [background] BroadcastRecord{41b3dbe0 u0 android.intent.action.BOOT_COMPLETED}
07-25 14:40:29.229   624   636 D BroadcastQueue: Submitting BROADCAST_TIMEOUT_MSG [background] for BroadcastRecord{41b3dbe0 u0 android.intent.action.BOOT_COMPLETED} at 117053
07-25 14:40:29.309   624   636 I ActivityManager: Delay finish: com.android.dialer/.calllog.CallLogReceiver
07-25 14:40:29.329   624   636 I ActivityManager: Resuming delayed broadcast
07-25 14:40:29.329   624   641 D PowerManagerService: acquireWakeLockInternal: lock=1101697520, flags=0x1, tag="SyncLoopWakeLock", ws=null, uid=1000, pid=624 pkg name:android
07-25 14:40:29.329   624   641 V BatteryStatsImpl: startRunningLocked(): mNesting = 1
07-25 14:40:29.329   624   641 V BatteryStatsImpl: startRunningLocked before mTimerPool.size = 1
07-25 14:40:29.329   624  1116 D DeviceStorageMonitorService: freeMem = 2664124416 lastFreeMem = 16777216
07-25 14:40:29.329   624   641 V BatteryStatsImpl: startRunningLocked after mTimerPool.size = 2
07-25 14:40:29.329   624   641 D PowerManagerService: releaseWakeLockInternal: lock=1101697520 [SyncLoopWakeLock], flags=0x0 pkg name:android
07-25 14:40:29.339   624   624 W ContextImpl: Calling a method in the system process without a qualified user: android.app.ContextImpl.bindService:1607 android.bluetooth.BluetoothHeadset.doBind:283 android.bluetooth.BluetoothHeadset.<init>:276 android.bluetooth.BluetoothAdapter.getProfileProxy:1437 android.media.AudioService.getBluetoothHeadset:2346 
07-25 14:40:29.349   624   624 W ContextImpl: Calling a method in the system process without a qualified user: android.app.ContextImpl.bindService:1607 android.bluetooth.BluetoothA2dp.doBind:165 android.bluetooth.BluetoothA2dp.<init>:158 android.bluetooth.BluetoothAdapter.getProfileProxy:1440 android.media.AudioService$AudioServiceBroadcastReceiver.onReceive:4377 
07-25 14:40:29.349   624   624 V WiredAccessoryManager: notifyWiredAccessoryChanged: when=0 bits= mask=14
07-25 14:40:29.349   624   624 V WiredAccessoryManager: newName=h2w newState=0 headsetState=0 prev headsetState=0
07-25 14:40:29.349   624   624 V WiredAccessoryManager: init()
07-25 14:40:29.349   624   624 D UsbDeviceManager: boot completed
07-25 14:40:29.359   624   636 D TelephonyRegistry: listen: E pkg=com.android.cellbroadcastreceiver events=0x1 myUid=0 callerUid=0
07-25 14:40:29.359   624   636 I TelephonyRegistry: listen: add new record={pkgForDebug=com.android.cellbroadcastreceiver callerUid=0 events=0}
07-25 14:40:29.359   624   636 D TelephonyRegistry: validateEventsAndUserLocked: valid=false r.callerUid=0 foregroundUser=0 r.events=1 events=16
07-25 14:40:29.359   624   636 D TelephonyRegistry: validateEventsAndUserLocked: valid=false r.callerUid=0 foregroundUser=0 r.events=1 events=1024
07-25 14:40:29.369   624   636 I ActivityManager: Start proc com.toycloud.toycloudassistant for broadcast com.toycloud.toycloudassistant/.ClockBroadcastReceiver: pid=1126 uid=1000 gids={41000, 3001, 3002, 3003, 1028, 1015, 1007, 1051, 1052}
07-25 14:40:29.379   624  1121 I BootReceiver: Copying audit failures to DropBox
07-25 14:40:29.379   624  1121 I BootReceiver: Checking for fsck errors
07-25 14:40:29.629   624   636 I ActivityManager: Delay finish: com.android.providers.downloads/.DownloadReceiver
07-25 14:40:29.639   624   636 I ActivityManager: Resuming delayed broadcast
07-25 14:40:29.649   624   636 I ActivityManager: Start proc com.sprd.engineermode for broadcast com.sprd.engineermode/.debuglog.DebugLogFragment$APRReceiver: pid=1167 uid=1000 gids={41000, 3001, 3002, 3003, 1028, 1015, 1007, 1051, 1052}
07-25 14:40:29.759  1167  1167 W ContextImpl: Calling a method in the system process without a qualified user: android.app.ContextImpl.startService:1543 android.content.ContextWrapper.startService:494 android.content.ContextWrapper.startService:494 com.sprd.engineermode.debuglog.DebugLogFragment$APRReceiver.onReceive:1414 android.app.ActivityThread.handleReceiver:2516 
07-25 14:40:29.759   624   907 I ActivityManager: Delay finish: com.sprd.engineermode/.debuglog.DebugLogFragment$APRReceiver
07-25 14:40:29.769  1167  1167 W ContextImpl: Calling a method in the system process without a qualified user: android.app.ContextImpl.sendBroadcast:1187 android.content.ContextWrapper.sendBroadcast:365 com.sprd.engineermode.debuglog.APRService.onCreate:93 android.app.ActivityThread.handleCreateService:2679 android.app.ActivityThread.access$1800:151 
07-25 14:40:29.769   624   907 D BroadcastQueue: enqueueOrderedBroadcastLocked after add: BroadcastRecord{41b90550 u0 com.sprd.engineermode.debuglog.aprservice_start} , the first order broadcast is:BroadcastRecord{41b3dbe0 u0 android.intent.action.BOOT_COMPLETED} size:8 is: background
07-25 14:40:29.769   624   907 D BroadcastQueue: Schedule broadcasts [background]: current=false
07-25 14:40:29.769   624   640 D BroadcastQueue: Received BROADCAST_INTENT_MSG
07-25 14:40:29.769   624   640 D BroadcastQueue: processNextBroadcast(background) called when not idle (state=4)
07-25 14:40:29.789  1126  1126 W ContextImpl: Calling a method in the system process without a qualified user: android.app.ContextImpl.startService:1543 android.content.ContextWrapper.startService:494 com.toycloud.tclib.tcspeech.voice.VoiceCommon.startSystemStatusService:95 com.toycloud.tclib.tcspeech.voice.VoiceCommon.initMscLib:41 com.toycloud.toycloudassistant.MainApplication.initData:90 
07-25 14:40:29.789   624   907 I ActivityManager: Delaying start of: ServiceRecord{41a6f9e8 u0 com.toycloud.toycloudassistant/com.toycloud.tclib.tcspeech.voice.MscService}
07-25 14:40:29.789  1126  1126 W ContextImpl: Calling a method in the system process without a qualified user: android.app.ContextImpl.startService:1543 android.content.ContextWrapper.startService:494 com.toycloud.toycloudassistant.MainApplication.startSystemStatusService:70 com.toycloud.toycloudassistant.MainApplication.access$100:24 com.toycloud.toycloudassistant.MainApplication$1.handleMessage:43 
07-25 14:40:29.789   624   907 I ActivityManager: Delaying start of: ServiceRecord{41a9d780 u0 com.toycloud.toycloudassistant/com.toycloud.tclib.SystemStatusService}
07-25 14:40:30.299   624   658 D PowerManagerService: updateWakefulnessLocked: goto SleepNoUpdateLocked
07-25 14:40:30.299   624   658 I PowerManagerService: Going to sleep due to screen timeout...
07-25 14:40:30.299   624   658 D PowerManagerNotifier: onGoToSleepStarted reason:2
